smu GetGfxFrequency  msg=0x37 param=0 (0x0) ... response=0x01 value=1000 (0x000003E8)
smu GetGfxVid        msg=0x38 param=0 (0x0) ... response=0x01 value=116 (0x00000074)
clock verified: 1000 MHz, VID 116 (request 820 mV)


Algorithm : SHA256
Hash      : E9566E495A4FB5BB0F37B8A2583AB10F573D0F9ECEE2B84D94E264242529E9C3
Path      : C:\BC250\m9\gpu-residency0798-v4\gpu-residency-probe.exe



14:09:46 Tctl 70.9 C (raw 77FB0FEF)
14:09:48 Tctl 71.0 C (raw 781B0FEF)
14:09:50 Tctl 71.0 C (raw 781B0FEF)
14:09:52 Tctl 71.0 C (raw 781B0FEF)
14:09:54 Tctl 71.1 C (raw 783B0FEF)
14:09:56 Tctl 71.2 C (raw 785B0FEF)
D3DKMTSignalSynchronizationObjectFromGpu 0x00000000  STATUS_SUCCESS
D3DKMTWaitForSynchronizationObjectFromCpu 0x00000000  STATUS_SUCCESS
    the monitored fence reached 255 after 0 ms
D3DKMTLock2 [gpu-readback]         0x00000000  STATUS_SUCCESS
    locked at CPU VA 00000208D7C80000
D3DKMTUnlock2 [gpu-readback]       0x00000000  STATUS_SUCCESS
D3DKMTLock2 [gpu-readback]         0x00000000  STATUS_SUCCESS
    locked at CPU VA 00000208D7C80000
D3DKMTUnlock2 [gpu-readback]       0x00000000  STATUS_SUCCESS
D3DKMTLock2 [gpu-ib]               0x00000000  STATUS_SUCCESS
    locked at CPU VA 00000208D7C70000
D3DKMTUnlock2 [gpu-ib]             0x00000000  STATUS_SUCCESS
Submit GPU readback                0x00000000  STATUS_SUCCESS
    asking the context to signal the monitored fence to 256
D3DKMTSignalSynchronizationObjectFromGpu 0x00000000  STATUS_SUCCESS
D3DKMTWaitForSynchronizationObjectFromCpu 0x00000000  STATUS_SUCCESS
    the monitored fence reached 256 after 0 ms
D3DKMTLock2 [gpu-readback]         0x00000000  STATUS_SUCCESS
    locked at CPU VA 00000208D7C80000
D3DKMTUnlock2 [gpu-readback]       0x00000000  STATUS_SUCCESS
GPU_READBACK bytes=67108864 all_words_match=1 fence=256
CYCLE 3 PASS
D3DKMTFreeGpuVirtualAddress [gpu-readback] 0x00000000  STATUS_SUCCESS
D3DKMTDestroyAllocation2 [gpu-readback] 0x00000000  STATUS_SUCCESS
-- teardown
D3DKMTDestroySynchronizationObject 0x00000000  STATUS_SUCCESS
D3DKMTDestroyContext               0x00000000  STATUS_SUCCESS
D3DKMTFreeGpuVirtualAddress [gpu-ib] 0x00000000  STATUS_SUCCESS
D3DKMTDestroyAllocation2 [gpu-ib]  0x00000000  STATUS_SUCCESS
D3DKMTFreeGpuVirtualAddress [preserved] 0x00000000  STATUS_SUCCESS
D3DKMTDestroyAllocation2 [preserved] 0x00000000  STATUS_SUCCESS
D3DKMTDestroyPagingQueue           0x00000000  STATUS_SUCCESS
D3DKMTDestroyDevice                0x00000000  STATUS_SUCCESS
D3DKMTCloseAdapter                 0x00000000  STATUS_SUCCESS
GPU_RESIDENCY_RESULT PASS; physical relocation requires paging trace
gpu_probe_exit=0 
