{
    "StartedUtc":  "2026-09-24T21:35:52.7647478Z",
    "OldPid":  11216,
    "OldSha":  "50FDB96D46809F68E0C93CD07603A9CC32BD1FF9941B414FED6847468C39BCC1",
    "DwmPid":  2040,
    "DwmStart":  "2026-09-24T21:15:56.1369025+02:00",
    "Boot":  "2026-09-24T21:14:48.5000000+02:00",
    "NewPid":  1296,
    "NewSha":  "78EBFD9C844E7B27B50E0788D04F46C1B9021A8DA2EFA24C3FF5B43CB2D2A0E1",
    "ControlSha":  "D743A306D09DE6239BD9BD17630FA5F26CA5FBD30DD524A097861E585F11560D",
    "Stop":  false,
    "CompletedUtc":  "2026-09-24T21:36:03.6560783Z"
}
{
    "name":  "vulkan",
    "title":  "Vulkan inventory (cached)",
    "order":  13,
    "rows":  [
                 [
                     "Capture",
                     "09-24 21:22:41 UTC; 13m 21s ago",
                     "Info"
                 ],
                 [
                     "Partial capture",
                     "vulkaninfo timed out; no subsequent Vulkan workload permitted; System ICD observed; requested override ignored",
                     "Warn"
                 ],
                 [
                     "Device / API",
                     "AMD BC-250 (RADV GFX1013) / 1.4.348 (4211036)",
                     "Info"
                 ],
                 [
                     "Driver",
                     "radv 26.1.99 (109056099); Mesa 26.2.0-devel (git-801c9763c6)",
                     "Info"
                 ],
                 [
                     "ICD observed",
                     "C:\\BC250\\m8\\vulkan_radeon.dll",
                     "Info"
                 ],
                 [
                     "Ext / layers",
                     "16 instance, 211 device; 0 layers",
                     "Info"
                 ],
                 [
                     "Formats",
                     "?/? supported; storage ?, color ?",
                     "Info"
                 ],
                 [
                     "Advertised",
                     "timeline:yes BDA:yes FP16:yes sparse:yes (? = not captured)",
                     "Info"
                 ],
                 [
                     "Full report",
                     "inventory-20260924-01/vulkan-inventory.txt",
                     "Info"
                 ],
                 [
                     "Scope",
                     "ICD declarations; not a rendering test",
                     "Info"
                 ]
             ]
}
overlay_deployment_complete
