
   Id StartTime                 CPU Responding
   -- ---------                 --- ----------
11904 9/24/2026 1:10:11 PM 4.078125       True


Opened log file 'C:\BC250\m13\llvmpipe-stacks.txt'

************* Preparing the environment for Debugger Extensions Gallery repositories **************
   ExtensionRepository : Implicit
   UseExperimentalFeatureForNugetShare : true
   AllowNugetExeUpdate : true
   NonInteractiveNuget : true
   AllowNugetMSCredentialProviderInstall : true
   AllowParallelInitializationOfLocalRepositories : true

   -- Configuring repositories
      ----> Repository : LocalInstalled, Enabled: true
      ----> Repository : UserExtensions, Enabled: true

>>>>>>>>>>>>> Preparing the environment for Debugger Extensions Gallery repositories completed, duration 0.016 seconds

************* Waiting for Debugger Extensions Gallery to Initialize **************

>>>>>>>>>>>>> Waiting for Debugger Extensions Gallery to Initialize completed, duration 0.000 seconds
   ----> Repository : LocalInstalled, Enabled: true, Packages count: 0
   ----> Repository : UserExtensions, Enabled: true, Packages count: 0

Microsoft (R) Windows Debugger Version 10.0.29617.1000 AMD64
Copyright (c) Microsoft Corporation. All rights reserved.

*** wait with pending attach

************* Path validation summary **************
Response                         Time (ms)     Location
Deferred                                       srv*
Symbol search path is: srv*
Executable search path is: 
WARNING: Process 11904 is not attached as a debuggee
         The process can be examined but debug events will not be received
................................................................
............
Loading unloaded module list
.....
Unable to add extension DLL: ntsdexts
Unable to add extension DLL: uext
Unable to add extension DLL: exts
(2e80.2ea8): Wake debugger - code 80000007 (first chance)
ntdll!ZwAlpcSendWaitReceivePort+0x14:
00007ffc`e7e91f74 c3              ret
0:000> cdb: Reading initial command '~* kb; qd'

.  0  Id: 2e80.2ea8 Suspend: 1 Teb: 000000dc`492d0000 Unfrozen
RetAddr               : Args to Child                                                           : Call Site
00007ff7`003a3b48     : 00000000`00000000 00000000`00000000 00000000`80000009 00007ff7`003a3a07 : ntdll!ZwAlpcSendWaitReceivePort+0x14
00007ff7`003a388a     : 00000000`00000038 00000000`00000000 00000000`00000000 00000000`00000000 : dwm+0x3b48
00007ff7`003a3730     : a43b2b2f`00000000 00000000`80000009 00000000`00000000 00000000`00000000 : dwm+0x388a
00007ff7`003a35a2     : 00007ffc`e5a3b244 00007ff7`003a0000 00000000`7ffe0384 00000000`00000000 : dwm+0x3730
00007ff7`003a5460     : 00000000`0000000a 00007ff7`003a54e9 00000000`00000000 00000000`00000000 : dwm+0x35a2
00007ffc`e5d6259d     : 00000000`00000000 00000000`00000000 00000000`00000000 00000000`00000000 : dwm+0x5460
00007ffc`e7e4af78     : 00000000`00000000 00000000`00000000 00000000`00000000 00000000`00000000 : KERNEL32!BaseThreadInitThunk+0x1d
00000000`00000000     : 00000000`00000000 00000000`00000000 00000000`00000000 00000000`00000000 : ntdll!RtlUserThreadStart+0x28

   1  Id: 2e80.1a08 Suspend: 1 Teb: 000000dc`492d8000 Unfrozen "DWM LPC Port Thread"
RetAddr               : Args to Child                                                           : Call Site
00007ffc`e01edd1e     : 0000029c`31aa5410 00000000`00000000 00000000`00000000 00007ffc`e01898a2 : win32u!NtDCompositionWaitForChannel+0x14
00007ffc`e01f4d0a     : 00000000`00000000 00000000`00000000 0000029c`31a83f40 00007ffc`e01850d6 : dcomp!DllCanUnloadNow+0x167e
00007ffc`e08684e4     : 0000029c`31a7bbd0 0000029c`31a7bbd0 00000000`00000000 0000029c`39061bf0 : dcomp!DllCanUnloadNow+0x866a
00007ffc`e086aa78     : 000000dc`4951f3d9 0000029c`31a7bbd0 00000000`00000000 000000dc`00000057 : udwm+0x284e4
00007ffc`e085fb7f     : 0000029c`31a7c270 00000000`00000000 00000000`00000001 0000029c`31a7bbd0 : udwm+0x2aa78
00007ffc`e085fab2     : 20d4142a`00000004 0000029c`31a7c270 00000000`00000000 00007ffc`e0442f08 : udwm+0x1fb7f
00007ffc`e088b138     : 00007ffc`e098be80 000000dc`4951f908 0000029c`38c52230 00007ffc`e0d93af5 : udwm+0x1fab2
00007ffc`e0d94f8c     : 00000000`00000000 00000000`00000003 00000000`00000000 00000000`00000003 : udwm+0x4b138
00007ffc`e0d9d989     : 00007ffc`e0db9b58 00000000`00000000 00000000`00000000 00000000`00000000 : dwmredir+0x4f8c
00007ffc`e0d9c859     : 00000000`00000000 00000000`00000000 00000000`00000000 0000029c`31a40580 : dwmredir!DwmRedirectionManagerInitialize+0x809
00007ffc`e5d6259d     : 00000000`00000000 00000000`00000000 00000000`00000000 00000000`00000000 : dwmredir+0xc859
00007ffc`e7e4af78     : 00000000`00000000 00000000`00000000 00000000`00000000 00000000`00000000 : KERNEL32!BaseThreadInitThunk+0x1d
00000000`00000000     : 00000000`00000000 00000000`00000000 00000000`00000000 00000000`00000000 : ntdll!RtlUserThreadStart+0x28

   2  Id: 2e80.2714 Suspend: 1 Teb: 000000dc`492dc000 Unfrozen "DWM Compositor Thread"
RetAddr               : Args to Child                                                           : Call Site
00007ffc`e684170e     : 000000dc`4961c5d0 00000000`00000000 00000000`00000000 00000000`00000001 : win32u!NtUserWaitMessage+0x14
00007ffc`e684157c     : 0000595d`00000000 00000000`00000000 00007ffc`e68bba30 00000000`00000000 : USER32!DialogBoxIndirectParamAorW+0x37e
00007ffc`e68bdc36     : 00000000`00010007 000000dc`4961c769 000000dc`4961c9a0 0000029c`3f87ccf8 : USER32!DialogBoxIndirectParamAorW+0x1ec
00007ffc`e68bc599     : 000000dc`00007f01 00007ffc`00000000 000000dc`00012012 00000000`000002f1 : USER32!SoftModalMessageBox+0x826
00007ffc`e68bd378     : 00000000`00000041 00000000`00000800 00007ffc`77b70400 00000000`0000000e : USER32!DrawStateW+0x25d9
00007ffc`e68bd3fe     : 000000dc`00000003 00007ffc`78ec1000 00000000`00000004 00007ffc`e6842419 : USER32!MessageBoxTimeoutW+0x198
00007ffc`75c6b1a9     : 000000dc`4961cb60 00007ffc`75c6b5cf 00000000`00000000 00007ffc`77b70400 : USER32!MessageBoxW+0x4e
00007ffc`75c63044     : 00000000`00000000 00007ffc`77b70400 00000000`00012012 00007ffc`75cee540 : bc250d3d!OpenAdapter10_2+0x7f6e19
00007ffc`75c05084     : 00000000`000002ec 00007ffc`75cee540 00007ffc`77b87700 00000000`00000020 : bc250d3d!OpenAdapter10_2+0x7eecb4
00007ffc`75cee540     : 0000029c`3ae3ce00 000000dc`4961d090 0000029c`3ae3ce00 0000029c`3f87e1f8 : bc250d3d!OpenAdapter10_2+0x790cf4
00007ffc`75ce866f     : 0000029c`3ae3ce08 00000000`00000004 0000029c`3ae3ce00 0000029c`3ae3ce00 : bc250d3d!OpenAdapter10_2+0x87a1b0
00007ffc`75ce4c38     : 00000000`00000001 000000dc`4961d1d9 00000000`00000091 00000000`00000001 : bc250d3d!OpenAdapter10_2+0x8742df
00007ffc`75ce3ed6     : 000000dc`4961d340 0000029c`3c55db40 0000029c`3ae3ce00 000000dc`4961e3f8 : bc250d3d!OpenAdapter10_2+0x8708a8
00007ffc`75ce2cfb     : 00007ffc`75522af0 0000029c`3c5caf50 0000029c`3afaca98 00007ffc`75c635bb : bc250d3d!OpenAdapter10_2+0x86fb46
00007ffc`756e06cd     : 0000029c`3f4eb510 0000029c`3afaca98 0000029c`39096900 0000029c`3c400000 : bc250d3d!OpenAdapter10_2+0x86e96b
00007ffc`75c91166     : 0000029c`3f4eb510 0000029c`3f4eb510 0000029c`39096900 00000000`00000000 : bc250d3d!OpenAdapter10_2+0x26c33d
00007ffc`75c93ccc     : 0000029c`3afaca98 0000029c`39096ab0 0000029c`3c402010 00000000`00000000 : bc250d3d!OpenAdapter10_2+0x81cdd6
00007ffc`75c9659b     : 0000029c`3f4ed0d0 0000029c`360781d8 0000029c`3aaa35c0 0000029c`3b46b130 : bc250d3d!OpenAdapter10_2+0x81f93c
00007ffc`75466fff     : 0000029c`3b46b130 0000029c`3c402010 0000029c`3afaca88 00000000`00000000 : bc250d3d!OpenAdapter10_2+0x82220b
00007ffc`df5a25a9     : 00000000`00000000 000000dc`4961e100 0000029c`3afaca88 0000029c`3f6f6c40 : bc250d3d!D3DKMTWaitForVerticalBlankEvent+0xbedf
00007ffc`df55530d     : 000000dc`4961e910 0000029c`31880000 000000dc`4961e940 00000000`00000000 : d3d11!D3D11CreateDeviceAndSwapChain+0x1fbc9
00007ffc`df5706c8     : 000000dc`4961e910 0000029c`3afac940 0000029c`3afac948 00000000`00000000 : d3d11+0x1530d
00007ffc`df5715dc     : 0000029c`31880000 00000000`00000030 00200000`00000000 00000000`00000009 : d3d11!EnableFeatureLevelUpgrade+0x9748
00007ffc`df572004     : 0000029c`3afac910 000000dc`4961e9a0 545f5653`00001860 00000001`00000000 : d3d11!EnableFeatureLevelUpgrade+0xa65c
00007ffc`df55914e     : 0000029c`3afea4c0 00000000`00000009 0000029c`36078110 00000000`00000000 : d3d11!EnableFeatureLevelUpgrade+0xb084
00007ffc`df5595b6     : 0000029c`36078110 00007ffc`00000000 0000029c`3b498f50 00000000`3afaff70 : d3d11+0x1914e
00007ffc`df559078     : 0000029c`3afead00 0000029c`36078110 00000000`00000320 00000000`00000000 : d3d11+0x195b6
00007ffc`e04d1022     : 0000029c`38dbcf90 00007ffc`e04d0bdd 00000000`00000080 00000000`00000320 : d3d11+0x19078
00007ffc`e04d0b2c     : 0000029c`36078110 0000029c`36078110 0000029c`3c5cadd0 000000dc`4961ede8 : dwmcore!MilCompositionEngine_CreateChannel+0x38e2
00007ffc`e042c9ee     : 0000029c`3949fb00 000000dc`4961ee80 000000dc`4961f038 0000029c`38dbcf90 : dwmcore!MilCompositionEngine_CreateChannel+0x33ec
00007ffc`e04262b7     : 00000000`00000001 00007ffc`df54bb10 0000029c`31b04a10 000000dc`4961f039 : dwmcore+0x2c9ee
00007ffc`e04cff3f     : 00000000`00000000 00000000`00000000 00007ffc`df54bbd0 0000029c`3b498f50 : dwmcore+0x262b7
00007ffc`e04cf042     : 0000029c`3b498f50 0000029c`3b4612f8 000000dc`4961f310 0000029c`3904c770 : dwmcore!MilCompositionEngine_CreateChannel+0x27ff
00007ffc`e04cdd5b     : 00000000`00000000 00007ffc`000007d0 000000dc`0000a000 0000029c`3afead10 : dwmcore!MilCompositionEngine_CreateChannel+0x1902
00007ffc`e043d7b7     : 00000000`022d2e40 00007ffc`e07ea120 000000dc`00000000 0000029c`3904c770 : dwmcore!MilCompositionEngine_CreateChannel+0x61b
00007ffc`e04f0836     : 00007ffc`e07ea130 00000000`00000000 000000dc`4961f430 0000029c`39050790 : dwmcore+0x3d7b7
00007ffc`e043ac2d     : 00000000`00000000 00000000`00000000 00000000`00000000 00000000`00000000 : dwmcore!MilCompositionEngine_CreateChannel+0x230f6
00007ffc`e04ce64c     : 00000000`00000000 00007ffc`e044f08e 00000000`00000000 00000000`00000000 : dwmcore+0x3ac2d
00007ffc`e044f258     : 00000000`00000000 0000029c`31a4ff40 00000000`00000000 0000029c`31a4ff40 : dwmcore!MilCompositionEngine_CreateChannel+0xf0c
00007ffc`e044eab7     : 00028b0a`00989680 00000000`00000000 0000029c`31a4ff40 00000000`00000000 : dwmcore+0x4f258
00007ffc`e044dd72     : 00000000`00000000 00000000`00000000 0000029c`31a48be0 0000029c`31a48be0 : dwmcore+0x4eab7
00007ffc`e04d683f     : 0000029c`31a46760 00000000`00000000 00000000`00000000 0000029c`31a48b80 : dwmcore+0x4dd72
00007ffc`e04d6771     : 0000029c`31a10750 0000029c`31a10750 00000000`00000000 00000000`00000000 : dwmcore!MilCompositionEngine_CreateChannel+0x90ff
00007ffc`e5d6259d     : 00000000`00000000 00000000`00000000 00000000`00000000 00000000`00000000 : dwmcore!MilCompositionEngine_CreateChannel+0x9031
00007ffc`e7e4af78     : 00000000`00000000 00000000`00000000 00000000`00000000 00000000`00000000 : KERNEL32!BaseThreadInitThunk+0x1d
00000000`00000000     : 00000000`00000000 00000000`00000000 00000000`00000000 00000000`00000000 : ntdll!RtlUserThreadStart+0x28

   3  Id: 2e80.24a4 Suspend: 1 Teb: 000000dc`492e0000 Unfrozen "DWM Token Thread"
RetAddr               : Args to Child                                                           : Call Site
00007ffc`e04ce82b     : 00000000`00000000 0000029c`31a57c30 0000029c`31a50090 0000029c`31a57ab0 : win32u!NtTokenManagerThread+0x14
00007ffc`e0504da9     : 00000000`00000000 00000000`00000000 00000000`00000000 00000000`00000000 : dwmcore!MilCompositionEngine_CreateChannel+0x10eb
00007ffc`e5d6259d     : 00000000`00000000 00000000`00000000 00000000`00000000 00000000`00000000 : dwmcore!MilCompositionEngine_CreateChannel+0x37669
00007ffc`e7e4af78     : 00000000`00000000 00000000`00000000 00000000`00000000 00000000`00000000 : KERNEL32!BaseThreadInitThunk+0x1d
00000000`00000000     : 00000000`00000000 00000000`00000000 00000000`00000000 00000000`00000000 : ntdll!RtlUserThreadStart+0x28

   4  Id: 2e80.246c Suspend: 1 Teb: 000000dc`492e2000 Unfrozen "DWM Master Input Thread"
RetAddr               : Args to Child                                                           : Call Site
00007ffc`e5626869     : 0000029c`38db1c88 00000000`80200001 00000000`0000000a 00007ffc`e09e65ba : ntdll!ZwWaitForMultipleObjects+0x14
00007ffc`e0a04a97     : 00000000`00000000 00000000`00000000 00000000`00000000 00000000`00000000 : KERNELBASE!WaitForMultipleObjectsEx+0xe9
00007ffc`e0a0480b     : 00000000`00000000 00000000`00000000 0000029c`31a5e910 00007ffc`00000009 : CoreMessaging!CoreUICallReceive+0x29777
00007ffc`e0a045e2     : 0000029c`31a5d460 00000000`00000000 00000000`00000000 0000029c`ffffffff : CoreMessaging!CoreUICallReceive+0x294eb
00007ffc`e09ea126     : 0000029c`31a5ce40 0000029c`31a5d460 000000dc`4971f619 0000029c`31a5d460 : CoreMessaging!CoreUICallReceive+0x292c2
00007ffc`e09ebd05     : 0000029c`31a6a930 000000dc`00000000 00000000`00000000 00007ffc`e09b2e34 : CoreMessaging!CoreUICallReceive+0xee06
00007ffc`e09e94ef     : 0000029c`31a5ce40 0000029c`31a62750 0000029c`3ae271c0 0000029c`31a5ce40 : CoreMessaging!CoreUICallReceive+0x109e5
00007ffc`e09e832b     : 0000029c`31a62750 0000029c`31a6a930 00000000`00000001 00000000`00000001 : CoreMessaging!CoreUICallReceive+0xe1cf
00007ffc`e09b3021     : 0000029c`31a6a930 00007ffc`00000001 0000029c`31a6a900 00000000`00000000 : CoreMessaging!CoreUICallReceive+0xd00b
00007ffc`e09b2f5f     : 0000029c`31a6a930 0000029c`31a6a930 0000029c`31a5d460 0000029c`31a53be0 : CoreMessaging!CoreUICallCreateConversationHost+0x11c1
00007ffc`e09c2106     : 0000029c`31a66b40 0000029c`31a6a930 0000029c`4971f8e8 0000029c`31a53be0 : CoreMessaging!CoreUICallCreateConversationHost+0x10ff
00007ffc`e04f9ce5     : 0000029c`31a6acf0 0000029c`31a66b40 00000000`00000000 00000000`00000000 : CoreMessaging!MsgBlobCreateStack+0x23c6
00007ffc`e5d6259d     : 00000000`00000d88 00000000`00000000 00000000`00000000 00000000`00000000 : dwmcore!MilCompositionEngine_CreateChannel+0x2c5a5
00007ffc`e7e4af78     : 00000000`00000000 00000000`00000000 00000000`00000000 00000000`00000000 : KERNEL32!BaseThreadInitThunk+0x1d
00000000`00000000     : 00000000`00000000 00000000`00000000 00000000`00000000 00000000`00000000 : ntdll!RtlUserThreadStart+0x28

   5  Id: 2e80.2ec8 Suspend: 1 Teb: 000000dc`492e4000 Unfrozen "DWM Kernel Sensor Thread"
RetAddr               : Args to Child                                                           : Call Site
00007ffc`e04fbaf0     : 9c76bb23`00000000 00000000`00000000 00007ffc`e07e5ef8 00000000`00000000 : win32u!NtKSTWait+0x14
00007ffc`e5d6259d     : 00000000`00000000 00000000`00000000 00000000`00000000 00000000`00000000 : dwmcore!MilCompositionEngine_CreateChannel+0x2e3b0
00007ffc`e7e4af78     : 00000000`00000000 00000000`00000000 00000000`00000000 00000000`00000000 : KERNEL32!BaseThreadInitThunk+0x1d
00000000`00000000     : 00000000`00000000 00000000`00000000 00000000`00000000 00000000`00000000 : ntdll!RtlUserThreadStart+0x28

   6  Id: 2e80.3f4 Suspend: 1 Teb: 000000dc`492e6000 Unfrozen "DWM Manipulation Thread"
RetAddr               : Args to Child                                                           : Call Site
00007ffc`e5626869     : 0000029c`31880140 00007ffc`e7e2bf86 0000029c`31880380 0000029c`31880c00 : ntdll!ZwWaitForMultipleObjects+0x14
00007ffc`e0a04a97     : 00000000`00000000 00000000`00000000 00000000`00000000 00000000`00000000 : KERNELBASE!WaitForMultipleObjectsEx+0xe9
00007ffc`e0a0480b     : 00000000`00000000 00000000`00000000 00000000`00000000 00007ffc`e0434cbc : CoreMessaging!CoreUICallReceive+0x29777
00007ffc`e0a045e2     : 0000029c`31a5db90 00000000`00000000 00000000`00000000 00007ffc`ffffffff : CoreMessaging!CoreUICallReceive+0x294eb
00007ffc`e09ea126     : 0000029c`31a5cec0 0000029c`31a5db90 000000dc`4981f989 0000029c`31a5db90 : CoreMessaging!CoreUICallReceive+0x292c2
00007ffc`e09ebd05     : 0000029c`31a6ecb0 000000dc`00000000 00000000`00000000 00007ffc`e09b2a28 : CoreMessaging!CoreUICallReceive+0xee06
00007ffc`e09e94ef     : 0000029c`31a5cec0 0000029c`31a62190 0000029c`31a8a110 0000029c`31a5cec0 : CoreMessaging!CoreUICallReceive+0x109e5
00007ffc`e09e832b     : 00000000`00000001 0000029c`31a6ecb0 00000000`00000001 00000000`00000000 : CoreMessaging!CoreUICallReceive+0xe1cf
00007ffc`e09b3021     : 0000029c`31a6ecb0 00007ffc`00000001 0000029c`31a6ec00 00000000`00000000 : CoreMessaging!CoreUICallReceive+0xd00b
00007ffc`e09b2f5f     : 0000029c`31a6ecb0 0000029c`31a6ecb0 0000029c`31a5db90 0000029c`31a65f80 : CoreMessaging!CoreUICallCreateConversationHost+0x11c1
00007ffc`e09c2106     : 0000029c`31a674c0 0000029c`31a6ecb0 0000029c`4981fc58 0000029c`31a65fa0 : CoreMessaging!CoreUICallCreateConversationHost+0x10ff
00007ffc`e04cb962     : 0000029c`31a6f070 0000029c`31a674c0 0000029c`31a65f98 00000000`00000000 : CoreMessaging!MsgBlobCreateStack+0x23c6
00007ffc`e0504c3b     : 00000000`00000000 00000000`00000000 00000000`00000000 00000000`00000000 : dwmcore!MilCompositionEngine_Initialize+0x512
00007ffc`e5d6259d     : 00000000`00000000 00000000`00000000 00000000`00000000 00000000`00000000 : dwmcore!MilCompositionEngine_CreateChannel+0x374fb
00007ffc`e7e4af78     : 00000000`00000000 00000000`00000000 00000000`00000000 00000000`00000000 : KERNEL32!BaseThreadInitThunk+0x1d
00000000`00000000     : 00000000`00000000 00000000`00000000 00000000`00000000 00000000`00000000 : ntdll!RtlUserThreadStart+0x28

   7  Id: 2e80.2458 Suspend: 1 Teb: 000000dc`492e8000 Unfrozen
RetAddr               : Args to Child                                                           : Call Site
00007ffc`e7e258ae     : 0000029c`31ab09a0 00000000`00000001 00000000`00000000 00000000`00000000 : ntdll!NtWaitForWorkViaWorkerFactory+0x14
00007ffc`e5d6259d     : 00000000`00000000 00000000`00000000 00000000`00000000 00000000`00000000 : ntdll!RtlClearThreadWorkOnBehalfTicket+0x35e
00007ffc`e7e4af78     : 00000000`00000000 00000000`00000000 00000000`00000000 00000000`00000000 : KERNEL32!BaseThreadInitThunk+0x1d
00000000`00000000     : 00000000`00000000 00000000`00000000 00000000`00000000 00000000`00000000 : ntdll!RtlUserThreadStart+0x28

   8  Id: 2e80.2cfc Suspend: 1 Teb: 000000dc`492ec000 Unfrozen "uDWM Event Thread"
RetAddr               : Args to Child                                                           : Call Site
00007ffc`e08863c0     : 0000000c`06888d71 000000dc`4999f960 0000000c`06888d71 00007ffc`e098be80 : win32u!NtUserMsgWaitForMultipleObjectsEx+0x14
00007ffc`e5d6259d     : 00000000`00000000 00000000`00000000 00000000`00000000 00000000`00000000 : udwm+0x463c0
00007ffc`e7e4af78     : 00000000`00000000 00000000`00000000 00000000`00000000 00000000`00000000 : KERNEL32!BaseThreadInitThunk+0x1d
00000000`00000000     : 00000000`00000000 00000000`00000000 00000000`00000000 00000000`00000000 : ntdll!RtlUserThreadStart+0x28

   9  Id: 2e80.85c Suspend: 1 Teb: 000000dc`492f8000 Unfrozen
RetAddr               : Args to Child                                                           : Call Site
00007ffc`e7e258ae     : 0000029c`31a02440 0000029c`31a02440 00000000`00000001 0000029c`31a02440 : ntdll!NtWaitForWorkViaWorkerFactory+0x14
00007ffc`e5d6259d     : 00000000`00000000 00000000`00000000 00000000`00000000 00000000`00000000 : ntdll!RtlClearThreadWorkOnBehalfTicket+0x35e
00007ffc`e7e4af78     : 00000000`00000000 00000000`00000000 00000000`00000000 00000000`00000000 : KERNEL32!BaseThreadInitThunk+0x1d
00000000`00000000     : 00000000`00000000 00000000`00000000 00000000`00000000 00000000`00000000 : ntdll!RtlUserThreadStart+0x28

  10  Id: 2e80.2720 Suspend: 1 Teb: 000000dc`492fa000 Unfrozen
RetAddr               : Args to Child                                                           : Call Site
00007ffc`e0ca6234     : 00007ffc`e0d06000 00007ffc`e0c90000 000000dc`49d1fdb0 000000dc`492fa000 : ntdll!ZwAlpcSendWaitReceivePort+0x14
00007ffc`e0ca606d     : 00000000`00000040 00000000`00000000 0000029c`33fe1340 00000000`00000000 : DispBroker+0x16234
00007ffc`e0ca676e     : 0000029c`33fe1340 00000000`00000000 0000029c`33fe1430 0000029c`33fe1438 : DispBroker+0x1606d
00007ffc`e5d6259d     : 00000000`00000000 00000000`00000000 00000000`00000000 00000000`00000000 : DispBroker+0x1676e
00007ffc`e7e4af78     : 00000000`00000000 00000000`00000000 00000000`00000000 00000000`00000000 : KERNEL32!BaseThreadInitThunk+0x1d
00000000`00000000     : 00000000`00000000 00000000`00000000 00000000`00000000 00000000`00000000 : ntdll!RtlUserThreadStart+0x28

  11  Id: 2e80.2e1c Suspend: 1 Teb: 000000dc`492fe000 Unfrozen
RetAddr               : Args to Child                                                           : Call Site
00007ffc`e7e456d3     : 0000029c`31be9201 0000029c`31b24780 00005720`3124ae96 00007ffc`dac09132 : ntdll!ZwDelayExecution+0x14
00007ffc`e561a3ed     : 00000000`00000001 00007ffc`e6bbcadc 000000dc`49e1fc10 0000029c`31b24768 : ntdll!RtlDelayExecution+0x43
00007ffc`dac0c287     : 00000000`00000000 0000029c`00000001 80000000`00000000 0000029c`31b24740 : KERNELBASE!SleepEx+0x7d
00007ffc`dac0c0ec     : 00000000`00000000 00000000`00000000 00000000`00000000 0000029c`31b24680 : Windows_Gaming_Input!DllGetClassObject+0x59ce7
00007ffc`e5d6259d     : 00000000`00000000 00000000`00000000 00000000`00000000 00000000`00000000 : Windows_Gaming_Input!DllGetClassObject+0x59b4c
00007ffc`e7e4af78     : 00000000`00000000 00000000`00000000 00000000`00000000 00000000`00000000 : KERNEL32!BaseThreadInitThunk+0x1d
00000000`00000000     : 00000000`00000000 00000000`00000000 00000000`00000000 00000000`00000000 : ntdll!RtlUserThreadStart+0x28

  12  Id: 2e80.17a8 Suspend: 1 Teb: 000000dc`49300000 Unfrozen
RetAddr               : Args to Child                                                           : Call Site
00007ffc`e5626869     : 0000029c`31880380 00000000`00000000 0000029c`389c1dd0 00000000`00000000 : ntdll!ZwWaitForMultipleObjects+0x14
00007ffc`cfcfc703     : 00000000`00000000 0000029c`361f3830 0000029c`361f37b8 00000000`ffffffff : KERNELBASE!WaitForMultipleObjectsEx+0xe9
00007ffc`cfcfc580     : 00000000`00000000 00000000`00000000 00000000`00000000 0000029c`361f3770 : ism!NotifyInputSinkTransformChanged+0x42a93
00007ffc`e5d6259d     : 00000000`00000000 00000000`00000000 00000000`00000000 00000000`00000000 : ism!NotifyInputSinkTransformChanged+0x42910
00007ffc`e7e4af78     : 00000000`00000000 00000000`00000000 00000000`00000000 00000000`00000000 : KERNEL32!BaseThreadInitThunk+0x1d
00000000`00000000     : 00000000`00000000 00000000`00000000 00000000`00000000 00000000`00000000 : ntdll!RtlUserThreadStart+0x28

  13  Id: 2e80.270c Suspend: 1 Teb: 000000dc`49302000 Unfrozen
RetAddr               : Args to Child                                                           : Call Site
00007ffc`e686614a     : 000000dc`49f1fb20 00000000`ffffffff 0000029c`31b24e20 00000000`00000047 : win32u!NtUserGetMessage+0x14
00007ffc`cfd0a50c     : 0000029c`393e9a90 00000000`00000000 00000000`00002e80 00000000`00000000 : USER32!GetMessageW+0x2a
00007ffc`e5d6259d     : 00000000`00000000 00000000`00000000 00000000`00000000 00000000`00000000 : ism!RegisterManipulationThread+0x491c
00007ffc`e7e4af78     : 00000000`00000000 00000000`00000000 00000000`00000000 00000000`00000000 : KERNEL32!BaseThreadInitThunk+0x1d
00000000`00000000     : 00000000`00000000 00000000`00000000 00000000`00000000 00000000`00000000 : ntdll!RtlUserThreadStart+0x28

  14  Id: 2e80.1074 Suspend: 1 Teb: 000000dc`49310000 Unfrozen
RetAddr               : Args to Child                                                           : Call Site
00007ffc`e7e59364     : 0000029c`3af7f9a0 00007ffc`e7e2b12e 00000000`00000000 000000dc`4a29f700 : ntdll!NtWaitForAlertByThreadId+0x14
00007ffc`e563fc39     : 00000000`00000000 0000029c`3afebfc8 0000029c`3afebf28 00000000`00000000 : ntdll!RtlSleepConditionVariableCS+0x104
00007ffc`756b4b6e     : 00000000`00000000 00000000`00000000 0000029c`3afebf28 0000029c`3afebf10 : KERNELBASE!SleepConditionVariableCS+0x29
00007ffc`756c002c     : 0000029c`3afae680 00007ffc`756b4c58 0000029c`3afae680 00000000`00000000 : bc250d3d!OpenAdapter10_2+0x2407de
00007ffc`75c595bf     : 00000000`00000000 0000029c`3afae680 00000000`00000000 00000000`00000000 : bc250d3d!OpenAdapter10_2+0x24bc9c
00007ffc`e5d6259d     : 00000000`00000000 00000000`00000000 00000000`00000000 00000000`00000000 : bc250d3d!OpenAdapter10_2+0x7e522f
00007ffc`e7e4af78     : 00000000`00000000 00000000`00000000 00000000`00000000 00000000`00000000 : KERNEL32!BaseThreadInitThunk+0x1d
00000000`00000000     : 00000000`00000000 00000000`00000000 00000000`00000000 00000000`00000000 : ntdll!RtlUserThreadStart+0x28

  15  Id: 2e80.1708 Suspend: 1 Teb: 000000dc`49312000 Unfrozen
RetAddr               : Args to Child                                                           : Call Site
00007ffc`e7e59364     : 0000029c`3af7faa0 00007ffc`e7e2b12e 00000000`00000000 000000dc`4a31f610 : ntdll!NtWaitForAlertByThreadId+0x14
00007ffc`e563fc39     : 000000dc`4a31f6c0 0000029c`3afec110 0000029c`3afec070 00007ffc`e564f478 : ntdll!RtlSleepConditionVariableCS+0x104
00007ffc`756b4b6e     : 00000000`00000000 00000000`00000000 0000029c`3afec070 0000029c`3afebf10 : KERNELBASE!SleepConditionVariableCS+0x29
00007ffc`756c002c     : 0000029c`3afae8f0 00007ffc`756b4c58 0000029c`3afae8f0 00000000`00000001 : bc250d3d!OpenAdapter10_2+0x2407de
00007ffc`75c595bf     : 00000000`00000000 0000029c`3afae8f0 00000000`00000000 00000000`00000000 : bc250d3d!OpenAdapter10_2+0x24bc9c
00007ffc`e5d6259d     : 00000000`00000000 00000000`00000000 00000000`00000000 00000000`00000000 : bc250d3d!OpenAdapter10_2+0x7e522f
00007ffc`e7e4af78     : 00000000`00000000 00000000`00000000 00000000`00000000 00000000`00000000 : KERNEL32!BaseThreadInitThunk+0x1d
00000000`00000000     : 00000000`00000000 00000000`00000000 00000000`00000000 00000000`00000000 : ntdll!RtlUserThreadStart+0x28

  16  Id: 2e80.874 Suspend: 1 Teb: 000000dc`49314000 Unfrozen
RetAddr               : Args to Child                                                           : Call Site
00007ffc`e7e59364     : 0000029c`3af7fe40 00007ffc`e7e2b12e 00000000`00000000 000000dc`4a39f950 : ntdll!NtWaitForAlertByThreadId+0x14
00007ffc`e563fc39     : 00000000`00000000 0000029c`3afec258 0000029c`3afec1b8 00000000`00000000 : ntdll!RtlSleepConditionVariableCS+0x104
00007ffc`756b4b6e     : 00000000`00000000 00000000`00000000 0000029c`3afec1b8 0000029c`3afebf10 : KERNELBASE!SleepConditionVariableCS+0x29
00007ffc`756c002c     : 0000029c`3afae440 00007ffc`756b4c58 0000029c`3afae440 00000000`00000002 : bc250d3d!OpenAdapter10_2+0x2407de
00007ffc`75c595bf     : 00000000`00000000 0000029c`3afae440 00000000`00000000 00000000`00000000 : bc250d3d!OpenAdapter10_2+0x24bc9c
00007ffc`e5d6259d     : 00000000`00000000 00000000`00000000 00000000`00000000 00000000`00000000 : bc250d3d!OpenAdapter10_2+0x7e522f
00007ffc`e7e4af78     : 00000000`00000000 00000000`00000000 00000000`00000000 00000000`00000000 : KERNEL32!BaseThreadInitThunk+0x1d
00000000`00000000     : 00000000`00000000 00000000`00000000 00000000`00000000 00000000`00000000 : ntdll!RtlUserThreadStart+0x28

  17  Id: 2e80.2df0 Suspend: 1 Teb: 000000dc`49316000 Unfrozen
RetAddr               : Args to Child                                                           : Call Site
00007ffc`e7e59364     : 0000029c`3af7fee0 00007ffc`e7e2b12e 00000000`00000000 000000dc`4a41fce0 : ntdll!NtWaitForAlertByThreadId+0x14
00007ffc`e563fc39     : 00000000`00000000 0000029c`3afec3a0 0000029c`3afec300 00000000`00000000 : ntdll!RtlSleepConditionVariableCS+0x104
00007ffc`756b4b6e     : 00000000`00000000 00000000`00000000 0000029c`3afec300 0000029c`3afebf10 : KERNELBASE!SleepConditionVariableCS+0x29
00007ffc`756c002c     : 0000029c`3afae500 00007ffc`756b4c58 0000029c`3afae500 00000000`00000003 : bc250d3d!OpenAdapter10_2+0x2407de
00007ffc`75c595bf     : 00000000`00000000 0000029c`3afae500 00000000`00000000 00000000`00000000 : bc250d3d!OpenAdapter10_2+0x24bc9c
00007ffc`e5d6259d     : 00000000`00000000 00000000`00000000 00000000`00000000 00000000`00000000 : bc250d3d!OpenAdapter10_2+0x7e522f
00007ffc`e7e4af78     : 00000000`00000000 00000000`00000000 00000000`00000000 00000000`00000000 : KERNEL32!BaseThreadInitThunk+0x1d
00000000`00000000     : 00000000`00000000 00000000`00000000 00000000`00000000 00000000`00000000 : ntdll!RtlUserThreadStart+0x28

  18  Id: 2e80.2f38 Suspend: 1 Teb: 000000dc`49318000 Unfrozen
RetAddr               : Args to Child                                                           : Call Site
00007ffc`e7e59364     : 0000029c`3af804a0 00007ffc`e7e2b12e 00000000`00000000 000000dc`4a49fab0 : ntdll!NtWaitForAlertByThreadId+0x14
00007ffc`e563fc39     : 00000000`00000000 0000029c`3afec4e8 0000029c`3afec448 00000000`00000000 : ntdll!RtlSleepConditionVariableCS+0x104
00007ffc`756b4b6e     : 00000000`00000000 00000000`00000000 0000029c`3afec448 0000029c`3afebf10 : KERNELBASE!SleepConditionVariableCS+0x29
00007ffc`756c002c     : 0000029c`3afae620 00007ffc`756b4c58 0000029c`3afae620 00000000`00000004 : bc250d3d!OpenAdapter10_2+0x2407de
00007ffc`75c595bf     : 00000000`00000000 0000029c`3afae620 00000000`00000000 00000000`00000000 : bc250d3d!OpenAdapter10_2+0x24bc9c
00007ffc`e5d6259d     : 00000000`00000000 00000000`00000000 00000000`00000000 00000000`00000000 : bc250d3d!OpenAdapter10_2+0x7e522f
00007ffc`e7e4af78     : 00000000`00000000 00000000`00000000 00000000`00000000 00000000`00000000 : KERNEL32!BaseThreadInitThunk+0x1d
00000000`00000000     : 00000000`00000000 00000000`00000000 00000000`00000000 00000000`00000000 : ntdll!RtlUserThreadStart+0x28

  19  Id: 2e80.2f88 Suspend: 1 Teb: 000000dc`4931a000 Unfrozen
RetAddr               : Args to Child                                                           : Call Site
00007ffc`e7e59364     : 0000029c`3af80820 00007ffc`e7e2b12e 00000000`00000000 000000dc`4a51f930 : ntdll!NtWaitForAlertByThreadId+0x14
00007ffc`e563fc39     : 00000000`00000000 0000029c`3afec630 0000029c`3afec590 00000000`00000000 : ntdll!RtlSleepConditionVariableCS+0x104
00007ffc`756b4b6e     : 00000000`00000000 00000000`00000000 0000029c`3afec590 0000029c`3afebf10 : KERNELBASE!SleepConditionVariableCS+0x29
00007ffc`756c002c     : 0000029c`3afae410 00007ffc`756b4c58 0000029c`3afae410 00000000`00000005 : bc250d3d!OpenAdapter10_2+0x2407de
00007ffc`75c595bf     : 00000000`00000000 0000029c`3afae410 00000000`00000000 00000000`00000000 : bc250d3d!OpenAdapter10_2+0x24bc9c
00007ffc`e5d6259d     : 00000000`00000000 00000000`00000000 00000000`00000000 00000000`00000000 : bc250d3d!OpenAdapter10_2+0x7e522f
00007ffc`e7e4af78     : 00000000`00000000 00000000`00000000 00000000`00000000 00000000`00000000 : KERNEL32!BaseThreadInitThunk+0x1d
00000000`00000000     : 00000000`00000000 00000000`00000000 00000000`00000000 00000000`00000000 : ntdll!RtlUserThreadStart+0x28

  20  Id: 2e80.2440 Suspend: 1 Teb: 000000dc`4931c000 Unfrozen
RetAddr               : Args to Child                                                           : Call Site
00007ffc`e7e59364     : 0000029c`3af80540 00007ffc`e7e2b12e 00000000`00000000 000000dc`4a59fa40 : ntdll!NtWaitForAlertByThreadId+0x14
00007ffc`e563fc39     : 000000dc`4a59faf0 0000029c`3afec778 0000029c`3afec6d8 00007ffc`e564f478 : ntdll!RtlSleepConditionVariableCS+0x104
00007ffc`756b4b6e     : 00000000`00000000 00000000`00000000 0000029c`3afec6d8 0000029c`3afebf10 : KERNELBASE!SleepConditionVariableCS+0x29
00007ffc`756c002c     : 0000029c`3afae6b0 00007ffc`756b4c58 0000029c`3afae6b0 00000000`00000006 : bc250d3d!OpenAdapter10_2+0x2407de
00007ffc`75c595bf     : 00000000`00000000 0000029c`3afae6b0 00000000`00000000 00000000`00000000 : bc250d3d!OpenAdapter10_2+0x24bc9c
00007ffc`e5d6259d     : 00000000`00000000 00000000`00000000 00000000`00000000 00000000`00000000 : bc250d3d!OpenAdapter10_2+0x7e522f
00007ffc`e7e4af78     : 00000000`00000000 00000000`00000000 00000000`00000000 00000000`00000000 : KERNEL32!BaseThreadInitThunk+0x1d
00000000`00000000     : 00000000`00000000 00000000`00000000 00000000`00000000 00000000`00000000 : ntdll!RtlUserThreadStart+0x28

  21  Id: 2e80.2420 Suspend: 1 Teb: 000000dc`4931e000 Unfrozen
RetAddr               : Args to Child                                                           : Call Site
00007ffc`e7e59364     : 0000029c`3af80840 00007ffc`e7e2b12e 00000000`00000000 000000dc`4a61f9f0 : ntdll!NtWaitForAlertByThreadId+0x14
00007ffc`e563fc39     : 00000000`00000000 0000029c`3afec8c0 0000029c`3afec820 00000000`00000000 : ntdll!RtlSleepConditionVariableCS+0x104
00007ffc`756b4b6e     : 00000000`00000000 00000000`00000000 0000029c`3afec820 0000029c`3afebf10 : KERNELBASE!SleepConditionVariableCS+0x29
00007ffc`756c002c     : 0000029c`3afae7a0 00007ffc`756b4c58 0000029c`3afae7a0 00000000`00000007 : bc250d3d!OpenAdapter10_2+0x2407de
00007ffc`75c595bf     : 00000000`00000000 0000029c`3afae7a0 00000000`00000000 00000000`00000000 : bc250d3d!OpenAdapter10_2+0x24bc9c
00007ffc`e5d6259d     : 00000000`00000000 00000000`00000000 00000000`00000000 00000000`00000000 : bc250d3d!OpenAdapter10_2+0x7e522f
00007ffc`e7e4af78     : 00000000`00000000 00000000`00000000 00000000`00000000 00000000`00000000 : KERNEL32!BaseThreadInitThunk+0x1d
00000000`00000000     : 00000000`00000000 00000000`00000000 00000000`00000000 00000000`00000000 : ntdll!RtlUserThreadStart+0x28

  22  Id: 2e80.1d40 Suspend: 1 Teb: 000000dc`49320000 Unfrozen
RetAddr               : Args to Child                                                           : Call Site
00007ffc`e7e59364     : 0000029c`3af7fa60 00007ffc`e7e2b12e 00000000`00000000 000000dc`4a69f650 : ntdll!NtWaitForAlertByThreadId+0x14
00007ffc`e563fc39     : 00000000`00000000 0000029c`3afeca08 0000029c`3afec968 00000000`00000000 : ntdll!RtlSleepConditionVariableCS+0x104
00007ffc`756b4b6e     : 00000000`00000000 00000000`00000000 0000029c`3afec968 0000029c`3afebf10 : KERNELBASE!SleepConditionVariableCS+0x29
00007ffc`756c002c     : 0000029c`3afae650 00007ffc`756b4c58 0000029c`3afae650 00000000`00000008 : bc250d3d!OpenAdapter10_2+0x2407de
00007ffc`75c595bf     : 00000000`00000000 0000029c`3afae650 00000000`00000000 00000000`00000000 : bc250d3d!OpenAdapter10_2+0x24bc9c
00007ffc`e5d6259d     : 00000000`00000000 00000000`00000000 00000000`00000000 00000000`00000000 : bc250d3d!OpenAdapter10_2+0x7e522f
00007ffc`e7e4af78     : 00000000`00000000 00000000`00000000 00000000`00000000 00000000`00000000 : KERNEL32!BaseThreadInitThunk+0x1d
00000000`00000000     : 00000000`00000000 00000000`00000000 00000000`00000000 00000000`00000000 : ntdll!RtlUserThreadStart+0x28

  23  Id: 2e80.269c Suspend: 1 Teb: 000000dc`49322000 Unfrozen
RetAddr               : Args to Child                                                           : Call Site
00007ffc`e7e59364     : 0000029c`3af7f940 00007ffc`e7e2b12e 00000000`00000000 000000dc`4a71fb60 : ntdll!NtWaitForAlertByThreadId+0x14
00007ffc`e563fc39     : 00000000`00000000 0000029c`3afecb50 0000029c`3afecab0 00000000`00000000 : ntdll!RtlSleepConditionVariableCS+0x104
00007ffc`756b4b6e     : 00000000`00000000 00000000`00000000 0000029c`3afecab0 0000029c`3afebf10 : KERNELBASE!SleepConditionVariableCS+0x29
00007ffc`756c002c     : 0000029c`3afae470 00007ffc`756b4c58 0000029c`3afae470 00000000`00000009 : bc250d3d!OpenAdapter10_2+0x2407de
00007ffc`75c595bf     : 00000000`00000000 0000029c`3afae470 00000000`00000000 00000000`00000000 : bc250d3d!OpenAdapter10_2+0x24bc9c
00007ffc`e5d6259d     : 00000000`00000000 00000000`00000000 00000000`00000000 00000000`00000000 : bc250d3d!OpenAdapter10_2+0x7e522f
00007ffc`e7e4af78     : 00000000`00000000 00000000`00000000 00000000`00000000 00000000`00000000 : KERNEL32!BaseThreadInitThunk+0x1d
00000000`00000000     : 00000000`00000000 00000000`00000000 00000000`00000000 00000000`00000000 : ntdll!RtlUserThreadStart+0x28

  24  Id: 2e80.5f4 Suspend: 1 Teb: 000000dc`49324000 Unfrozen
RetAddr               : Args to Child                                                           : Call Site
00007ffc`e7e59364     : 0000029c`3af809a0 00007ffc`e7e2b12e 00000000`00000000 000000dc`4a79fdc0 : ntdll!NtWaitForAlertByThreadId+0x14
00007ffc`e563fc39     : 00000000`00000000 0000029c`3afecc98 0000029c`3afecbf8 00000000`00000000 : ntdll!RtlSleepConditionVariableCS+0x104
00007ffc`756b4b6e     : 00000000`00000000 00000000`00000000 0000029c`3afecbf8 0000029c`3afebf10 : KERNELBASE!SleepConditionVariableCS+0x29
00007ffc`756c002c     : 0000029c`3afae4d0 00007ffc`756b4c58 0000029c`3afae4d0 00000000`0000000a : bc250d3d!OpenAdapter10_2+0x2407de
00007ffc`75c595bf     : 00000000`00000000 0000029c`3afae4d0 00000000`00000000 00000000`00000000 : bc250d3d!OpenAdapter10_2+0x24bc9c
00007ffc`e5d6259d     : 00000000`00000000 00000000`00000000 00000000`00000000 00000000`00000000 : bc250d3d!OpenAdapter10_2+0x7e522f
00007ffc`e7e4af78     : 00000000`00000000 00000000`00000000 00000000`00000000 00000000`00000000 : KERNEL32!BaseThreadInitThunk+0x1d
00000000`00000000     : 00000000`00000000 00000000`00000000 00000000`00000000 00000000`00000000 : ntdll!RtlUserThreadStart+0x28

  25  Id: 2e80.232c Suspend: 1 Teb: 000000dc`49326000 Unfrozen
RetAddr               : Args to Child                                                           : Call Site
00007ffc`e7e59364     : 0000029c`3af80ca0 00007ffc`e7e2b12e 00000000`00000000 000000dc`4a81f890 : ntdll!NtWaitForAlertByThreadId+0x14
00007ffc`e563fc39     : 00000000`00000000 0000029c`3afecde0 0000029c`3afecd40 00000000`00000000 : ntdll!RtlSleepConditionVariableCS+0x104
00007ffc`756b4b6e     : 00000000`00000000 00000000`00000000 0000029c`3afecd40 0000029c`3afebf10 : KERNELBASE!SleepConditionVariableCS+0x29
00007ffc`756c002c     : 0000029c`3afae530 00007ffc`756b4c58 0000029c`3afae530 00000000`0000000b : bc250d3d!OpenAdapter10_2+0x2407de
00007ffc`75c595bf     : 00000000`00000000 0000029c`3afae530 00000000`00000000 00000000`00000000 : bc250d3d!OpenAdapter10_2+0x24bc9c
00007ffc`e5d6259d     : 00000000`00000000 00000000`00000000 00000000`00000000 00000000`00000000 : bc250d3d!OpenAdapter10_2+0x7e522f
00007ffc`e7e4af78     : 00000000`00000000 00000000`00000000 00000000`00000000 00000000`00000000 : KERNEL32!BaseThreadInitThunk+0x1d
00000000`00000000     : 00000000`00000000 00000000`00000000 00000000`00000000 00000000`00000000 : ntdll!RtlUserThreadStart+0x28

  26  Id: 2e80.2708 Suspend: 1 Teb: 000000dc`49328000 Unfrozen
RetAddr               : Args to Child                                                           : Call Site
00007ffc`e7e59364     : 00000000`00000001 0000029c`31880000 00000000`00000000 000000dc`4a89f920 : ntdll!NtWaitForAlertByThreadId+0x14
00007ffc`e563fc39     : 00000000`00000000 0000029c`3affd000 0000029c`3affd138 00007ffc`e55f931b : ntdll!RtlSleepConditionVariableCS+0x104
00007ffc`756b4b6e     : 0000029c`3afae560 00000000`00000000 00000000`00000000 00007ffc`75c64086 : KERNELBASE!SleepConditionVariableCS+0x29
00007ffc`756c0829     : 0000029c`3affd000 00000000`00000000 ffffffff`fffffffe 00000000`00000000 : bc250d3d!OpenAdapter10_2+0x2407de
00007ffc`75c595bf     : 00000000`00000000 00000000`00000000 00000000`00000000 00000000`00000000 : bc250d3d!OpenAdapter10_2+0x24c499
00007ffc`e5d6259d     : 00000000`00000000 00000000`00000000 00000000`00000000 00000000`00000000 : bc250d3d!OpenAdapter10_2+0x7e522f
00007ffc`e7e4af78     : 00000000`00000000 00000000`00000000 00000000`00000000 00000000`00000000 : KERNEL32!BaseThreadInitThunk+0x1d
00000000`00000000     : 00000000`00000000 00000000`00000000 00000000`00000000 00000000`00000000 : ntdll!RtlUserThreadStart+0x28

  27  Id: 2e80.17e4 Suspend: 1 Teb: 000000dc`4932a000 Unfrozen
RetAddr               : Args to Child                                                           : Call Site
00007ffc`e7e59364     : 00000000`00000001 0000029c`31880000 000000dc`4ab9f890 000000dc`4a91f9e8 : ntdll!NtWaitForAlertByThreadId+0x14
00007ffc`e563fc39     : 00000000`00000000 0000029c`3affd000 0000029c`3affd138 00007ffc`e55f931b : ntdll!RtlSleepConditionVariableCS+0x104
00007ffc`756b4b6e     : 0000029c`3afae590 00000000`00000000 00000000`00000000 00007ffc`75c64086 : KERNELBASE!SleepConditionVariableCS+0x29
00007ffc`756c0829     : 0000029c`3affd000 00000000`00000000 ffffffff`fffffffe 00000000`00000000 : bc250d3d!OpenAdapter10_2+0x2407de
00007ffc`75c595bf     : 00000000`00000000 00000000`00000000 00000000`00000000 00000000`00000000 : bc250d3d!OpenAdapter10_2+0x24c499
00007ffc`e5d6259d     : 00000000`00000000 00000000`00000000 00000000`00000000 00000000`00000000 : bc250d3d!OpenAdapter10_2+0x7e522f
00007ffc`e7e4af78     : 00000000`00000000 00000000`00000000 00000000`00000000 00000000`00000000 : KERNEL32!BaseThreadInitThunk+0x1d
00000000`00000000     : 00000000`00000000 00000000`00000000 00000000`00000000 00000000`00000000 : ntdll!RtlUserThreadStart+0x28

  28  Id: 2e80.3b8 Suspend: 1 Teb: 000000dc`4932c000 Unfrozen
RetAddr               : Args to Child                                                           : Call Site
00007ffc`e7e59364     : 00000000`00000001 0000029c`31880000 000000dc`4ae1f6b0 000000dc`4a99f658 : ntdll!NtWaitForAlertByThreadId+0x14
00007ffc`e563fc39     : 00000000`00000000 0000029c`3affd000 0000029c`3affd138 00007ffc`e55f931b : ntdll!RtlSleepConditionVariableCS+0x104
00007ffc`756b4b6e     : 0000029c`3afae710 00000000`00000000 00000000`00000000 00007ffc`75c64086 : KERNELBASE!SleepConditionVariableCS+0x29
00007ffc`756c0829     : 0000029c`3affd000 00000000`00000000 ffffffff`fffffffe 00000000`00000000 : bc250d3d!OpenAdapter10_2+0x2407de
00007ffc`75c595bf     : 00000000`00000000 00000000`00000000 00000000`00000000 00000000`00000000 : bc250d3d!OpenAdapter10_2+0x24c499
00007ffc`e5d6259d     : 00000000`00000000 00000000`00000000 00000000`00000000 00000000`00000000 : bc250d3d!OpenAdapter10_2+0x7e522f
00007ffc`e7e4af78     : 00000000`00000000 00000000`00000000 00000000`00000000 00000000`00000000 : KERNEL32!BaseThreadInitThunk+0x1d
00000000`00000000     : 00000000`00000000 00000000`00000000 00000000`00000000 00000000`00000000 : ntdll!RtlUserThreadStart+0x28

  29  Id: 2e80.19c8 Suspend: 1 Teb: 000000dc`4932e000 Unfrozen
RetAddr               : Args to Child                                                           : Call Site
00007ffc`e7e59364     : 00000000`00000001 0000029c`31880000 000000dc`4a99f650 000000dc`4aa1fb68 : ntdll!NtWaitForAlertByThreadId+0x14
00007ffc`e563fc39     : 00000000`00000000 0000029c`3affd000 0000029c`3affd138 00007ffc`e55f931b : ntdll!RtlSleepConditionVariableCS+0x104
00007ffc`756b4b6e     : 0000029c`3afaeb30 00000000`00000000 00000000`00000000 00007ffc`75c64086 : KERNELBASE!SleepConditionVariableCS+0x29
00007ffc`756c0829     : 0000029c`3affd000 00000000`00000000 ffffffff`fffffffe 00000000`00000000 : bc250d3d!OpenAdapter10_2+0x2407de
00007ffc`75c595bf     : 00000000`00000000 00000000`00000000 00000000`00000000 00000000`00000000 : bc250d3d!OpenAdapter10_2+0x24c499
00007ffc`e5d6259d     : 00000000`00000000 00000000`00000000 00000000`00000000 00000000`00000000 : bc250d3d!OpenAdapter10_2+0x7e522f
00007ffc`e7e4af78     : 00000000`00000000 00000000`00000000 00000000`00000000 00000000`00000000 : KERNEL32!BaseThreadInitThunk+0x1d
00000000`00000000     : 00000000`00000000 00000000`00000000 00000000`00000000 00000000`00000000 : ntdll!RtlUserThreadStart+0x28

  30  Id: 2e80.e54 Suspend: 1 Teb: 000000dc`49330000 Unfrozen
RetAddr               : Args to Child                                                           : Call Site
00007ffc`e7e59364     : 00000000`00000001 0000029c`31880000 000000dc`4ae9fc40 000000dc`4aa9fad8 : ntdll!NtWaitForAlertByThreadId+0x14
00007ffc`e563fc39     : 00000000`00000000 0000029c`3affd000 0000029c`3affd138 00007ffc`e55f931b : ntdll!RtlSleepConditionVariableCS+0x104
00007ffc`756b4b6e     : 0000029c`3afaeec0 00000000`00000000 00000000`00000000 00007ffc`75c64086 : KERNELBASE!SleepConditionVariableCS+0x29
00007ffc`756c0829     : 0000029c`3affd000 00000000`00000000 ffffffff`fffffffe 00000000`00000000 : bc250d3d!OpenAdapter10_2+0x2407de
00007ffc`75c595bf     : 00000000`00000000 00000000`00000000 00000000`00000000 00000000`00000000 : bc250d3d!OpenAdapter10_2+0x24c499
00007ffc`e5d6259d     : 00000000`00000000 00000000`00000000 00000000`00000000 00000000`00000000 : bc250d3d!OpenAdapter10_2+0x7e522f
00007ffc`e7e4af78     : 00000000`00000000 00000000`00000000 00000000`00000000 00000000`00000000 : KERNEL32!BaseThreadInitThunk+0x1d
00000000`00000000     : 00000000`00000000 00000000`00000000 00000000`00000000 00000000`00000000 : ntdll!RtlUserThreadStart+0x28

  31  Id: 2e80.2ce4 Suspend: 1 Teb: 000000dc`49332000 Unfrozen
RetAddr               : Args to Child                                                           : Call Site
00007ffc`e7e59364     : 00000000`00000001 0000029c`31880000 000000dc`4aa9fad0 000000dc`4ab1f938 : ntdll!NtWaitForAlertByThreadId+0x14
00007ffc`e563fc39     : 00000000`00000000 0000029c`3affd000 0000029c`3affd138 00007ffc`e55f931b : ntdll!RtlSleepConditionVariableCS+0x104
00007ffc`756b4b6e     : 0000029c`3afaeef0 00000000`00000000 00000000`00000000 00007ffc`75c64086 : KERNELBASE!SleepConditionVariableCS+0x29
00007ffc`756c0829     : 0000029c`3affd000 00000000`00000000 ffffffff`fffffffe 00000000`00000000 : bc250d3d!OpenAdapter10_2+0x2407de
00007ffc`75c595bf     : 00000000`00000000 00000000`00000000 00000000`00000000 00000000`00000000 : bc250d3d!OpenAdapter10_2+0x24c499
00007ffc`e5d6259d     : 00000000`00000000 00000000`00000000 00000000`00000000 00000000`00000000 : bc250d3d!OpenAdapter10_2+0x7e522f
00007ffc`e7e4af78     : 00000000`00000000 00000000`00000000 00000000`00000000 00000000`00000000 : KERNEL32!BaseThreadInitThunk+0x1d
00000000`00000000     : 00000000`00000000 00000000`00000000 00000000`00000000 00000000`00000000 : ntdll!RtlUserThreadStart+0x28

  32  Id: 2e80.167c Suspend: 1 Teb: 000000dc`49334000 Unfrozen
RetAddr               : Args to Child                                                           : Call Site
00007ffc`e7e59364     : 00000000`00000001 0000029c`31880000 000000dc`4a89f920 000000dc`4ab9f898 : ntdll!NtWaitForAlertByThreadId+0x14
00007ffc`e563fc39     : 00000000`00000000 0000029c`3affd000 0000029c`3affd138 00007ffc`e55f931b : ntdll!RtlSleepConditionVariableCS+0x104
00007ffc`756b4b6e     : 0000029c`3afaeda0 00000000`00000000 00000000`00000000 00007ffc`75c64086 : KERNELBASE!SleepConditionVariableCS+0x29
00007ffc`756c0829     : 0000029c`3affd000 00000000`00000000 ffffffff`fffffffe 00000000`00000000 : bc250d3d!OpenAdapter10_2+0x2407de
00007ffc`75c595bf     : 00000000`00000000 00000000`00000000 00000000`00000000 00000000`00000000 : bc250d3d!OpenAdapter10_2+0x24c499
00007ffc`e5d6259d     : 00000000`00000000 00000000`00000000 00000000`00000000 00000000`00000000 : bc250d3d!OpenAdapter10_2+0x7e522f
00007ffc`e7e4af78     : 00000000`00000000 00000000`00000000 00000000`00000000 00000000`00000000 : KERNEL32!BaseThreadInitThunk+0x1d
00000000`00000000     : 00000000`00000000 00000000`00000000 00000000`00000000 00000000`00000000 : ntdll!RtlUserThreadStart+0x28

  33  Id: 2e80.13b8 Suspend: 1 Teb: 000000dc`49336000 Unfrozen
RetAddr               : Args to Child                                                           : Call Site
00007ffc`e7e59364     : 00000000`00000001 0000029c`31880000 000000dc`4a91f9e0 000000dc`4ac1fa08 : ntdll!NtWaitForAlertByThreadId+0x14
00007ffc`e563fc39     : 00000000`00000000 0000029c`3affd000 0000029c`3affd138 00007ffc`e55f931b : ntdll!RtlSleepConditionVariableCS+0x104
00007ffc`756b4b6e     : 0000029c`3afaeb90 00000000`00000000 00000000`00000000 00007ffc`75c64086 : KERNELBASE!SleepConditionVariableCS+0x29
00007ffc`756c0829     : 0000029c`3affd000 00000000`00000000 ffffffff`fffffffe 00000000`00000000 : bc250d3d!OpenAdapter10_2+0x2407de
00007ffc`75c595bf     : 00000000`00000000 00000000`00000000 00000000`00000000 00000000`00000000 : bc250d3d!OpenAdapter10_2+0x24c499
00007ffc`e5d6259d     : 00000000`00000000 00000000`00000000 00000000`00000000 00000000`00000000 : bc250d3d!OpenAdapter10_2+0x7e522f
00007ffc`e7e4af78     : 00000000`00000000 00000000`00000000 00000000`00000000 00000000`00000000 : KERNEL32!BaseThreadInitThunk+0x1d
00000000`00000000     : 00000000`00000000 00000000`00000000 00000000`00000000 00000000`00000000 : ntdll!RtlUserThreadStart+0x28

  34  Id: 2e80.6f0 Suspend: 1 Teb: 000000dc`4933a000 Unfrozen
RetAddr               : Args to Child                                                           : Call Site
00007ffc`e7e59364     : 00000000`00000001 0000029c`31880000 000000dc`4aa1fb60 000000dc`4ad1fd78 : ntdll!NtWaitForAlertByThreadId+0x14
00007ffc`e563fc39     : 00000000`00000000 0000029c`3affd000 0000029c`3affd138 00007ffc`e55f931b : ntdll!RtlSleepConditionVariableCS+0x104
00007ffc`756b4b6e     : 0000029c`3afaecb0 00000000`00000000 00000000`00000000 00007ffc`75c64086 : KERNELBASE!SleepConditionVariableCS+0x29
00007ffc`756c0829     : 0000029c`3affd000 00000000`00000000 ffffffff`fffffffe 00000000`00000000 : bc250d3d!OpenAdapter10_2+0x2407de
00007ffc`75c595bf     : 00000000`00000000 00000000`00000000 00000000`00000000 00000000`00000000 : bc250d3d!OpenAdapter10_2+0x24c499
00007ffc`e5d6259d     : 00000000`00000000 00000000`00000000 00000000`00000000 00000000`00000000 : bc250d3d!OpenAdapter10_2+0x7e522f
00007ffc`e7e4af78     : 00000000`00000000 00000000`00000000 00000000`00000000 00000000`00000000 : KERNEL32!BaseThreadInitThunk+0x1d
00000000`00000000     : 00000000`00000000 00000000`00000000 00000000`00000000 00000000`00000000 : ntdll!RtlUserThreadStart+0x28

  35  Id: 2e80.1ba0 Suspend: 1 Teb: 000000dc`4933c000 Unfrozen
RetAddr               : Args to Child                                                           : Call Site
00007ffc`e7e59364     : 00000000`00000001 0000029c`31880000 000000dc`4ab1f930 000000dc`4ad9fca8 : ntdll!NtWaitForAlertByThreadId+0x14
00007ffc`e563fc39     : 00000000`00000000 0000029c`3affd000 0000029c`3affd138 00007ffc`e55f931b : ntdll!RtlSleepConditionVariableCS+0x104
00007ffc`756b4b6e     : 0000029c`3afaec80 00000000`00000000 00000000`00000000 00007ffc`75c64086 : KERNELBASE!SleepConditionVariableCS+0x29
00007ffc`756c0829     : 0000029c`3affd000 00000000`00000000 ffffffff`fffffffe 00000000`00000000 : bc250d3d!OpenAdapter10_2+0x2407de
00007ffc`75c595bf     : 00000000`00000000 00000000`00000000 00000000`00000000 00000000`00000000 : bc250d3d!OpenAdapter10_2+0x24c499
00007ffc`e5d6259d     : 00000000`00000000 00000000`00000000 00000000`00000000 00000000`00000000 : bc250d3d!OpenAdapter10_2+0x7e522f
00007ffc`e7e4af78     : 00000000`00000000 00000000`00000000 00000000`00000000 00000000`00000000 : KERNEL32!BaseThreadInitThunk+0x1d
00000000`00000000     : 00000000`00000000 00000000`00000000 00000000`00000000 00000000`00000000 : ntdll!RtlUserThreadStart+0x28

  36  Id: 2e80.2908 Suspend: 1 Teb: 000000dc`4933e000 Unfrozen
RetAddr               : Args to Child                                                           : Call Site
00007ffc`e7e59364     : 00000000`00000001 0000029c`31880000 000000dc`4ad9fca0 000000dc`4ae1f6b8 : ntdll!NtWaitForAlertByThreadId+0x14
00007ffc`e563fc39     : 00000000`00000000 0000029c`3affd000 0000029c`3affd138 00007ffc`e55f931b : ntdll!RtlSleepConditionVariableCS+0x104
00007ffc`756b4b6e     : 0000029c`3afaeaa0 00000000`00000000 00000000`00000000 00007ffc`75c64086 : KERNELBASE!SleepConditionVariableCS+0x29
00007ffc`756c0829     : 0000029c`3affd000 00000000`00000000 ffffffff`fffffffe 00000000`00000000 : bc250d3d!OpenAdapter10_2+0x2407de
00007ffc`75c595bf     : 00000000`00000000 00000000`00000000 00000000`00000000 00000000`00000000 : bc250d3d!OpenAdapter10_2+0x24c499
00007ffc`e5d6259d     : 00000000`00000000 00000000`00000000 00000000`00000000 00000000`00000000 : bc250d3d!OpenAdapter10_2+0x7e522f
00007ffc`e7e4af78     : 00000000`00000000 00000000`00000000 00000000`00000000 00000000`00000000 : KERNEL32!BaseThreadInitThunk+0x1d
00000000`00000000     : 00000000`00000000 00000000`00000000 00000000`00000000 00000000`00000000 : ntdll!RtlUserThreadStart+0x28

  37  Id: 2e80.1eac Suspend: 1 Teb: 000000dc`49340000 Unfrozen
RetAddr               : Args to Child                                                           : Call Site
00007ffc`e7e59364     : 00000000`00000001 0000029c`31880000 000000dc`4ac1fa00 000000dc`4ae9fc48 : ntdll!NtWaitForAlertByThreadId+0x14
00007ffc`e563fc39     : 00000000`00000000 0000029c`3affd000 0000029c`3affd138 00007ffc`e55f931b : ntdll!RtlSleepConditionVariableCS+0x104
00007ffc`756b4b6e     : 0000029c`3afaee60 00000000`00000000 00000000`00000000 00007ffc`75c64086 : KERNELBASE!SleepConditionVariableCS+0x29
00007ffc`756c0829     : 0000029c`3affd000 00000000`00000000 ffffffff`fffffffe 00000000`00000000 : bc250d3d!OpenAdapter10_2+0x2407de
00007ffc`75c595bf     : 00000000`00000000 00000000`00000000 00000000`00000000 00000000`00000000 : bc250d3d!OpenAdapter10_2+0x24c499
00007ffc`e5d6259d     : 00000000`00000000 00000000`00000000 00000000`00000000 00000000`00000000 : bc250d3d!OpenAdapter10_2+0x7e522f
00007ffc`e7e4af78     : 00000000`00000000 00000000`00000000 00000000`00000000 00000000`00000000 : KERNEL32!BaseThreadInitThunk+0x1d
00000000`00000000     : 00000000`00000000 00000000`00000000 00000000`00000000 00000000`00000000 : ntdll!RtlUserThreadStart+0x28
quit:
