compile
  Generowanie kodu...
  Trwa kompilowanie...
  Generowanie kodu...
  Generowanie kodu...
  Generowanie kodu...
link
stack budget
bc250kmd.sys: 470 functions with unwind data, largest fixed frame 3992 bytes
  warn    3992 bytes  rva 0x016B20  GfxPagingBuildUpdate
  warn    2248 bytes  rva 0x015AF0  GfxPagingBuildAperture
  warn    2120 bytes  rva 0x02AA00  VidMmCommitPagingAperture
  warn    1240 bytes  rva 0x036190  WddmSubmitUmdImpl
catalog
  ........................
  Signability test complete.
  Errors:
  None
  Warnings:
  None
  Catalog generation complete.
  P:\bc-250\scratch\build\scheduler-checkpoints-kmd\package\bc250kmd.cat
sign
  Done Adding Additional Store
  Successfully signed: P:\bc-250\scratch\build\scheduler-checkpoints-kmd\package\bc250kmd.sys
  Done Adding Additional Store
  Successfully signed: P:\bc-250\scratch\build\scheduler-checkpoints-kmd\package\bc250kmd.cat
      792  bc250-lab-test.cer
     2407  bc250kmd.cat
     7655  bc250kmd.inf
   331152  bc250kmd.sys
  5CC6F29876181B59E4C631409C165AE60F1767F0C5254649C88E69255E9CE3FE  package\bc250kmd.sys
