compile
  Generowanie kodu...
  Trwa kompilowanie...
  Generowanie kodu...
  Generowanie kodu...
  Generowanie kodu...
link
stack budget
bc250kmd.sys: 475 functions with unwind data, largest fixed frame 3992 bytes
  warn    3992 bytes  rva 0x016A90  GfxPagingBuildUpdate
  warn    2248 bytes  rva 0x015A60  GfxPagingBuildAperture
  warn    2120 bytes  rva 0x02B010  VidMmCommitPagingAperture
  warn    1240 bytes  rva 0x0367D0  WddmSubmitUmdImpl
catalog
  ........................
  Signability test complete.
  Errors:
  None
  Warnings:
  None
  Catalog generation complete.
  P:\BC-250\scratch\build\bc250kmd-07109\package\bc250kmd.cat
sign
  Done Adding Additional Store
  Successfully signed: P:\BC-250\scratch\build\bc250kmd-07109\package\bc250kmd.sys
  Done Adding Additional Store
  Successfully signed: P:\BC-250\scratch\build\bc250kmd-07109\package\bc250kmd.cat
      792  bc250-lab-test.cer
     2407  bc250kmd.cat
     7655  bc250kmd.inf
   333712  bc250kmd.sys
umd package
  bc250kmd.inf generated: 9 lines enabled, 1 commented out, DriverVer = 09/24/2026,0.7.109.1
  .........................
  Signability test complete.
  Errors:
  None
  Warnings:
  None
  Catalog generation complete.
  P:\BC-250\scratch\build\bc250kmd-07109\package-umd\bc250kmd.cat
  Done Adding Additional Store
  Successfully signed: P:\BC-250\scratch\build\bc250kmd-07109\package-umd\bc250kmd.cat
umd package: P:\BC-250\scratch\build\bc250kmd-07109\package-umd
      792  bc250-lab-test.cer
     2839  bc250kmd.cat
     7603  bc250kmd.inf
   333712  bc250kmd.sys
     4096  bc250umd.dll
  551B0BE13C4DA83AA8B9C3BA283F9320969607D9D541D3A6182E275CB145A019  package\bc250kmd.sys
  551B0BE13C4DA83AA8B9C3BA283F9320969607D9D541D3A6182E275CB145A019  package-umd\bc250kmd.sys
