**********************************************************************
** Visual Studio 2022 Developer Command Prompt v17.14.21
** Copyright (c) 2025 Microsoft Corporation
**********************************************************************
[vcvarsall.bat] Environment initialized for: 'x64'
Directory already configured.

Just run your build command (e.g. ninja) and Meson will regenerate as necessary.
Run "meson setup --reconfigure" to force Meson to regenerate.

If build failures persist, run "meson setup --wipe" to rebuild from scratch
using the same options as passed when configuring the build.
ninja: Entering directory `P:\BC-250\bc250-win\experiments\E34-native-d3d-zink\..\..\..\scratch\m13-native-zink-build'
[1/26] Compiling C object src/gallium/drivers/zink/libzink.a.p/meson-generated_.._zink_instance.c.obj
[2/26] Compiling C object src/gallium/drivers/zink/libzink.a.p/zink_blit.c.obj
[3/26] Compiling C object src/gallium/drivers/zink/libzink.a.p/zink_kopper.c.obj
[4/26] Compiling C object src/gallium/drivers/zink/libzink.a.p/zink_bo.c.obj
[5/26] Compiling C object src/gallium/drivers/zink/libzink.a.p/zink_clear.c.obj
[6/26] Compiling C object src/gallium/drivers/zink/libzink.a.p/zink_batch.c.obj
[7/26] Compiling C object src/gallium/drivers/zink/libzink.a.p/zink_descriptors.c.obj
[8/26] Compiling C object src/gallium/drivers/zink/libzink.a.p/zink_fence.c.obj
[9/26] Compiling C object src/gallium/drivers/zink/libzink.a.p/zink_render_pass.c.obj
[10/26] Compiling C object src/gallium/drivers/zink/libzink.a.p/zink_pipeline.c.obj
[11/26] Compiling C object src/gallium/drivers/zink/libzink.a.p/zink_query.c.obj
[12/26] Compiling C object src/gallium/drivers/zink/libzink.a.p/zink_resource.c.obj
[13/26] Compiling C object src/gallium/drivers/zink/libzink.a.p/zink_screen.c.obj
[14/26] Compiling C object src/gallium/auxiliary/libgallium.a.p/nir_tgsi_to_nir.c.obj
[15/26] Compiling C object src/gallium/drivers/zink/libzink.a.p/zink_state.c.obj
[16/26] Compiling C object src/gallium/drivers/zink/libzink.a.p/meson-generated_.._zink_device_info.c.obj
[17/26] Compiling C object src/gallium/drivers/zink/libzink.a.p/zink_surface.c.obj
[18/26] Compiling C object src/gallium/drivers/zink/libzink.a.p/zink_program.c.obj
[19/26] Linking static target src/gallium/auxiliary/libgallium.a
[20/26] Compiling C++ object src/gallium/drivers/zink/libzink.a.p/zink_synchronization.cpp.obj
[21/26] Compiling C object src/gallium/drivers/zink/libzink.a.p/zink_context.c.obj
[22/26] Compiling C object src/gallium/drivers/zink/libzink.a.p/nir_to_spirv_nir_to_spirv.c.obj
[23/26] Compiling C++ object src/gallium/drivers/zink/libzink.a.p/zink_draw.cpp.obj
[24/26] Compiling C object src/gallium/drivers/zink/libzink.a.p/zink_compiler.c.obj
[25/26] Linking static target src/gallium/drivers/zink/libzink.a
[26/26] Linking target src/gallium/targets/d3d10umd/bc250d3d_zink.dll
   Trwa tworzenie biblioteki src\gallium\targets/d3d10umd\bc250d3d_zink.lib i obiektu src\gallium\targets/d3d10umd\bc250d3d_zink.exp

**********************************************************************
** Visual Studio 2022 Developer Command Prompt v17.14.21
** Copyright (c) 2025 Microsoft Corporation
**********************************************************************
[vcvarsall.bat] Environment initialized for: 'x64'
kmd-commands PASS 0.82s
kmd-contract PASS 0.5s
radv-contract PASS 0.51s
umd-contract PASS 0.28s
blob-abi PASS 1.02s
surface-control PASS 0.24s
kmd-analysis PASS 0.62s
umd-analysis PASS 1.19s
