**********************************************************************
** Visual Studio 2022 Developer Command Prompt v17.14.21
** Copyright (c) 2025 Microsoft Corporation
**********************************************************************
[vcvarsall.bat] Environment initialized for: 'x64'
Directory already configured.

Just run your build command (e.g. ninja) and Meson will regenerate as necessary.
Run "meson setup --reconfigure" to force Meson to regenerate.

If build failures persist, run "meson setup --wipe" to rebuild from scratch
using the same options as passed when configuring the build.
ninja: Entering directory `P:\BC-250\bc250-win\experiments\E34-native-d3d-zink\..\..\..\scratch\m13-native-zink-build'
[1/4] Linking static target src/gallium/drivers/zink/libzink.a
[2/4] Compiling C++ object src/gallium/frontends/d3d10umd/libd3d10umd.a.p/Device.cpp.obj
[3/4] Linking static target src/gallium/frontends/d3d10umd/libd3d10umd.a
[4/4] Linking target src/gallium/targets/d3d10umd/bc250d3d_zink.dll
   Trwa tworzenie biblioteki src\gallium\targets/d3d10umd\bc250d3d_zink.lib i obiektu src\gallium\targets/d3d10umd\bc250d3d_zink.exp

**********************************************************************
** Visual Studio 2022 Developer Command Prompt v17.14.21
** Copyright (c) 2025 Microsoft Corporation
**********************************************************************
[vcvarsall.bat] Environment initialized for: 'x64'
kmd-commands PASS 0.76s
kmd-contract PASS 0.39s
radv-contract PASS 0.26s
umd-contract PASS 0.24s
blob-abi PASS 0.9s
surface-control PASS 0.2s
kmd-analysis PASS 0.52s
umd-analysis PASS 3.33s
