boot=2026-09-24T11:44:14


UnconfirmedStarts    : 0
LastStage            : 61
StageHistory         : 10 20 30 31 32 33 34 35 39 50 60 61 
EnableMmio           : 1
EnableMmioWrite      : 0
EnableVram           : 1
EnableVramWrite      : 1
EnableGart           : 1
EnablePsp            : 1
EnableGfx            : 1
EnableIh             : 1
EnableFullWddm       : 0
KeepLog              : 1
KeepStatus           : 0
EnableGpuVa          : 1
EnableGpuSubmit      : 1
EnablePresentBlit    : 0
EnableDcnWrite       : 0
EnablePagingNode     : 1
EnableVidPnFlip      : 0
EnableRlcReloadReset : 0
PSPath               : Microsoft.PowerShell.Core\Registry::HKEY_LOCAL_MACHINE\SYSTEM\CurrentContro
                       lSet\Services\bc250kmd\Parameters
PSParentPath         : Microsoft.PowerShell.Core\Registry::HKEY_LOCAL_MACHINE\SYSTEM\CurrentContro
                       lSet\Services\bc250kmd
PSChildName          : Parameters
PSDrive              : HKLM
PSProvider           : Microsoft.PowerShell.Core\Registry



device_count=1
device_status=OK
driver_version=0.7.126.1
# adapter    BC-250 GPU (bc250kmd, display-only, lab build)
# hardware   PCI\VEN_1002&DEV_13FE&SUBSYS_00001022&REV_00
[interface identity redacted]
D3DKMTOpenAdapterFromDeviceName -> 0x00000000 STATUS_SUCCESS
# adapter    handle 0x40000000 luid 00000000-00009121
D3DKMTEscape(D3DKMT_ESCAPE_DRIVERPRIVATE, BC250_ESCAPE_GET_INFO) -> 0x00000000 STATUS_SUCCESS
version      0x0007007E (milestone 7 revision 126)
last stage   61 first present done
mode         1920x1200 pitch 7680 format 22 (display-only)
presents     1011
counters     blits 0, flips 0 (the full table's own present counters; both stay 0 in display-only mode)
gates        mmio open, mmio writes off, vram open, vram writes on, gart open, psp open, gfx open, ih open
info_exit=0
log          24 lines since this driver load, 0 lost to the wrap, 0 dropped above DISPATCH_LEVEL; ring 1024 lines of which the first 256 are kept; table display-only
     0      0.000 stage 10
     1      0.000 gate: EnableFullWddm 0
     2      0.000 stage 20
     3     30.955 stage 30
     4     30.955 stage 31
     5     30.956 stage 32
     6     30.956 post display 1920x1200 pitch 7680 format 22 target 4294967295
     7     30.956 stage 33
     8     30.958 stage 34
     9     30.958 interrupt resource 1: message, vector 0x51, flags 0x3
    10     30.958 mmio: BAR5 at 0xFE800000 mapped, writes off, dcn writes off, vidpn flip off
    11     30.958 vram: 0x270000000 + 0x200000000, MC 0xF400000000, BAR0 0xC0000000 + 0x10000000, writes allowed
    12     30.958 fb sample mapped: phys 0xC0000000 first 0x00000000 mid 0x00000000
    13     30.958 fb sample physical: 0x270000000 first 0x00000000 mid 0x00000000
    14     30.958 gart: ready, dummy page at 0x26FFFA000
    15     30.958 psp: ready
    16     30.958 gpumem: ready, doorbells at 0xD0000000
    17     30.958 gfx: ready, GPU submission allowed, paging node allowed
    18     30.958 ih: ready
    19     30.992 stage 35
    20     30.994 stage 39
    21     31.036 stage 50
    22     31.038 stage 60
    23     31.040 stage 61
             24 lines printed
log_exit=0
recovery_inspection_complete
