temperature_mC=57850
temperature_mC=66000
temperature_mC=64000
clock_Hz=1000000000
# libdrm libdrm-2.4.114 commit b9ca37b3134861048986b75896c0915cbf2e97f9
# dispatch.json from experiments/E13-linux-reference-2/gen_dispatch.py
# 1 workgroup(s) x 64 threads x 16 bytes = 1024 bytes, fill 0x22222222, sentinel 0xcafedead
# IB chunk flags: AMDGPU_IB_FLAG_EMIT_MEM_SYNC (the kernel prepends ACQUIRE_MEM, like the shim does by hand)
#   shader_test_util.c:206-228
#   shader_test_util.c:235-253
#   shader_test_util.c:328-340
#   shader_test_util.c:403-444 (CS_BUFFERCLEAR arm, sh_reg loop unrolled)
#   shader_test_util.c:547-565

# IB: 72 dwords, 18 packets, 288 bytes at va 0x0000000100100000
# shader va 0x0000000100000000 (9 dwords, shader_code_gfx10.h:27-32)
# dst    va 0x0000000100200000 size 1024 bytes
[000] c0037602 PACKET3_SET_SH_REG count=3 shader_type=1   [shader_test_util.c:218-220]
[001] 00000204   offset 0x204 -> mmCOMPUTE_START_X
[002] 00000000     mmCOMPUTE_START_X = 0x00000000
[003] 00000000     mmCOMPUTE_START_Y = 0x00000000
[004] 00000000     mmCOMPUTE_START_Z = 0x00000000
[005] c0017602 PACKET3_SET_SH_REG count=1 shader_type=1   [shader_test_util.c:223-225]
[006] 00000218   offset 0x218 -> mmCOMPUTE_TMPRING_SIZE
[007] 00000000     mmCOMPUTE_TMPRING_SIZE = 0x00000000
[008] c0017602 PACKET3_SET_SH_REG count=1 shader_type=1   [shader_test_util.c:240-242]
[009] 0000022a   offset 0x22a -> mmCOMPUTE_SHADER_CHKSUM
[010] 00000000     mmCOMPUTE_SHADER_CHKSUM = 0x00000000
[011] c0067602 PACKET3_SET_SH_REG count=6 shader_type=1   [shader_test_util.c:244-246]
[012] 00000222   offset 0x222 -> mmCOMPUTE_REQ_CTRL
[013] 00000000     mmCOMPUTE_REQ_CTRL = 0x00000000
[014] 00000000     unnamed dword 0x2e23 = 0x00000000
[015] 00000000     mmCOMPUTE_USER_ACCUM_0 = 0x00000000
[016] 00000000     mmCOMPUTE_PREF_PRI_ACCUM_1 = 0x00000000
[017] 00000000     mmCOMPUTE_PREF_PRI_ACCUM_2 = 0x00000000
[018] 00000000     mmCOMPUTE_PREF_PRI_ACCUM_3 = 0x00000000
[019] c0017900 PACKET3_SET_UCONFIG_REG count=1 shader_type=0   [shader_test_util.c:248-250]
[020] 0000007b   offset 0x07b -> mmCP_COHER_START_DELAY
[021] 00000020     mmCP_COHER_START_DELAY = 0x00000020
[022] c0029b02 PACKET3_SET_SH_REG_INDEX count=2 shader_type=1   [shader_test_util.c:331-334]
[023] 30000216   offset 0x216 index 3 -> mmCOMPUTE_STATIC_THREAD_MGMT_SE0
[024] ffffffff     mmCOMPUTE_STATIC_THREAD_MGMT_SE0 = 0xffffffff
[025] ffffffff     mmCOMPUTE_STATIC_THREAD_MGMT_SE1 = 0xffffffff
[026] c0029b02 PACKET3_SET_SH_REG_INDEX count=2 shader_type=1   [shader_test_util.c:336-339]
[027] 30000219   offset 0x219 index 3 -> mmCOMPUTE_STATIC_THREAD_MGMT_SE2
[028] ffffffff     mmCOMPUTE_STATIC_THREAD_MGMT_SE2 = 0xffffffff
[029] ffffffff     mmCOMPUTE_STATIC_THREAD_MGMT_SE3 = 0xffffffff
[030] c0027602 PACKET3_SET_SH_REG count=2 shader_type=1   [shader_test_util.c:413-416]
[031] 0000020c   offset 0x20c -> mmCOMPUTE_PGM_LO
[032] 01000000     mmCOMPUTE_PGM_LO = 0x01000000   <- (shader_addr >> 8)
[033] 00000000     mmCOMPUTE_PGM_HI = 0x00000000   <- (shader_addr >> 40)
[034] c0017602 PACKET3_SET_SH_REG count=1 shader_type=1   [shader_test_util.c:418-422 over shader_code_gfx9.h:34-41]
[035] 00000212   offset 0x212 -> mmCOMPUTE_PGM_RSRC1
[036] 000c0041     mmCOMPUTE_PGM_RSRC1 = 0x000c0041
[037] c0017602 PACKET3_SET_SH_REG count=1 shader_type=1   [shader_test_util.c:418-422 over shader_code_gfx9.h:34-41]
[038] 00000213   offset 0x213 -> mmCOMPUTE_PGM_RSRC2
[039] 00000090     mmCOMPUTE_PGM_RSRC2 = 0x00000090
[040] c0017602 PACKET3_SET_SH_REG count=1 shader_type=1   [shader_test_util.c:418-422 over shader_code_gfx9.h:34-41]
[041] 00000207   offset 0x207 -> mmCOMPUTE_NUM_THREAD_X
[042] 00000040     mmCOMPUTE_NUM_THREAD_X = 0x00000040
[043] c0017602 PACKET3_SET_SH_REG count=1 shader_type=1   [shader_test_util.c:418-422 over shader_code_gfx9.h:34-41]
[044] 00000208   offset 0x208 -> mmCOMPUTE_NUM_THREAD_Y
[045] 00000001     mmCOMPUTE_NUM_THREAD_Y = 0x00000001
[046] c0017602 PACKET3_SET_SH_REG count=1 shader_type=1   [shader_test_util.c:418-422 over shader_code_gfx9.h:34-41]
[047] 00000209   offset 0x209 -> mmCOMPUTE_NUM_THREAD_Z
[048] 00000001     mmCOMPUTE_NUM_THREAD_Z = 0x00000001
[049] c0017602 PACKET3_SET_SH_REG count=1 shader_type=1   [shader_test_util.c:426-428]
[050] 00000228   offset 0x228 -> mmCOMPUTE_PGM_RSRC3
[051] 00000000     mmCOMPUTE_PGM_RSRC3 = 0x00000000
[052] c0047602 PACKET3_SET_SH_REG count=4 shader_type=1   [shader_test_util.c:431-436]
[053] 00000240   offset 0x240 -> mmCOMPUTE_USER_DATA_0
[054] 00200000     mmCOMPUTE_USER_DATA_0 = 0x00200000   <- test_priv->dst.mc_address
[055] 00100001     mmCOMPUTE_USER_DATA_1 = 0x00100001   <- (test_priv->dst.mc_address >> 32) | 0x100000
[056] 00000040     mmCOMPUTE_USER_DATA_2 = 0x00000040   <- test_priv->dst.size / 16
[057] 1104bfac     mmCOMPUTE_USER_DATA_3 = 0x1104bfac
[058] c0047602 PACKET3_SET_SH_REG count=4 shader_type=1   [shader_test_util.c:439-444]
[059] 00000244   offset 0x244 -> mmCOMPUTE_USER_DATA_4
[060] 22222222     mmCOMPUTE_USER_DATA_4 = 0x22222222
[061] 22222222     mmCOMPUTE_USER_DATA_5 = 0x22222222
[062] 22222222     mmCOMPUTE_USER_DATA_6 = 0x22222222
[063] 22222222     mmCOMPUTE_USER_DATA_7 = 0x22222222
[064] c0017602 PACKET3_SET_SH_REG count=1 shader_type=1   [shader_test_util.c:553-555]
[065] 00000215   offset 0x215 -> mmCOMPUTE_RESOURCE_LIMITS
[066] 00000000     mmCOMPUTE_RESOURCE_LIMITS = 0x00000000
[067] c0031502 PACKET3_DISPATCH_DIRECT count=3 shader_type=1   [shader_test_util.c:558-562]
[068] 00000001     DIM_X (workgroups) = 0x00000001   <- (test_priv->dst.size / 16 + 0x40 - 1 ) / 0x40
[069] 00000001     DIM_Y = 0x00000001
[070] 00000001     DIM_Z = 0x00000001
[071] 00000001     mmCOMPUTE_DISPATCH_INITIATOR = 0x00000001
# raw:
  c0037602 00000204 00000000 00000000 00000000 c0017602 00000218 00000000
  c0017602 0000022a 00000000 c0067602 00000222 00000000 00000000 00000000
  00000000 00000000 00000000 c0017900 0000007b 00000020 c0029b02 30000216
  ffffffff ffffffff c0029b02 30000219 ffffffff ffffffff c0027602 0000020c
  01000000 00000000 c0017602 00000212 000c0041 c0017602 00000213 00000090
  c0017602 00000207 00000040 c0017602 00000208 00000001 c0017602 00000209
  00000001 c0017602 00000228 00000000 c0047602 00000240 00200000 00100001
  00000040 1104bfac c0047602 00000244 22222222 22222222 22222222 22222222
  c0017602 00000215 00000000 c0031502 00000001 00000001 00000001 00000001

# opening /dev/dri/renderD128
DEV  device_id 0x13fe family 143 external_rev 0x84 cu_active 24 wave_front_size 32
DEV  va range 0x0000000000010000 .. 0x0000800000000000 alignment 4096 gart_page_size 4096
HWIP COMPUTE version 10.0 available_rings 0x0000000f ib_start_alignment 32
CTX  alloc                  -> ctx_id 1
BO   shader     4096 bytes  -> handle 1    mmap offset 0x0001008cb000 va 0x0000000100000000 flags 0xe
BO   cmd        4096 bytes  -> handle 2    mmap offset 0x0001008cc000 va 0x0000000100100000 flags 0xe
BO   dst        4096 bytes  -> handle 3    mmap offset 0x0001008cd000 va 0x0000000100200000 flags 0x6
DST  before: 256 dwords, all 0xcafedead: True, first four cafedead cafedead cafedead cafedead
CS   ip_type 1 ring 0 ib_bytes 288 chunks 2 bo_handles 3 ib_flags 0x40
--- submit at monotonic 813.321164 ---
CS   accepted               -> seq_no 1
--- wait returned after 0.000 s, status 0 (completed) ---
DST  after : 256/256 dwords equal 0x22222222, first four 22222222 22222222 22222222 22222222, last four 22222222 22222222 22222222 22222222
RESULT PASS: the whole destination holds the fill pattern
CTX  free                   -> ok
post_reset_compute_complete
