3224:warn:openvr_instance_extensions: Failed to open VR registry key, status 2.
3224:warn:openxr_vulkan_extensions: wineopenxr.dll is missing required symbols.
3224:info:vkd3d_instance_apply_application_workarounds: Detected game witcher3.exe, adding 2 configs, removing 0 configs.
3224:info:vkd3d_instance_apply_application_workarounds: Detected game witcher3.exe, adding shader quirks for specific shaders.
3224:info:vkd3d_instance_deduce_config_flags_from_environment: shader_cache is used, global_pipeline_cache is enforced.
3224:info:vkd3d_config_flags_init_once: VKD3D_CONFIG=''.
3224:info:vkd3d_get_vk_version: vkd3d-proton - applicationVersion: 3.1.0.
3224:info:vkd3d_instance_init: vkd3d-proton - build: 472989aabdcf3e3.
3224:warn:openvr_device_extensions: Failed to open VR registry key, status 2.
3224:warn:openxr_vulkan_extensions: wineopenxr.dll is missing required symbols.
3224:info:vkd3d_physical_device_info_init_maint9: Implementation supports eliding QFOT for non-compressed optimal images.
3224:warn:vkd3d_init_depth_stencil_formats: Mapping VK_FORMAT_D24_UNORM_S8_UINT to VK_FORMAT_D32_SFLOAT_S8_UINT.
3224:info:vkd3d_memory_info_decide_hvv_usage: Topology: No more than 1 device local heap, HVV access is viable.
3224:info:vkd3d_memory_info_upload_hvv_memory_properties: Topology: largest device local heap is too small (8406929408 bytes) for effective ReBAR.
3224:info:vkd3d_bindless_state_get_bindless_flags: Enabling fast paths for advanced ExecuteIndirect() graphics and compute (EXT_dgc).
3224:info:vkd3d_bindless_state_get_bindless_flags: Device supports VK_EXT_mutable_descriptor_type.
3224:info:vkd3d_bindless_state_get_bindless_flags: Device supports ultra-fast path for descriptor copies.
3224:info:vkd3d_bindless_state_get_bindless_flags: Device supports packed metadata path for descriptor copies.
3224:info:vkd3d_bindless_state_add_binding: Device supports VK_EXT_descriptor_buffer!
3224:info:vkd3d_bindless_state_add_binding: Device supports VK_EXT_descriptor_buffer!
3224:info:vkd3d_bindless_state_add_binding: Device supports VK_EXT_descriptor_buffer!
3224:info:d3d12_device_caps_init_shader_model: Enabling support for SM 6.6.
3224:info:d3d12_device_caps_init_shader_model: Enabling support for SM 6.7.
3224:info:d3d12_device_caps_init_shader_model: Enabling support for SM 6.8.
3224:fixme:d3d12_device_caps_init_feature_options1: TotalLaneCount = 1536, may be inaccurate.
3224:info:d3d12_device_determine_ray_tracing_tier: DXR support enabled.
3224:info:d3d12_device_determine_ray_tracing_tier: DXR 1.1 support enabled.
3224:info:vkd3d_pipeline_library_init_disk_cache: Remapping VKD3D_SHADER_CACHE to: C:\BC250\m12\witcher3-dx12-010\vkd3d-cache\vkd3d-proton.witcher3.exe.cache.
3224:info:vkd3d_pipeline_library_init_disk_cache: Attempting to load disk cache from: C:\BC250\m12\witcher3-dx12-010\vkd3d-cache\vkd3d-proton.witcher3.exe.cache.
14c0:info:vkd3d_pipeline_library_disk_thread_main: Performing async setup of stream archive ...
14c0:info:vkd3d_pipeline_library_disk_cache_merge: No write cache exists. No need to merge any disk caches.
14c0:info:vkd3d_pipeline_library_disk_cache_initial_setup: Merging pipeline libraries took 0.352 ms.
14c0:info:vkd3d_pipeline_library_disk_cache_initial_setup: Failed to map read-only cache: C:\BC250\m12\witcher3-dx12-010\vkd3d-cache\vkd3d-proton.witcher3.exe.cache.
14c0:info:vkd3d_pipeline_library_disk_thread_main: Done performing async setup of stream archive.
3224:warn:openvr_instance_extensions: Failed to open VR registry key, status 2.
3224:warn:openxr_vulkan_extensions: wineopenxr.dll is missing required symbols.
3224:info:vkd3d_get_vk_version: vkd3d-proton - applicationVersion: 3.1.0.
3224:info:vkd3d_instance_init: vkd3d-proton - build: 472989aabdcf3e3.
3224:warn:openvr_device_extensions: Failed to open VR registry key, status 2.
3224:warn:openxr_vulkan_extensions: wineopenxr.dll is missing required symbols.
3224:info:vkd3d_physical_device_info_init_maint9: Implementation supports eliding QFOT for non-compressed optimal images.
3224:warn:vkd3d_init_depth_stencil_formats: Mapping VK_FORMAT_D24_UNORM_S8_UINT to VK_FORMAT_D32_SFLOAT_S8_UINT.
3224:info:vkd3d_memory_info_decide_hvv_usage: Topology: No more than 1 device local heap, HVV access is viable.
3224:info:vkd3d_memory_info_upload_hvv_memory_properties: Topology: largest device local heap is too small (8406929408 bytes) for effective ReBAR.
3224:info:vkd3d_bindless_state_get_bindless_flags: Enabling fast paths for advanced ExecuteIndirect() graphics and compute (EXT_dgc).
3224:info:vkd3d_bindless_state_get_bindless_flags: Device supports VK_EXT_mutable_descriptor_type.
3224:info:vkd3d_bindless_state_get_bindless_flags: Device supports ultra-fast path for descriptor copies.
3224:info:vkd3d_bindless_state_get_bindless_flags: Device supports packed metadata path for descriptor copies.
3224:info:vkd3d_bindless_state_add_binding: Device supports VK_EXT_descriptor_buffer!
3224:info:vkd3d_bindless_state_add_binding: Device supports VK_EXT_descriptor_buffer!
3224:info:vkd3d_bindless_state_add_binding: Device supports VK_EXT_descriptor_buffer!
3224:info:d3d12_device_caps_init_shader_model: Enabling support for SM 6.6.
3224:info:d3d12_device_caps_init_shader_model: Enabling support for SM 6.7.
3224:info:d3d12_device_caps_init_shader_model: Enabling support for SM 6.8.
3224:fixme:d3d12_device_caps_init_feature_options1: TotalLaneCount = 1536, may be inaccurate.
3224:info:d3d12_device_determine_ray_tracing_tier: DXR support enabled.
3224:info:d3d12_device_determine_ray_tracing_tier: DXR 1.1 support enabled.
3224:info:vkd3d_pipeline_library_init_disk_cache: Remapping VKD3D_SHADER_CACHE to: C:\BC250\m12\witcher3-dx12-010\vkd3d-cache\vkd3d-proton.witcher3.exe.cache.
3224:info:vkd3d_pipeline_library_init_disk_cache: Attempting to load disk cache from: C:\BC250\m12\witcher3-dx12-010\vkd3d-cache\vkd3d-proton.witcher3.exe.cache.
09fc:info:vkd3d_pipeline_library_disk_thread_main: Performing async setup of stream archive ...
09fc:info:vkd3d_pipeline_library_disk_cache_merge: No write cache exists. No need to merge any disk caches.
09fc:info:vkd3d_pipeline_library_disk_cache_initial_setup: Merging pipeline libraries took 0.401 ms.
09fc:info:vkd3d_pipeline_library_disk_cache_initial_setup: Failed to map read-only cache: C:\BC250\m12\witcher3-dx12-010\vkd3d-cache\vkd3d-proton.witcher3.exe.cache.
09fc:info:vkd3d_pipeline_library_disk_thread_main: Done performing async setup of stream archive.
3224:warn:d3d12core_GetDebugInterface: Returning DXGI_ERROR_SDK_COMPONENT_MISSING.
3224:warn:openvr_instance_extensions: Failed to open VR registry key, status 2.
3224:warn:openxr_vulkan_extensions: wineopenxr.dll is missing required symbols.
3224:info:vkd3d_get_vk_version: vkd3d-proton - applicationVersion: 3.1.0.
3224:info:vkd3d_instance_init: vkd3d-proton - build: 472989aabdcf3e3.
3224:warn:openvr_device_extensions: Failed to open VR registry key, status 2.
3224:warn:openxr_vulkan_extensions: wineopenxr.dll is missing required symbols.
3224:info:vkd3d_physical_device_info_init_maint9: Implementation supports eliding QFOT for non-compressed optimal images.
3224:warn:vkd3d_init_depth_stencil_formats: Mapping VK_FORMAT_D24_UNORM_S8_UINT to VK_FORMAT_D32_SFLOAT_S8_UINT.
3224:info:vkd3d_memory_info_decide_hvv_usage: Topology: No more than 1 device local heap, HVV access is viable.
3224:info:vkd3d_memory_info_upload_hvv_memory_properties: Topology: largest device local heap is too small (8406929408 bytes) for effective ReBAR.
3224:info:vkd3d_bindless_state_get_bindless_flags: Enabling fast paths for advanced ExecuteIndirect() graphics and compute (EXT_dgc).
3224:info:vkd3d_bindless_state_get_bindless_flags: Device supports VK_EXT_mutable_descriptor_type.
3224:info:vkd3d_bindless_state_get_bindless_flags: Device supports ultra-fast path for descriptor copies.
3224:info:vkd3d_bindless_state_get_bindless_flags: Device supports packed metadata path for descriptor copies.
3224:info:vkd3d_bindless_state_add_binding: Device supports VK_EXT_descriptor_buffer!
3224:info:vkd3d_bindless_state_add_binding: Device supports VK_EXT_descriptor_buffer!
3224:info:vkd3d_bindless_state_add_binding: Device supports VK_EXT_descriptor_buffer!
3224:info:d3d12_device_caps_init_shader_model: Enabling support for SM 6.6.
3224:info:d3d12_device_caps_init_shader_model: Enabling support for SM 6.7.
3224:info:d3d12_device_caps_init_shader_model: Enabling support for SM 6.8.
3224:fixme:d3d12_device_caps_init_feature_options1: TotalLaneCount = 1536, may be inaccurate.
3224:info:d3d12_device_determine_ray_tracing_tier: DXR support enabled.
3224:info:d3d12_device_determine_ray_tracing_tier: DXR 1.1 support enabled.
3224:info:vkd3d_pipeline_library_init_disk_cache: Remapping VKD3D_SHADER_CACHE to: C:\BC250\m12\witcher3-dx12-010\vkd3d-cache\vkd3d-proton.witcher3.exe.cache.
3224:info:vkd3d_pipeline_library_init_disk_cache: Attempting to load disk cache from: C:\BC250\m12\witcher3-dx12-010\vkd3d-cache\vkd3d-proton.witcher3.exe.cache.
1d6c:info:vkd3d_pipeline_library_disk_thread_main: Performing async setup of stream archive ...
1d6c:info:vkd3d_pipeline_library_disk_cache_merge: No write cache exists. No need to merge any disk caches.
1d6c:info:vkd3d_pipeline_library_disk_cache_initial_setup: Merging pipeline libraries took 0.368 ms.
1d6c:info:vkd3d_pipeline_library_disk_cache_initial_setup: Failed to map read-only cache: C:\BC250\m12\witcher3-dx12-010\vkd3d-cache\vkd3d-proton.witcher3.exe.cache.
1d6c:info:vkd3d_pipeline_library_disk_thread_main: Done performing async setup of stream archive.
3224:warn:openvr_instance_extensions: Failed to open VR registry key, status 2.
3224:warn:openxr_vulkan_extensions: wineopenxr.dll is missing required symbols.
3224:info:vkd3d_get_vk_version: vkd3d-proton - applicationVersion: 3.1.0.
3224:info:vkd3d_instance_init: vkd3d-proton - build: 472989aabdcf3e3.
3224:warn:openvr_device_extensions: Failed to open VR registry key, status 2.
3224:warn:openxr_vulkan_extensions: wineopenxr.dll is missing required symbols.
3224:info:vkd3d_physical_device_info_init_maint9: Implementation supports eliding QFOT for non-compressed optimal images.
3224:warn:vkd3d_init_depth_stencil_formats: Mapping VK_FORMAT_D24_UNORM_S8_UINT to VK_FORMAT_D32_SFLOAT_S8_UINT.
3224:info:vkd3d_memory_info_decide_hvv_usage: Topology: No more than 1 device local heap, HVV access is viable.
3224:info:vkd3d_memory_info_upload_hvv_memory_properties: Topology: largest device local heap is too small (8406929408 bytes) for effective ReBAR.
3224:info:vkd3d_bindless_state_get_bindless_flags: Enabling fast paths for advanced ExecuteIndirect() graphics and compute (EXT_dgc).
3224:info:vkd3d_bindless_state_get_bindless_flags: Device supports VK_EXT_mutable_descriptor_type.
3224:info:vkd3d_bindless_state_get_bindless_flags: Device supports ultra-fast path for descriptor copies.
3224:info:vkd3d_bindless_state_get_bindless_flags: Device supports packed metadata path for descriptor copies.
3224:info:vkd3d_bindless_state_add_binding: Device supports VK_EXT_descriptor_buffer!
3224:info:vkd3d_bindless_state_add_binding: Device supports VK_EXT_descriptor_buffer!
3224:info:vkd3d_bindless_state_add_binding: Device supports VK_EXT_descriptor_buffer!
3224:info:d3d12_device_caps_init_shader_model: Enabling support for SM 6.6.
3224:info:d3d12_device_caps_init_shader_model: Enabling support for SM 6.7.
3224:info:d3d12_device_caps_init_shader_model: Enabling support for SM 6.8.
3224:fixme:d3d12_device_caps_init_feature_options1: TotalLaneCount = 1536, may be inaccurate.
3224:info:d3d12_device_determine_ray_tracing_tier: DXR support enabled.
3224:info:d3d12_device_determine_ray_tracing_tier: DXR 1.1 support enabled.
3224:info:vkd3d_pipeline_library_init_disk_cache: Remapping VKD3D_SHADER_CACHE to: C:\BC250\m12\witcher3-dx12-010\vkd3d-cache\vkd3d-proton.witcher3.exe.cache.
3224:info:vkd3d_pipeline_library_init_disk_cache: Attempting to load disk cache from: C:\BC250\m12\witcher3-dx12-010\vkd3d-cache\vkd3d-proton.witcher3.exe.cache.
3224:warn:d3d12_device_CheckFeatureSupport: Assuming device does not support tile based rendering.
18c4:info:vkd3d_pipeline_library_disk_thread_main: Performing async setup of stream archive ...
18c4:info:vkd3d_pipeline_library_disk_cache_merge: No write cache exists. No need to merge any disk caches.
18c4:info:vkd3d_pipeline_library_disk_cache_initial_setup: Merging pipeline libraries took 0.348 ms.
18c4:info:vkd3d_pipeline_library_disk_cache_initial_setup: Failed to map read-only cache: C:\BC250\m12\witcher3-dx12-010\vkd3d-cache\vkd3d-proton.witcher3.exe.cache.
18c4:info:vkd3d_pipeline_library_disk_thread_main: Done performing async setup of stream archive.
3224:warn:d3d12_device_CheckFeatureSupport: Assuming device does not support tile based rendering.
3224:fixme:d3d12_command_queue_init: Ignoring priority 0x64.
3224:warn:d3d12_state_object_find_association: Conflicting local root signatures defined for same export, using NULL local root signature.
3224:warn:d3d12_state_object_find_association: Conflicting local root signatures defined for same export, using NULL local root signature.
3224:warn:d3d12_state_object_find_association: Conflicting local root signatures defined for same export, using NULL local root signature.
3224:warn:d3d12_state_object_find_association: Conflicting local root signatures defined for same export, using NULL local root signature.
3224:warn:d3d12_state_object_find_association: Conflicting local root signatures defined for same export, using NULL local root signature.
3224:warn:d3d12_state_object_find_association: Conflicting local root signatures defined for same export, using NULL local root signature.
3224:warn:d3d12_state_object_find_association: Conflicting local root signatures defined for same export, using NULL local root signature.
3224:warn:d3d12_state_object_find_association: Conflicting local root signatures defined for same export, using NULL local root signature.
3224:warn:d3d12_device_QueryInterface: {db6f6ddb-ac77-4e88-8253-819df9bbf140} not implemented, returning E_NOINTERFACE.
3224:info:dxgi_vk_swap_chain_init: Creating swapchain (1920 x 1200), BufferCount = 3.
3224:info:dxgi_vk_swap_chain_init_sync_objects: Ensure maximum latency of 3 frames with KHR_present_wait.
3224:info:dxgi_vk_swap_chain_init_sleep_state: Timer interval is 0.5 ms.
18c4:info:vkd3d_pipeline_library_disk_thread_main: Pipeline cache marked dirty. Flush is scheduled.
2edc:warn:d3d12_pipeline_state_init_graphics_create_info: DSV format is DXGI_FORMAT_UNKNOWN.
20f4:info:dxgi_vk_swap_chain_recreate_swapchain_in_present_task: Overriding swapchain present mode to FIFO.
20f4:info:dxgi_vk_swap_chain_recreate_swapchain_in_present_task: Got 3 swapchain images.
20f4:info:dxgi_vk_swap_chain_recreate_swapchain_in_present_task: Overriding swapchain present mode to FIFO.
18c4:info:vkd3d_pipeline_library_disk_thread_main: Flushing disk cache (wakeup counter since last flush = 19). It seems like application has stopped creating new PSOs for the time being.
20f4:info:dxgi_vk_swap_chain_recreate_swapchain_in_present_task: Got 3 swapchain images.
18c4:info:vkd3d_pipeline_library_disk_thread_main: Pipeline cache marked dirty. Flush is scheduled.
18c4:info:vkd3d_pipeline_library_disk_thread_main: Flushing disk cache (wakeup counter since last flush = 6). It seems like application has stopped creating new PSOs for the time being.
18c4:info:vkd3d_pipeline_library_disk_thread_main: Pipeline cache marked dirty. Flush is scheduled.
18c4:info:vkd3d_pipeline_library_disk_thread_main: Flushing disk cache (wakeup counter since last flush = 20). It seems like application has stopped creating new PSOs for the time being.
20b4:warn:d3d12_fence_set_native_sync_handle_on_completion_explicit: Event completion for native sync handle is already in the list.
