probe_hash=E9566E495A4FB5BB0F37B8A2583AB10F573D0F9ECEE2B84D94E264242529E9C3
driver_version=0.7.105.1
installed_sha256=40D7E3790C8168A08B5BF21379EDC49D3B6288B477DBBEFFCED422E64C187008
boot_before=2026-09-24T03:35:18
smu GetGfxFrequency  msg=0x37 param=0 (0x0) ... response=0x01 value=1000 (0x000003E8)
smu GetGfxVid        msg=0x38 param=0 (0x0) ... response=0x01 value=116 (0x00000074)
clock verified: 1000 MHz, VID 116 (request 820 mV)
04:04:59 Tctl 70.5 C (raw 779B0FEF)
client_started=client-a pid=11348 time=2026-09-24T04:04:59.7690581+02:00
client_started=client-b pid=11396 time=2026-09-24T04:04:59.7930783+02:00
overlapping_live_launchers=2
04:05:01 Tctl 70.5 C (raw 779B0FEF)
04:05:03 Tctl 70.5 C (raw 779B0FEF)
04:05:05 Tctl 70.2 C (raw 775B0FEF)
04:05:07 Tctl 70.4 C (raw 777B0FEF)
04:05:09 Tctl 70.4 C (raw 777B0FEF)
04:05:11 Tctl 70.0 C (raw 771B0FEF)
04:05:13 Tctl 70.1 C (raw 773B0FEF)
04:05:15 Tctl 70.4 C (raw 777B0FEF)
client_finished=client-a exit=0
D3DKMTCloseAdapter                 0x00000000  STATUS_SUCCESS
GPU_RESIDENCY_RESULT PASS; physical relocation requires paging trace
client_finished=client-b exit=0
D3DKMTCloseAdapter                 0x00000000  STATUS_SUCCESS
GPU_RESIDENCY_RESULT PASS; physical relocation requires paging trace
boot_after=2026-09-24T03:35:18
concurrent_run_complete
