compile
  Generowanie kodu...
  Trwa kompilowanie...
  Generowanie kodu...
  Generowanie kodu...
  Generowanie kodu...
link
stack budget
bc250kmd.sys: 485 functions with unwind data, largest fixed frame 3992 bytes
  warn    3992 bytes  rva 0x0176D0  GfxPagingBuildUpdate
  warn    2248 bytes  rva 0x0166A0  GfxPagingBuildAperture
  warn    2120 bytes  rva 0x02C440  VidMmCommitPagingAperture
  warn    1240 bytes  rva 0x037C00  WddmSubmitUmdImpl
catalog
  ........................
  Signability test complete.
  Errors:
  None
  Warnings:
  None
  Catalog generation complete.
  P:\BC-250\scratch\build\bc250kmd-07113\package\bc250kmd.cat
sign
  Done Adding Additional Store
  Successfully signed: P:\BC-250\scratch\build\bc250kmd-07113\package\bc250kmd.sys
  Done Adding Additional Store
  Successfully signed: P:\BC-250\scratch\build\bc250kmd-07113\package\bc250kmd.cat
      792  bc250-lab-test.cer
     2407  bc250kmd.cat
     7655  bc250kmd.inf
   340368  bc250kmd.sys
umd package
  bc250kmd.inf generated: 9 lines enabled, 1 commented out, DriverVer = 09/24/2026,0.7.113.1
  .........................
  Signability test complete.
  Errors:
  None
  Warnings:
  None
  Catalog generation complete.
  P:\BC-250\scratch\build\bc250kmd-07113\package-umd\bc250kmd.cat
  Done Adding Additional Store
  Successfully signed: P:\BC-250\scratch\build\bc250kmd-07113\package-umd\bc250kmd.cat
umd package: P:\BC-250\scratch\build\bc250kmd-07113\package-umd
      792  bc250-lab-test.cer
     2839  bc250kmd.cat
     7603  bc250kmd.inf
   340368  bc250kmd.sys
     4096  bc250umd.dll
  17AED863C702EDA8367616663F6953455B9B67E3479E3453A3F2EB01EF47C1D7  package\bc250kmd.sys
  17AED863C702EDA8367616663F6953455B9B67E3479E3453A3F2EB01EF47C1D7  package-umd\bc250kmd.sys
