log          503 lines since this driver load, 0 lost to the wrap, 0 dropped above DISPATCH_LEVEL; ring 1024 lines of which the first 256 are kept; table FULL WDDM (the gate was open at DriverEntry)
     0      0.001 stage 10
     1      0.001 gate: EnableFullWddm 1 (one shot: closed again on disk)
     2      0.001 stage 20
     3      0.070 stage 30
     4      0.072 stage 31
     5      0.072 stage 32
     6      0.072 post display 1920x1200 pitch 7680 format 22 target 2424833
     7      0.074 stage 33
     8      0.074 stage 34
     9      0.074 interrupt resource 1: message, vector 0x80, flags 0x3
    10      0.074 mmio: BAR5 at 0xFE800000 mapped, writes off, dcn writes off, vidpn flip off
    11      0.074 vram: 0x270000000 + 0x200000000, MC 0xF400000000, BAR0 0xC0000000 + 0x10000000, writes allowed
    12      0.074 gart: ready, dummy page at 0x26FFFA000
    13      0.074 psp: ready
    14      0.074 gpumem: ready, doorbells at 0xD0000000
    15      0.074 gfx: ready, GPU submission allowed, paging node allowed
    16      0.074 ih: ready
    17      0.074 wddm: full table started, VRAM identified
    18      0.074 vidmm: segment 1 at physical 0x2708CA000 + 0x1FD736000, host memory below 0x270000000, updates are WRITTEN
    19      0.074 wddm: callbacks sync 1 notify 1 queuedpc 1 notifydpc 1, interface 312 of 312 bytes
    20      0.074 stage 35
    21      0.076 stage 39
    22      0.076 wddm: display QueryChildRelations call 1 detail 0x38 -> 0x00000000
    23      0.076 wddm: DRIVERCAPS into 576 bytes: wddm 8192 sched 0x45 mm 0x60 flip 0x12 slots 0 tdr 1 dflip 1 rot 1
    24      0.076 wddm: QueryAdapterInfo type 1 in 0 out 576 -> 0x00000000
    25      0.076 wddm: QueryAdapterInfo type 15 in 4 out 20 -> 0xC00000BB
    26      0.076 wddm: QueryAdapterInfo type 47 in 0 out 4 -> 0xC00000BB
    27      0.076 wddm: QueryAdapterInfo type 13 in 4 out 24 -> 0x00000000
    28      0.076 wddm: QueryAdapterInfo type 14 in 4 out 20 -> 0x00000000
    29      0.076 wddm: QueryAdapterInfo type 14 in 4 out 20 -> 0x00000000
    30      0.076 wddm: QueryAdapterInfo type 14 in 4 out 20 -> 0x00000000
    31      0.076 wddm: QueryAdapterInfo type 14 in 4 out 20 -> 0x00000000
    32      0.076 wddm: GetNodeMetadata node 0 adapter 0
    33      0.076 wddm: GetNodeMetadata node 1 adapter 0
    34      0.076 wddm: QUERYSEGMENT4 pass 1: 2 segment(s)
    35      0.076 wddm: QUERYSEGMENT4 pass 2: 2 segment(s), stride 104, paging buffer segment 0, 65536 bytes
    36      0.076 wddm: segment 1 flags 0x00080404 gpu 0xF4008CA000 cpu 0x2708CA000 size 0x1FD736000
    37      0.076 wddm: QueryAdapterInfo type 16 in 0 out 4 -> 0xC00000BB
    38      0.076 wddm: CreateProcess flags 0x00000001 pasids 1
    39      0.076 wddm: CreateDevice flags 0x00000001 pasid 0
    40      0.076 wddm: CreateDevice flags 0x00000001 pasid 0
    41      0.076 wddm: CreateContext node 1 engine 0x1 flags 0x00000005 private 0
    42      0.076 wddm: CreateContext answered dma 4096 bytes segment set 0x2, lists 0/0, caps 0x00000001
    43      0.078 wddm: BuildPagingBuffer operation 11 segment 0, 65536 bytes free, pass offset 0
    44      0.078 vidmm: level 0 cpu table 0xFFFF8600B6515000 start 0 count 512 flags 0x3 first raw 0x0 / 0x0
    45      0.078 vidmm:   -> first entry 0x0 (written)
    46      0.078 wddm: BuildPagingBuffer operation 11 segment 0, 65536 bytes free, pass offset 0
    47      0.078 vidmm: level 0 cpu table 0xFFFF8600B6516000 start 0 count 512 flags 0x3 first raw 0x0 / 0x0
    48      0.078 vidmm:   -> first entry 0x0 (written)
    49      0.078 wddm: BuildPagingBuffer operation 11 segment 0, 65536 bytes free, pass offset 0
    50      0.078 vidmm: level 0 cpu table 0xFFFF8600B6517000 start 0 count 512 flags 0x3 first raw 0x0 / 0x0
    51      0.078 vidmm:   -> first entry 0x0 (written)
    52      0.078 wddm: BuildPagingBuffer operation 11 segment 0, 65536 bytes free, pass offset 0
    53      0.078 vidmm: level 0 cpu table 0xFFFF8600B6518000 start 0 count 512 flags 0x3 first raw 0x0 / 0x0
    54      0.078 vidmm:   -> first entry 0x0 (written)
    55      0.078 vidmm: level 0 cpu table 0xFFFF8600B6519000 start 0 count 512 flags 0x3 first raw 0x0 / 0x0
    56      0.078 vidmm:   -> first entry 0x0 (written)
    57      0.078 vidmm: level 0 cpu table 0xFFFF8600B651A000 start 0 count 512 flags 0x3 first raw 0x0 / 0x0
    58      0.078 vidmm:   -> first entry 0x0 (written)
    59      0.078 vidmm: level 0 cpu table 0xFFFF8600B651B000 start 0 count 512 flags 0x3 first raw 0x0 / 0x0
    60      0.078 vidmm:   -> first entry 0x0 (written)
    61      0.078 vidmm: level 0 cpu table 0xFFFF8600B651C000 start 0 count 512 flags 0x3 first raw 0x0 / 0x0
    62      0.078 vidmm:   -> first entry 0x0 (written)
    63      0.107 vidmm: first valid entry of segment 1: level 1 raw 0x21 / 0x3 -> 0x2708CD001 rc 0
    64      0.109 wddm: SetRootPageTable segment 1 offset 0x0, 512 entries
    65      0.109 vidmm: root page table 1:0x0 = physical 0x2708CA000, 512 entries (the VMID is pointed at it by the first packet)
    66      0.109 wddm: display QueryDeviceDescriptor call 1 detail 0x250001 -> 0xC01D0001
    67      0.109 wddm: display QueryDeviceDescriptor call 2 detail 0x250001 -> 0xC01D0001
    68      0.109 wddm: display RecommendMonitorModes call 1 detail 0x0 -> 0x00000000
    69      0.111 wddm: display IsSupportedVidPn call 1 detail 0x0 -> 0x00000000
    70      0.111 wddm: display IsSupportedVidPn call 2 detail 0x0 -> 0x00000000
    71      0.112 wddm: display IsSupportedVidPn call 3 detail 0x0 -> 0x00000000
    72      0.112 wddm: display EnumVidPnCofuncModality call 1 detail 0x0 -> 0x00000000
    73      0.112 wddm: display IsSupportedVidPn call 4 detail 0x0 -> 0x00000000
    74      0.112 wddm: display EnumVidPnCofuncModality call 2 detail 0x0 -> 0x00000000
    75      0.112 wddm: display IsSupportedVidPn call 5 detail 0x0 -> 0x00000000
    76      0.112 wddm: display EnumVidPnCofuncModality call 3 detail 0x0 -> 0x00000000
    77      0.112 wddm: display IsSupportedVidPn call 6 detail 0x0 -> 0x00000000
    78      0.112 wddm: display EnumVidPnCofuncModality call 4 detail 0x0 -> 0x00000000
    79      0.112 wddm: display EnumVidPnCofuncModality call 5 detail 0x0 -> 0x00000000
    80      0.112 wddm: CreateProcess flags 0x00000002 pasids 1
    81      0.112 wddm: CreateDevice flags 0x00000002 pasid 0
    82      0.112 wddm: CreateContext node 0 engine 0x1 flags 0x00000006 private 0
    83      0.112 wddm: CreateContext answered dma 4096 bytes segment set 0x2, lists 256/0, caps 0x00000001
    84      0.113 vidmm: level 0 table 1: 0x1FD732000 start 0 count 16 flags 0x3 first raw 0x0 / 0x0
    85      0.113 vidmm:   -> first entry 0x0 (written)
    86      0.113 vidmm: level 0 table 1: 0x1FD732000 start 17 count 495 flags 0x3 first raw 0x0 / 0x0
    87      0.113 vidmm:   -> first entry 0x0 (written)
    88      0.113 vidmm: level 0 table 1: 0x1FD732000 start 16 count 1 flags 0x2 first raw 0x1 / 0x2284D8
    89      0.113 vidmm: first valid entry of segment 0: level 0 raw 0x1 / 0x2284D8 -> 0x2284D8073 rc 0
    90      0.113 vidmm:   -> first entry 0x2284D8073 (written)
    91      0.113 vidmm: level 1 table 1: 0x1FD733000 start 0 count 512 flags 0x2 first raw 0x21 / 0x1FD732
    92      0.113 vidmm:   -> first entry 0x46DFFC001 (written)
    93      0.113 vidmm: level 2 table 1: 0x1FD734000 start 0 count 512 flags 0x2 first raw 0x21 / 0x1FD733
    94      0.113 vidmm:   -> first entry 0x46DFFD001 (written)
    95      0.113 vidmm: level 3 table 1: 0x1FD735000 start 0 count 512 flags 0x2 first raw 0x21 / 0x1FD734
    96      0.113 vidmm:   -> first entry 0x46DFFE001 (written)
    97      0.113 wddm: BuildPagingBuffer operation 12 segment 0, 65536 bytes free, pass offset 0
    98      0.113 vidmm: level 0 table 1: 0x1FD732000 start 17 count 1 flags 0x0 first raw 0x1 / 0x21A5E0
    99      0.113 vidmm:   -> first entry 0x21A5E0073 (written)
   100      0.113 wddm: BuildPagingBuffer operation 12 segment 0, 65536 bytes free, pass offset 0
   101      0.113 wddm: display EnumVidPnCofuncModality call 6 detail 0x0 -> 0x00000000
   102      0.113 wddm: GetStandardAllocationDriverData type 1 1920x1200 format 21 -> 9216000 bytes
   103      0.113 wddm: GetStandardAllocationDriverData type 1 1920x1200 format 21 -> 9216000 bytes
   104      0.113 wddm: CreateAllocation 1 allocations, resource no
   105      0.113 wddm: OpenAllocation [0] handle 0x40000CC0 private 32 bytes -> FFFF9A01082F1040 (GetHandleData said 0000000000000000)
   106      0.113 wddm: OpenAllocation 1 allocations flags 0x00000001
   107      0.113 vidmm: level 0 table 1: 0x4000 start 0 count 512 flags 0x0 first raw 0x21 / 0x204
   108      0.113 vidmm:   -> first entry 0x270ACE071 (written)
   109      0.114 wddm: BuildPagingBuffer operation 12 segment 0, 65536 bytes free, pass offset 0
   110      0.114 wddm: BuildPagingBuffer operation 9 segment 0, 65536 bytes free, pass offset 0
   111      0.114 wddm: BuildPagingBuffer operation 12 segment 0, 65536 bytes free, pass offset 0
   112      0.114 wddm: DescribeAllocation 1920x1200 format 21
   113      0.114 wddm: GetStandardAllocationDriverData type 2 1920x1200 format 21 -> 9216000 bytes
   114      0.114 wddm: GetStandardAllocationDriverData type 2 1920x1200 format 21 -> 9216000 bytes
   115      0.114 wddm: CreateAllocation 1 allocations, resource no
   116      0.114 wddm: OpenAllocation [0] handle 0x40000D40 private 32 bytes -> FFFF9A01082F0C50 (GetHandleData said 0000000000000000)
   117      0.114 wddm: OpenAllocation 1 allocations flags 0x00000001
   118      0.115 wddm: BuildPagingBuffer operation 9 segment 0, 65536 bytes free, pass offset 0
   119      0.116 stage 50
   120      0.116 wddm: display CommitVidPn call 1 detail 0x0 -> 0x00000000
   121      0.117 wddm: DescribeAllocation 1920x1200 format 21
   122      0.117 wddm: SetVidPnSourceAddress segment 1 address 0xF400ACE000 flags 0x00000001 (firmware framebuffer 0xC0000000)
   123      0.117 wddm: software vsync on, 16 ms period, target 2424833
   124      0.117 wddm: display SetVidPnSourceVisibility call 1 detail 0x0 -> 0x00000000
   125      0.117 wddm: DescribeAllocation 1920x1200 format 21
   126      0.339 wddm: ControlInterrupt type 3 on -> 0x00000000
   127      0.341 wddm: ControlInterrupt type 3 off -> 0x00000000
   128      0.349 wddm: ControlInterrupt type 3 on -> 0x00000000
   129      0.357 wddm: ControlInterrupt type 3 off -> 0x00000000
   130      0.357 wddm: ControlInterrupt type 3 on -> 0x00000000
   131      0.375 wddm: ControlInterrupt type 3 off -> 0x00000000
   132      0.375 wddm: ControlInterrupt type 3 on -> 0x00000000
   133      0.390 wddm: ControlInterrupt type 3 off -> 0x00000000
   134      3.369 wddm: Present flags 0x00000001 source 0 dest 0, 1 sub-rectangles, 4096 DMA bytes free
   135      3.369 wddm: Present list FFFFFA80EA7DABB0 (context list 256), private 0000000000000000/0, driver data 0
   136      3.369 wddm: Present list q0-3  0000000000000000 0000000000000000 0000000000000000 0000000000000000
   137      3.369 wddm: Present list q4-7  FFFF9A01082F0C50 00000000008DC000 0000000000000000 0000000000000000
   138      3.369 wddm: Present list q8-11 FFFF9A01082F1040 0000000000012000 0000000000000000 0000000000000000
   139      3.369 wddm: Present dst (0,0)-(1920,1200) src (0,0)-(1920,1200) va 0x11000
   140      3.369 wddm: blit skipped: context has no root
   141      3.369 wddm: SetRootPageTable segment 1 offset 0x1FD735000, 512 entries
   142      3.369 vidmm: root page table 1:0x1FD735000 = physical 0x46DFFF000, 512 entries (the VMID is pointed at it by the first packet)
   143      3.369 wddm: SubmitCommandVirtual fence 1 node 0 flags 0x00000002 va 0x11000 size 0
   144      3.385 wddm: Present flags 0x00000001 source 0 dest 0, 1 sub-rectangles, 4096 DMA bytes free
   145      3.385 wddm: Present list FFFFFA80EA7DABB0 (context list 256), private 0000000000000000/0, driver data 0
   146      3.385 wddm: Present list q0-3  0000000000000000 0000000000000000 0000000000000000 0000000000000000
   147      3.385 wddm: Present list q4-7  FFFF9A01082F0C50 00000000008DC000 0000000000000000 0000000000000000
   148      3.385 wddm: Present list q8-11 FFFF9A01082F1040 0000000000012000 0000000000000000 0000000000000000
   149      3.385 wddm: Present dst (0,0)-(1920,1200) src (0,0)-(1920,1200) va 0x10000
   150      3.385 wddm: blit source (reading 3) FFFF9A01082F0C50 1920x1200 pitch 7680 format 21 size 0x8CA000 va 0x8DC000 -> 0x271398000 .. 0x271C61FFF
   151      3.385 wddm: blit 1 rectangles, 48 rows copied, destination POST framebuffer
   152      3.385 wddm: SubmitCommandVirtual fence 2 node 0 flags 0x00000002 va 0x10000 size 0
   153      3.401 wddm: Present flags 0x00000001 source 0 dest 0, 2 sub-rectangles, 4096 DMA bytes free
   154      3.401 wddm: Present list FFFFFA80EA7DABB0 (context list 256), private 0000000000000000/0, driver data 0
   155      3.401 wddm: Present list q0-3  0000000000000000 0000000000000000 0000000000000000 0000000000000000
   156      3.401 wddm: Present list q4-7  FFFF9A01082F0C50 00000000008DC000 0000000000000000 0000000000000000
   157      3.401 wddm: Present list q8-11 FFFF9A01082F1040 0000000000012000 0000000000000000 0000000000000000
   158      3.401 wddm: Present dst (0,0)-(1920,1200) src (0,0)-(1920,1200) va 0x11000
   159      3.401 wddm: blit source (reading 3) FFFF9A01082F0C50 1920x1200 pitch 7680 format 21 size 0x8CA000 va 0x8DC000 -> 0x271398000 .. 0x271C61FFF
   160      3.401 wddm: blit 2 rectangles, 96 rows copied, destination POST framebuffer
   161      3.401 wddm: SubmitCommandVirtual fence 3 node 0 flags 0x00000002 va 0x11000 size 0
   162      3.419 wddm: Present flags 0x00000001 source 0 dest 0, 4 sub-rectangles, 4096 DMA bytes free
   163      3.419 wddm: Present list FFFFFA80EA7DABB0 (context list 256), private 0000000000000000/0, driver data 0
   164      3.419 wddm: Present list q0-3  0000000000000000 0000000000000000 0000000000000000 0000000000000000
   165      3.419 wddm: Present list q4-7  FFFF9A01082F0C50 00000000008DC000 0000000000000000 0000000000000000
   166      3.419 wddm: Present list q8-11 FFFF9A01082F1040 0000000000012000 0000000000000000 0000000000000000
   167      3.419 wddm: Present dst (0,0)-(1920,1200) src (0,0)-(1920,1200) va 0x10000
   168      3.419 wddm: blit source (reading 3) FFFF9A01082F0C50 1920x1200 pitch 7680 format 21 size 0x8CA000 va 0x8DC000 -> 0x271398000 .. 0x271C61FFF
   169      3.419 wddm: blit 4 rectangles, 128 rows copied, destination POST framebuffer
   170      3.419 wddm: SubmitCommandVirtual fence 4 node 0 flags 0x00000002 va 0x10000 size 0
   171      6.596 wddm: Present flags 0x00000001 source 0 dest 0, 1 sub-rectangles, 4096 DMA bytes free
   172      6.596 wddm: Present list FFFFFA80EA7DABB0 (context list 256), private 0000000000000000/0, driver data 0
   173      6.596 wddm: Present list q0-3  0000000000000000 0000000000000000 0000000000000000 0000000000000000
   174      6.596 wddm: Present list q4-7  FFFF9A01082F0C50 00000000008DC000 0000000000000000 0000000000000000
   175      6.596 wddm: Present list q8-11 FFFF9A01082F1040 0000000000012000 0000000000000000 0000000000000000
   176      6.596 wddm: Present dst (0,0)-(1920,1200) src (0,0)-(1920,1200) va 0x11000
   177      6.596 wddm: blit source (reading 3) FFFF9A01082F0C50 1920x1200 pitch 7680 format 21 size 0x8CA000 va 0x8DC000 -> 0x271398000 .. 0x271C61FFF
   178      6.612 wddm: blit 1 rectangles, 525 rows copied, destination POST framebuffer
   179      6.612 wddm: SubmitCommandVirtual fence 5 node 0 flags 0x00000002 va 0x11000 size 0
   180      6.618 wddm: Present flags 0x00000001 source 0 dest 0, 5 sub-rectangles, 4096 DMA bytes free
   181      6.618 wddm: Present list FFFFFA80EA7DABB0 (context list 256), private 0000000000000000/0, driver data 0
   182      6.618 wddm: Present list q0-3  0000000000000000 0000000000000000 0000000000000000 0000000000000000
   183      6.618 wddm: Present list q4-7  FFFF9A01082F0C50 00000000008DC000 0000000000000000 0000000000000000
   184      6.618 wddm: Present list q8-11 FFFF9A01082F1040 0000000000012000 0000000000000000 0000000000000000
   185      6.618 wddm: Present dst (0,0)-(1920,1200) src (0,0)-(1920,1200) va 0x10000
   186      6.618 wddm: blit source (reading 3) FFFF9A01082F0C50 1920x1200 pitch 7680 format 21 size 0x8CA000 va 0x8DC000 -> 0x271398000 .. 0x271C61FFF
   187      6.618 wddm: blit 5 rectangles, 104 rows copied, destination POST framebuffer
   188      6.618 wddm: SubmitCommandVirtual fence 6 node 0 flags 0x00000002 va 0x10000 size 0
   189      6.618 wddm: Present flags 0x00000001 source 0 dest 0, 2 sub-rectangles, 4096 DMA bytes free
   190      6.618 wddm: Present list FFFFFA80EA7DABB0 (context list 256), private 0000000000000000/0, driver data 0
   191      6.618 wddm: Present list q0-3  0000000000000000 0000000000000000 0000000000000000 0000000000000000
   192      6.618 wddm: Present list q4-7  FFFF9A01082F0C50 00000000008DC000 0000000000000000 0000000000000000
   193      6.618 wddm: Present list q8-11 FFFF9A01082F1040 0000000000012000 0000000000000000 0000000000000000
   194      6.618 wddm: Present dst (0,0)-(1920,1200) src (0,0)-(1920,1200) va 0x11000
   195      6.618 wddm: blit source (reading 3) FFFF9A01082F0C50 1920x1200 pitch 7680 format 21 size 0x8CA000 va 0x8DC000 -> 0x271398000 .. 0x271C61FFF
   196      6.618 wddm: blit 2 rectangles, 80 rows copied, destination POST framebuffer
   197      6.618 wddm: SubmitCommandVirtual fence 7 node 0 flags 0x00000002 va 0x11000 size 0
   198      6.634 wddm: Present flags 0x00000001 source 0 dest 0, 3 sub-rectangles, 4096 DMA bytes free
   199      6.634 wddm: Present list FFFFFA80EA7DABB0 (context list 256), private 0000000000000000/0, driver data 0
   200      6.634 wddm: Present list q0-3  0000000000000000 0000000000000000 0000000000000000 0000000000000000
   201      6.634 wddm: Present list q4-7  FFFF9A01082F0C50 00000000008DC000 0000000000000000 0000000000000000
   202      6.634 wddm: Present list q8-11 FFFF9A01082F1040 0000000000012000 0000000000000000 0000000000000000
   203      6.634 wddm: Present dst (0,0)-(1920,1200) src (0,0)-(1920,1200) va 0x10000
   204      6.634 wddm: blit source (reading 3) FFFF9A01082F0C50 1920x1200 pitch 7680 format 21 size 0x8CA000 va 0x8DC000 -> 0x271398000 .. 0x271C61FFF
   205      6.634 wddm: blit 3 rectangles, 144 rows copied, destination POST framebuffer
   206      6.634 wddm: SubmitCommandVirtual fence 8 node 0 flags 0x00000002 va 0x10000 size 0
   207     23.174 gart: op 1 -> 0x00000000 (-), result 0, 285 writes, fault offset 0x00000
   208     27.716 amdgpu[0]: reserve 0x400000 from 0xf5ff800000 for PSP TMR

   209     27.716 psp: command 1 (id 5, type 0, 4194304 bytes): rc 0, status 0x0, 261 us, in TMR at 0x0
   210     27.718 psp: command 2 (id 6, type 9, 33536 bytes): rc 0, status 0x0, 1957 us, in TMR at 0x0
   211     27.720 psp: command 3 (id 6, type 10, 33536 bytes): rc 0, status 0x0, 1906 us, in TMR at 0x0
   212     27.726 psp: command 4 (id 6, type 3, 263040 bytes): rc 0, status 0x0, 5879 us, in TMR at 0xF5FF842000
   213     27.732 psp: command 5 (id 6, type 2, 263168 bytes): rc 0, status 0x0, 5923 us, in TMR at 0xF5FF883000
   214     27.736 psp: command 6 (id 6, type 1, 263168 bytes): rc 0, status 0x0, 5904 us, in TMR at 0xF5FF8C4000
   215     27.742 psp: command 7 (id 6, type 4, 267440 bytes): rc 0, status 0x0, 6004 us, in TMR at 0xF5FF800000
   216     27.744 psp: command 8 (id 6, type 5, 896 bytes): rc 0, status 0x0, 130 us, in TMR at 0x0
   217     27.750 psp: command 9 (id 6, type 4, 267440 bytes): rc 0, status 0x0, 5960 us, in TMR at 0xF5FF800000
   218     27.750 psp: command 10 (id 6, type 6, 896 bytes): rc 0, status 0x0, 130 us, in TMR at 0x0
   219     27.750 psp: command 11 (id 6, type 8, 25088 bytes): rc 0, status 0x0, 1737 us, in TMR at 0x0
   220     27.750 psp: op 1 -> 0x00000000, result 0, 15 writes, 11 of 11 commands
   221     31.295 ih: init: rc 0, 21 writes
   222     31.295 ih: op 1 -> 0x00000000, result 0, 21 writes; 0 interrupt routine calls, 0 ours, 0 DPCs, 0 vectors; status idle 1 input_idle 1 bif_interrupt_line 0
   223     34.802 gfx: stage 1 (doorbell aperture): rc 0, 70 writes so far, 1 us
   224     34.802 gfx: op 1 to stage 1 -> 0x00000000, result 0, 70 writes, 0 doorbells
   225     38.485 gfx: stage 2 (golden registers): rc 0, 34 writes so far, 26 us
   226     38.485 gfx: op 1 to stage 2 -> 0x00000000, result 0, 34 writes, 0 doorbells
   227     42.128 gfx: stage 3 (GRBM CAM probe): rc 0, 3 writes so far, 3 us
   228     42.128 gfx: op 1 to stage 3 -> 0x00000000, result 0, 3 writes, 0 doorbells
   229     45.595 gfx: stage 4 (constants): rc 0, 157 writes so far, 59 us
   230     45.595 gfx: op 1 to stage 4 -> 0x00000000, result 0, 157 writes, 0 doorbells
   231     49.334 gfx: stage 5 (RLC): rc 0, 8 writes so far, 134 us
   232     49.334 gfx: op 1 to stage 5 -> 0x00000000, result 0, 8 writes, 0 doorbells
   233     52.997 gfx: stage 6 (CP): rc 0, 62 writes so far, 342 us
   234     52.997 gfx: op 1 to stage 6 -> 0x00000000, result 0, 62 writes, 14 doorbells
   235     56.579 gfx: stage 7 (SDMA): rc 0, 93 writes so far, 190 us
   236     56.579 gfx: op 1 to stage 7 -> 0x00000000, result 0, 93 writes, 2 doorbells
   237     60.362 gfx: stage 8 (interrupt sources): rc 0, 35 writes so far, 24 us
   238     60.362 gfx: paging node ready, SDMA0 ring at doorbell 0x200, shadow 65536 bytes
   239     60.362 gfx: op 1 to stage 8 -> 0x00000000, result 0, 38 writes, 0 doorbells
   240     63.973 ih: op 3 -> 0x00000000, result 0, 0 writes; 0 interrupt routine calls, 0 ours, 300 DPCs, 0 vectors; status idle 1 input_idle 1 bif_interrupt_line 0
   241     66.219 gfx: fence ring 0 x2 int 1 -> 0x00000000, result 0, 2 completed, last 0x2/0x2, 23 us
   242     69.760 ih: op 3 -> 0x00000000, result 0, 0 writes; 1 interrupt routine calls, 1 ours, 348 DPCs, 2 vectors; status idle 1 input_idle 1 bif_interrupt_line 0
   243     70.472 wddm summary: ---- DDI calls: name, count, first log line ----
   244     70.472 wddm summary: QueryAdapterInfo                   12  first at 24
   245     70.472 wddm summary: GetNodeMetadata                     2  first at 32
   246     70.472 wddm summary: CreateDevice                        3  first at 39
   247     70.472 wddm summary: CreateContext                       2  first at 41
   248     70.472 wddm summary: CreateProcess                       2  first at 38
   249     70.472 wddm summary: SetRootPageTable                    2  first at 64
   250     70.472 wddm summary: CreateAllocation                    2  first at 104
   251     70.472 wddm summary: DescribeAllocation                  3  first at 112
   252     70.472 wddm summary: GetStandardAllocationDriverData      4  first at 102
   253     70.472 wddm summary: OpenAllocation                      2  first at 106
   254     70.472 wddm summary: BuildPagingBuffer                1079  first at 43
   255     70.472 wddm summary: SubmitCommandVirtual               80  first at 143
   256     70.472 wddm summary: Present                            80  first at 134
   257     70.472 wddm summary: SetVidPnSourceAddress               1  first at 122
   258     70.472 wddm summary: ControlInterrupt                  959  first at 126
   259     70.472 wddm summary: ---- QueryAdapterInfo types: type, count, first log line ----
   260     70.472 wddm summary: adapter info type   1       1  first at 24
   261     70.472 wddm summary: adapter info type  15       1  first at 25
   262     70.472 wddm summary: adapter info type  47       1  first at 26
   263     70.472 wddm summary: adapter info type  13       1  first at 27
   264     70.472 wddm summary: adapter info type  14       4  first at 28
   265     70.472 wddm summary: adapter info type  11       2  first at 35
   266     70.472 wddm summary: adapter info type  10       1  first at 37
   267     70.472 wddm summary: adapter info type  16       1  first at 37
   268     70.472 wddm summary: ---- BuildPagingBuffer operations: operation, count, first log line ----
   269     70.472 wddm summary: paging operation  11    1069  first at 43
   270     70.472 wddm summary: paging operation  12       8  first at 97
   271     70.472 wddm summary: paging operation   9       2  first at 110
   272     70.472 wddm summary: objects created/destroyed: dev 3/0 ctx 2/0 proc 2/0 alloc 2/0, 11 alive
   273     70.472 wddm summary: allocations opened/closed: 2/0 calls
   274     70.472 wddm summary: submissions 0 physical + 80 virtual, 0 preemptions, last completed fence 80
   275     70.472 wddm summary: node 0 hardware: 0 submitted, 0 completed, 0 timeouts, 0 refused
   276     70.472 wddm summary: node 1 (paging, open): 0 hardware submitted, 0 completed, 0 timeouts, 0 refused
   277     70.472 wddm summary: SubmitCommandVirtual by node: 0: 80, 1: 0 (0 named no buffer, 0 clamped), shadow holds buffer 0x0 to 0x0
   278     70.472 wddm summary: paging buffer switches with packets still live: 0 (0 means one buffer at a time, which is what the single shadow assumes)
   279     70.472 wddm summary: BuildPagingBuffer: 0 transfers, 0 fills, 0 bytes, 0 insufficient-buffer, unsupported (not ready/no root/no translation/system memory/not contiguo
   280     70.472 wddm summary: presents 80, flips 1 of 1 address calls (0 arrived above DISPATCH_LEVEL)
   281     70.472 wddm summary: blit gate open, 79 blits, 1 skips, 79 sources translated contiguous
   282     70.472 wddm summary: blit destination: 0 to the flipped surface, 79 to the POST framebuffer (0 a failed-mapping fallback), 0 scanout remaps (0 failed)
   283     70.472 wddm summary: vsync enabled, 4397 ticks, 479 reported to dxgkrnl
   284     70.472 wddm summary: vidpn flip closed: 0 hardware flips, 0 refused, 0 hardware vsyncs armed 0 acked 0 refused 0 deferred (flip still pending)
   285     70.472 wddm summary: no TDR (ResetEngine, ResetFromTimeout and RestartFromTimeout were never called)
   286     70.472 wddm summary: CollectDbgInfo called 0 time(s) since the driver was loaded
   287     70.472 vidmm summary: level 0: 1060 calls, 277051 entries, 9514 valid
   288     70.472 vidmm summary: level 1: 5 calls, 1544 entries, 521 valid
   289     70.472 vidmm summary: level 2: 2 calls, 1024 entries, 3 valid
   290     70.472 vidmm summary: level 3: 2 calls, 1024 entries, 2 valid
   291     70.472 vidmm summary: segment 0 named by 2 valid entries
   292     70.472 vidmm summary: segment 1 named by 10038 valid entries
   293     70.472 vidmm summary: 1028 cpu-virtual calls, 41 gpu-physical calls
   294     70.472 vidmm summary: 280643 entries written (EnableGpuVa open), 0 refused, 0 bad calls, 2 roots
   295     71.049 wddm: CreateProcess flags 0x00000000 pasids 1
   296     71.049 wddm: CreateDevice flags 0x00000000 pasid 0
   297     71.049 wddm: CreateAllocation 1 allocations, resource no
   298     71.049 wddm: OpenAllocation [0] handle 0x40000180 private 32 bytes -> FFFF9A0107FE26A0 (GetHandleData said 0000000000000000)
   299     71.049 wddm: OpenAllocation 1 allocations flags 0x00000001
   300     71.055 wddm: BuildPagingBuffer operation 9 segment 0, 65536 bytes free, pass offset 0
   301     71.105 gfx: paging fill 67108864 bytes at 0x0 -> 0x271C62000 physical, 80 dwords at shadow offset 0x0
   302     71.105 wddm: SubmitCommandVirtual fence 1 node 1 flags 0x00000001 va 0x0 size 320
   303     71.105 wddm: node 1 submission at va 0x0, 320 bytes: no paging buffer this driver wrote to contains it - completed in software
   304     81.134 wddm: CloseAllocation 1 allocations
   305     81.134 wddm: DestroyAllocation 1 allocations
   306     81.134 wddm: DestroyDevice
   307     81.134 wddm: DestroyProcess
   308     81.676 wddm summary: ---- DDI calls: name, count, first log line ----
   309     81.676 wddm summary: QueryAdapterInfo                   12  first at 24
   310     81.676 wddm summary: GetNodeMetadata                     2  first at 32
   311     81.676 wddm summary: CreateDevice                        4  first at 39
   312     81.676 wddm summary: DestroyDevice                       1  first at 306
   313     81.676 wddm summary: CreateContext                       2  first at 41
   314     81.676 wddm summary: CreateProcess                       3  first at 38
   315     81.676 wddm summary: DestroyProcess                      1  first at 307
   316     81.676 wddm summary: SetRootPageTable                    2  first at 64
   317     81.676 wddm summary: CreateAllocation                    3  first at 104
   318     81.676 wddm summary: DestroyAllocation                   1  first at 305
   319     81.676 wddm summary: DescribeAllocation                  3  first at 112
   320     81.676 wddm summary: GetStandardAllocationDriverData      4  first at 102
   321     81.676 wddm summary: OpenAllocation                      3  first at 106
   322     81.676 wddm summary: CloseAllocation                     1  first at 304
   323     81.676 wddm summary: BuildPagingBuffer                1186  first at 43
   324     81.676 wddm summary: SubmitCommandVirtual               89  first at 143
   325     81.676 wddm summary: Present                            88  first at 134
   326     81.676 wddm summary: SetVidPnSourceAddress               1  first at 122
   327     81.676 wddm summary: ControlInterrupt                 1090  first at 126
   328     81.676 wddm summary: ---- QueryAdapterInfo types: type, count, first log line ----
   329     81.676 wddm summary: adapter info type   1       1  first at 24
   330     81.676 wddm summary: adapter info type  15       1  first at 25
   331     81.676 wddm summary: adapter info type  47       1  first at 26
   332     81.676 wddm summary: adapter info type  13       1  first at 27
   333     81.676 wddm summary: adapter info type  14       4  first at 28
   334     81.676 wddm summary: adapter info type  11       2  first at 35
   335     81.676 wddm summary: adapter info type  10       1  first at 37
   336     81.676 wddm summary: adapter info type  16       1  first at 37
   337     81.676 wddm summary: ---- BuildPagingBuffer operations: operation, count, first log line ----
   338     81.676 wddm summary: paging operation  11    1171  first at 43
   339     81.676 wddm summary: paging operation  12      12  first at 97
   340     81.676 wddm summary: paging operation   9       3  first at 110
   341     81.676 wddm summary: objects created/destroyed: dev 4/1 ctx 2/0 proc 3/1 alloc 3/1, 11 alive
   342     81.676 wddm summary: allocations opened/closed: 3/1 calls
   343     81.676 wddm summary: submissions 0 physical + 89 virtual, 0 preemptions, last completed fence 88
   344     81.676 wddm summary: node 0 hardware: 0 submitted, 0 completed, 0 timeouts, 0 refused
   345     81.676 wddm summary: node 1 (paging, open): 0 hardware submitted, 0 completed, 0 timeouts, 0 refused
   346     81.676 wddm summary: SubmitCommandVirtual by node: 0: 88, 1: 1 (1 named no buffer, 0 clamped), shadow holds buffer 0x0 to 0x0
   347     81.676 wddm summary: paging buffer switches with packets still live: 0 (0 means one buffer at a time, which is what the single shadow assumes)
   348     81.676 wddm summary: BuildPagingBuffer: 0 transfers, 1 fills, 67108864 bytes, 0 insufficient-buffer, unsupported (not ready/no root/no translation/system memory/not c
   349     81.676 wddm summary: presents 88, flips 1 of 1 address calls (0 arrived above DISPATCH_LEVEL)
   350     81.676 wddm summary: blit gate open, 87 blits, 1 skips, 87 sources translated contiguous
   351     81.676 wddm summary: blit destination: 0 to the flipped surface, 87 to the POST framebuffer (0 a failed-mapping fallback), 0 scanout remaps (0 failed)
   352     81.676 wddm summary: vsync not enabled by ControlInterrupt, 5097 ticks, 545 reported to dxgkrnl
   353     81.676 wddm summary: vidpn flip closed: 0 hardware flips, 0 refused, 0 hardware vsyncs armed 0 acked 0 refused 0 deferred (flip still pending)
   354     81.676 wddm summary: no TDR (ResetEngine, ResetFromTimeout and RestartFromTimeout were never called)
   355     81.676 wddm summary: CollectDbgInfo called 0 time(s) since the driver was loaded
   356     81.676 vidmm summary: level 0: 1156 calls, 326203 entries, 42282 valid
   357     81.676 vidmm summary: level 1: 7 calls, 2088 entries, 553 valid
   358     81.676 vidmm summary: level 2: 4 calls, 1537 entries, 4 valid
   359     81.676 vidmm summary: level 3: 4 calls, 1537 entries, 3 valid
   360     81.676 vidmm summary: segment 0 named by 2 valid entries
   361     81.676 vidmm summary: segment 1 named by 42840 valid entries
   362     81.676 vidmm summary: 1028 cpu-virtual calls, 143 gpu-physical calls
   363     81.676 vidmm summary: 331365 entries written (EnableGpuVa open), 0 refused, 0 bad calls, 2 roots
   364     86.702 wddm: CreateProcess flags 0x00000000 pasids 1
   365     86.702 wddm: CreateDevice flags 0x00000000 pasid 0
   366     86.702 wddm: CreateAllocation 1 allocations, resource no
   367     86.702 wddm: OpenAllocation [0] handle 0x40000180 private 32 bytes -> FFFF9A010844A170 (GetHandleData said 0000000000000000)
   368     86.702 wddm: OpenAllocation 1 allocations flags 0x00000001
   369     86.716 wddm: BuildPagingBuffer operation 9 segment 0, 65216 bytes free, pass offset 0
   370     86.913 gfx: paging fill 268435456 bytes at 0x0 -> 0x271C62000 physical, 320 dwords at shadow offset 0x140
   371     86.917 wddm: SubmitCommandVirtual fence 2 node 1 flags 0x00000001 va 0x140 size 1280
   372     86.917 wddm: node 1 submission at va 0x140, 1280 bytes: no paging buffer this driver wrote to contains it - completed in software
   373     96.993 wddm: CloseAllocation 1 allocations
   374     96.993 wddm: DestroyAllocation 1 allocations
   375     96.993 wddm: DestroyDevice
   376     96.993 wddm: DestroyProcess
   377     97.558 wddm summary: ---- DDI calls: name, count, first log line ----
   378     97.558 wddm summary: QueryAdapterInfo                   12  first at 24
   379     97.558 wddm summary: GetNodeMetadata                     2  first at 32
   380     97.558 wddm summary: CreateDevice                        5  first at 39
   381     97.558 wddm summary: DestroyDevice                       2  first at 306
   382     97.558 wddm summary: CreateContext                       2  first at 41
   383     97.558 wddm summary: CreateProcess                       4  first at 38
   384     97.558 wddm summary: DestroyProcess                      2  first at 307
   385     97.558 wddm summary: SetRootPageTable                    2  first at 64
   386     97.558 wddm summary: CreateAllocation                    4  first at 104
   387     97.558 wddm summary: DestroyAllocation                   2  first at 305
   388     97.558 wddm summary: DescribeAllocation                  3  first at 112
   389     97.558 wddm summary: GetStandardAllocationDriverData      4  first at 102
   390     97.558 wddm summary: OpenAllocation                      4  first at 106
   391     97.558 wddm summary: CloseAllocation                     2  first at 304
   392     97.558 wddm summary: BuildPagingBuffer                1581  first at 43
   393     97.558 wddm summary: SubmitCommandVirtual              110  first at 143
   394     97.558 wddm summary: Present                           108  first at 134
   395     97.558 wddm summary: SetVidPnSourceAddress               1  first at 122
   396     97.558 wddm summary: ControlInterrupt                 1288  first at 126
   397     97.558 wddm summary: ---- QueryAdapterInfo types: type, count, first log line ----
   398     97.558 wddm summary: adapter info type   1       1  first at 24
   399     97.558 wddm summary: adapter info type  15       1  first at 25
   400     97.558 wddm summary: adapter info type  47       1  first at 26
   401     97.558 wddm summary: adapter info type  13       1  first at 27
   402     97.558 wddm summary: adapter info type  14       4  first at 28
   403     97.558 wddm summary: adapter info type  11       2  first at 35
   404     97.558 wddm summary: adapter info type  10       1  first at 37
   405     97.558 wddm summary: adapter info type  16       1  first at 37
   406     97.558 wddm summary: ---- BuildPagingBuffer operations: operation, count, first log line ----
   407     97.558 wddm summary: paging operation  11    1561  first at 43
   408     97.558 wddm summary: paging operation  12      16  first at 97
   409     97.558 wddm summary: paging operation   9       4  first at 110
   410     97.558 wddm summary: objects created/destroyed: dev 5/2 ctx 2/0 proc 4/2 alloc 4/2, 11 alive
   411     97.558 wddm summary: allocations opened/closed: 4/2 calls
   412     97.558 wddm summary: submissions 0 physical + 110 virtual, 0 preemptions, last completed fence 108
   413     97.558 wddm summary: node 0 hardware: 0 submitted, 0 completed, 0 timeouts, 0 refused
   414     97.558 wddm summary: node 1 (paging, open): 0 hardware submitted, 0 completed, 0 timeouts, 0 refused
   415     97.558 wddm summary: SubmitCommandVirtual by node: 0: 108, 1: 2 (2 named no buffer, 0 clamped), shadow holds buffer 0x0 to 0x0
   416     97.558 wddm summary: paging buffer switches with packets still live: 0 (0 means one buffer at a time, which is what the single shadow assumes)
   417     97.558 wddm summary: BuildPagingBuffer: 0 transfers, 2 fills, 335544320 bytes, 0 insufficient-buffer, unsupported (not ready/no root/no translation/system memory/not 
   418     97.558 wddm summary: presents 108, flips 1 of 1 address calls (0 arrived above DISPATCH_LEVEL)
   419     97.558 wddm summary: blit gate open, 107 blits, 1 skips, 107 sources translated contiguous
   420     97.558 wddm summary: blit destination: 0 to the flipped surface, 107 to the POST framebuffer (0 a failed-mapping fallback), 0 scanout remaps (0 failed)
   421     97.558 wddm summary: vsync not enabled by ControlInterrupt, 6090 ticks, 644 reported to dxgkrnl
   422     97.558 wddm summary: vidpn flip closed: 0 hardware flips, 0 refused, 0 hardware vsyncs armed 0 acked 0 refused 0 deferred (flip still pending)
   423     97.558 wddm summary: no TDR (ResetEngine, ResetFromTimeout and RestartFromTimeout were never called)
   424     97.558 wddm summary: CollectDbgInfo called 0 time(s) since the driver was loaded
   425     97.558 vidmm summary: level 0: 1540 calls, 522811 entries, 173354 valid
   426     97.558 vidmm summary: level 1: 9 calls, 2728 entries, 681 valid
   427     97.558 vidmm summary: level 2: 6 calls, 2050 entries, 5 valid
   428     97.558 vidmm summary: level 3: 6 calls, 2050 entries, 4 valid
   429     97.558 vidmm summary: segment 0 named by 2 valid entries
   430     97.558 vidmm summary: segment 1 named by 174042 valid entries
   431     97.558 vidmm summary: 1028 cpu-virtual calls, 533 gpu-physical calls
   432     97.558 vidmm summary: 529639 entries written (EnableGpuVa open), 0 refused, 0 bad calls, 2 roots
   433    102.362 wddm: CreateProcess flags 0x00000000 pasids 1
   434    102.362 wddm: CreateDevice flags 0x00000000 pasid 0
   435    102.362 wddm: CreateAllocation 1 allocations, resource no
   436    102.362 wddm: OpenAllocation [0] handle 0x40000180 private 32 bytes -> FFFF9A01064094F0 (GetHandleData said 0000000000000000)
   437    102.362 wddm: OpenAllocation 1 allocations flags 0x00000001
   438    102.604 gfx: paging fill 268435456 bytes at 0x0 -> 0x271C62000 physical, 320 dwords at shadow offset 0x640
   439    102.824 gfx: paging fill 268435456 bytes at 0x0 -> 0x281C62000 physical, 320 dwords at shadow offset 0xB40
   440    102.832 wddm: SubmitCommandVirtual fence 3 node 1 flags 0x00000001 va 0x640 size 2560
   441    102.832 wddm: node 1 submission at va 0x640, 2560 bytes: no paging buffer this driver wrote to contains it - completed in software
   442    112.983 wddm: CloseAllocation 1 allocations
   443    112.983 wddm: DestroyAllocation 1 allocations
   444    112.983 wddm: DestroyDevice
   445    112.983 wddm: DestroyProcess
   446    113.529 wddm summary: ---- DDI calls: name, count, first log line ----
   447    113.529 wddm summary: QueryAdapterInfo                   12  first at 24
   448    113.529 wddm summary: GetNodeMetadata                     2  first at 32
   449    113.529 wddm summary: CreateDevice                        6  first at 39
   450    113.529 wddm summary: DestroyDevice                       3  first at 306
   451    113.529 wddm summary: CreateContext                       2  first at 41
   452    113.529 wddm summary: CreateProcess                       5  first at 38
   453    113.529 wddm summary: DestroyProcess                      3  first at 307
   454    113.529 wddm summary: SetRootPageTable                    2  first at 64
   455    113.529 wddm summary: CreateAllocation                    5  first at 104
   456    113.529 wddm summary: DestroyAllocation                   3  first at 305
   457    113.529 wddm summary: DescribeAllocation                  3  first at 112
   458    113.529 wddm summary: GetStandardAllocationDriverData      4  first at 102
   459    113.529 wddm summary: OpenAllocation                      5  first at 106
   460    113.529 wddm summary: CloseAllocation                     3  first at 304
   461    113.529 wddm summary: BuildPagingBuffer                2363  first at 43
   462    113.529 wddm summary: SubmitCommandVirtual              131  first at 143
   463    113.529 wddm summary: Present                           128  first at 134
   464    113.529 wddm summary: SetVidPnSourceAddress               1  first at 122
   465    113.529 wddm summary: ControlInterrupt                 1472  first at 126
   466    113.529 wddm summary: ---- QueryAdapterInfo types: type, count, first log line ----
   467    113.529 wddm summary: adapter info type   1       1  first at 24
   468    113.529 wddm summary: adapter info type  15       1  first at 25
   469    113.529 wddm summary: adapter info type  47       1  first at 26
   470    113.529 wddm summary: adapter info type  13       1  first at 27
   471    113.529 wddm summary: adapter info type  14       4  first at 28
   472    113.529 wddm summary: adapter info type  11       2  first at 35
   473    113.529 wddm summary: adapter info type  10       1  first at 37
   474    113.529 wddm summary: adapter info type  16       1  first at 37
   475    113.529 wddm summary: ---- BuildPagingBuffer operations: operation, count, first log line ----
   476    113.529 wddm summary: paging operation  11    2335  first at 43
   477    113.529 wddm summary: paging operation  12      22  first at 97
   478    113.529 wddm summary: paging operation   9       6  first at 110
   479    113.529 wddm summary: objects created/destroyed: dev 6/3 ctx 2/0 proc 5/3 alloc 5/3, 11 alive
   480    113.529 wddm summary: allocations opened/closed: 5/3 calls
   481    113.529 wddm summary: submissions 0 physical + 131 virtual, 0 preemptions, last completed fence 128
   482    113.529 wddm summary: node 0 hardware: 0 submitted, 0 completed, 0 timeouts, 0 refused
   483    113.529 wddm summary: node 1 (paging, open): 0 hardware submitted, 0 completed, 0 timeouts, 0 refused
   484    113.529 wddm summary: SubmitCommandVirtual by node: 0: 128, 1: 3 (3 named no buffer, 0 clamped), shadow holds buffer 0x0 to 0x0
   485    113.529 wddm summary: paging buffer switches with packets still live: 0 (0 means one buffer at a time, which is what the single shadow assumes)
   486    113.529 wddm summary: BuildPagingBuffer: 0 transfers, 4 fills, 872415232 bytes, 0 insufficient-buffer, unsupported (not ready/no root/no translation/system memory/not 
   487    113.529 wddm summary: presents 128, flips 1 of 1 address calls (0 arrived above DISPATCH_LEVEL)
   488    113.529 wddm summary: blit gate open, 127 blits, 1 skips, 127 sources translated contiguous
   489    113.529 wddm summary: blit destination: 0 to the flipped surface, 127 to the POST framebuffer (0 a failed-mapping fallback), 0 scanout remaps (0 failed)
   490    113.529 wddm summary: vsync not enabled by ControlInterrupt, 7088 ticks, 736 reported to dxgkrnl
   491    113.529 wddm summary: vidpn flip closed: 0 hardware flips, 0 refused, 0 hardware vsyncs armed 0 acked 0 refused 0 deferred (flip still pending)
   492    113.529 wddm summary: no TDR (ResetEngine, ResetFromTimeout and RestartFromTimeout were never called)
   493    113.529 wddm summary: CollectDbgInfo called 0 time(s) since the driver was loaded
   494    113.529 vidmm summary: level 0: 2308 calls, 916027 entries, 435498 valid
   495    113.529 vidmm summary: level 1: 11 calls, 3496 entries, 937 valid
   496    113.529 vidmm summary: level 2: 8 calls, 2563 entries, 6 valid
   497    113.529 vidmm summary: level 3: 8 calls, 2563 entries, 5 valid
   498    113.529 vidmm summary: segment 0 named by 2 valid entries
   499    113.529 vidmm summary: segment 1 named by 436444 valid entries
   500    113.529 vidmm summary: 1028 cpu-virtual calls, 1307 gpu-physical calls
   501    113.529 vidmm summary: 924649 entries written (EnableGpuVa open), 0 refused, 0 bad calls, 2 roots
   502    120.093 ih: op 3 -> 0x00000000, result 0, 0 writes; 1 interrupt routine calls, 1 ours, 728 DPCs, 2 vectors; status idle 1 input_idle 1 bif_interrupt_line 0
             503 lines printed
