bc250kmd 0x00070074 log snapshot: 26 lines, 0 lost to the wrap, 0 dropped above DISPATCH_LEVEL
     0      0.002 stage 10
     1      0.002 gate: EnableFullWddm 0
     2      0.003 stage 20
     3     31.028 stage 30
     4     31.030 stage 31
     5     31.030 stage 32
     6     31.030 post display 1920x1200 pitch 7680 format 22 target 4294967295
     7     31.030 stage 33
     8     31.030 stage 34
     9     31.030 interrupt resource 1: message, vector 0x51, flags 0x3
    10     31.030 mmio: BAR5 at 0xFE800000 mapped, writes off, dcn writes off, vidpn flip off
    11     31.030 vram: 0x270000000 + 0x200000000, MC 0xF400000000, BAR0 0xC0000000 + 0x10000000, writes allowed
    12     31.030 fb sample mapped: phys 0xC0000000 first 0x00000000 mid 0x00000000
    13     31.030 fb sample physical: 0x270000000 first 0x00000000 mid 0x00000000
    14     31.030 gart: ready, dummy page at 0x26FFFA000
    15     31.030 psp: ready
    16     31.030 gpumem: ready, doorbells at 0xD0000000
    17     31.030 gfx: ready, GPU submission allowed, paging node allowed
    18     31.030 ih: ready
    19     31.032 stage 35
    20     31.032 stage 39
    21     31.114 stage 50
    22     31.118 stage 60
    23     31.118 stage 61
    24     96.324 stage 70
    25     96.324 stage 79
