bc250kmd 0x00070003 log kept at the stop: 31 lines, 0 lost to the wrap, 0 dropped above DISPATCH_LEVEL
     0      0.000 stage 10
     1      0.000 gate: EnableFullWddm 1
     2      0.002 stage 20
     3      0.114 stage 30
     4      0.116 stage 31
     5      0.116 stage 32
     6      0.116 post display 1920x1200 pitch 7680 format 22 target 2424833
     7      0.118 stage 33
     8      0.118 stage 34
     9      0.118 interrupt resource 1: message, vector 0x80, flags 0x3
    10      0.118 mmio: BAR5 at 0xFE800000 mapped, writes off
    11      0.118 vram: 0x270000000 + 0x200000000, MC 0xF400000000, BAR0 0xC0000000 + 0x10000000, writes off
    12      0.118 wddm: full table started, VRAM identified
    13      0.118 wddm: callbacks sync 1 notify 1 queuedpc 1 notifydpc 1, interface 312 of 312 bytes
    14      0.118 stage 35
    15      0.120 stage 39
    16      0.120 wddm: DRIVERCAPS 576 of 576 bytes: wddm 8192 sched 0x45 mm 0x60 paging node 0 flip 0x2 slots 0
    17      0.120 wddm: QueryAdapterInfo type 1 in 0 out 576 -> 0x00000000
    18      0.122 stage 70
    19      0.122 wddm summary: ---- DDI calls: name, count, first log line ----
    20      0.122 wddm summary: QueryAdapterInfo                    1  first at 17
    21      0.122 wddm summary: ---- QueryAdapterInfo types: type, count, first log line ----
    22      0.122 wddm summary: adapter info type   1       1  first at 17
    23      0.122 wddm summary: ---- BuildPagingBuffer operations: operation, count, first log line ----
    24      0.122 wddm summary: objects created/destroyed: dev 0/0 ctx 0/0 proc 0/0 alloc 0/0, 0 alive
    25      0.122 wddm summary: submissions 0 physical + 0 virtual, 0 preemptions, last completed fence 0
    26      0.122 wddm summary: presents 0, flips 0 of 0 address calls (0 arrived above DISPATCH_LEVEL)
    27      0.122 wddm summary: vsync not enabled by ControlInterrupt, 0 ticks, 0 reported to dxgkrnl
    28      0.122 wddm summary: no TDR (ResetFromTimeout and RestartFromTimeout were never called)
    29      0.122 wddm: stop, last completed fence 0, 0 vsync ticks, 0 objects freed at the stop
    30      0.122 stage 79
