compile
  Generowanie kodu...
  Trwa kompilowanie...
  Generowanie kodu...
  Generowanie kodu...
  Generowanie kodu...
link
stack budget
bc250kmd.sys: 468 functions with unwind data, largest fixed frame 3992 bytes
  warn    3992 bytes  rva 0x016AC0  GfxPagingBuildUpdate
  warn    2248 bytes  rva 0x015A90  GfxPagingBuildAperture
  warn    2120 bytes  rva 0x02A7D0  VidMmCommitPagingAperture
  warn    1240 bytes  rva 0x035CB0  WddmSubmitUmdImpl
catalog
  ........................
  Signability test complete.
  Errors:
  None
  Warnings:
  None
  Catalog generation complete.
  P:\bc-250\scratch\build\bc250kmd-07102\package\bc250kmd.cat
sign
  Done Adding Additional Store
  Successfully signed: P:\bc-250\scratch\build\bc250kmd-07102\package\bc250kmd.sys
  Done Adding Additional Store
  Successfully signed: P:\bc-250\scratch\build\bc250kmd-07102\package\bc250kmd.cat
      792  bc250-lab-test.cer
     2407  bc250kmd.cat
     7655  bc250kmd.inf
   329616  bc250kmd.sys
umd package
  bc250kmd.inf generated: 9 lines enabled, 1 commented out, DriverVer = 09/23/2026,0.7.102.1
  .........................
  Signability test complete.
  Errors:
  None
  Warnings:
  None
  Catalog generation complete.
  P:\bc-250\scratch\build\bc250kmd-07102\package-umd\bc250kmd.cat
  Done Adding Additional Store
  Successfully signed: P:\bc-250\scratch\build\bc250kmd-07102\package-umd\bc250kmd.cat
umd package: P:\bc-250\scratch\build\bc250kmd-07102\package-umd
      792  bc250-lab-test.cer
     2839  bc250kmd.cat
     7603  bc250kmd.inf
   329616  bc250kmd.sys
     4096  bc250umd.dll
  3B80D2EA3260CE053C11E888A274F909896E28D66D1CF6872B5213EDD5FFA760  package\bc250kmd.sys
  3B80D2EA3260CE053C11E888A274F909896E28D66D1CF6872B5213EDD5FFA760  package-umd\bc250kmd.sys
