compile
  Generowanie kodu...
  Trwa kompilowanie...
  Generowanie kodu...
  Generowanie kodu...
  Generowanie kodu...
link
stack budget
bc250kmd.sys: 453 functions with unwind data, largest fixed frame 3992 bytes
  warn    3992 bytes  rva 0x017050  GfxPagingBuildUpdate
  warn    2248 bytes  rva 0x015930  GfxPagingBuildAperture
  warn    2120 bytes  rva 0x027FD0  VidMmCommitPagingAperture
  warn    1240 bytes  rva 0x032A20  WddmSubmitUmdImpl
catalog
  ........................
  Signability test complete.
  Errors:
  None
  Warnings:
  None
  Catalog generation complete.
  P:\bc-250\scratch\build\page-copy-duplicates-dev\package\bc250kmd.cat
sign
  Done Adding Additional Store
  Successfully signed: P:\bc-250\scratch\build\page-copy-duplicates-dev\package\bc250kmd.sys
  Done Adding Additional Store
  Successfully signed: P:\bc-250\scratch\build\page-copy-duplicates-dev\package\bc250kmd.cat
      792  bc250-lab-test.cer
     2407  bc250kmd.cat
     7655  bc250kmd.inf
   314768  bc250kmd.sys
  9287BC279D7A02EF14DF3BAA181D8C05840A243B782B603D60B0C89DB3F366CD  package\bc250kmd.sys
