radv: info: Created an instance.
radv: info: Found compatible device 0x14461e:0x0.
radv_wddm2_winsys_create
OpenAdapterFromLuid 0x0 0x14461e
phys adapter = 0 device = 13fe rev 0
node 0 (type: 1) = BC-250 GFX, flags = 0
node 1 (type: 6) = BC-250 SDMA0, flags = 0
bc250: caps blob, device 0x13fe family 79 gfx 12
allocation handle=0x40000500
bc250: gfx preamble inlined (no gfx_init IB)
allocation handle=0x40000580
allocation handle=0x40000640
allocation handle=0x400006c0
allocation handle=0x40000740
allocation handle=0x400007c0
allocation handle=0x40000840
allocation handle=0x400008c0
allocation handle=0x40000940
allocation handle=0x400009c0
bc250: SubmitCommand ib 0x20006c000 960 bytes (from 2) c0012800 80000000 80000000 c0001200
