packagecheck 1.0  P:\BC-250\scratch\build\bc250kmd-07114\package-umd
  DriverVer 09/24/2026,0.7.114.1, model full, service bc250kmd

[files]
  note  FIL001  bc250-lab-test.cer is in the package but not named by the INF (known extra)

[user-mode driver]
  note  UMD015  no UserModeDriverNameWow: deliberate, the stub is 64-bit only (bc250kmd.inf explains why a Wow value pointing at the 64-bit DLL would be worse)

[binaries]
  note  PE010  bc250kmd.sys linked 2026-09-24 04:34:17 UTC
  note  PE013  bc250kmd.sys has no version resource
  note  PE014  bc250kmd.sys debug id A7B9B939-69C2-431B-B95B-9A03230B5EA0 age 1
  note  PE009  bc250umd.dll has no embedded signature; it is catalog-signed only, which is how driver\kmd\build.ps1 builds it
  note  PE010  bc250umd.dll linked 2026-09-21 16:21:29 UTC
  note  PE013  bc250umd.dll has no version resource

[BUILDINFO.json]
  note  BLD002  no BUILDINFO.json: this package cannot be tied to a commit

[catalog]
  note  CAT009  bc250kmd.inf is a member of bc250kmd.cat; the chain ends in an untrusted root, which is what a test certificate does on this PC
  note  CAT009  bc250kmd.sys is a member of bc250kmd.cat; the chain ends in an untrusted root, which is what a test certificate does on this PC
  note  CAT009  bc250umd.dll is a member of bc250kmd.cat; the chain ends in an untrusted root, which is what a test certificate does on this PC

[kit tools]
  note  IVF005  infverif: WARNING(1199) in P:\BC-250\scratch\build\bc250kmd-07114\package-umd\bc250kmd.inf, line 0: The syntax 'DIRID 13 (CopyFiles)' was introduced in OS version 10.0.16299, but DDInstall sections utilizing the syntax will install on earlier OS versions. Those DDInstall sections should be restricted to only install on 10.0.16299 or higher using a TargetOSVersion decoration.

[contents]
         792  6a967b055def34c084fcf5a71432bce54dbff807d056655b33b5763cccbe6cfd  bc250-lab-test.cer
        2839  3020d00e8a49cc2b98a54f8c754a2db8a339151cd89ce2d426f9e6273a87a925  bc250kmd.cat
        7603  03504a1055e7b1a6ca76a6344f0b11605a714d196dd545d7eebce711b5910976  bc250kmd.inf
      340880  82d1c6640d512a33fc4037549ad1258db0a926a8c5a6a9c6a2711455d658414f  bc250kmd.sys
        4096  d5bd1ad82c00438900dc47a50b3efa36d98f9a9cc7f6987d0f1545a0de4cb661  bc250umd.dll

PASS: 0 error(s), 0 warning(s), 13 note(s), 25 check(s) passed
