probe_hash=E9566E495A4FB5BB0F37B8A2583AB10F573D0F9ECEE2B84D94E264242529E9C3
driver_version=0.7.145.1
installed_sha256=ED7B2E0735A41048DDA1428FB4A759C32193A231D5A26A5C2FEAD5D8407903CB
boot_before=2026-09-25T00:53:18
clock verified: 1000 MHz, VID 116 (request 820 mV), backend=kmd-smu
01:46:05 Tctl 66.2 C (raw 735B0FEF)
launcher_pid=9180
01:46:07 Tctl 66.2 C (raw 735B0FEF)
01:46:09 Tctl 66.4 C (raw 737B0FEF)
01:46:11 Tctl 66.4 C (raw 737B0FEF)
01:46:13 Tctl 66.4 C (raw 737B0FEF)
01:46:16 Tctl 66.4 C (raw 737B0FEF)
01:46:18 Tctl 66.4 C (raw 737B0FEF)
01:46:20 Tctl 66.4 C (raw 737B0FEF)
D3DKMTDestroyAllocation2 [gpu-readback] 0x00000000  STATUS_SUCCESS
-- teardown
D3DKMTDestroySynchronizationObject 0x00000000  STATUS_SUCCESS
D3DKMTDestroyContext               0x00000000  STATUS_SUCCESS
D3DKMTFreeGpuVirtualAddress [gpu-ib] 0x00000000  STATUS_SUCCESS
D3DKMTDestroyAllocation2 [gpu-ib]  0x00000000  STATUS_SUCCESS
D3DKMTFreeGpuVirtualAddress [preserved] 0x00000000  STATUS_SUCCESS
D3DKMTDestroyAllocation2 [preserved] 0x00000000  STATUS_SUCCESS
D3DKMTDestroyPagingQueue           0x00000000  STATUS_SUCCESS
D3DKMTDestroyDevice                0x00000000  STATUS_SUCCESS
D3DKMTCloseAdapter                 0x00000000  STATUS_SUCCESS
GPU_RESIDENCY_RESULT PASS; physical relocation requires paging trace
gpu_probe_exit=0
boot_after=2026-09-25T00:53:18
