compile
  Generowanie kodu...
  Trwa kompilowanie...
  Generowanie kodu...
  Generowanie kodu...
  Generowanie kodu...
link
stack budget
bc250kmd.sys: 457 functions with unwind data, largest fixed frame 3992 bytes
  warn    3992 bytes  rva 0x016960  GfxPagingBuildUpdate
  warn    2248 bytes  rva 0x015930  GfxPagingBuildAperture
  warn    2120 bytes  rva 0x028780  VidMmCommitPagingAperture
  warn    1240 bytes  rva 0x0334B0  WddmSubmitUmdImpl
catalog
  ........................
  Signability test complete.
  Errors:
  None
  Warnings:
  None
  Catalog generation complete.
  P:\bc-250\scratch\build\paging-capture-dev\package\bc250kmd.cat
sign
  Done Adding Additional Store
  Successfully signed: P:\bc-250\scratch\build\paging-capture-dev\package\bc250kmd.sys
  Done Adding Additional Store
  Successfully signed: P:\bc-250\scratch\build\paging-capture-dev\package\bc250kmd.cat
      792  bc250-lab-test.cer
     2407  bc250kmd.cat
     7655  bc250kmd.inf
   317840  bc250kmd.sys
  04392D2F24D7E1CB8EABA8FB26C3888C271570AC9B76479E9298D83A2FEB74D6  package\bc250kmd.sys
