bc250kmd 0x00070004 log kept at the stop: 67 lines, 0 lost to the wrap, 0 dropped above DISPATCH_LEVEL
     0      0.002 stage 10
     1      0.002 gate: EnableFullWddm 1
     2      0.004 stage 20
     3      0.118 stage 30
     4      0.120 stage 31
     5      0.120 stage 32
     6      0.120 post display 1920x1200 pitch 7680 format 22 target 2424833
     7      0.122 stage 33
     8      0.122 stage 34
     9      0.122 interrupt resource 1: message, vector 0x80, flags 0x3
    10      0.122 mmio: BAR5 at 0xFE800000 mapped, writes off
    11      0.122 vram: 0x270000000 + 0x200000000, MC 0xF400000000, BAR0 0xC0000000 + 0x10000000, writes off
    12      0.122 wddm: full table started, VRAM identified
    13      0.122 wddm: callbacks sync 1 notify 1 queuedpc 1 notifydpc 1, interface 312 of 312 bytes
    14      0.122 stage 35
    15      0.124 stage 39
    16      0.124 wddm: DRIVERCAPS into 576 bytes: wddm 8192 sched 0x45 mm 0x60 flip 0x12 slots 0 tdr 1 dflip 1 rot 1
    17      0.124 wddm: QueryAdapterInfo type 1 in 0 out 576 -> 0x00000000
    18      0.124 wddm: QueryAdapterInfo type 15 in 4 out 20 -> 0xC00000BB
    19      0.124 wddm: QueryAdapterInfo type 47 in 0 out 4 -> 0xC00000BB
    20      0.124 wddm: QueryAdapterInfo type 13 in 4 out 24 -> 0x00000000
    21      0.124 wddm: QueryAdapterInfo type 14 in 4 out 20 -> 0x00000000
    22      0.124 wddm: QueryAdapterInfo type 14 in 4 out 20 -> 0x00000000
    23      0.124 wddm: QueryAdapterInfo type 14 in 4 out 20 -> 0x00000000
    24      0.124 wddm: QueryAdapterInfo type 14 in 4 out 20 -> 0x00000000
    25      0.124 wddm: GetNodeMetadata node 0 adapter 0
    26      0.124 wddm: QUERYSEGMENT4 pass 1: 1 segment(s)
    27      0.124 wddm: QUERYSEGMENT4 pass 2: 1 segment(s), stride 104, paging buffer segment 1, 65536 bytes
    28      0.124 wddm: segment 1 flags 0x00080404 gpu 0xF4008CA000 cpu 0x2708CA000 size 0x1FD736000
    29      0.126 wddm: QueryAdapterInfo type 16 in 0 out 4 -> 0xC00000BB
    30      0.126 wddm: CreateProcess flags 0x00000001 pasids 1
    31      0.126 wddm: CreateDevice flags 0x00000001 pasid 0
    32      0.126 wddm: CreateDevice flags 0x00000001 pasid 0
    33      0.126 wddm: CreateContext node 0 engine 0x1 flags 0x00000005 private 0
    34      0.126 wddm: CreateContext answered dma 4096 bytes segment set 0x0, lists 0/0, caps 0x00000001
    35      0.128 wddm: DestroyContext
    36      0.128 wddm: DestroyDevice
    37      0.128 wddm: DestroyDevice
    38      0.128 wddm: DestroyProcess
    39      0.130 stage 70
    40      0.130 wddm summary: ---- DDI calls: name, count, first log line ----
    41      0.130 wddm summary: QueryAdapterInfo                   12  first at 17
    42      0.130 wddm summary: GetNodeMetadata                     1  first at 25
    43      0.130 wddm summary: CreateDevice                        2  first at 31
    44      0.130 wddm summary: DestroyDevice                       2  first at 36
    45      0.130 wddm summary: CreateContext                       1  first at 33
    46      0.130 wddm summary: DestroyContext                      1  first at 35
    47      0.130 wddm summary: CreateProcess                       1  first at 30
    48      0.130 wddm summary: DestroyProcess                      1  first at 38
    49      0.130 wddm summary: ---- QueryAdapterInfo types: type, count, first log line ----
    50      0.130 wddm summary: adapter info type   1       1  first at 17
    51      0.130 wddm summary: adapter info type  15       1  first at 18
    52      0.130 wddm summary: adapter info type  47       1  first at 19
    53      0.130 wddm summary: adapter info type  13       1  first at 20
    54      0.130 wddm summary: adapter info type  14       4  first at 21
    55      0.130 wddm summary: adapter info type  11       2  first at 27
    56      0.130 wddm summary: adapter info type  10       1  first at 29
    57      0.130 wddm summary: adapter info type  16       1  first at 29
    58      0.130 wddm summary: ---- BuildPagingBuffer operations: operation, count, first log line ----
    59      0.130 wddm summary: objects created/destroyed: dev 2/2 ctx 1/1 proc 1/1 alloc 0/0, 0 alive
    60      0.130 wddm summary: submissions 0 physical + 0 virtual, 0 preemptions, last completed fence 0
    61      0.130 wddm summary: presents 0, flips 0 of 0 address calls (0 arrived above DISPATCH_LEVEL)
    62      0.130 wddm summary: vsync not enabled by ControlInterrupt, 0 ticks, 0 reported to dxgkrnl
    63      0.130 wddm summary: no TDR (ResetEngine, ResetFromTimeout and RestartFromTimeout were never called)
    64      0.130 wddm summary: CollectDbgInfo called 0 time(s) since the driver was loaded
    65      0.130 wddm: stop, last completed fence 0, 0 vsync ticks, 0 objects freed at the stop
    66      0.132 stage 79
