compile
  Generowanie kodu...
  Trwa kompilowanie...
  Generowanie kodu...
  Generowanie kodu...
  Generowanie kodu...
link
stack budget
bc250kmd.sys: 538 functions with unwind data, largest fixed frame 3992 bytes
  warn    3992 bytes  rva 0x01A970  GfxPagingBuildUpdate
  warn    2248 bytes  rva 0x019530  GfxPagingBuildAperture
  warn    2120 bytes  rva 0x031840  VidMmCommitPagingAperture
  warn    1240 bytes  rva 0x03E640  WddmSubmitUmdImpl
catalog
  ........................
  Signability test complete.
  Errors:
  None
  Warnings:
  None
  Catalog generation complete.
  P:\bc-250\scratch\build\bd003-011-final\package\bc250kmd.cat
sign
  Done Adding Additional Store
  Successfully signed: P:\bc-250\scratch\build\bd003-011-final\package\bc250kmd.sys
  Done Adding Additional Store
  Successfully signed: P:\bc-250\scratch\build\bd003-011-final\package\bc250kmd.cat
      792  bc250-lab-test.cer
     2407  bc250kmd.cat
     7684  bc250kmd.inf
   374160  bc250kmd.sys
  69B905A3BA97E4F7BC29E5A41000F9B3A1851549B20B2B82349EB634756E5202  package\bc250kmd.sys
