# adapter    BC-250 GPU (bc250kmd, display-only, lab build)
# hardware   [PCI instance redacted]
# interface  [PCI interface redacted]
D3DKMTOpenAdapterFromDeviceName -> 0x00000000 STATUS_SUCCESS
# adapter    handle 0x40000000 luid 00000000-03703FF2
D3DKMTEscape(D3DKMT_ESCAPE_DRIVERPRIVATE, BC250_ESCAPE_GET_INFO) -> 0x00000000 STATUS_SUCCESS
version      0x00070080 (milestone 7 revision 128)
last stage   50 first CommitVidPn
mode         1920x1200 pitch 7680 format 22 (FULL WDDM TABLE)
presents     0
counters     blits 0, flips 2874 (the full table's own present counters; both stay 0 in display-only mode)
gates        mmio open, mmio writes off, vram open, vram writes on, gart open, psp open, gfx open, ih open

boot_before=2026-09-24T11:44:14
smu GetGfxFrequency  msg=0x37 param=0 (0x0) ... response=0x01 value=1000 (0x000003E8)
smu GetGfxVid        msg=0x38 param=0 (0x0) ... response=0x01 value=116 (0x00000074)
clock verified: 1000 MHz, VID 116 (request 820 mV)
16:03:40 Tctl 66.4 C (raw 737B0FEF)

UnconfirmedStarts = 0
disable_begin=2026-09-24T16:03:40
Microsoft PnP Utility

Disabling device:          [PCI instance redacted]
Device disabled successfully.

disabled_problem=22
install_begin=2026-09-24T16:03:44
Microsoft PnP Utility

Adding driver package:  bc250kmd.inf
Driver package added successfully.
Published Name:         oem102.inf
Driver package installed on device: [PCI instance redacted]

Total driver packages:  1
Added driver packages:  1
enable_begin=2026-09-24T16:03:47
Microsoft PnP Utility

Enabling device:          [PCI instance redacted]
Device enabled successfully.

log          1337 lines since this driver load, 313 lost to the wrap, 3 dropped above DISPATCH_LEVEL; ring 1024 lines of which the first 256 are kept; table FULL WDDM (the gate was open at DriverEntry)
     0      0.004 stage 10
     1      0.004 gate: EnableFullWddm 1 (one shot: closed again on disk)
     2      0.004 stage 20
     3      0.128 stage 30
     4      0.130 stage 31
     5      0.130 stage 32
     6      0.130 post display 1920x1200 pitch 7680 format 22 target 2424833
     7      0.132 stage 33
     8      0.132 stage 34
     9      0.132 interrupt resource 1: message, vector 0x80, flags 0x3
    10      0.132 mmio: BAR5 at 0xFE800000 mapped, writes off, dcn writes allowed, vidpn flip allowed
    11      0.134 vram: 0x270000000 + 0x200000000, MC 0xF400000000, BAR0 0xC0000000 + 0x10000000, writes allowed
    12      0.134 fb sample mapped: phys 0xC0000000 first 0x00000000 mid 0x00000000
    13      0.134 fb sample physical: 0x270000000 first 0x00000000 mid 0x00000000
    14      0.134 gart: ready, dummy page at 0x26FFFA000
    15      0.134 psp: ready
    16      0.134 gpumem: ready, doorbells at 0xD0000000
    17      0.134 gfx: ready, GPU submission allowed, paging node allowed
    18      0.134 ih: ready
    19      0.136 vidmm: logical paging state 515 tables, 1031 slots, 4767344 bytes reserved
    20      0.142 vidmm: table segment 3 at physical 0x45E150000 + 0xFEB0000, host memory below 0x270000000, updates are WRITTEN
    21      0.142 startup: entering interrupt connection
    22      0.144 startup: entering firmware preparation
    23      0.150 gfx: CP_ME_CNTL 0x15000000, CP_MEC_CNTL 0x50000000, SDMA0/1_F32_CNTL 0x1 0x1
    24      0.150 gfx: unpublished translation bootstrap entered with engines halted
    25      0.150 gfx: RLC before-gart-initialization CNTL 0x00000000 read 0x00000000 STATUS2 0x00000008 read 0x00000000
    26      0.150 gfx: GRBM before-gart-initialization STATUS 0x00003028 read 0x00000000
    27      0.150 startup: entering GART initialization
    28      0.164 gart: startup startup-after-gfxhub-enable sample 0x00000000 fault 0x00000000
    29      0.164 gfx: RLC startup-after-gfxhub-enable CNTL 0x00000000 read 0x00000000 STATUS2 0x00000008 read 0x00000000
    30      0.164 gfx: GRBM startup-after-gfxhub-enable STATUS 0x00003028 read 0x00000000
    31      0.164 gart: startup startup-after-mmhub-enable sample 0x00000000 fault 0x00000000
    32      0.164 gfx: RLC startup-after-mmhub-enable CNTL 0x00000000 read 0x00000000 STATUS2 0x00000008 read 0x00000000
    33      0.164 gfx: GRBM startup-after-mmhub-enable STATUS 0x00003028 read 0x00000000
    34      0.164 gart: startup startup-after-fault-defaults sample 0x00000000 fault 0x00000000
    35      0.164 gfx: RLC startup-after-fault-defaults CNTL 0x00000000 read 0x00000000 STATUS2 0x00000008 read 0x00000000
    36      0.164 gfx: GRBM startup-after-fault-defaults STATUS 0x00003028 read 0x00000000
    37      0.164 gart: startup bootstrap-after-mmhub-flush sample 0x00000000 fault 0x00000000
    38      0.164 gfx: RLC bootstrap-after-mmhub-flush CNTL 0x00000000 read 0x00000000 STATUS2 0x00000008 read 0x00000000
    39      0.164 gfx: GRBM bootstrap-after-mmhub-flush STATUS 0x00003028 read 0x00000000
    40      0.164 gart: op 1 -> 0x00000000 (-), result 0, 284 writes, fault offset 0x00000
    41      0.164 gfx: RLC before-psp CNTL 0x00000000 read 0x00000000 STATUS2 0x00000008 read 0x00000000
    42      0.164 gfx: GRBM before-psp STATUS 0x00003028 read 0x00000000
    43      0.164 startup: entering PSP initialization
    44      0.216 gfx: RLC before-psp-ring-create CNTL 0x00000000 read 0x00000000 STATUS2 0x00000008 read 0x00000000
    45      0.216 gfx: GRBM before-psp-ring-create STATUS 0x00003028 read 0x00000000
    46      0.238 gfx: RLC after-psp-ring-create CNTL 0x00000000 read 0x00000000 STATUS2 0x00000008 read 0x00000000
    47      0.238 gfx: GRBM after-psp-ring-create STATUS 0x00003028 read 0x00000000
    48      0.238 amdgpu[0]: reserve 0x400000 from 0xf5ff800000 for PSP TMR

    49      0.238 psp: command 1 (id 5, type 0, 4194304 bytes): rc 0, status 0x0, 254 us, in TMR at 0x0
    50      0.238 gfx: RLC after-psp-command CNTL 0x00000000 read 0x00000000 STATUS2 0x00000008 read 0x00000000
    51      0.238 gfx: GRBM after-psp-command STATUS 0x00003028 read 0x00000000
    52      0.240 psp: command 2 (id 6, type 9, 33536 bytes): rc 0, status 0x0, 1940 us, in TMR at 0x0
    53      0.240 gfx: RLC after-psp-command CNTL 0x00000000 read 0x00000000 STATUS2 0x01000008 read 0x00000000
    54      0.240 gfx: GRBM after-psp-command STATUS 0x00003028 read 0x00000000
    55      0.242 psp: command 3 (id 6, type 10, 33536 bytes): rc 0, status 0x0, 1890 us, in TMR at 0x0
    56      0.242 gfx: RLC after-psp-command CNTL 0x00000000 read 0x00000000 STATUS2 0x01000008 read 0x00000000
    57      0.242 gfx: GRBM after-psp-command STATUS 0x00003028 read 0x00000000
    58      0.248 psp: command 4 (id 6, type 3, 263040 bytes): rc 0, status 0x0, 5868 us, in TMR at 0xF5FF842000
    59      0.248 gfx: RLC after-psp-command CNTL 0x00000000 read 0x00000000 STATUS2 0x01000008 read 0x00000000
    60      0.248 gfx: GRBM after-psp-command STATUS 0x00003028 read 0x00000000
    61      0.254 psp: command 5 (id 6, type 2, 263168 bytes): rc 0, status 0x0, 5913 us, in TMR at 0xF5FF883000
    62      0.254 gfx: RLC after-psp-command CNTL 0x00000000 read 0x00000000 STATUS2 0x01000008 read 0x00000000
    63      0.254 gfx: GRBM after-psp-command STATUS 0x00003028 read 0x00000000
    64      0.260 psp: command 6 (id 6, type 1, 263168 bytes): rc 0, status 0x0, 5916 us, in TMR at 0xF5FF8C4000
    65      0.260 gfx: RLC after-psp-command CNTL 0x00000000 read 0x00000000 STATUS2 0x01000008 read 0x00000000
    66      0.260 gfx: GRBM after-psp-command STATUS 0x00003028 read 0x00000000
    67      0.266 psp: command 7 (id 6, type 4, 267440 bytes): rc 0, status 0x0, 5963 us, in TMR at 0xF5FF800000
    68      0.266 gfx: RLC after-psp-command CNTL 0x00000000 read 0x00000000 STATUS2 0x01000008 read 0x00000000
    69      0.266 gfx: GRBM after-psp-command STATUS 0x00003028 read 0x00000000
    70      0.266 psp: command 8 (id 6, type 5, 896 bytes): rc 0, status 0x0, 131 us, in TMR at 0x0
    71      0.266 gfx: RLC after-psp-command CNTL 0x00000000 read 0x00000000 STATUS2 0x01000008 read 0x00000000
    72      0.266 gfx: GRBM after-psp-command STATUS 0x00003028 read 0x00000000
    73      0.272 psp: command 9 (id 6, type 4, 267440 bytes): rc 0, status 0x0, 5916 us, in TMR at 0xF5FF800000
    74      0.272 gfx: RLC after-psp-command CNTL 0x00000000 read 0x00000000 STATUS2 0x01000008 read 0x00000000
    75      0.272 gfx: GRBM after-psp-command STATUS 0x00003028 read 0x00000000
    76      0.272 psp: command 10 (id 6, type 6, 896 bytes): rc 0, status 0x0, 130 us, in TMR at 0x0
    77      0.272 gfx: RLC after-psp-command CNTL 0x00000000 read 0x00000000 STATUS2 0x01000008 read 0x00000000
    78      0.272 gfx: GRBM after-psp-command STATUS 0x00003028 read 0x00000000
    79      0.274 psp: command 11 (id 6, type 8, 25088 bytes): rc 0, status 0x0, 1711 us, in TMR at 0x0
    80      0.274 gfx: RLC after-psp-command CNTL 0x00000000 read 0x00000000 STATUS2 0x01000008 read 0x00000000
    81      0.274 gfx: GRBM after-psp-command STATUS 0x00003028 read 0x00000000
    82      0.274 psp: op 1 -> 0x00000000, result 0, 15 writes, 11 of 11 commands
    83      0.274 gfx: RLC after-psp CNTL 0x00000000 read 0x00000000 STATUS2 0x01000008 read 0x00000000
    84      0.274 gfx: GRBM after-psp STATUS 0x00003028 read 0x00000000
    85      0.274 startup: entering IH initialization
    86      0.278 ih: init: rc 0, 18 writes
    87      0.278 ih: op 1 -> 0x00000000, result 0, 19 writes; 0 interrupt routine calls, 0 ours, 0 DPCs, 0 vectors; status idle 1 input_idle 1 bif_interrupt_line 0
    88      0.278 startup: entering GFX initialization
    89      0.280 startup: entering GFX stage 1
    90      0.282 gfx: RLC startup policy pp_gfxoff 0
    91      0.284 gfx: stage 1 (doorbell aperture): rc 0, 49 writes so far, 2 us
    92      0.284 gfx: op 1 to stage 1 -> 0x00000000, result 0, 49 writes, 0 doorbells
    93      0.286 startup: entering GFX stage 2
    94      0.290 gfx: stage 2 (golden registers): rc 0, 34 writes so far, 25 us
    95      0.290 gfx: op 1 to stage 2 -> 0x00000000, result 0, 34 writes, 0 doorbells
    96      0.292 startup: entering GFX stage 3
    97      0.294 gfx: stage 3 (GRBM CAM probe): rc 0, 3 writes so far, 2 us
    98      0.294 gfx: op 1 to stage 3 -> 0x00000000, result 0, 3 writes, 0 doorbells
    99      0.296 startup: entering GFX stage 4
   100      0.298 gfx: stage 4 (constants): rc 0, 157 writes so far, 61 us
   101      0.298 gfx: op 1 to stage 4 -> 0x00000000, result 0, 157 writes, 0 doorbells
   102      0.302 startup: entering GFX stage 5
   103      0.304 startup: RLC boundary acquire-paging-lock
   104      0.306 startup: RLC boundary acquire-gart-lock
   105      0.310 startup: RLC boundary locks-acquired
   106      0.312 startup: RLC boundary before-rlc-resume
   107      0.314 startup: RLC boundary after-rlc-resume
   108      0.316 startup: RLC boundary before-gfx-visibility
   109      0.318 gpumem: GFXHUB after-invalidate-request sample 0x00F80001 fault 0x00000000
   110      0.320 startup: visibility observer returned after-invalidate-request
   111      0.324 gpumem: GFXHUB after-invalidate-request-read sample 0x00F80001 fault 0x00000000
   112      0.326 startup: visibility observer returned after-invalidate-request-read
   113      0.330 gpumem: GFXHUB after-invalidate-ack sample 0x00000001 fault 0x00000000
   114      0.332 startup: visibility observer returned after-invalidate-ack
   115      0.334 startup: visibility GFX returned 0, entering MMHUB
   116      0.336 startup: visibility MMHUB returned 0
   117      0.338 gpumem: startup GFX translations committed after RLC, before CP
   118      0.342 gfx: RLC after-bootstrap-translation-commit CNTL 0x00000001 read 0x00000000 STATUS2 0x00000008 read 0x00000000
   119      0.342 gfx: GRBM after-bootstrap-translation-commit STATUS 0x00003028 read 0x00000000
   120      0.342 startup: visibility publication observer returned
   121      0.344 startup: RLC boundary after-gfx-visibility
   122      0.346 gfx: stage 5 (RLC): rc 0, 11 writes so far, 34378 us
   123      0.346 gfx: op 1 to stage 5 -> 0x00000000, result 0, 11 writes, 0 doorbells
   124      0.348 startup: entering GFX stage 6
   125      0.350 startup: entering CP step 1
   126      0.352 startup: CP1 checkpoint acquire-paging-lock
   127      0.354 startup: CP1 checkpoint acquire-gart-lock
   128      0.358 startup: CP1 checkpoint locks-acquired
   129      0.360 amdgpu[0]: CP resume kiq-init begin

   130      0.360 startup: CP1 checkpoint scheduler
   131      0.362 startup: CP1 checkpoint scheduler-read
   132      0.364 startup: CP1 checkpoint scheduler-write
   133      0.366 startup: CP1 checkpoint scheduler-done
   134      0.370 startup: CP1 checkpoint clear-mqd
   135      0.374 startup: CP1 checkpoint select-queue
   136      0.376 startup: CP1 checkpoint build-mqd
   137      0.378 startup: CP1 checkpoint disable-wptr-poll
   138      0.380 startup: CP1 checkpoint read-active
   139      0.384 startup: CP1 checkpoint program-hqd
   140      0.386 startup: CP1 checkpoint activate-hqd
   141      0.388 startup: CP1 checkpoint restore-selection
   142      0.390 startup: CP1 checkpoint complete
   143      0.394 amdgpu[0]: CP resume kiq-init end result=0

   144      0.394 gfx: CP step 1: rc 0, 27 writes, 33958 us
   145      0.394 gfx: op 1 to stage 6 -> 0x00000000, result 0, 27 writes, 0 doorbells
   146      0.394 startup: CP step 1 returned 0x00000000 result 0
   147      0.396 startup: entering CP step 2
   148      0.398 amdgpu[0]: CP resume compute-unhalt begin

   149      0.398 amdgpu[0]: CP resume compute-unhalt end

   150      0.398 amdgpu[0]: CP resume kcq-init ring=0 begin

   151      0.398 amdgpu[0]: CP resume kcq-init ring=0 end result=0

   152      0.398 amdgpu[0]: CP resume kcq-init ring=1 begin

   153      0.398 amdgpu[0]: CP resume kcq-init ring=1 end result=0

   154      0.398 amdgpu[0]: CP resume kcq-init ring=2 begin

   155      0.398 amdgpu[0]: CP resume kcq-init ring=2 end result=0

   156      0.398 amdgpu[0]: CP resume kcq-init ring=3 begin

   157      0.398 amdgpu[0]: CP resume kcq-init ring=3 end result=0

   158      0.398 amdgpu[0]: CP resume kcq-init ring=4 begin

   159      0.398 amdgpu[0]: CP resume kcq-init ring=4 end result=0

   160      0.398 amdgpu[0]: CP resume kcq-init ring=5 begin

   161      0.398 amdgpu[0]: CP resume kcq-init ring=5 end result=0

   162      0.398 amdgpu[0]: CP resume kcq-init ring=6 begin

   163      0.398 amdgpu[0]: CP resume kcq-init ring=6 end result=0

   164      0.398 amdgpu[0]: CP resume kcq-init ring=7 begin

   165      0.398 amdgpu[0]: CP resume kcq-init ring=7 end result=0

   166      0.398 gfx: CP step 2: rc 0, 17 writes, 331 us
   167      0.398 gfx: op 1 to stage 6 -> 0x00000000, result 0, 17 writes, 0 doorbells
   168      0.398 startup: CP step 2 returned 0x00000000 result 0
   169      0.400 startup: entering CP step 3
   170      0.404 amdgpu[0]: CP resume kcq-enable begin

   171      0.404 amdgpu[0]: CP resume kcq-enable end result=0

   172      0.404 gfx: CP step 3: rc 0, 1 writes, 57 us
   173      0.404 gfx: op 1 to stage 6 -> 0x00000000, result 0, 1 writes, 2 doorbells
   174      0.404 startup: CP step 3 returned 0x00000000 result 0
   175      0.406 startup: entering CP step 4
   176      0.410 amdgpu[0]: CP resume kgq-init ring=0 begin

   177      0.410 amdgpu[0]: CP resume kgq-init ring=0 end result=0

   178      0.410 gfx: CP step 4: rc 0, 4 writes, 36 us
   179      0.410 gfx: op 1 to stage 6 -> 0x00000000, result 0, 4 writes, 0 doorbells
   180      0.410 startup: CP step 4 returned 0x00000000 result 0
   181      0.412 startup: entering CP step 5
   182      0.414 amdgpu[0]: CP resume kgq-enable begin

   183      0.414 amdgpu[0]: CP resume kgq-enable end result=0

   184      0.414 gfx: CP step 5: rc 0, 1 writes, 28 us
   185      0.414 gfx: op 1 to stage 6 -> 0x00000000, result 0, 1 writes, 2 doorbells
   186      0.414 startup: CP step 5 returned 0x00000000 result 0
   187      0.416 startup: entering CP step 6
   188      0.420 amdgpu[0]: CP resume gfx-start begin

   189      0.420 amdgpu[0]: CP resume gfx-start end result=0

   190      0.420 gfx: CP step 6: rc 0, 3 writes, 28 us
   191      0.420 gfx: op 1 to stage 6 -> 0x00000000, result 0, 3 writes, 1 doorbells
   192      0.420 startup: CP step 6 returned 0x00000000 result 0
   193      0.422 startup: entering CP step 7
   194      0.424 amdgpu[0]: CP resume gfx-test ring=0 begin

   195      0.424 amdgpu[0]: CP resume gfx-test ring=0 end result=0

   196      0.424 gfx: CP step 7: rc 0, 1 writes, 22 us
   197      0.424 gfx: op 1 to stage 6 -> 0x00000000, result 0, 1 writes, 1 doorbells
   198      0.424 startup: CP step 7 returned 0x00000000 result 0
   199      0.428 startup: entering CP step 8
   200      0.430 amdgpu[0]: CP resume compute-test ring=0 begin

   201      0.430 amdgpu[0]: CP resume compute-test ring=0 end result=0

   202      0.430 amdgpu[0]: CP resume compute-test ring=1 begin

   203      0.430 amdgpu[0]: CP resume compute-test ring=1 end result=0

   204      0.430 amdgpu[0]: CP resume compute-test ring=2 begin

   205      0.430 amdgpu[0]: CP resume compute-test ring=2 end result=0

   206      0.430 amdgpu[0]: CP resume compute-test ring=3 begin

   207      0.430 amdgpu[0]: CP resume compute-test ring=3 end result=0

   208      0.430 amdgpu[0]: CP resume compute-test ring=4 begin

   209      0.430 amdgpu[0]: CP resume compute-test ring=4 end result=0

   210      0.430 amdgpu[0]: CP resume compute-test ring=5 begin

   211      0.430 amdgpu[0]: CP resume compute-test ring=5 end result=0

   212      0.430 amdgpu[0]: CP resume compute-test ring=6 begin

   213      0.430 amdgpu[0]: CP resume compute-test ring=6 end result=0

   214      0.430 amdgpu[0]: CP resume compute-test ring=7 begin

   215      0.430 amdgpu[0]: CP resume compute-test ring=7 end result=0

   216      0.430 gfx: CP step 8: rc 0, 8 writes, 157 us
   217      0.430 gfx: op 1 to stage 6 -> 0x00000000, result 0, 8 writes, 8 doorbells
   218      0.430 startup: CP step 8 returned 0x00000000 result 0
   219      0.436 startup: entering GFX stage 7
   220      0.438 gfx: stage 7 (SDMA): rc 0, 93 writes so far, 127 us
   221      0.438 gfx: op 1 to stage 7 -> 0x00000000, result 0, 93 writes, 2 doorbells
   222      0.442 startup: entering GFX stage 8
   223      0.444 gfx: stage 8 (interrupt sources): rc 0, 35 writes so far, 23 us
   224      0.444 gfx: paging node ready, SDMA0 doorbell 0x200, per-buffer private commands
   225      0.444 gfx: op 1 to stage 8 -> 0x00000000, result 0, 35 writes, 0 doorbells
   226      0.448 startup: SDMA control 0 command 16 bytes 4096 begin
   227      0.452 gfx: sdmacopy 4096 bytes -> 0x00000000, result 0, matched 1, first mismatch at 0x0 (got 0x00 want 0x00), 11 us
   228      0.452 startup: SDMA control 0 status 0 NT 0x00000000 result 0 fence 1/1 compare 4096 matched 1
   229      0.454 startup: SDMA control 1 command 18 bytes 4096 begin
   230      0.458 gfx: sdmaib buffer 0x564000 length 16 DWORD VMID0 CSA0
   231      0.458 gfx: sdmaib 4096 bytes -> 0x00000000, result 0, matched 1, first mismatch at 0x0 (got 0x00 want 0x00), 12 us
   232      0.458 startup: SDMA control 1 status 0 NT 0x00000000 result 0 fence 2/2 compare 4096 matched 1
   233      0.462 startup: SDMA control 2 command 18 bytes 65536 begin
   234      0.466 gfx: sdmaib buffer 0x564000 length 16 DWORD VMID0 CSA0
   235      0.488 gfx: sdmaib 65536 bytes -> 0x00000000, result 0, matched 1, first mismatch at 0x0 (got 0x00 want 0x00), 12 us
   236      0.488 startup: SDMA control 2 status 0 NT 0x00000000 result 0 fence 3/3 compare 65536 matched 1
   237      0.490 startup: SDMA control 3 command 16 bytes 65536 begin
   238      0.516 gfx: sdmacopy 65536 bytes -> 0x00000000, result 0, matched 1, first mismatch at 0x0 (got 0x00 want 0x00), 12 us
   239      0.516 startup: SDMA control 3 status 0 NT 0x00000000 result 0 fence 4/4 compare 65536 matched 1
   240      0.518 startup: SDMA VMID2 translated control begin
   241      0.522 gfx: sdmava root PA0x46E02C000 IB PA0x26FF39000 system PA0x26FF18000 source PA0x46E00C000 VA0x40000000 CSA0x40003000 VMID2
   242      0.522 gfx: sdmava trial0 sourceVRAM fence5/5 compared4096 status0x00000000
   243      0.522 gfx: sdmava trial1 sourcesystem-remap fence6/6 compared4096 status0x00000000
   244      0.522 gfx: sdmava end status0x00000000 result0 fault0x0
   245      0.526 startup: both engines ready
   246      0.528 startup: attempted 0xF completed 0xF status 0x00000000 ready 1 unwind 0 quarantine 0
   247      0.528 wddm: GPU initialized before adapter admission
   248      0.528 wddm: callbacks sync 1 notify 1 queuedpc 1 notifydpc 1, interface 312 of 312 bytes
   249      0.528 stage 35
   250      0.530 stage 39
   251      0.530 wddm: display QueryChildRelations call 1 detail 0x38 -> 0x00000000
   252      0.530 wddm: DRIVERCAPS into 576 bytes: wddm 8192 sched 0x45 mm 0x60 flip 0x12 slots 0 tdr 1 dflip 1 rot 1
   253      0.530 wddm: QueryAdapterInfo type 1 in 0 out 576 -> 0x00000000
   254      0.530 wddm: QueryAdapterInfo type 15 in 4 out 20 -> 0xC00000BB
   255      0.530 wddm: QueryAdapterInfo type 47 in 0 out 4 -> 0xC00000BB
   569      1.273 amdgpu[2]: ring alloc of 16 dwords exceeds max_dw 13

   570      1.273 gfx: paging submit, 1005 dwords from private buffer at 0x0, seq 152
   571      1.275 amdgpu[2]: ring alloc of 16 dwords exceeds max_dw 13

   572      1.275 gfx: paging submit, 1005 dwords from private buffer at 0x0, seq 153
   573      1.275 amdgpu[2]: ring alloc of 16 dwords exceeds max_dw 13

   574      1.275 gfx: paging submit, 1005 dwords from private buffer at 0x0, seq 154
   575      1.275 amdgpu[2]: ring alloc of 16 dwords exceeds max_dw 13

   576      1.275 gfx: paging submit, 1005 dwords from private buffer at 0x0, seq 155
   577      1.275 amdgpu[2]: ring alloc of 16 dwords exceeds max_dw 13

   578      1.275 gfx: paging submit, 1005 dwords from private buffer at 0x0, seq 156
   579      1.275 amdgpu[2]: ring alloc of 16 dwords exceeds max_dw 13

   580      1.275 gfx: paging submit, 1005 dwords from private buffer at 0x0, seq 157
   581      1.275 amdgpu[2]: ring alloc of 16 dwords exceeds max_dw 13

   582      1.275 gfx: paging submit, 1005 dwords from private buffer at 0x0, seq 158
   583      1.277 amdgpu[2]: ring alloc of 16 dwords exceeds max_dw 13

   584      1.277 gfx: paging submit, 1005 dwords from private buffer at 0x0, seq 159
   585      1.277 amdgpu[2]: ring alloc of 16 dwords exceeds max_dw 13

   586      1.277 gfx: paging submit, 1005 dwords from private buffer at 0x0, seq 160
   587      1.277 gfx: paging submit, 800 dwords from private buffer at 0x0, seq 161
   588      1.277 gfx: paging submit, 198 dwords from private buffer at 0xC80, seq 162
   589      1.277 gfx: paging submit, 16 dwords from private buffer at 0xF98, seq 163
   590      1.277 gfx: paging submit, 1006 dwords from private buffer at 0x0, seq 164
   591      1.277 gfx: paging submit, 974 dwords from private buffer at 0x0, seq 165
   592      1.277 gfx: paging submit, 1004 dwords from private buffer at 0x0, seq 166
   593      1.277 gfx: paging submit, 1004 dwords from private buffer at 0x0, seq 167
   594      1.279 gfx: paging submit, 1004 dwords from private buffer at 0x0, seq 168
   595      1.279 gfx: paging submit, 637 dwords from private buffer at 0x0, seq 169
   596      1.279 gfx: paging submit, 76 dwords from private buffer at 0x0, seq 170
   597      1.279 gfx: paging submit, 928 dwords from private buffer at 0x130, seq 171
   598      1.279 gfx: paging submit, 124 dwords from private buffer at 0x0, seq 172
   599      1.279 gfx: paging submit, 880 dwords from private buffer at 0x1F0, seq 173
   600      1.279 gfx: paging submit, 172 dwords from private buffer at 0x0, seq 174
   601      1.279 gfx: paging submit, 832 dwords from private buffer at 0x2B0, seq 175
   602      1.279 gfx: paging submit, 220 dwords from private buffer at 0x0, seq 176
   603      1.279 gfx: paging submit, 784 dwords from private buffer at 0x370, seq 177
   604      1.279 gfx: paging submit, 321 dwords from private buffer at 0x0, seq 178
   605      1.285 wddm: CreateAllocation 1 allocations, flags 1 resource yes
   606      1.285 wddm: OpenAllocation [0] handle 0xC0002A40 private 32 bytes -> FFFFAE085C809E50 (GetHandleData said 0000000000000000)
   607      1.285 wddm: OpenAllocation 1 allocations flags 0x00000001
   608      1.287 gfx: paging submit, 688 dwords from private buffer at 0x504, seq 179
   609      1.287 gfx: paging submit, 159 dwords from private buffer at 0x0, seq 180
   610      1.287 gfx: paging submit, 848 dwords from private buffer at 0x27C, seq 181
   611      1.287 gfx: paging submit, 1004 dwords from private buffer at 0x0, seq 182
   612      1.287 gfx: paging submit, 1004 dwords from private buffer at 0x0, seq 183
   613      1.289 gfx: paging submit, 1004 dwords from private buffer at 0x0, seq 184
   614      1.289 amdgpu[2]: ring alloc of 16 dwords exceeds max_dw 12

   615      1.289 gfx: paging submit, 1006 dwords from private buffer at 0x0, seq 185
   616      1.289 amdgpu[2]: ring alloc of 16 dwords exceeds max_dw 13

   617      1.289 gfx: paging submit, 1005 dwords from private buffer at 0x0, seq 186
   618      1.289 amdgpu[2]: ring alloc of 16 dwords exceeds max_dw 13

   619      1.289 gfx: paging submit, 1005 dwords from private buffer at 0x0, seq 187
   620      1.289 amdgpu[2]: ring alloc of 16 dwords exceeds max_dw 13

   621      1.289 gfx: paging submit, 1005 dwords from private buffer at 0x0, seq 188
   622      1.289 amdgpu[2]: ring alloc of 16 dwords exceeds max_dw 13

   623      1.289 gfx: paging submit, 1005 dwords from private buffer at 0x0, seq 189
   624      1.289 amdgpu[2]: ring alloc of 16 dwords exceeds max_dw 13

   625      1.289 gfx: paging submit, 1005 dwords from private buffer at 0x0, seq 190
   626      1.291 amdgpu[2]: ring alloc of 16 dwords exceeds max_dw 13

   627      1.291 gfx: paging submit, 1005 dwords from private buffer at 0x0, seq 191
   628      1.291 amdgpu[2]: ring alloc of 16 dwords exceeds max_dw 13

   629      1.291 gfx: paging submit, 1005 dwords from private buffer at 0x0, seq 192
   630      1.291 amdgpu[2]: ring alloc of 16 dwords exceeds max_dw 13

   631      1.291 gfx: paging submit, 1005 dwords from private buffer at 0x0, seq 193
   632      1.291 amdgpu[2]: ring alloc of 16 dwords exceeds max_dw 13

   633      1.291 gfx: paging submit, 1005 dwords from private buffer at 0x0, seq 194
   634      1.291 amdgpu[2]: ring alloc of 16 dwords exceeds max_dw 13

   635      1.291 gfx: paging submit, 1005 dwords from private buffer at 0x0, seq 195
   636      1.293 gfx: paging submit, 975 dwords from private buffer at 0x0, seq 196
   637      1.293 gfx: paging submit, 32 dwords from private buffer at 0xF3C, seq 197
   638      1.293 gfx: paging submit, 800 dwords from private buffer at 0x0, seq 198
   639      1.293 gfx: paging submit, 208 dwords from private buffer at 0xC80, seq 199
   640      1.293 gfx: paging submit, 974 dwords from private buffer at 0x0, seq 200
   641      1.293 gfx: paging submit, 1006 dwords from private buffer at 0x0, seq 201
   642      1.293 gfx: paging submit, 1004 dwords from private buffer at 0x0, seq 202
   643      1.293 gfx: paging submit, 1004 dwords from private buffer at 0x0, seq 203
   644      1.293 gfx: paging submit, 653 dwords from private buffer at 0x0, seq 204
   645      1.293 gfx: paging submit, 844 dwords from private buffer at 0x0, seq 205
   646      1.293 gfx: paging submit, 160 dwords from private buffer at 0xD30, seq 206
   647      1.293 gfx: paging submit, 892 dwords from private buffer at 0x0, seq 207
   648      1.293 gfx: paging submit, 112 dwords from private buffer at 0xDF0, seq 208
   649      1.295 gfx: paging submit, 940 dwords from private buffer at 0x0, seq 209
   650      1.295 gfx: paging submit, 64 dwords from private buffer at 0xEB0, seq 210
   651      1.295 gfx: paging submit, 1018 dwords from private buffer at 0x0, seq 211
   652      1.295 gfx: paging submit, 35 dwords from private buffer at 0x0, seq 212
   653      1.303 dcnflip: write 0x14128 = 0x00110104 -> 0x00000000
   654      1.303 wddm: hardware vsync off (OTG0 VUPDATE_NO_LOCK, EnableVidPnFlip)
   655      1.303 wddm: display SetVidPnSourceVisibility call 2 detail 0x0 -> 0x00000000
   656      1.403 wddm: display SetVidPnSourceVisibility call 3 detail 0x0 -> 0x00000000
   657      1.403 wddm: BuildPagingBuffer operation 2 segment 0, 65396 bytes free, pass offset 0
   658      1.403 gfx: paging submit, 974 dwords from private buffer at 0x8C, seq 213
   659      1.403 gfx: paging submit, 531 dwords from private buffer at 0x0, seq 214
   660      1.403 gfx: paging submit, 15 dwords from private buffer at 0x84C, seq 215
   661      1.403 wddm: CloseAllocation 1 allocations
   662      1.403 wddm: DestroyAllocation 1 allocations
   663      1.403 wddm: BuildPagingBuffer operation 2 segment 0, 63352 bytes free, pass offset 0
   664      1.403 gfx: paging submit, 39 dwords from private buffer at 0x888, seq 216
   665      1.403 gfx: paging submit, 15 dwords from private buffer at 0x924, seq 217
   666      1.403 wddm: CloseAllocation 1 allocations
   667      1.403 wddm: DestroyAllocation 1 allocations
   668      1.405 gfx: paging submit, 416 dwords from private buffer at 0x960, seq 218
   669      1.407 gfx: paging submit, 1004 dwords from private buffer at 0x0, seq 219
   670      1.407 gfx: paging submit, 1004 dwords from private buffer at 0x0, seq 220
   671      1.407 gfx: paging submit, 1004 dwords from private buffer at 0x0, seq 221
   672      1.407 gfx: paging submit, 1004 dwords from private buffer at 0x0, seq 222
   673      1.407 gfx: paging submit, 1018 dwords from private buffer at 0x0, seq 223
   674      1.407 gfx: paging submit, 1004 dwords from private buffer at 0x0, seq 224
   675      1.409 gfx: paging submit, 1004 dwords from private buffer at 0x0, seq 225
   676      1.409 gfx: paging submit, 1004 dwords from private buffer at 0x0, seq 226
   677      1.409 wddm: BuildPagingBuffer operation 8 segment 0, 62260 bytes free, pass offset 0
   678      1.411 amdgpu[2]: ring alloc of 96 dwords exceeds max_dw 0

   679      1.411 wddm: capture reserved token 0x80000001 bytes 9216000 pages 2250 identities 4500 linear 0
   680      1.411 wddm: BuildPagingBuffer operation 8 segment 0, 65536 bytes free, pass offset 2147483649
   681      1.411 gfx: paging submit, 985 dwords from private buffer at 0x0, seq 227
   682      1.413 gfx: paging submit, 996 dwords from private buffer at 0x0, seq 228
   683      1.413 wddm: BuildPagingBuffer operation 8 segment 0, 65536 bytes free, pass offset 2147483649
   684      1.413 gfx: paging submit, 996 dwords from private buffer at 0x0, seq 229
   685      1.413 wddm: BuildPagingBuffer operation 8 segment 0, 65536 bytes free, pass offset 2147483649
   686      1.413 gfx: paging submit, 996 dwords from private buffer at 0x0, seq 230
   687      1.413 gfx: paging submit, 996 dwords from private buffer at 0x0, seq 231
   688      1.413 gfx: paging submit, 996 dwords from private buffer at 0x0, seq 232
   689      1.413 gfx: paging submit, 996 dwords from private buffer at 0x0, seq 233
   690      1.413 gfx: paging submit, 996 dwords from private buffer at 0x0, seq 234
   691      1.413 gfx: paging submit, 996 dwords from private buffer at 0x0, seq 235
   692      1.415 gfx: paging submit, 996 dwords from private buffer at 0x0, seq 236
   693      1.415 gfx: paging submit, 996 dwords from private buffer at 0x0, seq 237
   694      1.415 gfx: paging submit, 996 dwords from private buffer at 0x0, seq 238
   695      1.415 gfx: paging submit, 996 dwords from private buffer at 0x0, seq 239
   696      1.415 gfx: paging submit, 996 dwords from private buffer at 0x0, seq 240
   697      1.415 gfx: paging submit, 996 dwords from private buffer at 0x0, seq 241
   698      1.415 gfx: paging submit, 996 dwords from private buffer at 0x0, seq 242
   699      1.417 gfx: paging submit, 996 dwords from private buffer at 0x0, seq 243
   700      1.417 gfx: paging submit, 996 dwords from private buffer at 0x0, seq 244
   701      1.417 gfx: paging submit, 996 dwords from private buffer at 0x0, seq 245
   702      1.417 gfx: paging submit, 996 dwords from private buffer at 0x0, seq 246
   703      1.417 gfx: paging submit, 996 dwords from private buffer at 0x0, seq 247
   704      1.417 gfx: paging submit, 996 dwords from private buffer at 0x0, seq 248
   705      1.417 gfx: paging submit, 996 dwords from private buffer at 0x0, seq 249
   706      1.417 gfx: paging submit, 996 dwords from private buffer at 0x0, seq 250
   707      1.419 gfx: paging submit, 996 dwords from private buffer at 0x0, seq 251
   708      1.419 gfx: paging submit, 996 dwords from private buffer at 0x0, seq 252
   709      1.419 gfx: paging submit, 996 dwords from private buffer at 0x0, seq 253
   710      1.419 gfx: paging submit, 996 dwords from private buffer at 0x0, seq 254
   711      1.419 gfx: paging submit, 996 dwords from private buffer at 0x0, seq 255
   712      1.419 gfx: paging submit, 996 dwords from private buffer at 0x0, seq 256
   713      1.419 gfx: paging submit, 996 dwords from private buffer at 0x0, seq 257
   714      1.421 gfx: paging submit, 996 dwords from private buffer at 0x0, seq 258
   715      1.421 gfx: paging submit, 996 dwords from private buffer at 0x0, seq 259
   716      1.421 gfx: paging submit, 996 dwords from private buffer at 0x0, seq 260
   717      1.421 gfx: paging submit, 996 dwords from private buffer at 0x0, seq 261
   718      1.421 gfx: paging submit, 996 dwords from private buffer at 0x0, seq 262
   719      1.421 gfx: paging submit, 996 dwords from private buffer at 0x0, seq 263
   720      1.421 gfx: paging submit, 996 dwords from private buffer at 0x0, seq 264
   721      1.421 gfx: paging submit, 996 dwords from private buffer at 0x0, seq 265
   722      1.423 gfx: paging submit, 996 dwords from private buffer at 0x0, seq 266
   723      1.423 gfx: paging submit, 996 dwords from private buffer at 0x0, seq 267
   724      1.423 gfx: paging submit, 996 dwords from private buffer at 0x0, seq 268
   725      1.423 gfx: paging submit, 996 dwords from private buffer at 0x0, seq 269
   726      1.423 gfx: paging submit, 996 dwords from private buffer at 0x0, seq 270
   727      1.423 gfx: paging submit, 996 dwords from private buffer at 0x0, seq 271
   728      1.423 gfx: paging submit, 996 dwords from private buffer at 0x0, seq 272
   729      1.425 gfx: paging submit, 996 dwords from private buffer at 0x0, seq 273
   730      1.425 gfx: paging submit, 996 dwords from private buffer at 0x0, seq 274
   731      1.425 gfx: paging submit, 996 dwords from private buffer at 0x0, seq 275
   732      1.425 gfx: paging submit, 996 dwords from private buffer at 0x0, seq 276
   733      1.425 gfx: paging submit, 996 dwords from private buffer at 0x0, seq 277
   734      1.425 gfx: paging submit, 996 dwords from private buffer at 0x0, seq 278
   735      1.425 gfx: paging submit, 996 dwords from private buffer at 0x0, seq 279
   736      1.425 gfx: paging submit, 996 dwords from private buffer at 0x0, seq 280
   737      1.427 gfx: paging submit, 996 dwords from private buffer at 0x0, seq 281
   738      1.427 gfx: paging submit, 996 dwords from private buffer at 0x0, seq 282
   739      1.427 gfx: paging submit, 996 dwords from private buffer at 0x0, seq 283
   740      1.427 gfx: paging submit, 996 dwords from private buffer at 0x0, seq 284
   741      1.427 gfx: paging submit, 996 dwords from private buffer at 0x0, seq 285
   742      1.427 gfx: paging submit, 996 dwords from private buffer at 0x0, seq 286
   743      1.427 gfx: paging submit, 996 dwords from private buffer at 0x0, seq 287
   744      1.429 gfx: paging submit, 996 dwords from private buffer at 0x0, seq 288
   745      1.429 gfx: paging submit, 996 dwords from private buffer at 0x0, seq 289
   746      1.429 gfx: paging submit, 996 dwords from private buffer at 0x0, seq 290
   747      1.429 gfx: paging submit, 996 dwords from private buffer at 0x0, seq 291
   748      1.429 gfx: paging submit, 996 dwords from private buffer at 0x0, seq 292
   749      1.429 gfx: paging submit, 996 dwords from private buffer at 0x0, seq 293
   750      1.429 gfx: paging submit, 996 dwords from private buffer at 0x0, seq 294
   751      1.429 gfx: paging submit, 996 dwords from private buffer at 0x0, seq 295
   752      1.431 gfx: paging submit, 996 dwords from private buffer at 0x0, seq 296
   753      1.431 gfx: paging submit, 996 dwords from private buffer at 0x0, seq 297
   754      1.431 gfx: paging submit, 996 dwords from private buffer at 0x0, seq 298
   755      1.431 gfx: paging submit, 996 dwords from private buffer at 0x0, seq 299
   756      1.431 gfx: paging submit, 996 dwords from private buffer at 0x0, seq 300
   757      1.431 gfx: paging submit, 996 dwords from private buffer at 0x0, seq 301
   758      1.431 gfx: paging submit, 996 dwords from private buffer at 0x0, seq 302
   759      1.433 gfx: paging submit, 996 dwords from private buffer at 0x0, seq 303
   760      1.433 gfx: paging submit, 996 dwords from private buffer at 0x0, seq 304
   761      1.433 gfx: paging submit, 996 dwords from private buffer at 0x0, seq 305
   762      1.433 gfx: paging submit, 996 dwords from private buffer at 0x0, seq 306
   763      1.433 gfx: paging submit, 996 dwords from private buffer at 0x0, seq 307
   764      1.433 gfx: paging submit, 996 dwords from private buffer at 0x0, seq 308
   765      1.433 gfx: paging submit, 996 dwords from private buffer at 0x0, seq 309
   766      1.435 gfx: paging submit, 996 dwords from private buffer at 0x0, seq 310
   767      1.435 gfx: paging submit, 996 dwords from private buffer at 0x0, seq 311
   768      1.435 gfx: paging submit, 996 dwords from private buffer at 0x0, seq 312
   769      1.435 gfx: paging submit, 996 dwords from private buffer at 0x0, seq 313
   770      1.435 gfx: paging submit, 996 dwords from private buffer at 0x0, seq 314
   771      1.435 gfx: paging submit, 996 dwords from private buffer at 0x0, seq 315
   772      1.435 gfx: paging submit, 996 dwords from private buffer at 0x0, seq 316
   773      1.435 gfx: paging submit, 996 dwords from private buffer at 0x0, seq 317
   774      1.437 gfx: paging submit, 996 dwords from private buffer at 0x0, seq 318
   775      1.437 gfx: paging submit, 996 dwords from private buffer at 0x0, seq 319
   776      1.437 gfx: paging submit, 996 dwords from private buffer at 0x0, seq 320
   777      1.437 gfx: paging submit, 996 dwords from private buffer at 0x0, seq 321
   778      1.437 gfx: paging submit, 996 dwords from private buffer at 0x0, seq 322
   779      1.437 gfx: paging submit, 996 dwords from private buffer at 0x0, seq 323
   780      1.437 gfx: paging submit, 996 dwords from private buffer at 0x0, seq 324
   781      1.439 gfx: paging submit, 996 dwords from private buffer at 0x0, seq 325
   782      1.439 gfx: paging submit, 996 dwords from private buffer at 0x0, seq 326
   783      1.439 gfx: paging submit, 996 dwords from private buffer at 0x0, seq 327
   784      1.439 gfx: paging submit, 996 dwords from private buffer at 0x0, seq 328
   785      1.439 gfx: paging submit, 996 dwords from private buffer at 0x0, seq 329
   786      1.439 gfx: paging submit, 996 dwords from private buffer at 0x0, seq 330
   787      1.439 gfx: paging submit, 996 dwords from private buffer at 0x0, seq 331
   788      1.439 gfx: paging submit, 996 dwords from private buffer at 0x0, seq 332
   789      1.441 gfx: paging submit, 996 dwords from private buffer at 0x0, seq 333
   790      1.441 gfx: paging submit, 996 dwords from private buffer at 0x0, seq 334
   791      1.441 gfx: paging submit, 996 dwords from private buffer at 0x0, seq 335
   792      1.441 gfx: paging submit, 996 dwords from private buffer at 0x0, seq 336
   793      1.441 gfx: paging submit, 996 dwords from private buffer at 0x0, seq 337
   794      1.441 gfx: paging submit, 996 dwords from private buffer at 0x0, seq 338
   795      1.441 gfx: paging submit, 996 dwords from private buffer at 0x0, seq 339
   796      1.443 gfx: paging submit, 996 dwords from private buffer at 0x0, seq 340
   797      1.443 gfx: paging submit, 996 dwords from private buffer at 0x0, seq 341
   798      1.443 gfx: paging submit, 996 dwords from private buffer at 0x0, seq 342
   799      1.443 gfx: paging submit, 996 dwords from private buffer at 0x0, seq 343
   800      1.443 gfx: paging submit, 996 dwords from private buffer at 0x0, seq 344
   801      1.443 gfx: paging submit, 996 dwords from private buffer at 0x0, seq 345
   802      1.443 gfx: paging submit, 996 dwords from private buffer at 0x0, seq 346
   803      1.443 gfx: paging submit, 996 dwords from private buffer at 0x0, seq 347
   804      1.445 gfx: paging submit, 996 dwords from private buffer at 0x0, seq 348
   805      1.445 gfx: paging submit, 996 dwords from private buffer at 0x0, seq 349
   806      1.445 gfx: paging submit, 996 dwords from private buffer at 0x0, seq 350
   807      1.445 gfx: paging submit, 996 dwords from private buffer at 0x0, seq 351
   808      1.445 gfx: paging submit, 996 dwords from private buffer at 0x0, seq 352
   809      1.445 gfx: paging submit, 996 dwords from private buffer at 0x0, seq 353
   810      1.445 gfx: paging submit, 996 dwords from private buffer at 0x0, seq 354
   811      1.447 gfx: paging submit, 996 dwords from private buffer at 0x0, seq 355
   812      1.447 gfx: paging submit, 996 dwords from private buffer at 0x0, seq 356
   813      1.447 gfx: paging submit, 996 dwords from private buffer at 0x0, seq 357
   814      1.447 gfx: paging submit, 996 dwords from private buffer at 0x0, seq 358
   815      1.447 gfx: paging submit, 996 dwords from private buffer at 0x0, seq 359
   816      1.447 gfx: paging submit, 996 dwords from private buffer at 0x0, seq 360
   817      1.447 gfx: paging submit, 996 dwords from private buffer at 0x0, seq 361
   818      1.447 gfx: paging submit, 996 dwords from private buffer at 0x0, seq 362
   819      1.449 gfx: paging submit, 996 dwords from private buffer at 0x0, seq 363
   820      1.449 gfx: paging submit, 996 dwords from private buffer at 0x0, seq 364
   821      1.449 gfx: paging submit, 996 dwords from private buffer at 0x0, seq 365
   822      1.449 gfx: paging submit, 996 dwords from private buffer at 0x0, seq 366
   823      1.449 gfx: paging submit, 996 dwords from private buffer at 0x0, seq 367
   824      1.449 gfx: paging submit, 996 dwords from private buffer at 0x0, seq 368
   825      1.449 gfx: paging submit, 996 dwords from private buffer at 0x0, seq 369
   826      1.451 gfx: paging submit, 996 dwords from private buffer at 0x0, seq 370
   827      1.451 gfx: paging submit, 996 dwords from private buffer at 0x0, seq 371
   828      1.451 gfx: paging submit, 996 dwords from private buffer at 0x0, seq 372
   829      1.451 gfx: paging submit, 996 dwords from private buffer at 0x0, seq 373
   830      1.451 gfx: paging submit, 996 dwords from private buffer at 0x0, seq 374
   831      1.451 gfx: paging submit, 996 dwords from private buffer at 0x0, seq 375
   832      1.451 gfx: paging submit, 996 dwords from private buffer at 0x0, seq 376
   833      1.451 gfx: paging submit, 996 dwords from private buffer at 0x0, seq 377
   834      1.453 gfx: paging submit, 996 dwords from private buffer at 0x0, seq 378
   835      1.453 gfx: paging submit, 996 dwords from private buffer at 0x0, seq 379
   836      1.453 gfx: paging submit, 996 dwords from private buffer at 0x0, seq 380
   837      1.453 gfx: paging submit, 996 dwords from private buffer at 0x0, seq 381
   838      1.453 gfx: paging submit, 996 dwords from private buffer at 0x0, seq 382
   839      1.453 gfx: paging submit, 996 dwords from private buffer at 0x0, seq 383
   840      1.453 gfx: paging submit, 996 dwords from private buffer at 0x0, seq 384
   841      1.455 gfx: paging submit, 996 dwords from private buffer at 0x0, seq 385
   842      1.455 gfx: paging submit, 996 dwords from private buffer at 0x0, seq 386
   843      1.455 gfx: paging submit, 996 dwords from private buffer at 0x0, seq 387
   844      1.455 gfx: paging submit, 996 dwords from private buffer at 0x0, seq 388
   845      1.455 gfx: paging submit, 996 dwords from private buffer at 0x0, seq 389
   846      1.455 gfx: paging submit, 996 dwords from private buffer at 0x0, seq 390
   847      1.455 gfx: paging submit, 996 dwords from private buffer at 0x0, seq 391
   848      1.455 gfx: paging submit, 996 dwords from private buffer at 0x0, seq 392
   849      1.457 gfx: paging submit, 996 dwords from private buffer at 0x0, seq 393
   850      1.457 gfx: paging submit, 996 dwords from private buffer at 0x0, seq 394
   851      1.457 gfx: paging submit, 996 dwords from private buffer at 0x0, seq 395
   852      1.457 gfx: paging submit, 996 dwords from private buffer at 0x0, seq 396
   853      1.457 gfx: paging submit, 996 dwords from private buffer at 0x0, seq 397
   854      1.457 gfx: paging submit, 996 dwords from private buffer at 0x0, seq 398
   855      1.457 gfx: paging submit, 996 dwords from private buffer at 0x0, seq 399
   856      1.459 gfx: paging submit, 996 dwords from private buffer at 0x0, seq 400
   857      1.459 gfx: paging submit, 996 dwords from private buffer at 0x0, seq 401
   858      1.459 gfx: paging submit, 996 dwords from private buffer at 0x0, seq 402
   859      1.459 gfx: paging submit, 996 dwords from private buffer at 0x0, seq 403
   860      1.459 gfx: paging submit, 996 dwords from private buffer at 0x0, seq 404
   861      1.459 gfx: paging submit, 996 dwords from private buffer at 0x0, seq 405
   862      1.459 gfx: paging submit, 996 dwords from private buffer at 0x0, seq 406
   863      1.459 gfx: paging submit, 996 dwords from private buffer at 0x0, seq 407
   864      1.461 gfx: paging submit, 996 dwords from private buffer at 0x0, seq 408
   865      1.461 gfx: paging submit, 996 dwords from private buffer at 0x0, seq 409
   866      1.461 gfx: paging submit, 996 dwords from private buffer at 0x0, seq 410
   867      1.461 gfx: paging submit, 996 dwords from private buffer at 0x0, seq 411
   868      1.461 gfx: paging submit, 996 dwords from private buffer at 0x0, seq 412
   869      1.461 gfx: paging submit, 996 dwords from private buffer at 0x0, seq 413
   870      1.461 gfx: paging submit, 996 dwords from private buffer at 0x0, seq 414
   871      1.463 gfx: paging submit, 332 dwords from private buffer at 0x0, seq 415
   872      1.465 gfx: paging submit, 672 dwords from private buffer at 0x530, seq 416
   873      1.465 gfx: paging submit, 974 dwords from private buffer at 0x0, seq 417
   874      1.465 gfx: paging submit, 1006 dwords from private buffer at 0x0, seq 418
   875      1.465 gfx: paging submit, 1004 dwords from private buffer at 0x0, seq 419
   876      1.465 gfx: paging submit, 1004 dwords from private buffer at 0x0, seq 420
   877      1.465 gfx: paging submit, 1005 dwords from private buffer at 0x0, seq 421
   878      1.465 gfx: paging submit, 1016 dwords from private buffer at 0x0, seq 422
   879      1.465 gfx: paging submit, 1004 dwords from private buffer at 0x0, seq 423
   880      1.465 gfx: paging submit, 1004 dwords from private buffer at 0x0, seq 424
   881      1.465 gfx: paging submit, 1004 dwords from private buffer at 0x0, seq 425
   882      1.465 gfx: paging submit, 275 dwords from private buffer at 0x0, seq 426
   883      1.465 gfx: paging submit, 197 dwords from private buffer at 0x0, seq 427
   884      1.467 gfx: paging submit, 15 dwords from private buffer at 0x314, seq 428
   885      1.471 gfx: paging submit, 800 dwords from private buffer at 0x350, seq 429
   886      1.471 gfx: paging submit, 1004 dwords from private buffer at 0x0, seq 430
   887      1.471 gfx: paging submit, 1004 dwords from private buffer at 0x0, seq 431
   888      1.471 gfx: paging submit, 1004 dwords from private buffer at 0x0, seq 432
   889      1.471 gfx: paging submit, 1006 dwords from private buffer at 0x0, seq 433
   890      1.471 gfx: paging submit, 1016 dwords from private buffer at 0x0, seq 434
   891      1.473 gfx: paging submit, 1004 dwords from private buffer at 0x0, seq 435
   892      1.473 gfx: paging submit, 1004 dwords from private buffer at 0x0, seq 436
   893      1.473 gfx: paging submit, 1004 dwords from private buffer at 0x0, seq 437
   894      1.477 amdgpu[2]: ring alloc of 96 dwords exceeds max_dw 0

   895      1.477 wddm: capture reserved token 0x80000002 bytes 9216000 pages 2250 identities 4500 linear 0
   896      1.477 gfx: paging submit, 933 dwords from private buffer at 0x0, seq 438
   897      1.477 gfx: paging submit, 996 dwords from private buffer at 0x0, seq 439
   898      1.477 gfx: paging submit, 996 dwords from private buffer at 0x0, seq 440
   899      1.477 gfx: paging submit, 996 dwords from private buffer at 0x0, seq 441
   900      1.477 gfx: paging submit, 996 dwords from private buffer at 0x0, seq 442
   901      1.477 gfx: paging submit, 996 dwords from private buffer at 0x0, seq 443
   902      1.477 gfx: paging submit, 996 dwords from private buffer at 0x0, seq 444
   903      1.479 gfx: paging submit, 996 dwords from private buffer at 0x0, seq 445
   904      1.479 gfx: paging submit, 996 dwords from private buffer at 0x0, seq 446
   905      1.479 gfx: paging submit, 996 dwords from private buffer at 0x0, seq 447
   906      1.479 gfx: paging submit, 996 dwords from private buffer at 0x0, seq 448
   907      1.479 gfx: paging submit, 996 dwords from private buffer at 0x0, seq 449
   908      1.479 gfx: paging submit, 996 dwords from private buffer at 0x0, seq 450
   909      1.479 gfx: paging submit, 996 dwords from private buffer at 0x0, seq 451
   910      1.481 gfx: paging submit, 996 dwords from private buffer at 0x0, seq 452
   911      1.481 gfx: paging submit, 996 dwords from private buffer at 0x0, seq 453
   912      1.481 gfx: paging submit, 996 dwords from private buffer at 0x0, seq 454
   913      1.481 gfx: paging submit, 996 dwords from private buffer at 0x0, seq 455
   914      1.481 gfx: paging submit, 996 dwords from private buffer at 0x0, seq 456
   915      1.481 gfx: paging submit, 996 dwords from private buffer at 0x0, seq 457
   916      1.481 gfx: paging submit, 996 dwords from private buffer at 0x0, seq 458
   917      1.483 gfx: paging submit, 996 dwords from private buffer at 0x0, seq 459
   918      1.483 gfx: paging submit, 996 dwords from private buffer at 0x0, seq 460
   919      1.483 gfx: paging submit, 996 dwords from private buffer at 0x0, seq 461
   920      1.483 gfx: paging submit, 996 dwords from private buffer at 0x0, seq 462
   921      1.483 gfx: paging submit, 996 dwords from private buffer at 0x0, seq 463
   922      1.483 gfx: paging submit, 996 dwords from private buffer at 0x0, seq 464
   923      1.483 gfx: paging submit, 996 dwords from private buffer at 0x0, seq 465
   924      1.483 gfx: paging submit, 996 dwords from private buffer at 0x0, seq 466
   925      1.485 gfx: paging submit, 996 dwords from private buffer at 0x0, seq 467
   926      1.485 gfx: paging submit, 996 dwords from private buffer at 0x0, seq 468
   927      1.485 gfx: paging submit, 996 dwords from private buffer at 0x0, seq 469
   928      1.485 gfx: paging submit, 996 dwords from private buffer at 0x0, seq 470
   929      1.485 gfx: paging submit, 996 dwords from private buffer at 0x0, seq 471
   930      1.485 gfx: paging submit, 996 dwords from private buffer at 0x0, seq 472
   931      1.485 gfx: paging submit, 996 dwords from private buffer at 0x0, seq 473
   932      1.487 gfx: paging submit, 996 dwords from private buffer at 0x0, seq 474
   933      1.487 gfx: paging submit, 996 dwords from private buffer at 0x0, seq 475
   934      1.487 gfx: paging submit, 996 dwords from private buffer at 0x0, seq 476
   935      1.487 gfx: paging submit, 996 dwords from private buffer at 0x0, seq 477
   936      1.487 gfx: paging submit, 996 dwords from private buffer at 0x0, seq 478
   937      1.487 gfx: paging submit, 996 dwords from private buffer at 0x0, seq 479
   938      1.487 gfx: paging submit, 996 dwords from private buffer at 0x0, seq 480
   939      1.489 gfx: paging submit, 996 dwords from private buffer at 0x0, seq 481
   940      1.489 gfx: paging submit, 996 dwords from private buffer at 0x0, seq 482
   941      1.489 gfx: paging submit, 996 dwords from private buffer at 0x0, seq 483
   942      1.489 gfx: paging submit, 996 dwords from private buffer at 0x0, seq 484
   943      1.489 gfx: paging submit, 996 dwords from private buffer at 0x0, seq 485
   944      1.489 gfx: paging submit, 996 dwords from private buffer at 0x0, seq 486
   945      1.489 gfx: paging submit, 996 dwords from private buffer at 0x0, seq 487
   946      1.489 gfx: paging submit, 996 dwords from private buffer at 0x0, seq 488
   947      1.491 gfx: paging submit, 996 dwords from private buffer at 0x0, seq 489
   948      1.491 gfx: paging submit, 996 dwords from private buffer at 0x0, seq 490
   949      1.491 gfx: paging submit, 996 dwords from private buffer at 0x0, seq 491
   950      1.491 gfx: paging submit, 996 dwords from private buffer at 0x0, seq 492
   951      1.491 gfx: paging submit, 996 dwords from private buffer at 0x0, seq 493
   952      1.491 gfx: paging submit, 996 dwords from private buffer at 0x0, seq 494
   953      1.491 gfx: paging submit, 996 dwords from private buffer at 0x0, seq 495
   954      1.493 gfx: paging submit, 996 dwords from private buffer at 0x0, seq 496
   955      1.493 gfx: paging submit, 996 dwords from private buffer at 0x0, seq 497
   956      1.493 gfx: paging submit, 996 dwords from private buffer at 0x0, seq 498
   957      1.493 gfx: paging submit, 996 dwords from private buffer at 0x0, seq 499
   958      1.493 gfx: paging submit, 996 dwords from private buffer at 0x0, seq 500
   959      1.493 gfx: paging submit, 996 dwords from private buffer at 0x0, seq 501
   960      1.493 gfx: paging submit, 996 dwords from private buffer at 0x0, seq 502
   961      1.493 gfx: paging submit, 996 dwords from private buffer at 0x0, seq 503
   962      1.495 gfx: paging submit, 996 dwords from private buffer at 0x0, seq 504
   963      1.495 gfx: paging submit, 996 dwords from private buffer at 0x0, seq 505
   964      1.495 gfx: paging submit, 996 dwords from private buffer at 0x0, seq 506
   965      1.495 gfx: paging submit, 996 dwords from private buffer at 0x0, seq 507
   966      1.495 gfx: paging submit, 996 dwords from private buffer at 0x0, seq 508
   967      1.495 gfx: paging submit, 996 dwords from private buffer at 0x0, seq 509
   968      1.495 gfx: paging submit, 996 dwords from private buffer at 0x0, seq 510
   969      1.497 gfx: paging submit, 996 dwords from private buffer at 0x0, seq 511
   970      1.497 gfx: paging submit, 996 dwords from private buffer at 0x0, seq 512
   971      1.497 gfx: paging submit, 996 dwords from private buffer at 0x0, seq 513
   972      1.497 gfx: paging submit, 996 dwords from private buffer at 0x0, seq 514
   973      1.497 gfx: paging submit, 996 dwords from private buffer at 0x0, seq 515
   974      1.497 gfx: paging submit, 996 dwords from private buffer at 0x0, seq 516
   975      1.497 gfx: paging submit, 996 dwords from private buffer at 0x0, seq 517
   976      1.497 gfx: paging submit, 996 dwords from private buffer at 0x0, seq 518
   977      1.499 gfx: paging submit, 996 dwords from private buffer at 0x0, seq 519
   978      1.499 gfx: paging submit, 996 dwords from private buffer at 0x0, seq 520
   979      1.499 gfx: paging submit, 996 dwords from private buffer at 0x0, seq 521
   980      1.499 gfx: paging submit, 996 dwords from private buffer at 0x0, seq 522
   981      1.499 gfx: paging submit, 996 dwords from private buffer at 0x0, seq 523
   982      1.499 gfx: paging submit, 996 dwords from private buffer at 0x0, seq 524
   983      1.499 gfx: paging submit, 996 dwords from private buffer at 0x0, seq 525
   984      1.501 gfx: paging submit, 996 dwords from private buffer at 0x0, seq 526
   985      1.501 gfx: paging submit, 996 dwords from private buffer at 0x0, seq 527
   986      1.501 gfx: paging submit, 996 dwords from private buffer at 0x0, seq 528
   987      1.501 gfx: paging submit, 996 dwords from private buffer at 0x0, seq 529
   988      1.501 gfx: paging submit, 996 dwords from private buffer at 0x0, seq 530
   989      1.501 gfx: paging submit, 996 dwords from private buffer at 0x0, seq 531
   990      1.501 gfx: paging submit, 996 dwords from private buffer at 0x0, seq 532
   991      1.503 gfx: paging submit, 996 dwords from private buffer at 0x0, seq 533
   992      1.503 gfx: paging submit, 996 dwords from private buffer at 0x0, seq 534
   993      1.503 gfx: paging submit, 996 dwords from private buffer at 0x0, seq 535
   994      1.503 gfx: paging submit, 996 dwords from private buffer at 0x0, seq 536
   995      1.503 gfx: paging submit, 996 dwords from private buffer at 0x0, seq 537
   996      1.503 gfx: paging submit, 996 dwords from private buffer at 0x0, seq 538
   997      1.503 gfx: paging submit, 996 dwords from private buffer at 0x0, seq 539
   998      1.503 gfx: paging submit, 996 dwords from private buffer at 0x0, seq 540
   999      1.505 gfx: paging submit, 996 dwords from private buffer at 0x0, seq 541
  1000      1.505 gfx: paging submit, 996 dwords from private buffer at 0x0, seq 542
  1001      1.505 gfx: paging submit, 996 dwords from private buffer at 0x0, seq 543
  1002      1.505 gfx: paging submit, 996 dwords from private buffer at 0x0, seq 544
  1003      1.505 gfx: paging submit, 996 dwords from private buffer at 0x0, seq 545
  1004      1.505 gfx: paging submit, 996 dwords from private buffer at 0x0, seq 546
  1005      1.505 gfx: paging submit, 996 dwords from private buffer at 0x0, seq 547
  1006      1.507 gfx: paging submit, 996 dwords from private buffer at 0x0, seq 548
  1007      1.507 gfx: paging submit, 996 dwords from private buffer at 0x0, seq 549
  1008      1.507 gfx: paging submit, 996 dwords from private buffer at 0x0, seq 550
  1009      1.507 gfx: paging submit, 996 dwords from private buffer at 0x0, seq 551
  1010      1.507 gfx: paging submit, 996 dwords from private buffer at 0x0, seq 552
  1011      1.507 gfx: paging submit, 996 dwords from private buffer at 0x0, seq 553
  1012      1.507 gfx: paging submit, 996 dwords from private buffer at 0x0, seq 554
  1013      1.507 gfx: paging submit, 996 dwords from private buffer at 0x0, seq 555
  1014      1.509 gfx: paging submit, 996 dwords from private buffer at 0x0, seq 556
  1015      1.509 gfx: paging submit, 996 dwords from private buffer at 0x0, seq 557
  1016      1.509 gfx: paging submit, 996 dwords from private buffer at 0x0, seq 558
  1017      1.509 gfx: paging submit, 996 dwords from private buffer at 0x0, seq 559
  1018      1.509 gfx: paging submit, 996 dwords from private buffer at 0x0, seq 560
  1019      1.509 gfx: paging submit, 996 dwords from private buffer at 0x0, seq 561
  1020      1.509 gfx: paging submit, 996 dwords from private buffer at 0x0, seq 562
  1021      1.511 gfx: paging submit, 996 dwords from private buffer at 0x0, seq 563
  1022      1.511 gfx: paging submit, 996 dwords from private buffer at 0x0, seq 564
  1023      1.511 gfx: paging submit, 996 dwords from private buffer at 0x0, seq 565
  1024      1.511 gfx: paging submit, 996 dwords from private buffer at 0x0, seq 566
  1025      1.511 gfx: paging submit, 996 dwords from private buffer at 0x0, seq 567
  1026      1.511 gfx: paging submit, 996 dwords from private buffer at 0x0, seq 568
  1027      1.511 gfx: paging submit, 996 dwords from private buffer at 0x0, seq 569
  1028      1.511 gfx: paging submit, 996 dwords from private buffer at 0x0, seq 570
  1029      1.513 gfx: paging submit, 996 dwords from private buffer at 0x0, seq 571
  1030      1.513 gfx: paging submit, 996 dwords from private buffer at 0x0, seq 572
  1031      1.513 gfx: paging submit, 996 dwords from private buffer at 0x0, seq 573
  1032      1.513 gfx: paging submit, 996 dwords from private buffer at 0x0, seq 574
  1033      1.513 gfx: paging submit, 996 dwords from private buffer at 0x0, seq 575
  1034      1.513 gfx: paging submit, 996 dwords from private buffer at 0x0, seq 576
  1035      1.513 gfx: paging submit, 996 dwords from private buffer at 0x0, seq 577
  1036      1.515 gfx: paging submit, 996 dwords from private buffer at 0x0, seq 578
  1037      1.515 gfx: paging submit, 996 dwords from private buffer at 0x0, seq 579
  1038      1.515 gfx: paging submit, 996 dwords from private buffer at 0x0, seq 580
  1039      1.515 gfx: paging submit, 996 dwords from private buffer at 0x0, seq 581
  1040      1.515 gfx: paging submit, 996 dwords from private buffer at 0x0, seq 582
  1041      1.515 gfx: paging submit, 996 dwords from private buffer at 0x0, seq 583
  1042      1.515 gfx: paging submit, 996 dwords from private buffer at 0x0, seq 584
  1043      1.517 gfx: paging submit, 996 dwords from private buffer at 0x0, seq 585
  1044      1.517 gfx: paging submit, 996 dwords from private buffer at 0x0, seq 586
  1045      1.517 gfx: paging submit, 996 dwords from private buffer at 0x0, seq 587
  1046      1.517 gfx: paging submit, 996 dwords from private buffer at 0x0, seq 588
  1047      1.517 gfx: paging submit, 996 dwords from private buffer at 0x0, seq 589
  1048      1.517 gfx: paging submit, 996 dwords from private buffer at 0x0, seq 590
  1049      1.517 gfx: paging submit, 996 dwords from private buffer at 0x0, seq 591
  1050      1.517 gfx: paging submit, 996 dwords from private buffer at 0x0, seq 592
  1051      1.519 gfx: paging submit, 996 dwords from private buffer at 0x0, seq 593
  1052      1.519 gfx: paging submit, 996 dwords from private buffer at 0x0, seq 594
  1053      1.519 gfx: paging submit, 996 dwords from private buffer at 0x0, seq 595
  1054      1.519 gfx: paging submit, 996 dwords from private buffer at 0x0, seq 596
  1055      1.519 gfx: paging submit, 996 dwords from private buffer at 0x0, seq 597
  1056      1.519 gfx: paging submit, 996 dwords from private buffer at 0x0, seq 598
  1057      1.519 gfx: paging submit, 996 dwords from private buffer at 0x0, seq 599
  1058      1.521 gfx: paging submit, 996 dwords from private buffer at 0x0, seq 600
  1059      1.521 gfx: paging submit, 996 dwords from private buffer at 0x0, seq 601
  1060      1.521 gfx: paging submit, 996 dwords from private buffer at 0x0, seq 602
  1061      1.521 gfx: paging submit, 996 dwords from private buffer at 0x0, seq 603
  1062      1.521 gfx: paging submit, 996 dwords from private buffer at 0x0, seq 604
  1063      1.521 gfx: paging submit, 996 dwords from private buffer at 0x0, seq 605
  1064      1.521 gfx: paging submit, 996 dwords from private buffer at 0x0, seq 606
  1065      1.521 gfx: paging submit, 996 dwords from private buffer at 0x0, seq 607
  1066      1.523 gfx: paging submit, 996 dwords from private buffer at 0x0, seq 608
  1067      1.523 gfx: paging submit, 996 dwords from private buffer at 0x0, seq 609
  1068      1.523 gfx: paging submit, 996 dwords from private buffer at 0x0, seq 610
  1069      1.523 gfx: paging submit, 996 dwords from private buffer at 0x0, seq 611
  1070      1.523 gfx: paging submit, 996 dwords from private buffer at 0x0, seq 612
  1071      1.523 gfx: paging submit, 996 dwords from private buffer at 0x0, seq 613
  1072      1.523 gfx: paging submit, 996 dwords from private buffer at 0x0, seq 614
  1073      1.525 gfx: paging submit, 996 dwords from private buffer at 0x0, seq 615
  1074      1.525 gfx: paging submit, 996 dwords from private buffer at 0x0, seq 616
  1075      1.525 gfx: paging submit, 996 dwords from private buffer at 0x0, seq 617
  1076      1.525 gfx: paging submit, 996 dwords from private buffer at 0x0, seq 618
  1077      1.525 gfx: paging submit, 996 dwords from private buffer at 0x0, seq 619
  1078      1.525 gfx: paging submit, 996 dwords from private buffer at 0x0, seq 620
  1079      1.525 gfx: paging submit, 996 dwords from private buffer at 0x0, seq 621
  1080      1.525 gfx: paging submit, 996 dwords from private buffer at 0x0, seq 622
  1081      1.527 gfx: paging submit, 996 dwords from private buffer at 0x0, seq 623
  1082      1.527 gfx: paging submit, 996 dwords from private buffer at 0x0, seq 624
  1083      1.527 gfx: paging submit, 996 dwords from private buffer at 0x0, seq 625
  1084      1.529 gfx: paging submit, 16 dwords from private buffer at 0xF90, seq 626
  1085      1.529 gfx: paging submit, 974 dwords from private buffer at 0x0, seq 627
  1086      1.529 gfx: paging submit, 1004 dwords from private buffer at 0x0, seq 628
  1087      1.529 gfx: paging submit, 1004 dwords from private buffer at 0x0, seq 629
  1088      1.529 gfx: paging submit, 1004 dwords from private buffer at 0x0, seq 630
  1089      1.529 gfx: paging submit, 1005 dwords from private buffer at 0x0, seq 631
  1090      1.529 gfx: paging submit, 1016 dwords from private buffer at 0x0, seq 632
  1091      1.531 gfx: paging submit, 1004 dwords from private buffer at 0x0, seq 633
  1092      1.531 gfx: paging submit, 1004 dwords from private buffer at 0x0, seq 634
  1093      1.531 gfx: paging submit, 1004 dwords from private buffer at 0x0, seq 635
  1094      1.531 gfx: paging submit, 275 dwords from private buffer at 0x0, seq 636
  1095      1.531 gfx: paging submit, 736 dwords from private buffer at 0x44C, seq 637
  1096      1.531 gfx: paging submit, 96 dwords from private buffer at 0x0, seq 638
  1097      1.531 gfx: paging submit, 912 dwords from private buffer at 0x180, seq 639
  1098      1.531 gfx: paging submit, 140 dwords from private buffer at 0x0, seq 640
  1099      1.531 gfx: paging submit, 864 dwords from private buffer at 0x230, seq 641
  1100      1.531 gfx: paging submit, 188 dwords from private buffer at 0x0, seq 642
  1101      1.531 gfx: paging submit, 816 dwords from private buffer at 0x2F0, seq 643
  1102      1.531 gfx: paging submit, 236 dwords from private buffer at 0x0, seq 644
  1103      1.533 gfx: paging submit, 782 dwords from private buffer at 0x3B0, seq 645
  1104      1.533 gfx: paging submit, 321 dwords from private buffer at 0x0, seq 646
  1105      1.533 wddm: DescribeAllocation 1920x1200 format 21
  1106      1.533 wddm: SetVidPnSourceAddress segment 1 address 0xF4008D0000 flags 0x00000001 (firmware framebuffer 0xC0000000)
  1107      1.533 dcnflip: write 0x14128 = 0x00115104 -> 0x00000000
  1108      1.533 wddm: hardware vsync on (OTG0 VUPDATE_NO_LOCK, EnableVidPnFlip)
  1109      1.533 wddm: display SetVidPnSourceVisibility call 4 detail 0x0 -> 0x00000000
  1110      1.537 gfx: paging submit, 487 dwords from private buffer at 0x504, seq 647
  1111      1.537 gfx: paging submit, 15 dwords from private buffer at 0xCA0, seq 648
  1112      1.537 wddm: CloseAllocation 1 allocations
  1113      1.537 wddm: DestroyAllocation 1 allocations
  1114      1.539 gfx: paging submit, 192 dwords from private buffer at 0xCDC, seq 649
  1115      1.539 gfx: paging submit, 713 dwords from private buffer at 0x0, seq 650
  1116      1.539 gfx: paging submit, 15 dwords from private buffer at 0xB24, seq 651
  1117      1.541 wddm: CloseAllocation 1 allocations
  1118      1.541 wddm: DestroyAllocation 1 allocations
  1119      1.543 gfx: paging submit, 273 dwords from private buffer at 0xB60, seq 652
  1120      1.543 gfx: paging submit, 15 dwords from private buffer at 0xFA4, seq 653
  1121      1.543 wddm: CloseAllocation 1 allocations
  1122      1.543 wddm: DestroyAllocation 1 allocations
  1123      1.545 wddm: CreateAllocation 1 allocations, flags 1 resource yes
  1124      1.545 wddm: OpenAllocation [0] handle 0xC0001940 private 32 bytes -> FFFFAE085C80CBD0 (GetHandleData said 0000000000000000)
  1125      1.545 wddm: OpenAllocation 1 allocations flags 0x00000001
  1126      1.545 gfx: paging submit, 974 dwords from private buffer at 0x0, seq 654
  1127      1.547 gfx: paging submit, 1006 dwords from private buffer at 0x0, seq 655
  1128      1.547 gfx: paging submit, 1004 dwords from private buffer at 0x0, seq 656
  1129      1.547 gfx: paging submit, 1004 dwords from private buffer at 0x0, seq 657
  1130      1.547 amdgpu[2]: ring alloc of 16 dwords exceeds max_dw 15

  1131      1.547 gfx: paging submit, 1003 dwords from private buffer at 0x0, seq 658
  1132      1.547 amdgpu[2]: ring alloc of 16 dwords exceeds max_dw 13

  1133      1.547 gfx: paging submit, 1005 dwords from private buffer at 0x0, seq 659
  1134      1.547 amdgpu[2]: ring alloc of 16 dwords exceeds max_dw 13

  1135      1.547 gfx: paging submit, 1005 dwords from private buffer at 0x0, seq 660
  1136      1.549 amdgpu[2]: ring alloc of 16 dwords exceeds max_dw 13

  1137      1.549 gfx: paging submit, 1005 dwords from private buffer at 0x0, seq 661
  1138      1.549 amdgpu[2]: ring alloc of 16 dwords exceeds max_dw 13

  1139      1.549 gfx: paging submit, 1005 dwords from private buffer at 0x0, seq 662
  1140      1.549 amdgpu[2]: ring alloc of 16 dwords exceeds max_dw 13

  1141      1.549 gfx: paging submit, 1005 dwords from private buffer at 0x0, seq 663
  1142      1.549 amdgpu[2]: ring alloc of 16 dwords exceeds max_dw 13

  1143      1.549 gfx: paging submit, 1005 dwords from private buffer at 0x0, seq 664
  1144      1.549 amdgpu[2]: ring alloc of 16 dwords exceeds max_dw 13

  1145      1.549 gfx: paging submit, 1005 dwords from private buffer at 0x0, seq 665
  1146      1.549 amdgpu[2]: ring alloc of 16 dwords exceeds max_dw 13

  1147      1.549 gfx: paging submit, 1005 dwords from private buffer at 0x0, seq 666
  1148      1.551 amdgpu[2]: ring alloc of 16 dwords exceeds max_dw 13

  1149      1.551 gfx: paging submit, 1005 dwords from private buffer at 0x0, seq 667
  1150      1.551 amdgpu[2]: ring alloc of 16 dwords exceeds max_dw 13

  1151      1.551 gfx: paging submit, 1005 dwords from private buffer at 0x0, seq 668
  1152      1.551 gfx: paging submit, 850 dwords from private buffer at 0x0, seq 669
  1153      1.553 gfx: paging submit, 160 dwords from private buffer at 0xD48, seq 670
  1154      1.553 gfx: paging submit, 974 dwords from private buffer at 0x0, seq 671
  1155      1.553 gfx: paging submit, 1006 dwords from private buffer at 0x0, seq 672
  1156      1.553 gfx: paging submit, 1004 dwords from private buffer at 0x0, seq 673
  1157      1.553 gfx: paging submit, 1004 dwords from private buffer at 0x0, seq 674
  1158      1.553 gfx: paging submit, 653 dwords from private buffer at 0x0, seq 675
  1159      1.553 gfx: paging submit, 268 dwords from private buffer at 0x0, seq 676
  1160      1.553 gfx: paging submit, 736 dwords from private buffer at 0x430, seq 677
  1161      1.553 gfx: paging submit, 316 dwords from private buffer at 0x0, seq 678
  1162      1.553 gfx: paging submit, 688 dwords from private buffer at 0x4F0, seq 679
  1163      1.555 gfx: paging submit, 364 dwords from private buffer at 0x0, seq 680
  1164      1.555 gfx: paging submit, 640 dwords from private buffer at 0x5B0, seq 681
  1165      1.555 gfx: paging submit, 412 dwords from private buffer at 0x0, seq 682
  1166      1.555 gfx: paging submit, 592 dwords from private buffer at 0x670, seq 683
  1167      1.555 gfx: paging submit, 460 dwords from private buffer at 0x0, seq 684
  1168      1.555 gfx: paging submit, 544 dwords from private buffer at 0x730, seq 685
  1169      1.555 gfx: paging submit, 561 dwords from private buffer at 0x0, seq 686
  1170      1.563 wddm: CreateAllocation 1 allocations, flags 1 resource yes
  1171      1.563 wddm: OpenAllocation [0] handle 0xC0002440 private 32 bytes -> FFFFAE085C80E770 (GetHandleData said 0000000000000000)
  1172      1.563 wddm: OpenAllocation 1 allocations flags 0x00000001
  1173      1.563 gfx: paging submit, 448 dwords from private buffer at 0x8C4, seq 687
  1174      1.563 gfx: paging submit, 1004 dwords from private buffer at 0x0, seq 688
  1175      1.563 gfx: paging submit, 1004 dwords from private buffer at 0x0, seq 689
  1176      1.563 gfx: paging submit, 1004 dwords from private buffer at 0x0, seq 690
  1177      1.563 gfx: paging submit, 1004 dwords from private buffer at 0x0, seq 691
  1178      1.563 amdgpu[2]: ring alloc of 16 dwords exceeds max_dw 12

  1179      1.565 gfx: paging submit, 1006 dwords from private buffer at 0x0, seq 692
  1180      1.565 amdgpu[2]: ring alloc of 16 dwords exceeds max_dw 13

  1181      1.565 gfx: paging submit, 1005 dwords from private buffer at 0x0, seq 693
  1182      1.565 amdgpu[2]: ring alloc of 16 dwords exceeds max_dw 13

  1183      1.565 gfx: paging submit, 1005 dwords from private buffer at 0x0, seq 694
  1184      1.565 amdgpu[2]: ring alloc of 16 dwords exceeds max_dw 13

  1185      1.565 gfx: paging submit, 1005 dwords from private buffer at 0x0, seq 695
  1186      1.565 amdgpu[2]: ring alloc of 16 dwords exceeds max_dw 13

  1187      1.565 gfx: paging submit, 1005 dwords from private buffer at 0x0, seq 696
  1188      1.565 amdgpu[2]: ring alloc of 16 dwords exceeds max_dw 13

  1189      1.565 gfx: paging submit, 1005 dwords from private buffer at 0x0, seq 697
  1190      1.565 amdgpu[2]: ring alloc of 16 dwords exceeds max_dw 13

  1191      1.565 gfx: paging submit, 1005 dwords from private buffer at 0x0, seq 698
  1192      1.567 amdgpu[2]: ring alloc of 16 dwords exceeds max_dw 13

  1193      1.567 gfx: paging submit, 1005 dwords from private buffer at 0x0, seq 699
  1194      1.567 amdgpu[2]: ring alloc of 16 dwords exceeds max_dw 13

  1195      1.567 gfx: paging submit, 1005 dwords from private buffer at 0x0, seq 700
  1196      1.567 amdgpu[2]: ring alloc of 16 dwords exceeds max_dw 13

  1197      1.567 gfx: paging submit, 1005 dwords from private buffer at 0x0, seq 701
  1198      1.567 amdgpu[2]: ring alloc of 16 dwords exceeds max_dw 13

  1199      1.567 gfx: paging submit, 1005 dwords from private buffer at 0x0, seq 702
  1200      1.569 gfx: paging submit, 385 dwords from private buffer at 0x0, seq 703
  1201      1.569 gfx: paging submit, 624 dwords from private buffer at 0x604, seq 704
  1202      1.569 gfx: paging submit, 1004 dwords from private buffer at 0x0, seq 705
  1203      1.571 gfx: paging submit, 1004 dwords from private buffer at 0x0, seq 706
  1204      1.571 gfx: paging submit, 1004 dwords from private buffer at 0x0, seq 707
  1205      1.571 gfx: paging submit, 1005 dwords from private buffer at 0x0, seq 708
  1206      1.571 gfx: paging submit, 1006 dwords from private buffer at 0x0, seq 709
  1207      1.571 gfx: paging submit, 60 dwords from private buffer at 0x0, seq 710
  1208      1.571 gfx: paging submit, 944 dwords from private buffer at 0xF0, seq 711
  1209      1.571 gfx: paging submit, 108 dwords from private buffer at 0x0, seq 712
  1210      1.571 gfx: paging submit, 896 dwords from private buffer at 0x1B0, seq 713
  1211      1.573 gfx: paging submit, 156 dwords from private buffer at 0x0, seq 714
  1212      1.573 gfx: paging submit, 848 dwords from private buffer at 0x270, seq 715
  1213      1.573 gfx: paging submit, 204 dwords from private buffer at 0x0, seq 716
  1214      1.573 gfx: paging submit, 810 dwords from private buffer at 0x330, seq 717
  1215      1.573 gfx: paging submit, 295 dwords from private buffer at 0x0, seq 718
  1216      1.579 wddm: DescribeAllocation 1920x1200 format 21
  1217      1.579 wddm: SetVidPnSourceAddress segment 1 address 0xF4008D0000 flags 0x00000001 (firmware framebuffer 0xC0000000)
  1218      1.579 wddm: display SetVidPnSourceVisibility call 5 detail 0x0 -> 0x00000000
  1219      1.793 wddm: DescribeAllocation 1920x1200 format 21
  1220      1.793 wddm: Present flags 0x0000000C source 0 dest 0, 1 sub-rectangles, 0 DMA bytes free
  1221      1.793 wddm: Present list FFFF8005C0698E40 (context list 256), private 0000000000000000/0, driver data 0
  1222      1.793 wddm: Present list q0-3  0000000000000000 0000000000000000 0000000000000000 0000000000000000
  1223      1.793 wddm: Present list q4-7  FFFFAE085C80CBD0 0000000002338000 FFFFFFFFFFFFFFFF 000000000000FFFF
  1224      1.793 wddm: Present list q8-11 0000000000000000 0000000000000000 0000000000000000 0000000000000000
  1225      1.793 wddm: Present dst (0,0)-(0,0) src (0,0)-(0,0) va 0x0
  1226      1.807 wddm: CreateDevice flags 0x00000000 pasid 0
  1227      1.807 wddm: CreateContext node 0 engine 0x1 flags 0x00000004 private 0
  1228      1.807 wddm: CreateContext answered dma 4096 bytes segment set 0x2, lists 256/0, caps 0x00000001
  1229      1.829 wddm: DescribeAllocation 1920x1200 format 21
  1230      1.829 wddm: Present flags 0x0000000C source 0 dest 0, 1 sub-rectangles, 0 DMA bytes free
  1231      1.829 wddm: Present list FFFF8005C0698E40 (context list 256), private 0000000000000000/0, driver data 0
  1232      1.829 wddm: Present list q0-3  0000000000000000 0000000000000000 0000000000000000 0000000000000000
  1233      1.829 wddm: Present list q4-7  FFFFAE085C80E770 0000000000010000 FFFFFFFFFFFFFFFF 000000000000FFFF
  1234      1.829 wddm: Present list q8-11 0000000000000000 0000000000000000 0000000000000000 0000000000000000
  1235      1.829 wddm: Present dst (0,0)-(0,0) src (0,0)-(0,0) va 0x0
  1236      1.909 wddm: DescribeAllocation 1920x1200 format 21
  1237      1.909 wddm: Present flags 0x0000000C source 0 dest 0, 1 sub-rectangles, 0 DMA bytes free
  1238      1.909 wddm: Present list FFFF8005C0698E40 (context list 256), private 0000000000000000/0, driver data 0
  1239      1.909 wddm: Present list q0-3  0000000000000000 0000000000000000 0000000000000000 0000000000000000
  1240      1.909 wddm: Present list q4-7  FFFFAE085C809E50 0000000001A6E000 FFFFFFFFFFFFFFFF 000000000000FFFF
  1241      1.909 wddm: Present list q8-11 0000000000000000 0000000000000000 0000000000000000 0000000000000000
  1242      1.909 wddm: Present dst (0,0)-(0,0) src (0,0)-(0,0) va 0x0
  1243      1.987 gfx: paging submit, 718 dwords from private buffer at 0x49C, seq 719
  1244      1.987 gfx: paging submit, 348 dwords from private buffer at 0x0, seq 720
  1245      1.987 gfx: paging submit, 670 dwords from private buffer at 0x570, seq 721
  1246      1.989 gfx: paging submit, 1004 dwords from private buffer at 0x0, seq 722
  1247      1.989 gfx: paging submit, 1004 dwords from private buffer at 0x0, seq 723
  1248      1.989 gfx: paging submit, 1004 dwords from private buffer at 0x0, seq 724
  1249      1.989 gfx: paging submit, 555 dwords from private buffer at 0x0, seq 725
  1250      2.071 gfx: paging submit, 125 dwords from private buffer at 0x8AC, seq 726
  1251      2.071 gfx: paging submit, 110 dwords from private buffer at 0xAA0, seq 727
  1252      2.073 gfx: paging submit, 224 dwords from private buffer at 0xC58, seq 728
  1253      2.073 gfx: paging submit, 828 dwords from private buffer at 0x0, seq 729
  1254      2.073 gfx: paging submit, 176 dwords from private buffer at 0xCF0, seq 730
  1255      2.073 gfx: paging submit, 923 dwords from private buffer at 0x0, seq 731
  1256      2.137 gfx: paging submit, 80 dwords from private buffer at 0xE6C, seq 732
  1257      2.137 gfx: paging submit, 983 dwords from private buffer at 0x0, seq 733
  1258      2.137 gfx: paging submit, 32 dwords from private buffer at 0xF5C, seq 734
  1259      2.137 gfx: paging submit, 974 dwords from private buffer at 0x0, seq 735
  1260      2.137 gfx: paging submit, 56 dwords from private buffer at 0x0, seq 736
  1261      2.139 gfx: paging submit, 954 dwords from private buffer at 0xE0, seq 737
  1262      2.139 gfx: paging submit, 143 dwords from private buffer at 0x0, seq 738
  1263      2.738 gfx: paging submit, 617 dwords from private buffer at 0x23C, seq 739
  1264      2.738 gfx: paging submit, 256 dwords from private buffer at 0xBE0, seq 740
  1265      2.738 gfx: paging submit, 360 dwords from private buffer at 0x0, seq 741
  1266      2.738 gfx: paging submit, 656 dwords from private buffer at 0x5A0, seq 742
  1267      2.738 gfx: paging submit, 396 dwords from private buffer at 0x0, seq 743
  1268      2.738 gfx: paging submit, 608 dwords from private buffer at 0x630, seq 744
  1269      2.738 gfx: paging submit, 491 dwords from private buffer at 0x0, seq 745
  1270      4.511 wddm summary: ---- DDI calls: name, count, first log line ----
  1271      4.511 wddm summary: QueryAdapterInfo                   12  first at 253
  1272      4.511 wddm summary: GetNodeMetadata                     2  first at 261
  1273      4.511 wddm summary: CreateDevice                        8  first at 268
  1274      4.511 wddm summary: DestroyDevice                       1  first at 453
  1275      4.511 wddm summary: CreateContext                       6  first at 271
  1276      4.511 wddm summary: DestroyContext                      1  first at 452
  1277      4.511 wddm summary: CreateProcess                       5  first at 267
  1278      4.511 wddm summary: DestroyProcess                      1  first at 454
  1279      4.511 wddm summary: SetRootPageTable                    1  first at 293
  1280      4.511 wddm summary: CreateAllocation                   10  first at 330
  1281      4.511 wddm summary: DestroyAllocation                   5  first at 662
  1282      4.511 wddm summary: DescribeAllocation                  8  first at 385
  1283      4.511 wddm summary: GetStandardAllocationDriverData      4  first at 328
  1284      4.511 wddm summary: OpenAllocation                     12  first at 332
  1285      4.511 wddm summary: CloseAllocation                     5  first at 661
  1286      4.511 wddm summary: BuildPagingBuffer                1982  first at 273
  1287      4.511 wddm summary: SubmitCommandVirtual              739  first at 313
  1288      4.511 wddm summary: Present                             3  first at 1220
  1289      4.511 wddm summary: SetVidPnSourceAddress               6  first at 438
  1290      4.511 wddm summary: ControlInterrupt                    1  first at 445
  1291      4.511 wddm summary: ---- QueryAdapterInfo types: type, count, first log line ----
  1292      4.511 wddm summary: adapter info type   1       1  first at 253
  1293      4.511 wddm summary: adapter info type  15       1  first at 254
  1294      4.511 wddm summary: adapter info type  47       1  first at 255
  1295      4.511 wddm summary: adapter info type  13       1  first at 256
  1296      4.511 wddm summary: adapter info type  14       4  first at 257
  1297      4.511 wddm summary: adapter info type  11       2  first at 264
  1298      4.511 wddm summary: adapter info type  10       1  first at 266
  1299      4.511 wddm summary: adapter info type  16       1  first at 266
  1300      4.511 wddm summary: capture plans reserved 2 heap 0
  1301      4.511 wddm summary: capture context peaks plans 1 reserved-bytes 189304
  1302      4.511 wddm summary: ---- BuildPagingBuffer operations: operation, count, first log line ----
  1303      4.511 wddm summary: paging operation  11    1450  first at 273
  1304      4.511 wddm summary: paging operation  12      55  first at 321
  1305      4.511 wddm summary: paging operation   9      98  first at 340
  1306      4.511 wddm summary: paging operation   2       2  first at 657
  1307      4.511 wddm summary: paging operation   8     377  first at 677
  1308      4.511 wddm summary: objects created/destroyed: dev 8/1 ctx 6/1 proc 5/1 alloc 10/5, 36 alive
  1309      4.511 wddm summary: allocations opened/closed: 12/5 calls
  1310      4.511 wddm summary: submissions 0 physical + 739 virtual, 0 preemptions, last completed fence 739
  1311      4.511 wddm summary: node 0 hardware: 0 submitted, 0 completed, 0 timeouts, 0 refused
  1312      4.511 wddm summary: umd: 0 allocs (0 refused), 0 contexts, 0 submits on the ring, 0 not run
  1313      4.511 wddm profile: umd calls 0, elapsed ticks 0, QPC frequency 10000000
  1314      4.513 wddm profile: probe enabled 0, calls 0, elapsed ticks 0 (included in umd)
  1315      4.513 wddm summary: node 1 (paging, open): 739 hardware submitted, 739 completed, 0 timeouts, 0 refused
  1316      4.513 wddm summary: SubmitCommandVirtual by node: 0: 0, 1: 739, 0 private-buffer refusals
  1317      4.513 wddm summary: BuildPagingBuffer: 2 transfers, 98 fills, 92160000 bytes, 652 insufficient-buffer
  1318      4.513 wddm summary: aperture map batches 0, unmap batches 0
  1319      4.513 wddm summary: paging TLB invalidations 55, PTE update batches 415
  1320      4.513 wddm summary: paging unsupported (not ready/no root/no translation/system memory/not contiguous) 0/0/0/0/0
  1321      4.513 wddm summary: presents 3, flips 4 of 6 address calls (3 arrived above DISPATCH_LEVEL)
  1322      4.513 wddm summary: blit gate open, 0 blits, 0 skips, 0 sources translated contiguous
  1323      4.513 wddm summary: blit destination: 0 to the flipped surface, 0 to the POST framebuffer (0 a failed-mapping fallback), 0 scanout remaps (0 failed), last blit 0 row
  1324      4.513 wddm summary: widest blit 0 rows
  1325      4.513 wddm summary: last blit reading 0, 0x0 pitch 0, 0 rectangles, source physical 0x0
  1326      4.513 wddm summary: vsync enabled, 0 ticks, 202 reported to dxgkrnl
  1327      4.513 wddm summary: vidpn flip open: 4 hardware flips, 0 refused, 1 hardware vsyncs armed 220 acked 0 refused 0 deferred (flip still pending)
  1328      4.513 wddm summary: no TDR (ResetEngine, ResetFromTimeout and RestartFromTimeout were never called)
  1329      4.513 wddm summary: CollectDbgInfo called 0 time(s) since the driver was loaded
  1330      4.513 vidmm summary: level 0: 1024 calls, 262656 entries, 512 valid
  1331      4.513 vidmm summary: level 1: 2 calls, 1024 entries, 512 valid
  1332      4.513 vidmm summary: level 2: 1 calls, 512 entries, 2 valid
  1333      4.513 vidmm summary: level 3: 1 calls, 512 entries, 1 valid
  1334      4.513 vidmm summary: system leaf encoding coherent 0 noncoherent 16684 snoop mismatches 0
  1335      4.513 vidmm summary: 1028 cpu-virtual calls, 0 gpu-physical calls
  1336      4.513 vidmm summary: 264704 entries written (EnableGpuVa open), 0 refused, 0 bad calls, 1 roots
             1024 lines printed
# adapter    BC-250 GPU (bc250kmd, display-only, lab build)
# hardware   [PCI instance redacted]
# interface  [PCI interface redacted]
D3DKMTOpenAdapterFromDeviceName -> 0x00000000 STATUS_SUCCESS
# adapter    handle 0x40000000 luid 00000000-03ACFD46
D3DKMTEscape(D3DKMT_ESCAPE_DRIVERPRIVATE, BC250_ESCAPE_GET_INFO) -> 0x00000000 STATUS_SUCCESS
version      0x00070081 (milestone 7 revision 129)
last stage   50 first CommitVidPn
mode         1920x1200 pitch 7680 format 22 (FULL WDDM TABLE)
presents     0
counters     blits 0, flips 4 (the full table's own present counters; both stay 0 in display-only mode)
gates        mmio open, mmio writes off, vram open, vram writes on, gart open, psp open, gfx open, ih open

driver_version=0.7.129.1
installed_sha256=C4DC9A5870C0EB2D349CAB522077338B2DAC814C7A85661C71458D232AD36AE7
UnconfirmedStarts = 0
boot_after=2026-09-24T11:44:14

  Id StartTime            Responding
  -- ---------            ----------
4448 9/24/2026 1:58:18 PM       True




EnableFullWddm      : 0
EnableSdmaIbControl : 0
EnableSdmaVaControl : 0
UnconfirmedStarts   : 0
EnablePresentBlit   : 1
EnableDcnWrite      : 1
EnableVidPnFlip     : 1



fbdump       rows 0..63 of 1200, address 0x2708D0000
fbdump       rows 64..127 of 1200, address 0x270948000
fbdump       rows 128..191 of 1200, address 0x2709C0000
fbdump       rows 192..255 of 1200, address 0x270A38000
fbdump       rows 256..319 of 1200, address 0x270AB0000
fbdump       rows 320..383 of 1200, address 0x270B28000
fbdump       rows 384..447 of 1200, address 0x270BA0000
fbdump       rows 448..511 of 1200, address 0x270C18000
fbdump       rows 512..575 of 1200, address 0x270C90000
fbdump       rows 576..639 of 1200, address 0x270D08000
fbdump       rows 640..703 of 1200, address 0x27164A000
fbdump       rows 704..767 of 1200, address 0x2716C2000
fbdump       rows 768..831 of 1200, address 0x27173A000
fbdump       rows 832..895 of 1200, address 0x2717B2000
fbdump       rows 896..959 of 1200, address 0x27182A000
fbdump       rows 960..1023 of 1200, address 0x2718A2000
fbdump       rows 1024..1087 of 1200, address 0x27191A000
fbdump       rows 1088..1151 of 1200, address 0x271992000
fbdump       rows 1152..1199 of 1200, address 0x271A0A000
wrote C:\BC250\m9\candidate07129\scanout.bmp: 1920x1200, 7680 bytes/row, 9216000 bytes total
candidate129_transition_complete
