probe_hash=15E8674A506EA4164B573DE51F747409414A4658090A43A7F10E9880B3ABCD7A
driver_version=0.7.133.1
installed_sha256=37A52F95CD90726D909FBF273D55B9336D766E2997668BA713B8ADC45BCF4A87


CommittedBytes : 3361558528
CommitLimit    : 42655780864
AvailableBytes : 4912173056



boot_before=2026-09-24T18:23:50
smu GetGfxFrequency  msg=0x37 param=0 (0x0) ... response=0x01 value=1000 (0x000003E8)
smu GetGfxVid        msg=0x38 param=0 (0x0) ... response=0x01 value=116 (0x00000074)
clock verified: 1000 MHz, VID 116 (request 820 mV)
18:40:30 Tctl 66.9 C (raw 73FB0FEF)
launcher_pid=10928
18:40:32 Tctl 66.9 C (raw 73FB0FEF)
18:40:34 Tctl 66.8 C (raw 73DB0FEF)
-- teardown
D3DKMTDestroySynchronizationObject 0x00000000  STATUS_SUCCESS
D3DKMTDestroyContext               0x00000000  STATUS_SUCCESS
D3DKMTFreeGpuVirtualAddress [gpu-ib] 0x00000000  STATUS_SUCCESS
D3DKMTDestroyAllocation2 [gpu-ib]  0x00000000  STATUS_SUCCESS
D3DKMTFreeGpuVirtualAddress [preserved] 0x00000000  STATUS_SUCCESS
D3DKMTDestroyAllocation2 [preserved] 0x00000000  STATUS_SUCCESS
D3DKMTDestroyPagingQueue           0x00000000  STATUS_SUCCESS
D3DKMTDestroyDevice                0x00000000  STATUS_SUCCESS
D3DKMTCloseAdapter                 0x00000000  STATUS_SUCCESS
GPU_RESIDENT_SET_RESULT PASS bytes=67108864 samples=2 snapshots_only=1
GPU_RESIDENCY_RESULT PASS; physical relocation requires paging trace
gpu_probe_exit=0


CommittedBytes : 3370647552
CommitLimit    : 42655780864
AvailableBytes : 4901679104



boot_after=2026-09-24T18:23:50
