compile
  Generowanie kodu...
  Trwa kompilowanie...
  Generowanie kodu...
  Generowanie kodu...
  Generowanie kodu...
link
stack budget
bc250kmd.sys: 422 functions with unwind data, largest fixed frame 3992 bytes
  warn    3992 bytes  rva 0x016350  GfxPagingBuildUpdate
  warn    2248 bytes  rva 0x015390  GfxPagingBuildAperture
  warn    1240 bytes  rva 0x02EBA0  WddmSubmitUmdImpl
catalog
  ..........................
  Signability test complete.
  Errors:
  None
  Warnings:
  None
  Catalog generation complete.
  P:\bc-250\scratch\build\startup-coordinator-dev\package\bc250kmd.cat
sign
  Done Adding Additional Store
  Successfully signed: P:\bc-250\scratch\build\startup-coordinator-dev\package\bc250kmd.sys
  Done Adding Additional Store
  Successfully signed: P:\bc-250\scratch\build\startup-coordinator-dev\package\bc250kmd.cat
      792  bc250-lab-test.cer
     2407  bc250kmd.cat
     7572  bc250kmd.inf
   296848  bc250kmd.sys
umd package
  bc250kmd.inf generated: 9 lines enabled, 1 commented out, DriverVer = 09/23/2026,0.7.93.1
  .........................
  Signability test complete.
  Errors:
  None
  Warnings:
  None
  Catalog generation complete.
  P:\bc-250\scratch\build\startup-coordinator-dev\package-umd\bc250kmd.cat
  Done Adding Additional Store
  Successfully signed: P:\bc-250\scratch\build\startup-coordinator-dev\package-umd\bc250kmd.cat
umd package: P:\bc-250\scratch\build\startup-coordinator-dev\package-umd
      792  bc250-lab-test.cer
     2839  bc250kmd.cat
     7520  bc250kmd.inf
   296848  bc250kmd.sys
     4096  bc250umd.dll
  85DA7A17A1F3A82505F29DD2C8AB0D48EBB182142CCC1713198E026C891B91B3  package\bc250kmd.sys
  85DA7A17A1F3A82505F29DD2C8AB0D48EBB182142CCC1713198E026C891B91B3  package-umd\bc250kmd.sys
