radv_wddm2_winsys_create
OpenAdapterFromLuid 0x0 0x12c4d5
phys adapter = 0 device = 13fe rev 0
node 0 (type: 1) = BC-250 GFX, flags = 0
bc250: caps blob, device 0x13fe family 79 gfx 12
0.00.046.533 I common_init_result: fitting params to device memory ...
0.00.046.539 I common_init_result: (for bugs during this step try to reproduce them with -fit off, or provide --verbose logs if the bug only occurs with -fit on)
allocation handle=0x40000d80
bc250: gfx preamble inlined (no gfx_init IB)
allocation handle=0x400011c0
0.00.063.750 W load: bad special token: 'tokenizer.ggml.seperator_token_id' = 4294967295, using default id -1
0.00.063.760 W load: bad special token: 'tokenizer.ggml.padding_token_id' = 4294967295, using default id -1
allocation handle=0x40001740
allocation handle=0x400017c0
allocation handle=0x40001840
allocation handle=0x400018c0
allocation handle=0x40001940
allocation handle=0x400019c0
allocation handle=0x40001a40
allocation handle=0x40001ac0
bc250: SubmitCommand ib 0x20016c000 928 bytes (from 2) c0012800 80000000 80000000 c0001200
bc250: IB +158 c0037600 00000204 00000000 00000000 00000000 c0065800 00000000 ffffffff
bc250: IB +166 01ffffff 00000000 00000000 0000000a 0000c3b1 c0004600 00000019 c0011000
bc250: IB +174 00000000 00000000
bc250: IB +176 c0043700 40100500 00001000 00000001 00000000 00000000 c0004600 0000002e
bc250: IB +184 c0004600 0000002c c0004600 00000407 c0064900 0070f514 23000000 00001000
bc250: IB +192 00000001 00000001 00000000 00000000 c0053c00 00000013 00001000 00000001
bc250: IB +200 00000001 ffffffff 00000004 c0065800 00000000 ffffffff 01ffffff 00000000
bc250: IB +208 00000000 0000000a 00010080 c0055000 60300000 00120000 00000002 00000000
allocation handle=0x40001b40
allocation handle=0x40001bc0
allocation handle=0x40001c40
allocation handle=0x40001cc0
bc250: SubmitCommand ib 0x20016c000 1024 bytes (from 2) c0012800 80000000 80000000 c0001200
bc250: IB +158 c0037600 00000204 00000000 00000000 00000000 c0065800 00000000 ffffffff
bc250: IB +166 01ffffff 00000000 00000000 0000000a 0000c3b1 c0004600 00000019 c0011000
bc250: IB +174 00000000 00000000
bc250: IB +176 c0043700 40100500 00005000 00000001 00000000 00000000 c0027600 0000020c
bc250: IB +184 01000400 00000000 c0027600 00000212 602c0001 0000008e c0017600 00000228
bc250: IB +192 00000000 c0017600 00000215 01000000 c0037600 00000207 00000040 00000001
bc250: IB +200 00000001 c0057600 00000242 00280000 00000002 00000100 00000002 0001fff0
bc250: IB +208 c0004600 0000002e c0004600 0000002c c0004600 00000407 c0064900 0070f514
bc250: IB +216 23000000 00005000 00000001 00000001 00000000 00000000 c0053c00 00000013
bc250: IB +224 00005000 00000001 00000001 ffffffff 00000004 c0065800 00000000 ffffffff
bc250: IB +232 01ffffff 00000000 00000000 0000000a 00010080 c0037600 00000207 00400040
allocation handle=0x40001d40
allocation handle=0x40001dc0
bc250: SubmitCommand ib 0x20016c000 928 bytes (from 2) c0012800 80000000 80000000 c0001200
bc250: IB +158 c0037600 00000204 00000000 00000000 00000000 c0065800 00000000 ffffffff
bc250: IB +166 01ffffff 00000000 00000000 0000000a 0000c3b1 c0004600 00000019 c0011000
bc250: IB +174 00000000 00000000
bc250: IB +176 c0043700 40100500 00009000 00000001 00000000 00000000 c0004600 0000002e
bc250: IB +184 c0004600 0000002c c0004600 00000407 c0064900 0070f514 23000000 00009000
bc250: IB +192 00000001 00000001 00000000 00000000 c0053c00 00000013 00009000 00000001
bc250: IB +200 00000001 ffffffff 00000004 c0065800 00000000 ffffffff 01ffffff 00000000
bc250: IB +208 00000000 0000000a 00010080 c0055000 60300000 00280000 00000002 00020100
allocation handle=0x40001e40
allocation handle=0x40001ec0
bc250: SubmitCommand ib 0x20016c000 1024 bytes (from 2) c0012800 80000000 80000000 c0001200
bc250: IB +158 c0037600 00000204 00000000 00000000 00000000 c0065800 00000000 ffffffff
bc250: IB +166 01ffffff 00000000 00000000 0000000a 0000c3b1 c0004600 00000019 c0011000
bc250: IB +174 00000000 00000000
bc250: IB +176 c0043700 40100500 0000d000 00000001 00000000 00000000 c0027600 0000020c
bc250: IB +184 01000400 00000000 c0027600 00000212 602c0001 0000008e c0017600 00000228
bc250: IB +192 00000000 c0017600 00000215 01000000 c0037600 00000207 00000040 00000001
bc250: IB +200 00000001 c0057600 00000242 00280000 00000002 00020200 00000002 00003ff0
bc250: IB +208 c0004600 0000002e c0004600 0000002c c0004600 00000407 c0064900 0070f514
bc250: IB +216 23000000 0000d000 00000001 00000001 00000000 00000000 c0053c00 00000013
bc250: IB +224 0000d000 00000001 00000001 ffffffff 00000004 c0065800 00000000 ffffffff
bc250: IB +232 01ffffff 00000000 00000000 0000000a 00010080 c0037600 00000207 00400040
allocation handle=0x40001f40
allocation handle=0x40001fc0
bc250: SubmitCommand ib 0x20016c000 1024 bytes (from 2) c0012800 80000000 80000000 c0001200
bc250: IB +158 c0037600 00000204 00000000 00000000 00000000 c0065800 00000000 ffffffff
bc250: IB +166 01ffffff 00000000 00000000 0000000a 0000c3b1 c0004600 00000019 c0011000
bc250: IB +174 00000000 00000000
bc250: IB +176 c0043700 40100500 00011000 00000001 00000000 00000000 c0027600 0000020c
bc250: IB +184 01000400 00000000 c0027600 00000212 602c0001 0000008e c0017600 00000228
bc250: IB +192 00000000 c0017600 00000215 01000000 c0037600 00000207 00000040 00000001
bc250: IB +200 00000001 c0057600 00000242 00280000 00000002 00024200 00000002 00001ff0
bc250: IB +208 c0004600 0000002e c0004600 0000002c c0004600 00000407 c0064900 0070f514
bc250: IB +216 23000000 00011000 00000001 00000001 00000000 00000000 c0053c00 00000013
bc250: IB +224 00011000 00000001 00000001 ffffffff 00000004 c0065800 00000000 ffffffff
bc250: IB +232 01ffffff 00000000 00000000 0000000a 00010080 c0037600 00000207 00400040
allocation handle=0x40002040
allocation handle=0x400020c0
bc250: SubmitCommand ib 0x20016c000 1024 bytes (from 2) c0012800 80000000 80000000 c0001200
bc250: IB +158 c0037600 00000204 00000000 00000000 00000000 c0065800 00000000 ffffffff
bc250: IB +166 01ffffff 00000000 00000000 0000000a 0000c3b1 c0004600 00000019 c0011000
bc250: IB +174 00000000 00000000
bc250: IB +176 c0043700 40100500 00015000 00000001 00000000 00000000 c0027600 0000020c
bc250: IB +184 01000400 00000000 c0027600 00000212 602c0001 0000008e c0017600 00000228
bc250: IB +192 00000000 c0017600 00000215 01000000 c0037600 00000207 00000040 00000001
bc250: IB +200 00000001 c0057600 00000242 00280000 00000002 00026200 00000002 00001ff0
bc250: IB +208 c0004600 0000002e c0004600 0000002c c0004600 00000407 c0064900 0070f514
bc250: IB +216 23000000 00015000 00000001 00000001 00000000 00000000 c0053c00 00000013
bc250: IB +224 00015000 00000001 00000001 ffffffff 00000004 c0065800 00000000 ffffffff
bc250: IB +232 01ffffff 00000000 00000000 0000000a 00010080 c0037600 00000207 00400040
allocation handle=0x40002140
allocation handle=0x400021c0
bc250: SubmitCommand ib 0x20016c000 1024 bytes (from 2) c0012800 80000000 80000000 c0001200
bc250: IB +158 c0037600 00000204 00000000 00000000 00000000 c0065800 00000000 ffffffff
bc250: IB +166 01ffffff 00000000 00000000 0000000a 0000c3b1 c0004600 00000019 c0011000
bc250: IB +174 00000000 00000000
bc250: IB +176 c0043700 40100500 00019000 00000001 00000000 00000000 c0027600 0000020c
bc250: IB +184 01000400 00000000 c0027600 00000212 602c0001 0000008e c0017600 00000228
bc250: IB +192 00000000 c0017600 00000215 01000000 c0037600 00000207 00000040 00000001
bc250: IB +200 00000001 c0057600 00000242 00280000 00000002 00028200 00000002 00003ff0
bc250: IB +208 c0004600 0000002e c0004600 0000002c c0004600 00000407 c0064900 0070f514
bc250: IB +216 23000000 00019000 00000001 00000001 00000000 00000000 c0053c00 00000013
bc250: IB +224 00019000 00000001 00000001 ffffffff 00000004 c0065800 00000000 ffffffff
bc250: IB +232 01ffffff 00000000 00000000 0000000a 00010080 c0037600 00000207 00400040
allocation handle=0x40002240
allocation handle=0x400022c0
bc250: SubmitCommand ib 0x20016c000 928 bytes (from 2) c0012800 80000000 80000000 c0001200
bc250: IB +158 c0037600 00000204 00000000 00000000 00000000 c0065800 00000000 ffffffff
bc250: IB +166 01ffffff 00000000 00000000 0000000a 0000c3b1 c0004600 00000019 c0011000
bc250: IB +174 00000000 00000000
bc250: IB +176 c0043700 40100500 0001d000 00000001 00000000 00000000 c0004600 0000002e
bc250: IB +184 c0004600 0000002c c0004600 00000407 c0064900 0070f514 23000000 0001d000
bc250: IB +192 00000001 00000001 00000000 00000000 c0053c00 00000013 0001d000 00000001
bc250: IB +200 00000001 ffffffff 00000004 c0065800 00000000 ffffffff 01ffffff 00000000
bc250: IB +208 00000000 0000000a 00010080 c0055000 60300000 00280000 00000002 0002c200
allocation handle=0x40002340
allocation handle=0x400023c0
bc250: SubmitCommand ib 0x20016c000 1024 bytes (from 2) c0012800 80000000 80000000 c0001200
bc250: IB +158 c0037600 00000204 00000000 00000000 00000000 c0065800 00000000 ffffffff
bc250: IB +166 01ffffff 00000000 00000000 0000000a 0000c3b1 c0004600 00000019 c0011000
bc250: IB +174 00000000 00000000
bc250: IB +176 c0043700 40100500 00021000 00000001 00000000 00000000 c0027600 0000020c
bc250: IB +184 01000400 00000000 c0027600 00000212 602c0001 0000008e c0017600 00000228
bc250: IB +192 00000000 c0017600 00000215 01000000 c0037600 00000207 00000040 00000001
bc250: IB +200 00000001 c0057600 00000242 00280000 00000002 0002c300 00000002 0000abf0
bc250: IB +208 c0004600 0000002e c0004600 0000002c c0004600 00000407 c0064900 0070f514
bc250: IB +216 23000000 00021000 00000001 00000001 00000000 00000000 c0053c00 00000013
bc250: IB +224 00021000 00000001 00000001 ffffffff 00000004 c0065800 00000000 ffffffff
bc250: IB +232 01ffffff 00000000 00000000 0000000a 00010080 c0037600 00000207 00400040
allocation handle=0x80000380
allocation handle=0x40002440
bc250: SubmitCommand ib 0x20016c000 1024 bytes (from 2) c0012800 80000000 80000000 c0001200
bc250: IB +158 c0037600 00000204 00000000 00000000 00000000 c0065800 00000000 ffffffff
bc250: IB +166 01ffffff 00000000 00000000 0000000a 0000c3b1 c0004600 00000019 c0011000
bc250: IB +174 00000000 00000000
bc250: IB +176 c0043700 40100500 00025000 00000001 00000000 00000000 c0027600 0000020c
bc250: IB +184 01000400 00000000 c0027600 00000212 602c0001 0000008e c0017600 00000228
bc250: IB +192 00000000 c0017600 00000215 01000000 c0037600 00000207 00000040 00000001
bc250: IB +200 00000001 c0057600 00000242 00280000 00000002 00036f00 00000002 0000abf0
bc250: IB +208 c0004600 0000002e c0004600 0000002c c0004600 00000407 c0064900 0070f514
bc250: IB +216 23000000 00025000 00000001 00000001 00000000 00000000 c0053c00 00000013
bc250: IB +224 00025000 00000001 00000001 ffffffff 00000004 c0065800 00000000 ffffffff
bc250: IB +232 01ffffff 00000000 00000000 0000000a 00010080 c0037600 00000207 00400040
bc250: SubmitCommand ib 0x20016c000 1024 bytes (from 2) c0012800 80000000 80000000 c0001200
bc250: IB +158 c0037600 00000204 00000000 00000000 00000000 c0065800 00000000 ffffffff
bc250: IB +166 01ffffff 00000000 00000000 0000000a 0000c3b1 c0004600 00000019 c0011000
bc250: IB +174 00000000 00000000
bc250: IB +176 c0043700 40100500 00001000 00000001 00000000 00000000 c0027600 0000020c
bc250: IB +184 01000400 00000000 c0027600 00000212 602c0001 0000008e c0017600 00000228
bc250: IB +192 00000000 c0017600 00000215 01000000 c0037600 00000207 00000040 00000001
bc250: IB +200 00000001 c0057600 00000242 00280000 00000002 00041b00 00000002 0000abf0
bc250: IB +208 c0004600 0000002e c0004600 0000002c c0004600 00000407 c0064900 0070f514
bc250: IB +216 23000000 00001000 00000001 00000002 00000000 00000000 c0053c00 00000013
bc250: IB +224 00001000 00000001 00000002 ffffffff 00000004 c0065800 00000000 ffffffff
bc250: IB +232 01ffffff 00000000 00000000 0000000a 00010080 c0037600 00000207 00400040
bc250: SubmitCommand ib 0x20016c000 928 bytes (from 2) c0012800 80000000 80000000 c0001200
bc250: IB +158 c0037600 00000204 00000000 00000000 00000000 c0065800 00000000 ffffffff
bc250: IB +166 01ffffff 00000000 00000000 0000000a 0000c3b1 c0004600 00000019 c0011000
bc250: IB +174 00000000 00000000
bc250: IB +176 c0043700 40100500 00005000 00000001 00000000 00000000 c0004600 0000002e
bc250: IB +184 c0004600 0000002c c0004600 00000407 c0064900 0070f514 23000000 00005000
bc250: IB +192 00000001 00000002 00000000 00000000 c0053c00 00000013 00005000 00000001
bc250: IB +200 00000002 ffffffff 00000004 c0065800 00000000 ffffffff 01ffffff 00000000
bc250: IB +208 00000000 0000000a 00010080 c0055000 60300000 00280000 00000002 0004c700
bc250: SubmitCommand ib 0x20016c000 1024 bytes (from 2) c0012800 80000000 80000000 c0001200
bc250: IB +158 c0037600 00000204 00000000 00000000 00000000 c0065800 00000000 ffffffff
bc250: IB +166 01ffffff 00000000 00000000 0000000a 0000c3b1 c0004600 00000019 c0011000
bc250: IB +174 00000000 00000000
bc250: IB +176 c0043700 40100500 00009000 00000001 00000000 00000000 c0027600 0000020c
bc250: IB +184 01000400 00000000 c0027600 00000212 602c0001 0000008e c0017600 00000228
bc250: IB +192 00000000 c0017600 00000215 01000000 c0037600 00000207 00000040 00000001
bc250: IB +200 00000001 c0057600 00000242 00280000 00000002 0004c800 00000002 00003ff0
bc250: IB +208 c0004600 0000002e c0004600 0000002c c0004600 00000407 c0064900 0070f514
bc250: IB +216 23000000 00009000 00000001 00000002 00000000 00000000 c0053c00 00000013
bc250: IB +224 00009000 00000001 00000002 ffffffff 00000004 c0065800 00000000 ffffffff
bc250: IB +232 01ffffff 00000000 00000000 0000000a 00010080 c0037600 00000207 00400040
bc250: SubmitCommand ib 0x20016c000 1024 bytes (from 2) c0012800 80000000 80000000 c0001200
bc250: IB +158 c0037600 00000204 00000000 00000000 00000000 c0065800 00000000 ffffffff
bc250: IB +166 01ffffff 00000000 00000000 0000000a 0000c3b1 c0004600 00000019 c0011000
bc250: IB +174 00000000 00000000
bc250: IB +176 c0043700 40100500 0000d000 00000001 00000000 00000000 c0027600 0000020c
bc250: IB +184 01000400 00000000 c0027600 00000212 602c0001 0000008e c0017600 00000228
bc250: IB +192 00000000 c0017600 00000215 01000000 c0037600 00000207 00000040 00000001
bc250: IB +200 00000001 c0057600 00000242 00280000 00000002 00050800 00000002 00001ff0
bc250: IB +208 c0004600 0000002e c0004600 0000002c c0004600 00000407 c0064900 0070f514
bc250: IB +216 23000000 0000d000 00000001 00000002 00000000 00000000 c0053c00 00000013
bc250: IB +224 0000d000 00000001 00000002 ffffffff 00000004 c0065800 00000000 ffffffff
bc250: IB +232 01ffffff 00000000 00000000 0000000a 00010080 c0037600 00000207 00400040
bc250: SubmitCommand ib 0x20016c000 1024 bytes (from 2) c0012800 80000000 80000000 c0001200
bc250: IB +158 c0037600 00000204 00000000 00000000 00000000 c0065800 00000000 ffffffff
bc250: IB +166 01ffffff 00000000 00000000 0000000a 0000c3b1 c0004600 00000019 c0011000
bc250: IB +174 00000000 00000000
bc250: IB +176 c0043700 40100500 00011000 00000001 00000000 00000000 c0027600 0000020c
bc250: IB +184 01000400 00000000 c0027600 00000212 602c0001 0000008e c0017600 00000228
bc250: IB +192 00000000 c0017600 00000215 01000000 c0037600 00000207 00000040 00000001
bc250: IB +200 00000001 c0057600 00000242 00280000 00000002 00052800 00000002 00001ff0
bc250: IB +208 c0004600 0000002e c0004600 0000002c c0004600 00000407 c0064900 0070f514
bc250: IB +216 23000000 00011000 00000001 00000002 00000000 00000000 c0053c00 00000013
bc250: IB +224 00011000 00000001 00000002 ffffffff 00000004 c0065800 00000000 ffffffff
bc250: IB +232 01ffffff 00000000 00000000 0000000a 00010080 c0037600 00000207 00400040
bc250: SubmitCommand ib 0x20016c000 1024 bytes (from 2) c0012800 80000000 80000000 c0001200
bc250: IB +158 c0037600 00000204 00000000 00000000 00000000 c0065800 00000000 ffffffff
bc250: IB +166 01ffffff 00000000 00000000 0000000a 0000c3b1 c0004600 00000019 c0011000
bc250: IB +174 00000000 00000000
bc250: IB +176 c0043700 40100500 00015000 00000001 00000000 00000000 c0027600 0000020c
bc250: IB +184 01000400 00000000 c0027600 00000212 602c0001 0000008e c0017600 00000228
bc250: IB +192 00000000 c0017600 00000215 01000000 c0037600 00000207 00000040 00000001
bc250: IB +200 00000001 c0057600 00000242 00280000 00000002 00054800 00000002 00003ff0
bc250: IB +208 c0004600 0000002e c0004600 0000002c c0004600 00000407 c0064900 0070f514
bc250: IB +216 23000000 00015000 00000001 00000002 00000000 00000000 c0053c00 00000013
bc250: IB +224 00015000 00000001 00000002 ffffffff 00000004 c0065800 00000000 ffffffff
bc250: IB +232 01ffffff 00000000 00000000 0000000a 00010080 c0037600 00000207 00400040
bc250: SubmitCommand ib 0x20016c000 928 bytes (from 2) c0012800 80000000 80000000 c0001200
bc250: IB +158 c0037600 00000204 00000000 00000000 00000000 c0065800 00000000 ffffffff
bc250: IB +166 01ffffff 00000000 00000000 0000000a 0000c3b1 c0004600 00000019 c0011000
bc250: IB +174 00000000 00000000
bc250: IB +176 c0043700 40100500 00019000 00000001 00000000 00000000 c0004600 0000002e
bc250: IB +184 c0004600 0000002c c0004600 00000407 c0064900 0070f514 23000000 00019000
bc250: IB +192 00000001 00000002 00000000 00000000 c0053c00 00000013 00019000 00000001
bc250: IB +200 00000002 ffffffff 00000004 c0065800 00000000 ffffffff 01ffffff 00000000
bc250: IB +208 00000000 0000000a 00010080 c0055000 60300000 00280000 00000002 00058800
bc250: SubmitCommand ib 0x20016c000 1024 bytes (from 2) c0012800 80000000 80000000 c0001200
bc250: IB +158 c0037600 00000204 00000000 00000000 00000000 c0065800 00000000 ffffffff
bc250: IB +166 01ffffff 00000000 00000000 0000000a 0000c3b1 c0004600 00000019 c0011000
bc250: IB +174 00000000 00000000
bc250: IB +176 c0043700 40100500 0001d000 00000001 00000000 00000000 c0027600 0000020c
bc250: IB +184 01000400 00000000 c0027600 00000212 602c0001 0000008e c0017600 00000228
bc250: IB +192 00000000 c0017600 00000215 01000000 c0037600 00000207 00000040 00000001
bc250: IB +200 00000001 c0057600 00000242 00280000 00000002 00058900 00000002 0000abf0
bc250: IB +208 c0004600 0000002e c0004600 0000002c c0004600 00000407 c0064900 0070f514
bc250: IB +216 23000000 0001d000 00000001 00000002 00000000 00000000 c0053c00 00000013
bc250: IB +224 0001d000 00000001 00000002 ffffffff 00000004 c0065800 00000000 ffffffff
bc250: IB +232 01ffffff 00000000 00000000 0000000a 00010080 c0037600 00000207 00400040
bc250: SubmitCommand ib 0x20016c000 1024 bytes (from 2) c0012800 80000000 80000000 c0001200
bc250: IB +158 c0037600 00000204 00000000 00000000 00000000 c0065800 00000000 ffffffff
bc250: IB +166 01ffffff 00000000 00000000 0000000a 0000c3b1 c0004600 00000019 c0011000
bc250: IB +174 00000000 00000000
bc250: IB +176 c0043700 40100500 00021000 00000001 00000000 00000000 c0027600 0000020c
bc250: IB +184 01000400 00000000 c0027600 00000212 602c0001 0000008e c0017600 00000228
bc250: IB +192 00000000 c0017600 00000215 01000000 c0037600 00000207 00000040 00000001
bc250: IB +200 00000001 c0057600 00000242 00280000 00000002 00063500 00000002 0000abf0
bc250: IB +208 c0004600 0000002e c0004600 0000002c c0004600 00000407 c0064900 0070f514
bc250: IB +216 23000000 00021000 00000001 00000002 00000000 00000000 c0053c00 00000013
bc250: IB +224 00021000 00000001 00000002 ffffffff 00000004 c0065800 00000000 ffffffff
bc250: IB +232 01ffffff 00000000 00000000 0000000a 00010080 c0037600 00000207 00400040
bc250: SubmitCommand ib 0x20016c000 1024 bytes (from 2) c0012800 80000000 80000000 c0001200
bc250: IB +158 c0037600 00000204 00000000 00000000 00000000 c0065800 00000000 ffffffff
bc250: IB +166 01ffffff 00000000 00000000 0000000a 0000c3b1 c0004600 00000019 c0011000
bc250: IB +174 00000000 00000000
bc250: IB +176 c0043700 40100500 00025000 00000001 00000000 00000000 c0027600 0000020c
bc250: IB +184 01000400 00000000 c0027600 00000212 602c0001 0000008e c0017600 00000228
bc250: IB +192 00000000 c0017600 00000215 01000000 c0037600 00000207 00000040 00000001
bc250: IB +200 00000001 c0057600 00000242 00280000 00000002 0006e100 00000002 0000abf0
bc250: IB +208 c0004600 0000002e c0004600 0000002c c0004600 00000407 c0064900 0070f514
bc250: IB +216 23000000 00025000 00000001 00000002 00000000 00000000 c0053c00 00000013
bc250: IB +224 00025000 00000001 00000002 ffffffff 00000004 c0065800 00000000 ffffffff
bc250: IB +232 01ffffff 00000000 00000000 0000000a 00010080 c0037600 00000207 00400040
bc250: SubmitCommand ib 0x20016c000 928 bytes (from 2) c0012800 80000000 80000000 c0001200
bc250: IB +158 c0037600 00000204 00000000 00000000 00000000 c0065800 00000000 ffffffff
bc250: IB +166 01ffffff 00000000 00000000 0000000a 0000c3b1 c0004600 00000019 c0011000
bc250: IB +174 00000000 00000000
bc250: IB +176 c0043700 40100500 00001000 00000001 00000000 00000000 c0004600 0000002e
bc250: IB +184 c0004600 0000002c c0004600 00000407 c0064900 0070f514 23000000 00001000
bc250: IB +192 00000001 00000003 00000000 00000000 c0053c00 00000013 00001000 00000001
bc250: IB +200 00000003 ffffffff 00000004 c0065800 00000000 ffffffff 01ffffff 00000000
bc250: IB +208 00000000 0000000a 00010080 c0055000 60300000 00280000 00000002 00078d00
bc250: SubmitCommand ib 0x20016c000 1024 bytes (from 2) c0012800 80000000 80000000 c0001200
bc250: IB +158 c0037600 00000204 00000000 00000000 00000000 c0065800 00000000 ffffffff
bc250: IB +166 01ffffff 00000000 00000000 0000000a 0000c3b1 c0004600 00000019 c0011000
bc250: IB +174 00000000 00000000
bc250: IB +176 c0043700 40100500 00005000 00000001 00000000 00000000 c0027600 0000020c
bc250: IB +184 01000400 00000000 c0027600 00000212 602c0001 0000008e c0017600 00000228
bc250: IB +192 00000000 c0017600 00000215 01000000 c0037600 00000207 00000040 00000001
bc250: IB +200 00000001 c0057600 00000242 00280000 00000002 00078e00 00000002 00003ff0
bc250: IB +208 c0004600 0000002e c0004600 0000002c c0004600 00000407 c0064900 0070f514
bc250: IB +216 23000000 00005000 00000001 00000003 00000000 00000000 c0053c00 00000013
bc250: IB +224 00005000 00000001 00000003 ffffffff 00000004 c0065800 00000000 ffffffff
bc250: IB +232 01ffffff 00000000 00000000 0000000a 00010080 c0037600 00000207 00400040
bc250: SubmitCommand ib 0x20016c000 1024 bytes (from 2) c0012800 80000000 80000000 c0001200
bc250: IB +158 c0037600 00000204 00000000 00000000 00000000 c0065800 00000000 ffffffff
bc250: IB +166 01ffffff 00000000 00000000 0000000a 0000c3b1 c0004600 00000019 c0011000
bc250: IB +174 00000000 00000000
bc250: IB +176 c0043700 40100500 00009000 00000001 00000000 00000000 c0027600 0000020c
bc250: IB +184 01000400 00000000 c0027600 00000212 602c0001 0000008e c0017600 00000228
bc250: IB +192 00000000 c0017600 00000215 01000000 c0037600 00000207 00000040 00000001
bc250: IB +200 00000001 c0057600 00000242 00280000 00000002 0007ce00 00000002 00001ff0
bc250: IB +208 c0004600 0000002e c0004600 0000002c c0004600 00000407 c0064900 0070f514
bc250: IB +216 23000000 00009000 00000001 00000003 00000000 00000000 c0053c00 00000013
bc250: IB +224 00009000 00000001 00000003 ffffffff 00000004 c0065800 00000000 ffffffff
bc250: IB +232 01ffffff 00000000 00000000 0000000a 00010080 c0037600 00000207 00400040
bc250: SubmitCommand ib 0x20016c000 1024 bytes (from 2) c0012800 80000000 80000000 c0001200
bc250: IB +158 c0037600 00000204 00000000 00000000 00000000 c0065800 00000000 ffffffff
bc250: IB +166 01ffffff 00000000 00000000 0000000a 0000c3b1 c0004600 00000019 c0011000
bc250: IB +174 00000000 00000000
bc250: IB +176 c0043700 40100500 0000d000 00000001 00000000 00000000 c0027600 0000020c
bc250: IB +184 01000400 00000000 c0027600 00000212 602c0001 0000008e c0017600 00000228
bc250: IB +192 00000000 c0017600 00000215 01000000 c0037600 00000207 00000040 00000001
bc250: IB +200 00000001 c0057600 00000242 00280000 00000002 0007ee00 00000002 00001ff0
bc250: IB +208 c0004600 0000002e c0004600 0000002c c0004600 00000407 c0064900 0070f514
bc250: IB +216 23000000 0000d000 00000001 00000003 00000000 00000000 c0053c00 00000013
bc250: IB +224 0000d000 00000001 00000003 ffffffff 00000004 c0065800 00000000 ffffffff
bc250: IB +232 01ffffff 00000000 00000000 0000000a 00010080 c0037600 00000207 00400040
bc250: SubmitCommand ib 0x20016c000 1024 bytes (from 2) c0012800 80000000 80000000 c0001200
bc250: IB +158 c0037600 00000204 00000000 00000000 00000000 c0065800 00000000 ffffffff
bc250: IB +166 01ffffff 00000000 00000000 0000000a 0000c3b1 c0004600 00000019 c0011000
bc250: IB +174 00000000 00000000
bc250: IB +176 c0043700 40100500 00011000 00000001 00000000 00000000 c0027600 0000020c
bc250: IB +184 01000400 00000000 c0027600 00000212 602c0001 0000008e c0017600 00000228
bc250: IB +192 00000000 c0017600 00000215 01000000 c0037600 00000207 00000040 00000001
bc250: IB +200 00000001 c0057600 00000242 00280000 00000002 00080e00 00000002 00003ff0
bc250: IB +208 c0004600 0000002e c0004600 0000002c c0004600 00000407 c0064900 0070f514
bc250: IB +216 23000000 00011000 00000001 00000003 00000000 00000000 c0053c00 00000013
bc250: IB +224 00011000 00000001 00000003 ffffffff 00000004 c0065800 00000000 ffffffff
bc250: IB +232 01ffffff 00000000 00000000 0000000a 00010080 c0037600 00000207 00400040
bc250: SubmitCommand ib 0x20016c000 928 bytes (from 2) c0012800 80000000 80000000 c0001200
bc250: IB +158 c0037600 00000204 00000000 00000000 00000000 c0065800 00000000 ffffffff
bc250: IB +166 01ffffff 00000000 00000000 0000000a 0000c3b1 c0004600 00000019 c0011000
bc250: IB +174 00000000 00000000
bc250: IB +176 c0043700 40100500 00015000 00000001 00000000 00000000 c0004600 0000002e
bc250: IB +184 c0004600 0000002c c0004600 00000407 c0064900 0070f514 23000000 00015000
bc250: IB +192 00000001 00000003 00000000 00000000 c0053c00 00000013 00015000 00000001
bc250: IB +200 00000003 ffffffff 00000004 c0065800 00000000 ffffffff 01ffffff 00000000
bc250: IB +208 00000000 0000000a 00010080 c0055000 60300000 00280000 00000002 00084e00
bc250: SubmitCommand ib 0x20016c000 1024 bytes (from 2) c0012800 80000000 80000000 c0001200
bc250: IB +158 c0037600 00000204 00000000 00000000 00000000 c0065800 00000000 ffffffff
bc250: IB +166 01ffffff 00000000 00000000 0000000a 0000c3b1 c0004600 00000019 c0011000
bc250: IB +174 00000000 00000000
bc250: IB +176 c0043700 40100500 00019000 00000001 00000000 00000000 c0027600 0000020c
bc250: IB +184 01000400 00000000 c0027600 00000212 602c0001 0000008e c0017600 00000228
bc250: IB +192 00000000 c0017600 00000215 01000000 c0037600 00000207 00000040 00000001
bc250: IB +200 00000001 c0057600 00000242 00280000 00000002 00084f00 00000002 0000abf0
bc250: IB +208 c0004600 0000002e c0004600 0000002c c0004600 00000407 c0064900 0070f514
bc250: IB +216 23000000 00019000 00000001 00000003 00000000 00000000 c0053c00 00000013
bc250: IB +224 00019000 00000001 00000003 ffffffff 00000004 c0065800 00000000 ffffffff
bc250: IB +232 01ffffff 00000000 00000000 0000000a 00010080 c0037600 00000207 00400040
bc250: SubmitCommand ib 0x20016c000 1024 bytes (from 2) c0012800 80000000 80000000 c0001200
bc250: IB +158 c0037600 00000204 00000000 00000000 00000000 c0065800 00000000 ffffffff
bc250: IB +166 01ffffff 00000000 00000000 0000000a 0000c3b1 c0004600 00000019 c0011000
bc250: IB +174 00000000 00000000
bc250: IB +176 c0043700 40100500 0001d000 00000001 00000000 00000000 c0027600 0000020c
bc250: IB +184 01000400 00000000 c0027600 00000212 602c0001 0000008e c0017600 00000228
bc250: IB +192 00000000 c0017600 00000215 01000000 c0037600 00000207 00000040 00000001
bc250: IB +200 00000001 c0057600 00000242 00280000 00000002 0008fb00 00000002 0000abf0
bc250: IB +208 c0004600 0000002e c0004600 0000002c c0004600 00000407 c0064900 0070f514
bc250: IB +216 23000000 0001d000 00000001 00000003 00000000 00000000 c0053c00 00000013
bc250: IB +224 0001d000 00000001 00000003 ffffffff 00000004 c0065800 00000000 ffffffff
bc250: IB +232 01ffffff 00000000 00000000 0000000a 00010080 c0037600 00000207 00400040
bc250: SubmitCommand ib 0x20016c000 1024 bytes (from 2) c0012800 80000000 80000000 c0001200
bc250: IB +158 c0037600 00000204 00000000 00000000 00000000 c0065800 00000000 ffffffff
bc250: IB +166 01ffffff 00000000 00000000 0000000a 0000c3b1 c0004600 00000019 c0011000
bc250: IB +174 00000000 00000000
bc250: IB +176 c0043700 40100500 00021000 00000001 00000000 00000000 c0027600 0000020c
bc250: IB +184 01000400 00000000 c0027600 00000212 602c0001 0000008e c0017600 00000228
bc250: IB +192 00000000 c0017600 00000215 01000000 c0037600 00000207 00000040 00000001
bc250: IB +200 00000001 c0057600 00000242 00280000 00000002 0009a700 00000002 0000abf0
bc250: IB +208 c0004600 0000002e c0004600 0000002c c0004600 00000407 c0064900 0070f514
bc250: IB +216 23000000 00021000 00000001 00000003 00000000 00000000 c0053c00 00000013
bc250: IB +224 00021000 00000001 00000003 ffffffff 00000004 c0065800 00000000 ffffffff
bc250: IB +232 01ffffff 00000000 00000000 0000000a 00010080 c0037600 00000207 00400040
bc250: SubmitCommand ib 0x20016c000 928 bytes (from 2) c0012800 80000000 80000000 c0001200
bc250: IB +158 c0037600 00000204 00000000 00000000 00000000 c0065800 00000000 ffffffff
bc250: IB +166 01ffffff 00000000 00000000 0000000a 0000c3b1 c0004600 00000019 c0011000
bc250: IB +174 00000000 00000000
bc250: IB +176 c0043700 40100500 00025000 00000001 00000000 00000000 c0004600 0000002e
bc250: IB +184 c0004600 0000002c c0004600 00000407 c0064900 0070f514 23000000 00025000
bc250: IB +192 00000001 00000003 00000000 00000000 c0053c00 00000013 00025000 00000001
bc250: IB +200 00000003 ffffffff 00000004 c0065800 00000000 ffffffff 01ffffff 00000000
bc250: IB +208 00000000 0000000a 00010080 c0055000 60300000 00280000 00000002 000a5300
bc250: SubmitCommand ib 0x20016c000 1024 bytes (from 2) c0012800 80000000 80000000 c0001200
bc250: IB +158 c0037600 00000204 00000000 00000000 00000000 c0065800 00000000 ffffffff
bc250: IB +166 01ffffff 00000000 00000000 0000000a 0000c3b1 c0004600 00000019 c0011000
bc250: IB +174 00000000 00000000
bc250: IB +176 c0043700 40100500 00001000 00000001 00000000 00000000 c0027600 0000020c
bc250: IB +184 01000400 00000000 c0027600 00000212 602c0001 0000008e c0017600 00000228
bc250: IB +192 00000000 c0017600 00000215 01000000 c0037600 00000207 00000040 00000001
bc250: IB +200 00000001 c0057600 00000242 00280000 00000002 000a5400 00000002 00003ff0
bc250: IB +208 c0004600 0000002e c0004600 0000002c c0004600 00000407 c0064900 0070f514
bc250: IB +216 23000000 00001000 00000001 00000004 00000000 00000000 c0053c00 00000013
bc250: IB +224 00001000 00000001 00000004 ffffffff 00000004 c0065800 00000000 ffffffff
bc250: IB +232 01ffffff 00000000 00000000 0000000a 00010080 c0037600 00000207 00400040
bc250: SubmitCommand ib 0x20016c000 1024 bytes (from 2) c0012800 80000000 80000000 c0001200
bc250: IB +158 c0037600 00000204 00000000 00000000 00000000 c0065800 00000000 ffffffff
bc250: IB +166 01ffffff 00000000 00000000 0000000a 0000c3b1 c0004600 00000019 c0011000
bc250: IB +174 00000000 00000000
bc250: IB +176 c0043700 40100500 00005000 00000001 00000000 00000000 c0027600 0000020c
bc250: IB +184 01000400 00000000 c0027600 00000212 602c0001 0000008e c0017600 00000228
bc250: IB +192 00000000 c0017600 00000215 01000000 c0037600 00000207 00000040 00000001
bc250: IB +200 00000001 c0057600 00000242 00280000 00000002 000a9400 00000002 00001ff0
bc250: IB +208 c0004600 0000002e c0004600 0000002c c0004600 00000407 c0064900 0070f514
bc250: IB +216 23000000 00005000 00000001 00000004 00000000 00000000 c0053c00 00000013
bc250: IB +224 00005000 00000001 00000004 ffffffff 00000004 c0065800 00000000 ffffffff
bc250: IB +232 01ffffff 00000000 00000000 0000000a 00010080 c0037600 00000207 00400040
bc250: SubmitCommand ib 0x20016c000 1024 bytes (from 2) c0012800 80000000 80000000 c0001200
bc250: IB +158 c0037600 00000204 00000000 00000000 00000000 c0065800 00000000 ffffffff
bc250: IB +166 01ffffff 00000000 00000000 0000000a 0000c3b1 c0004600 00000019 c0011000
bc250: IB +174 00000000 00000000
bc250: IB +176 c0043700 40100500 00009000 00000001 00000000 00000000 c0027600 0000020c
bc250: IB +184 01000400 00000000 c0027600 00000212 602c0001 0000008e c0017600 00000228
bc250: IB +192 00000000 c0017600 00000215 01000000 c0037600 00000207 00000040 00000001
bc250: IB +200 00000001 c0057600 00000242 00280000 00000002 000ab400 00000002 00001ff0
bc250: IB +208 c0004600 0000002e c0004600 0000002c c0004600 00000407 c0064900 0070f514
bc250: IB +216 23000000 00009000 00000001 00000004 00000000 00000000 c0053c00 00000013
bc250: IB +224 00009000 00000001 00000004 ffffffff 00000004 c0065800 00000000 ffffffff
bc250: IB +232 01ffffff 00000000 00000000 0000000a 00010080 c0037600 00000207 00400040
bc250: SubmitCommand ib 0x20016c000 1024 bytes (from 2) c0012800 80000000 80000000 c0001200
bc250: IB +158 c0037600 00000204 00000000 00000000 00000000 c0065800 00000000 ffffffff
bc250: IB +166 01ffffff 00000000 00000000 0000000a 0000c3b1 c0004600 00000019 c0011000
bc250: IB +174 00000000 00000000
bc250: IB +176 c0043700 40100500 0000d000 00000001 00000000 00000000 c0027600 0000020c
bc250: IB +184 01000400 00000000 c0027600 00000212 602c0001 0000008e c0017600 00000228
bc250: IB +192 00000000 c0017600 00000215 01000000 c0037600 00000207 00000040 00000001
bc250: IB +200 00000001 c0057600 00000242 00280000 00000002 000ad400 00000002 00003ff0
bc250: IB +208 c0004600 0000002e c0004600 0000002c c0004600 00000407 c0064900 0070f514
bc250: IB +216 23000000 0000d000 00000001 00000004 00000000 00000000 c0053c00 00000013
bc250: IB +224 0000d000 00000001 00000004 ffffffff 00000004 c0065800 00000000 ffffffff
bc250: IB +232 01ffffff 00000000 00000000 0000000a 00010080 c0037600 00000207 00400040
bc250: SubmitCommand ib 0x20016c000 928 bytes (from 2) c0012800 80000000 80000000 c0001200
bc250: IB +158 c0037600 00000204 00000000 00000000 00000000 c0065800 00000000 ffffffff
bc250: IB +166 01ffffff 00000000 00000000 0000000a 0000c3b1 c0004600 00000019 c0011000
bc250: IB +174 00000000 00000000
bc250: IB +176 c0043700 40100500 00011000 00000001 00000000 00000000 c0004600 0000002e
bc250: IB +184 c0004600 0000002c c0004600 00000407 c0064900 0070f514 23000000 00011000
bc250: IB +192 00000001 00000004 00000000 00000000 c0053c00 00000013 00011000 00000001
bc250: IB +200 00000004 ffffffff 00000004 c0065800 00000000 ffffffff 01ffffff 00000000
bc250: IB +208 00000000 0000000a 00010080 c0055000 60300000 00280000 00000002 000b1400
bc250: SubmitCommand ib 0x20016c000 1024 bytes (from 2) c0012800 80000000 80000000 c0001200
bc250: IB +158 c0037600 00000204 00000000 00000000 00000000 c0065800 00000000 ffffffff
bc250: IB +166 01ffffff 00000000 00000000 0000000a 0000c3b1 c0004600 00000019 c0011000
bc250: IB +174 00000000 00000000
bc250: IB +176 c0043700 40100500 00015000 00000001 00000000 00000000 c0027600 0000020c
bc250: IB +184 01000400 00000000 c0027600 00000212 602c0001 0000008e c0017600 00000228
bc250: IB +192 00000000 c0017600 00000215 01000000 c0037600 00000207 00000040 00000001
bc250: IB +200 00000001 c0057600 00000242 00280000 00000002 000b1500 00000002 0000abf0
bc250: IB +208 c0004600 0000002e c0004600 0000002c c0004600 00000407 c0064900 0070f514
bc250: IB +216 23000000 00015000 00000001 00000004 00000000 00000000 c0053c00 00000013
bc250: IB +224 00015000 00000001 00000004 ffffffff 00000004 c0065800 00000000 ffffffff
bc250: IB +232 01ffffff 00000000 00000000 0000000a 00010080 c0037600 00000207 00400040
bc250: SubmitCommand ib 0x20016c000 1024 bytes (from 2) c0012800 80000000 80000000 c0001200
bc250: IB +158 c0037600 00000204 00000000 00000000 00000000 c0065800 00000000 ffffffff
bc250: IB +166 01ffffff 00000000 00000000 0000000a 0000c3b1 c0004600 00000019 c0011000
bc250: IB +174 00000000 00000000
bc250: IB +176 c0043700 40100500 00019000 00000001 00000000 00000000 c0027600 0000020c
bc250: IB +184 01000400 00000000 c0027600 00000212 602c0001 0000008e c0017600 00000228
bc250: IB +192 00000000 c0017600 00000215 01000000 c0037600 00000207 00000040 00000001
bc250: IB +200 00000001 c0057600 00000242 00280000 00000002 000bc100 00000002 0000abf0
bc250: IB +208 c0004600 0000002e c0004600 0000002c c0004600 00000407 c0064900 0070f514
bc250: IB +216 23000000 00019000 00000001 00000004 00000000 00000000 c0053c00 00000013
bc250: IB +224 00019000 00000001 00000004 ffffffff 00000004 c0065800 00000000 ffffffff
bc250: IB +232 01ffffff 00000000 00000000 0000000a 00010080 c0037600 00000207 00400040
bc250: SubmitCommand ib 0x20016c000 1024 bytes (from 2) c0012800 80000000 80000000 c0001200
bc250: IB +158 c0037600 00000204 00000000 00000000 00000000 c0065800 00000000 ffffffff
bc250: IB +166 01ffffff 00000000 00000000 0000000a 0000c3b1 c0004600 00000019 c0011000
bc250: IB +174 00000000 00000000
bc250: IB +176 c0043700 40100500 0001d000 00000001 00000000 00000000 c0027600 0000020c
bc250: IB +184 01000400 00000000 c0027600 00000212 602c0001 0000008e c0017600 00000228
bc250: IB +192 00000000 c0017600 00000215 01000000 c0037600 00000207 00000040 00000001
bc250: IB +200 00000001 c0057600 00000242 00280000 00000002 000c6d00 00000002 0000abf0
bc250: IB +208 c0004600 0000002e c0004600 0000002c c0004600 00000407 c0064900 0070f514
bc250: IB +216 23000000 0001d000 00000001 00000004 00000000 00000000 c0053c00 00000013
bc250: IB +224 0001d000 00000001 00000004 ffffffff 00000004 c0065800 00000000 ffffffff
bc250: IB +232 01ffffff 00000000 00000000 0000000a 00010080 c0037600 00000207 00400040
bc250: SubmitCommand ib 0x20016c000 928 bytes (from 2) c0012800 80000000 80000000 c0001200
bc250: IB +158 c0037600 00000204 00000000 00000000 00000000 c0065800 00000000 ffffffff
bc250: IB +166 01ffffff 00000000 00000000 0000000a 0000c3b1 c0004600 00000019 c0011000
bc250: IB +174 00000000 00000000
bc250: IB +176 c0043700 40100500 00021000 00000001 00000000 00000000 c0004600 0000002e
bc250: IB +184 c0004600 0000002c c0004600 00000407 c0064900 0070f514 23000000 00021000
bc250: IB +192 00000001 00000004 00000000 00000000 c0053c00 00000013 00021000 00000001
bc250: IB +200 00000004 ffffffff 00000004 c0065800 00000000 ffffffff 01ffffff 00000000
bc250: IB +208 00000000 0000000a 00010080 c0055000 60300000 00280000 00000002 000d1900
bc250: SubmitCommand ib 0x20016c000 1024 bytes (from 2) c0012800 80000000 80000000 c0001200
bc250: IB +158 c0037600 00000204 00000000 00000000 00000000 c0065800 00000000 ffffffff
bc250: IB +166 01ffffff 00000000 00000000 0000000a 0000c3b1 c0004600 00000019 c0011000
bc250: IB +174 00000000 00000000
bc250: IB +176 c0043700 40100500 00025000 00000001 00000000 00000000 c0027600 0000020c
bc250: IB +184 01000400 00000000 c0027600 00000212 602c0001 0000008e c0017600 00000228
bc250: IB +192 00000000 c0017600 00000215 01000000 c0037600 00000207 00000040 00000001
bc250: IB +200 00000001 c0057600 00000242 00280000 00000002 000d1a00 00000002 00003ff0
bc250: IB +208 c0004600 0000002e c0004600 0000002c c0004600 00000407 c0064900 0070f514
bc250: IB +216 23000000 00025000 00000001 00000004 00000000 00000000 c0053c00 00000013
bc250: IB +224 00025000 00000001 00000004 ffffffff 00000004 c0065800 00000000 ffffffff
bc250: IB +232 01ffffff 00000000 00000000 0000000a 00010080 c0037600 00000207 00400040
bc250: SubmitCommand ib 0x20016c000 1024 bytes (from 2) c0012800 80000000 80000000 c0001200
bc250: IB +158 c0037600 00000204 00000000 00000000 00000000 c0065800 00000000 ffffffff
bc250: IB +166 01ffffff 00000000 00000000 0000000a 0000c3b1 c0004600 00000019 c0011000
bc250: IB +174 00000000 00000000
bc250: IB +176 c0043700 40100500 00001000 00000001 00000000 00000000 c0027600 0000020c
bc250: IB +184 01000400 00000000 c0027600 00000212 602c0001 0000008e c0017600 00000228
bc250: IB +192 00000000 c0017600 00000215 01000000 c0037600 00000207 00000040 00000001
bc250: IB +200 00000001 c0057600 00000242 00280000 00000002 000d5a00 00000002 00001ff0
bc250: IB +208 c0004600 0000002e c0004600 0000002c c0004600 00000407 c0064900 0070f514
bc250: IB +216 23000000 00001000 00000001 00000005 00000000 00000000 c0053c00 00000013
bc250: IB +224 00001000 00000001 00000005 ffffffff 00000004 c0065800 00000000 ffffffff
bc250: IB +232 01ffffff 00000000 00000000 0000000a 00010080 c0037600 00000207 00400040
bc250: SubmitCommand ib 0x20016c000 1024 bytes (from 2) c0012800 80000000 80000000 c0001200
bc250: IB +158 c0037600 00000204 00000000 00000000 00000000 c0065800 00000000 ffffffff
bc250: IB +166 01ffffff 00000000 00000000 0000000a 0000c3b1 c0004600 00000019 c0011000
bc250: IB +174 00000000 00000000
bc250: IB +176 c0043700 40100500 00005000 00000001 00000000 00000000 c0027600 0000020c
bc250: IB +184 01000400 00000000 c0027600 00000212 602c0001 0000008e c0017600 00000228
bc250: IB +192 00000000 c0017600 00000215 01000000 c0037600 00000207 00000040 00000001
bc250: IB +200 00000001 c0057600 00000242 00280000 00000002 000d7a00 00000002 00001ff0
bc250: IB +208 c0004600 0000002e c0004600 0000002c c0004600 00000407 c0064900 0070f514
bc250: IB +216 23000000 00005000 00000001 00000005 00000000 00000000 c0053c00 00000013
bc250: IB +224 00005000 00000001 00000005 ffffffff 00000004 c0065800 00000000 ffffffff
bc250: IB +232 01ffffff 00000000 00000000 0000000a 00010080 c0037600 00000207 00400040
bc250: SubmitCommand ib 0x20016c000 1024 bytes (from 2) c0012800 80000000 80000000 c0001200
bc250: IB +158 c0037600 00000204 00000000 00000000 00000000 c0065800 00000000 ffffffff
bc250: IB +166 01ffffff 00000000 00000000 0000000a 0000c3b1 c0004600 00000019 c0011000
bc250: IB +174 00000000 00000000
bc250: IB +176 c0043700 40100500 00009000 00000001 00000000 00000000 c0027600 0000020c
bc250: IB +184 01000400 00000000 c0027600 00000212 602c0001 0000008e c0017600 00000228
bc250: IB +192 00000000 c0017600 00000215 01000000 c0037600 00000207 00000040 00000001
bc250: IB +200 00000001 c0057600 00000242 00280000 00000002 000d9a00 00000002 00003ff0
bc250: IB +208 c0004600 0000002e c0004600 0000002c c0004600 00000407 c0064900 0070f514
bc250: IB +216 23000000 00009000 00000001 00000005 00000000 00000000 c0053c00 00000013
bc250: IB +224 00009000 00000001 00000005 ffffffff 00000004 c0065800 00000000 ffffffff
bc250: IB +232 01ffffff 00000000 00000000 0000000a 00010080 c0037600 00000207 00400040
bc250: SubmitCommand ib 0x20016c000 928 bytes (from 2) c0012800 80000000 80000000 c0001200
bc250: IB +158 c0037600 00000204 00000000 00000000 00000000 c0065800 00000000 ffffffff
bc250: IB +166 01ffffff 00000000 00000000 0000000a 0000c3b1 c0004600 00000019 c0011000
bc250: IB +174 00000000 00000000
bc250: IB +176 c0043700 40100500 0000d000 00000001 00000000 00000000 c0004600 0000002e
bc250: IB +184 c0004600 0000002c c0004600 00000407 c0064900 0070f514 23000000 0000d000
bc250: IB +192 00000001 00000005 00000000 00000000 c0053c00 00000013 0000d000 00000001
bc250: IB +200 00000005 ffffffff 00000004 c0065800 00000000 ffffffff 01ffffff 00000000
bc250: IB +208 00000000 0000000a 00010080 c0055000 60300000 00280000 00000002 000dda00
bc250: SubmitCommand ib 0x20016c000 1024 bytes (from 2) c0012800 80000000 80000000 c0001200
bc250: IB +158 c0037600 00000204 00000000 00000000 00000000 c0065800 00000000 ffffffff
bc250: IB +166 01ffffff 00000000 00000000 0000000a 0000c3b1 c0004600 00000019 c0011000
bc250: IB +174 00000000 00000000
bc250: IB +176 c0043700 40100500 00011000 00000001 00000000 00000000 c0027600 0000020c
bc250: IB +184 01000400 00000000 c0027600 00000212 602c0001 0000008e c0017600 00000228
bc250: IB +192 00000000 c0017600 00000215 01000000 c0037600 00000207 00000040 00000001
bc250: IB +200 00000001 c0057600 00000242 00280000 00000002 000ddb00 00000002 0000abf0
bc250: IB +208 c0004600 0000002e c0004600 0000002c c0004600 00000407 c0064900 0070f514
bc250: IB +216 23000000 00011000 00000001 00000005 00000000 00000000 c0053c00 00000013
bc250: IB +224 00011000 00000001 00000005 ffffffff 00000004 c0065800 00000000 ffffffff
bc250: IB +232 01ffffff 00000000 00000000 0000000a 00010080 c0037600 00000207 00400040
bc250: SubmitCommand ib 0x20016c000 1024 bytes (from 2) c0012800 80000000 80000000 c0001200
bc250: IB +158 c0037600 00000204 00000000 00000000 00000000 c0065800 00000000 ffffffff
bc250: IB +166 01ffffff 00000000 00000000 0000000a 0000c3b1 c0004600 00000019 c0011000
bc250: IB +174 00000000 00000000
bc250: IB +176 c0043700 40100500 00015000 00000001 00000000 00000000 c0027600 0000020c
bc250: IB +184 01000400 00000000 c0027600 00000212 602c0001 0000008e c0017600 00000228
bc250: IB +192 00000000 c0017600 00000215 01000000 c0037600 00000207 00000040 00000001
bc250: IB +200 00000001 c0057600 00000242 00280000 00000002 000e8700 00000002 0000abf0
bc250: IB +208 c0004600 0000002e c0004600 0000002c c0004600 00000407 c0064900 0070f514
bc250: IB +216 23000000 00015000 00000001 00000005 00000000 00000000 c0053c00 00000013
bc250: IB +224 00015000 00000001 00000005 ffffffff 00000004 c0065800 00000000 ffffffff
bc250: IB +232 01ffffff 00000000 00000000 0000000a 00010080 c0037600 00000207 00400040
bc250: SubmitCommand ib 0x20016c000 1024 bytes (from 2) c0012800 80000000 80000000 c0001200
bc250: IB +158 c0037600 00000204 00000000 00000000 00000000 c0065800 00000000 ffffffff
bc250: IB +166 01ffffff 00000000 00000000 0000000a 0000c3b1 c0004600 00000019 c0011000
bc250: IB +174 00000000 00000000
bc250: IB +176 c0043700 40100500 00019000 00000001 00000000 00000000 c0027600 0000020c
bc250: IB +184 01000400 00000000 c0027600 00000212 602c0001 0000008e c0017600 00000228
bc250: IB +192 00000000 c0017600 00000215 01000000 c0037600 00000207 00000040 00000001
bc250: IB +200 00000001 c0057600 00000242 00280000 00000002 000f3300 00000002 0000abf0
bc250: IB +208 c0004600 0000002e c0004600 0000002c c0004600 00000407 c0064900 0070f514
bc250: IB +216 23000000 00019000 00000001 00000005 00000000 00000000 c0053c00 00000013
bc250: IB +224 00019000 00000001 00000005 ffffffff 00000004 c0065800 00000000 ffffffff
bc250: IB +232 01ffffff 00000000 00000000 0000000a 00010080 c0037600 00000207 00400040
allocation handle=0x40002540
allocation handle=0x400025c0
bc250: SubmitCommand ib 0x20016c000 896 bytes (from 2) c0012800 80000000 80000000 c0001200
bc250: IB +158 c0037600 00000204 00000000 00000000 00000000 c0065800 00000000 ffffffff
bc250: IB +166 01ffffff 00000000 00000000 0000000a 0000c3b1 c0004600 00000019 c0011000
bc250: IB +174 00000000 00000000
bc250: IB +176 c0043700 40100500 0001d000 00000001 00000000 00000000 c0027600 0000020c
bc250: IB +184 01000401 00000000 c0027600 00000212 602c0001 0000008c c0017600 00000228
bc250: IB +192 00000000 c0017600 00000215 01000000 c0037600 00000207 00000040 00000001
bc250: IB +200 00000001 c0047600 00000242 00340000 00000002 0013fff0 00000000 c0037600
bc250: IB +208 00000207 00400040 00010001 00010001 c0031502 00000500 00000001 00000001
allocation handle=0x80000400
allocation handle=0x80000680
0.00.140.273 I 
0.00.140.314 I system_info: n_threads = 6 (n_threads_batch = 6) / 12 | CPU : SSE3 = 1 | SSSE3 = 1 | AVX = 1 | AVX2 = 1 | F16C = 1 | FMA = 1 | BMI2 = 1 | LLAMAFILE = 1 | REPACK = 1 | 
0.00.140.315 I 
0.00.140.355 I number of input tokens = 5
0.00.140.355 I   1
0.00.140.355 I   403
0.00.140.356 I   407
0.00.140.356 I   261
0.00.140.356 I   378
allocation handle=0x80000700
allocation handle=0x80000780
bc250: SubmitCommand ib 0x20016c000 928 bytes (from 2) c0012800 80000000 80000000 c0001200
bc250: IB +158 c0037600 00000204 00000000 00000000 00000000 c0065800 00000000 ffffffff
bc250: IB +166 01ffffff 00000000 00000000 0000000a 0000c3b1 c0004600 00000019 c0011000
bc250: IB +174 00000000 00000000
bc250: IB +176 c0043700 40100500 00029000 00000001 00000000 00000000 c0004600 0000002e
bc250: IB +184 c0004600 0000002c c0004600 00000407 c0064900 0070f514 23000000 00029000
bc250: IB +192 00000001 00000001 00000000 00000000 c0053c00 00000013 00029000 00000001
bc250: IB +200 00000001 ffffffff 00000004 c0065800 00000000 ffffffff 01ffffff 00000000
bc250: IB +208 00000000 0000000a 00010080 c0055000 60300000 00a25000 00000002 00480000
bc250: SubmitCommand ib 0x20016c000 928 bytes (from 2) c0012800 80000000 80000000 c0001200
bc250: IB +158 c0037600 00000204 00000000 00000000 00000000 c0065800 00000000 ffffffff
bc250: IB +166 01ffffff 00000000 00000000 0000000a 0000c3b1 c0004600 00000019 c0011000
bc250: IB +174 00000000 00000000
bc250: IB +176 c0043700 40100500 00021000 00000001 00000000 00000000 c0004600 0000002e
bc250: IB +184 c0004600 0000002c c0004600 00000407 c0064900 0070f514 23000000 00021000
bc250: IB +192 00000001 00000005 00000000 00000000 c0053c00 00000013 00021000 00000001
bc250: IB +200 00000005 ffffffff 00000004 c0065800 00000000 ffffffff 01ffffff 00000000
bc250: IB +208 00000000 0000000a 00010080 c0055000 60300000 00821000 00000002 004a0000
bc250: SubmitCommand ib 0x20016c000 928 bytes (from 2) c0012800 80000000 80000000 c0001200
bc250: IB +158 c0037600 00000204 00000000 00000000 00000000 c0065800 00000000 ffffffff
bc250: IB +166 01ffffff 00000000 00000000 0000000a 0000c3b1 c0004600 00000019 c0011000
bc250: IB +174 00000000 00000000
bc250: IB +176 c0043700 40100500 00025000 00000001 00000000 00000000 c0004600 0000002e
bc250: IB +184 c0004600 0000002c c0004600 00000407 c0064900 0070f514 23000000 00025000
bc250: IB +192 00000001 00000005 00000000 00000000 c0053c00 00000013 00025000 00000001
bc250: IB +200 00000005 ffffffff 00000004 c0065800 00000000 ffffffff 01ffffff 00000000
bc250: IB +208 00000000 0000000a 00010080 c0055000 60300000 00822000 00000002 004a0800
bc250: SubmitCommand ib 0x20016c000 928 bytes (from 2) c0012800 80000000 80000000 c0001200
bc250: IB +158 c0037600 00000204 00000000 00000000 00000000 c0065800 00000000 ffffffff
bc250: IB +166 01ffffff 00000000 00000000 0000000a 0000c3b1 c0004600 00000019 c0011000
bc250: IB +174 00000000 00000000
bc250: IB +176 c0043700 40100500 00001000 00000001 00000000 00000000 c0004600 0000002e
bc250: IB +184 c0004600 0000002c c0004600 00000407 c0064900 0070f514 23000000 00001000
bc250: IB +192 00000001 00000006 00000000 00000000 c0053c00 00000013 00001000 00000001
bc250: IB +200 00000006 ffffffff 00000004 c0065800 00000000 ffffffff 01ffffff 00000000
bc250: IB +208 00000000 0000000a 00010080 c0055000 60300000 00823000 00000002 004a1800
bc250: SubmitCommand ib 0x20016c000 928 bytes (from 2) c0012800 80000000 80000000 c0001200
bc250: IB +158 c0037600 00000204 00000000 00000000 00000000 c0065800 00000000 ffffffff
bc250: IB +166 01ffffff 00000000 00000000 0000000a 0000c3b1 c0004600 00000019 c0011000
bc250: IB +174 00000000 00000000
bc250: IB +176 c0043700 40100500 00005000 00000001 00000000 00000000 c0004600 0000002e
bc250: IB +184 c0004600 0000002c c0004600 00000407 c0064900 0070f514 23000000 00005000
bc250: IB +192 00000001 00000006 00000000 00000000 c0053c00 00000013 00005000 00000001
bc250: IB +200 00000006 ffffffff 00000004 c0065800 00000000 ffffffff 01ffffff 00000000
bc250: IB +208 00000000 0000000a 00010080 c0055000 60300000 00824000 00000002 004a2800
bc250: SubmitCommand ib 0x20016c000 928 bytes (from 2) c0012800 80000000 80000000 c0001200
bc250: IB +158 c0037600 00000204 00000000 00000000 00000000 c0065800 00000000 ffffffff
bc250: IB +166 01ffffff 00000000 00000000 0000000a 0000c3b1 c0004600 00000019 c0011000
bc250: IB +174 00000000 00000000
bc250: IB +176 c0043700 40100500 00009000 00000001 00000000 00000000 c0004600 0000002e
bc250: IB +184 c0004600 0000002c c0004600 00000407 c0064900 0070f514 23000000 00009000
bc250: IB +192 00000001 00000006 00000000 00000000 c0053c00 00000013 00009000 00000001
bc250: IB +200 00000006 ffffffff 00000004 c0065800 00000000 ffffffff 01ffffff 00000000
bc250: IB +208 00000000 0000000a 00010080 c0055000 60300000 00a24000 00000002 006a2800
allocation handle=0x80000800
allocation handle=0x80000880
bc250: SubmitCommand ib 0x20016c000 1088 bytes (from 2) c0012800 80000000 80000000 c0001200
bc250: IB +158 c0037600 00000204 00000000 00000000 00000000 c0065800 00000000 ffffffff
bc250: IB +166 01ffffff 00000000 00000000 0000000a 0000c3b1 c0004600 00000019 c0011000
bc250: IB +174 00000000 00000000
bc250: IB +176 c0043700 40100500 00029000 00000001 00000000 00000000 c0055000 c0300000
bc250: IB +184 00000000 00000000 00a70000 00000002 00000400 c0004200 00000000 c0027600
bc250: IB +192 0000020c 01000402 00000000 c0027600 00000212 402c0000 00020396 c0017600
bc250: IB +200 00000228 00000000 c0017600 00000215 00400000 c0037600 00000207 00000200
bc250: IB +208 00000001 00000001 c0017600 00000242 0002d000 c0067600 00000243 00000040
bc250: IB +216 00000040 00000140 00000140 00000000 3727c5ac c0004600 0000002e c0004600
bc250: IB +224 0000002c c0004600 00000407 c0064900 0070f514 23000000 00029000 00000001
bc250: IB +232 00000002 00000000 00000000 c0053c00 00000013 00029000 00000001 00000002
bc250: SubmitCommand ib 0x20016c000 928 bytes (from 2) c0012800 80000000 80000000 c0001200
bc250: IB +158 c0037600 00000204 00000000 00000000 00000000 c0065800 00000000 ffffffff
bc250: IB +166 01ffffff 00000000 00000000 0000000a 0000c3b1 c0004600 00000019 c0011000
bc250: IB +174 00000000 00000000
bc250: IB +176 c0043700 40100500 0000d000 00000001 00000000 00000000 c0004600 0000002e
bc250: IB +184 c0004600 0000002c c0004600 00000407 c0064900 0070f514 23000000 0000d000
bc250: IB +192 00000001 00000006 00000000 00000000 c0053c00 00000013 0000d000 00000001
bc250: IB +200 00000006 ffffffff 00000004 c0065800 00000000 ffffffff 01ffffff 00000000
bc250: IB +208 00000000 0000000a 00010080 c0055000 60300000 00480000 00000002 00280000
bc250: SubmitCommand ib 0x20016c000 928 bytes (from 2) c0012800 80000000 80000000 c0001200
bc250: IB +158 c0037600 00000204 00000000 00000000 00000000 c0065800 00000000 ffffffff
bc250: IB +166 01ffffff 00000000 00000000 0000000a 0000c3b1 c0004600 00000019 c0011000
bc250: IB +174 00000000 00000000
bc250: IB +176 c0043700 40100500 00011000 00000001 00000000 00000000 c0004600 0000002e
bc250: IB +184 c0004600 0000002c c0004600 00000407 c0064900 0070f514 23000000 00011000
bc250: IB +192 00000001 00000006 00000000 00000000 c0053c00 00000013 00011000 00000001
bc250: IB +200 00000006 ffffffff 00000004 c0065800 00000000 ffffffff 01ffffff 00000000
bc250: IB +208 00000000 0000000a 00010080 c0055000 60300000 006a3000 00000002 00280000
