compile
  Generowanie kodu...
  Trwa kompilowanie...
  Generowanie kodu...
  Generowanie kodu...
  Generowanie kodu...
link
stack budget
bc250kmd.sys: 436 functions with unwind data, largest fixed frame 3992 bytes
  warn    3992 bytes  rva 0x016670  GfxPagingBuildUpdate
  warn    2248 bytes  rva 0x0156B0  GfxPagingBuildAperture
  warn    1240 bytes  rva 0x02FD90  WddmSubmitUmdImpl
catalog
  ........................
  Signability test complete.
  Errors:
  None
  Warnings:
  None
  Catalog generation complete.
  P:\bc-250\scratch\build\oneshot-dev\package\bc250kmd.cat
sign
  Done Adding Additional Store
  Successfully signed: P:\bc-250\scratch\build\oneshot-dev\package\bc250kmd.sys
  Done Adding Additional Store
  Successfully signed: P:\bc-250\scratch\build\oneshot-dev\package\bc250kmd.cat
      792  bc250-lab-test.cer
     2407  bc250kmd.cat
     7572  bc250kmd.inf
   301456  bc250kmd.sys
umd package
  bc250kmd.inf generated: 9 lines enabled, 1 commented out, DriverVer = 09/23/2026,0.7.93.1
  .........................
  Signability test complete.
  Errors:
  None
  Warnings:
  None
  Catalog generation complete.
  P:\bc-250\scratch\build\oneshot-dev\package-umd\bc250kmd.cat
  Done Adding Additional Store
  Successfully signed: P:\bc-250\scratch\build\oneshot-dev\package-umd\bc250kmd.cat
umd package: P:\bc-250\scratch\build\oneshot-dev\package-umd
      792  bc250-lab-test.cer
     2839  bc250kmd.cat
     7520  bc250kmd.inf
   301456  bc250kmd.sys
     4096  bc250umd.dll
  06210AA131D1A0B9375549267869D786BD6146B453D4635600F413A369DB40A4  package\bc250kmd.sys
  06210AA131D1A0B9375549267869D786BD6146B453D4635600F413A369DB40A4  package-umd\bc250kmd.sys
