temperature_before=66.6
boot 2026-09-27T12:58:57.5000000+02:00
start_utc 2026-09-27T12:07:02.5123876Z
dwm_before=3152
--- registry (unchanged by this script)
C:\BC250\m10\wsi-final\radeon_icd.json = 0
manifest 234175BDF7A764CCEA3827A4C833495E67CAD7AF643CAC25FCC43D0A82203FCE
--- before
234175BD 131 radeon_icd.json
207D4B12 93 run-vkcube.cmd
55D1D519 594 run-vkcube.ps1
87A96AF3 388096 vkcube.exe
5C42CA8E 1711544 vulkan-1.dll
93B1D1FD 24253952 vulkan_radeon.93B1D1FD.dll
9C40083C 24263168 vulkan_radeon.9C40083C.dll
93B1D1FD 24253952 vulkan_radeon.dll
rollback copy present (M569 keep copy, hash checked)
active=CF3948D692CAF56FFCFFEA6EBCA5F0E5FDB517FDC55062EFAE389515A373D157
promoted
--- after
234175BD 131 radeon_icd.json
207D4B12 93 run-vkcube.cmd
55D1D519 594 run-vkcube.ps1
87A96AF3 388096 vkcube.exe
5C42CA8E 1711544 vulkan-1.dll
93B1D1FD 24253952 vulkan_radeon.93B1D1FD.dll
9C40083C 24263168 vulkan_radeon.9C40083C.dll
CF3948D6 24258560 vulkan_radeon.CF3948D6.dll
CF3948D6 24258560 vulkan_radeon.dll
Smoke PASS: content, live module identity, unchanged boot
smoke_exit=0
{
    "exit_code":  0,
    "boot":  "2026-09-27T12:58:57.5000000+02:00",
    "loaded_artifacts":  {
                             "vulkan_radeon.dll":  "CF3948D692CAF56FFCFFEA6EBCA5F0E5FDB517FDC55062EFAE389515A373D157"
                         },
    "error":  "",
    "status":  "PASS",
    "config_sha256":  "D65254E4E6FE5BF276F74BCFE82DB603E0F7C798693D2ECE06874B95ACF09E4A"
}

8 test(s) run, 0 mismatch(es)

final_active=CF3948D692CAF56FFCFFEA6EBCA5F0E5FDB517FDC55062EFAE389515A373D157
dwm_after=3152
temperature_after=66.6
end_utc 2026-09-27T12:07:20.9765920Z
