BC250 hosted UMD config pid=1876 hosted_render=1 runtime_probe=1 icd_source=module-directory icd=C:\Program Files\amdgpu-wddm\desktop\amdgpu_wddm_radv.dll icd_status=00000000
BC250 hosted UMD adapter luid=0000000000007f69 source=identity
BC250 hosted UMD adapter luid=0000000000007f69 source=identity
BC250 hosted UMD adapter luid=0000000000007f69 source=identity
BC250 hosted UMD adapter luid=0000000000007f69 source=identity
BC250 D3D device stage 0
BC250 D3D device stage 1
BC250 D3D device stage 2
BC250 private Vulkan instance=00000222B598BAC0 screen=00000222B972C1E0
BC250 zink init stage 0
radv_wddm2_winsys_create
OpenAdapterFromLuid 0x0 0x7f69
phys adapter = 0 device = 13fe rev 0
node 0 (type: 1) = BC-250 GFX, flags = 0
node 1 (type: 6) = BC-250 SDMA0, flags = 0
bc250: caps blob, device 0x13fe family 79 gfx 12
BC250 hosted op=1 count=1 hr=00000000
BC250 hosted paging create identity=00000222B8A863C8 queue=40000800 status=00000000
BC250 zink init stage 1
radv_wddm2_winsys_create
BC250 hosted op=25 count=1 hr=00000000
BC250 hosted op=27 count=1 hr=00000000
BC250 hosted op=27 count=2 hr=00000000
BC250 hosted op=16 count=1 hr=00000000
allocation handle=0x40000980
BC250 hosted op=19 count=1 hr=8000000a
BC250 hosted op=21 count=1 hr=8000000a
BC250 hosted op=29 count=1 hr=00000000
BC250 hosted op=23 count=1 hr=00000000
BC250 hosted op=16 count=2 hr=00000000
allocation handle=0x400009c0
BC250 hosted op=19 count=2 hr=8000000a
BC250 hosted op=21 count=2 hr=8000000a
BC250 hosted op=29 count=2 hr=00000000
BC250 hosted op=23 count=2 hr=00000000
allocation handle=0x40000a00
bc250: gfx preamble inlined (no gfx_init IB)
BC250 zink init stage 2
BC250 zink init stage 3
BC250 zink init stage 4
BC250 zink init stage 5
BC250 zink init stage 6
BC250 zink init stage 7
BC250 zink init stage 8
BC250 zink init stage 9
BC250 zink init stage 10
BC250 zink init stage 11
BC250 zink init stage 12
BC250 zink init stage 13
BC250 zink init stage 14
BC250 zink init stage 15
BC250 device screen=00000222B972C1E0 runtime=00000222B8A863C8
BC250 Renderer: zink Vulkan 1.4(AMD BC-250 (RADV GFX1013) (MESA_RADV))
BC250 D3D device stage 3
allocation handle=0x40000a80
allocation handle=0x40000ac0
allocation handle=0x40000b00
allocation handle=0x40000b40
allocation handle=0x40000b80
allocation handle=0x40000bc0
allocation handle=0x40000c00
allocation handle=0x40000c40
allocation handle=0x40000c80
allocation handle=0x40000cc0
allocation handle=0x40000d00
allocation handle=0x40000d40
allocation handle=0x40000d80
allocation handle=0x40000dc0
allocation handle=0x40000e00
allocation handle=0x40000e40
allocation handle=0x40000e80
allocation handle=0x40000ec0
BC250 D3D device stage 4
BC250 D3D device stage 5
BC250 D3D device stage 6
BC250 D3D device stage 7
BC250 D3D device stage 8
allocation handle=0x40000f00
allocation handle=0x40000f40
allocation handle=0x40000f80
allocation handle=0x40000fc0
allocation handle=0x40001000
allocation handle=0x40001040
allocation handle=0x40001080
allocation handle=0x400010c0
allocation handle=0x40001100
allocation handle=0x40001140
allocation handle=0x40001180
allocation handle=0x400011c0
allocation handle=0x40001200
allocation handle=0x40001240
allocation handle=0x40001280
allocation handle=0x400012c0
allocation handle=0x40001300
allocation handle=0x40001340
allocation handle=0x40001380
allocation handle=0x400013c0
allocation handle=0x40001400
allocation handle=0x40001440
allocation handle=0x40001480
allocation handle=0x400014c0
allocation handle=0x40001500
allocation handle=0x400015c0
allocation handle=0x40001680
allocation handle=0x400016c0
allocation handle=0x40001700
BC250 hosted op=4 count=1 hr=00000000
bc250: progress before submit previous=0 observed=0 slot=0 retire=0 waits=0 signals=1
allocation handle=0x40001740
bc250: gather capacity=4096 bytes required=3072 ibs=4
BC250 hosted op=34 count=1 hr=00000000
BC250 hosted op=33 count=1 hr=00000000
BC250 hosted op=3 count=1 hr=00000000
BC250 hosted op=33 count=2 hr=00000000
allocation handle=0x40001780
allocation handle=0x400017c0
allocation handle=0x40001800
allocation handle=0x40001840
BC250 Allocate hr=00000000 inputRT=00000222B59FAF20 callbackRT=00000222B59FAF20 miscShared=0 format=21 primary=0 allocation=40001940 resource=0
BC250 ALLOCATE ABI size=40 private=0 privateSize=8 hResource=16 hKMResource=24 NumAllocations=28 info2=32
BC250 surface hosted=1 allocation=40001940 pitch=7680 bytes=9216000
BC250 zink import type=2 modifier=0 identity=00000222B8A863C8 va=4298113024
BC250 Allocate hr=00000000 inputRT=00000222B59FAC60 callbackRT=00000222B59FAC60 miscShared=0 format=21 primary=0 allocation=400019c0 resource=0
BC250 ALLOCATE ABI size=40 private=0 privateSize=8 hResource=16 hKMResource=24 NumAllocations=28 info2=32
BC250 surface hosted=1 allocation=400019c0 pitch=7680 bytes=9216000
BC250 zink import type=2 modifier=0 identity=00000222B8A863C8 va=69632
BC250 Allocate hr=00000000 inputRT=00000222B59FACA0 callbackRT=00000222B59FACA0 miscShared=0 format=21 primary=0 allocation=40001a40 resource=0
BC250 ALLOCATE ABI size=40 private=0 privateSize=8 hResource=16 hKMResource=24 NumAllocations=28 info2=32
BC250 surface hosted=1 allocation=40001a40 pitch=7680 bytes=9216000
BC250 zink import type=2 modifier=0 identity=00000222B8A863C8 va=9285632
BC250 Allocate hr=00000000 inputRT=00000222B8A20160 callbackRT=00000222B8A20160 miscShared=0 format=21 primary=1 allocation=40001ac0 resource=0
BC250 ALLOCATE ABI size=40 private=0 privateSize=8 hResource=16 hKMResource=24 NumAllocations=28 info2=32
BC250 surface hosted=1 allocation=40001ac0 pitch=7680 bytes=9216000
BC250 zink import type=2 modifier=0 identity=00000222B8A863C8 va=4307329024
BC250 hosted op=4 count=2 hr=00000000
allocation handle=0x40001b00
bc250: gather capacity=4096 bytes required=800 ibs=2
BC250 hosted op=34 count=2 hr=00000000
BC250 hosted op=3 count=2 hr=00000000
allocation handle=0x40001b40
allocation handle=0x40001b80
allocation handle=0x40001bc0
BC250 release runtime resource refs=1 object_refs=1
BC250 Deallocate 00000000 flags=0
BC250 release runtime resource refs=1 object_refs=1
BC250 Deallocate 00000000 flags=0
BC250 release runtime resource refs=1 object_refs=1
BC250 Deallocate 00000000 flags=0
BC250 Allocate hr=00000000 inputRT=00000222B59C8D00 callbackRT=00000222B59C8D00 miscShared=0 format=21 primary=1 allocation=40001c40 resource=0
BC250 ALLOCATE ABI size=40 private=0 privateSize=8 hResource=16 hKMResource=24 NumAllocations=28 info2=32
BC250 surface hosted=1 allocation=40001c40 pitch=7680 bytes=9216000
BC250 zink import type=2 modifier=0 identity=00000222B8A863C8 va=4316545024
BC250 Allocate hr=00000000 inputRT=00000222B951A160 callbackRT=00000222B951A160 miscShared=0 format=21 primary=1 allocation=40001cc0 resource=0
BC250 ALLOCATE ABI size=40 private=0 privateSize=8 hResource=16 hKMResource=24 NumAllocations=28 info2=32
BC250 surface hosted=1 allocation=40001cc0 pitch=7680 bytes=9216000
BC250 zink import type=2 modifier=0 identity=00000222B8A863C8 va=69632
allocation handle=0x40001d00
bc250: gather capacity=4096 bytes required=800 ibs=2
allocation handle=0x40001d40
allocation handle=0x40001d80
allocation handle=0x40001dc0
BC250 Present GPU wait count=1 hr=00000000 cpu_render_wait=0
BC250 Present fence=40000900 value=3
BC250 Present signals value=1 hr=00000000
BC250 Perf frame 1 gap_ms 0.000 draws 0 draw_ms 0.000 max_draw_ms 0.000 present_ms 0.135 render_wait_ms 1.236
allocation handle=0x40001e40
bc250: gather capacity=4096 bytes required=3040 ibs=4
BC250 render waits Present value=1 hr=00000000
BC250 Present GPU wait count=1 hr=00000000 cpu_render_wait=0
BC250 Present fence=40000900 value=4
BC250 Present signals value=2 hr=00000000
BC250 Perf frame 2 gap_ms 14.513 draws 1 draw_ms 1.153 max_draw_ms 1.153 present_ms 0.036 render_wait_ms 0.521
allocation handle=0x40001e80
bc250: gather capacity=4096 bytes required=3104 ibs=4
BC250 render waits Present value=2 hr=00000000
BC250 Present GPU wait count=1 hr=00000000 cpu_render_wait=0
BC250 Present fence=40000900 value=5
BC250 Present signals value=3 hr=00000000
BC250 Perf frame 3 gap_ms 17.294 draws 1 draw_ms 3.213 max_draw_ms 3.213 present_ms 0.044 render_wait_ms 0.556
allocation handle=0x40001ec0
bc250: gather capacity=4096 bytes required=3104 ibs=4
BC250 render waits Present value=3 hr=00000000
allocation handle=0x40001f00
allocation handle=0x40001f40
allocation handle=0x40001f80
allocation handle=0x40001fc0
allocation handle=0x40002000
allocation handle=0x40002040
BC250 Perf frame 4 gap_ms 199.201 draws 1 draw_ms 0.093 max_draw_ms 0.093 present_ms 0.055 render_wait_ms 2.707
allocation handle=0x40002080
bc250: gather capacity=4096 bytes required=3104 ibs=4
allocation handle=0x400020c0
allocation handle=0x800000c0
allocation handle=0x80000080
allocation handle=0x40002100
allocation handle=0x40002140
allocation handle=0x40002180
BC250 Perf frame 5 gap_ms 467.630 draws 1 draw_ms 0.073 max_draw_ms 0.073 present_ms 0.053 render_wait_ms 2.316
BC250 hosted op=22 count=1 hr=00000000
BC250 hosted op=20 count=1 hr=00000000
BC250 hosted op=17 count=1 hr=00000000
allocation handle=0x40002240
BC250 surface hosted=1 allocation=40002200 pitch=4096 bytes=3932160
BC250 zink import type=2 modifier=0 identity=00000222B8A863C8 va=9285632
allocation handle=0x40002280
allocation handle=0x400022c0
allocation handle=0x40002300
allocation handle=0x40002340
allocation handle=0x40002380
BC250 hosted op=22 count=2 hr=00000000
BC250 hosted op=24 count=1 hr=00000000
BC250 hosted op=20 count=2 hr=00000000
BC250 hosted op=17 count=2 hr=00000000
bc250: gather capacity=12288 bytes required=10304 ibs=4
allocation handle=0x400023c0
allocation handle=0x40002400
allocation handle=0x40002440
allocation handle=0x40002480
allocation handle=0x400024c0
allocation handle=0x80000540
BC250 Perf frame 6 gap_ms 280.665 draws 7 draw_ms 23.095 max_draw_ms 18.246 present_ms 0.046 render_wait_ms 2.210
allocation handle=0x80000600
BC250 surface hosted=1 allocation=800005c0 pitch=7936 bytes=9650176
BC250 zink import type=2 modifier=0 identity=00000222B8A863C8 va=4325761024
allocation handle=0x80000640
BC250 hosted op=24 count=2 hr=00000000
bc250: gather capacity=12288 bytes required=11392 ibs=4
BC250 Perf frame 7 gap_ms 56.219 draws 9 draw_ms 22.031 max_draw_ms 10.608 present_ms 0.026 render_wait_ms 0.759
allocation handle=0x40002500
bc250: gather capacity=12288 bytes required=11872 ibs=4
BC250 Perf frame 8 gap_ms 11.399 draws 9 draw_ms 0.172 max_draw_ms 0.087 present_ms 0.027 render_wait_ms 0.757
allocation handle=0x40002540
bc250: gather capacity=8192 bytes required=5120 ibs=4
BC250 Perf frame 9 gap_ms 16.109 draws 4 draw_ms 0.098 max_draw_ms 0.073 present_ms 0.030 render_wait_ms 0.719
allocation handle=0x40002580
bc250: gather capacity=12288 bytes required=11744 ibs=4
BC250 Perf frame 10 gap_ms 17.028 draws 9 draw_ms 0.154 max_draw_ms 0.074 present_ms 0.029 render_wait_ms 0.774
allocation handle=0x400025c0
bc250: gather capacity=8192 bytes required=5120 ibs=4
BC250 Perf frame 11 gap_ms 16.290 draws 4 draw_ms 0.098 max_draw_ms 0.072 present_ms 0.027 render_wait_ms 0.704
allocation handle=0x40002600
bc250: gather capacity=12288 bytes required=11744 ibs=4
BC250 Perf frame 12 gap_ms 17.079 draws 9 draw_ms 0.146 max_draw_ms 0.073 present_ms 0.028 render_wait_ms 0.780
allocation handle=0x40002640
allocation handle=0x40002680
BC250 Perf frame 13 gap_ms 27.154 draws 8 draw_ms 5.057 max_draw_ms 4.573 present_ms 0.036 render_wait_ms 0.181
allocation handle=0x400026c0
bc250: gather capacity=16384 bytes required=13408 ibs=4
BC250 Perf frame 14 gap_ms 7.004 draws 13 draw_ms 0.298 max_draw_ms 0.113 present_ms 0.034 render_wait_ms 0.947
BC250 Perf frame 15 gap_ms 16.060 draws 5 draw_ms 0.125 max_draw_ms 0.084 present_ms 0.034 render_wait_ms 0.139
allocation handle=0x80000740
bc250: gather capacity=12288 bytes required=11840 ibs=4
BC250 Perf frame 16 gap_ms 16.769 draws 10 draw_ms 0.172 max_draw_ms 0.083 present_ms 0.029 render_wait_ms 0.852
BC250 Perf frame 17 gap_ms 15.590 draws 5 draw_ms 0.114 max_draw_ms 0.073 present_ms 0.033 render_wait_ms 0.133
allocation handle=0x80000700
bc250: gather capacity=12288 bytes required=11840 ibs=4
BC250 Perf frame 18 gap_ms 17.759 draws 10 draw_ms 0.167 max_draw_ms 0.074 present_ms 0.032 render_wait_ms 0.816
BC250 Perf frame 19 gap_ms 15.545 draws 5 draw_ms 0.105 max_draw_ms 0.072 present_ms 0.030 render_wait_ms 0.127
BC250 Perf frame 20 gap_ms 17.298 draws 10 draw_ms 0.159 max_draw_ms 0.071 present_ms 0.032 render_wait_ms 0.152
BC250 Perf frame 21 gap_ms 16.084 draws 5 draw_ms 0.109 max_draw_ms 0.075 present_ms 0.034 render_wait_ms 0.125
BC250 Perf frame 22 gap_ms 17.044 draws 10 draw_ms 0.155 max_draw_ms 0.072 present_ms 0.032 render_wait_ms 0.171
BC250 Perf frame 23 gap_ms 16.513 draws 5 draw_ms 0.109 max_draw_ms 0.078 present_ms 0.032 render_wait_ms 0.122
BC250 Perf frame 24 gap_ms 16.852 draws 10 draw_ms 0.156 max_draw_ms 0.072 present_ms 0.033 render_wait_ms 0.159
BC250 Perf frame 25 gap_ms 16.316 draws 5 draw_ms 0.103 max_draw_ms 0.070 present_ms 0.032 render_wait_ms 0.126
BC250 Perf frame 26 gap_ms 17.013 draws 10 draw_ms 0.158 max_draw_ms 0.073 present_ms 0.031 render_wait_ms 0.158
BC250 Perf frame 27 gap_ms 16.335 draws 5 draw_ms 0.102 max_draw_ms 0.071 present_ms 0.032 render_wait_ms 0.125
BC250 Perf frame 28 gap_ms 17.030 draws 10 draw_ms 0.160 max_draw_ms 0.073 present_ms 0.031 render_wait_ms 0.158
BC250 Perf frame 29 gap_ms 16.363 draws 5 draw_ms 0.103 max_draw_ms 0.072 present_ms 0.034 render_wait_ms 0.123
BC250 Perf frame 30 gap_ms 17.092 draws 10 draw_ms 0.175 max_draw_ms 0.075 present_ms 0.033 render_wait_ms 0.170
BC250 Perf frame 31 gap_ms 16.251 draws 5 draw_ms 0.101 max_draw_ms 0.070 present_ms 0.033 render_wait_ms 0.125
BC250 Perf frame 32 gap_ms 17.225 draws 10 draw_ms 0.159 max_draw_ms 0.073 present_ms 0.030 render_wait_ms 0.161
BC250 Perf frame 33 gap_ms 16.098 draws 5 draw_ms 0.103 max_draw_ms 0.072 present_ms 0.030 render_wait_ms 0.114
BC250 Perf frame 34 gap_ms 17.098 draws 10 draw_ms 0.157 max_draw_ms 0.072 present_ms 0.056 render_wait_ms 0.146
BC250 Perf frame 35 gap_ms 16.462 draws 5 draw_ms 0.121 max_draw_ms 0.084 present_ms 0.035 render_wait_ms 0.133
BC250 Perf frame 36 gap_ms 18.277 draws 4 draw_ms 0.100 max_draw_ms 0.076 present_ms 0.033 render_wait_ms 0.145
BC250 Perf frame 37 gap_ms 15.286 draws 10 draw_ms 0.149 max_draw_ms 0.073 present_ms 0.035 render_wait_ms 0.148
BC250 Perf frame 38 gap_ms 16.527 draws 4 draw_ms 0.093 max_draw_ms 0.074 present_ms 0.034 render_wait_ms 0.144
BC250 Perf frame 39 gap_ms 16.503 draws 4 draw_ms 0.091 max_draw_ms 0.071 present_ms 0.037 render_wait_ms 0.132
BC250 Perf frame 40 gap_ms 16.963 draws 4 draw_ms 0.123 max_draw_ms 0.089 present_ms 0.044 render_wait_ms 0.168
BC250 Perf frame 41 gap_ms 16.349 draws 4 draw_ms 0.095 max_draw_ms 0.075 present_ms 0.033 render_wait_ms 0.125
BC250 Perf frame 42 gap_ms 16.959 draws 4 draw_ms 0.121 max_draw_ms 0.089 present_ms 0.033 render_wait_ms 0.130
BC250 Perf frame 43 gap_ms 16.874 draws 10 draw_ms 0.152 max_draw_ms 0.075 present_ms 0.033 render_wait_ms 0.161
BC250 Perf frame 44 gap_ms 16.430 draws 4 draw_ms 0.098 max_draw_ms 0.075 present_ms 0.032 render_wait_ms 0.134
BC250 Perf frame 45 gap_ms 16.733 draws 4 draw_ms 0.105 max_draw_ms 0.085 present_ms 0.034 render_wait_ms 0.135
BC250 Perf frame 46 gap_ms 16.444 draws 4 draw_ms 0.094 max_draw_ms 0.073 present_ms 0.033 render_wait_ms 0.124
BC250 Perf frame 47 gap_ms 16.722 draws 4 draw_ms 0.106 max_draw_ms 0.082 present_ms 0.034 render_wait_ms 0.133
BC250 Perf frame 48 gap_ms 16.944 draws 4 draw_ms 0.130 max_draw_ms 0.091 present_ms 0.039 render_wait_ms 0.167
BC250 Perf frame 49 gap_ms 16.670 draws 4 draw_ms 0.123 max_draw_ms 0.085 present_ms 0.044 render_wait_ms 0.185
BC250 Perf frame 50 gap_ms 16.384 draws 4 draw_ms 0.095 max_draw_ms 0.074 present_ms 0.035 render_wait_ms 0.121
BC250 Perf frame 51 gap_ms 16.674 draws 4 draw_ms 0.092 max_draw_ms 0.074 present_ms 0.033 render_wait_ms 0.123
BC250 Perf frame 52 gap_ms 16.860 draws 4 draw_ms 0.115 max_draw_ms 0.086 present_ms 0.037 render_wait_ms 0.146
BC250 Perf frame 53 gap_ms 16.694 draws 4 draw_ms 0.125 max_draw_ms 0.092 present_ms 0.034 render_wait_ms 0.134
BC250 Perf frame 54 gap_ms 16.703 draws 4 draw_ms 0.132 max_draw_ms 0.096 present_ms 0.038 render_wait_ms 0.146
BC250 Perf frame 55 gap_ms 16.479 draws 4 draw_ms 0.095 max_draw_ms 0.073 present_ms 0.033 render_wait_ms 0.119
BC250 Perf frame 56 gap_ms 16.883 draws 4 draw_ms 0.113 max_draw_ms 0.084 present_ms 0.036 render_wait_ms 0.139
BC250 Perf frame 57 gap_ms 16.637 draws 4 draw_ms 0.115 max_draw_ms 0.087 present_ms 0.037 render_wait_ms 0.154
BC250 Perf frame 58 gap_ms 16.547 draws 4 draw_ms 0.096 max_draw_ms 0.074 present_ms 0.033 render_wait_ms 0.147
BC250 Perf frame 59 gap_ms 16.695 draws 4 draw_ms 0.102 max_draw_ms 0.073 present_ms 0.034 render_wait_ms 0.133
BC250 Perf frame 60 gap_ms 16.621 draws 4 draw_ms 0.092 max_draw_ms 0.073 present_ms 0.031 render_wait_ms 0.120
BC250 Perf frame 61 gap_ms 16.692 draws 4 draw_ms 0.093 max_draw_ms 0.074 present_ms 0.033 render_wait_ms 0.125
BC250 Perf frame 62 gap_ms 16.966 draws 4 draw_ms 0.121 max_draw_ms 0.088 present_ms 0.050 render_wait_ms 0.152
BC250 Perf frame 63 gap_ms 16.400 draws 4 draw_ms 0.097 max_draw_ms 0.076 present_ms 0.032 render_wait_ms 0.123
BC250 Perf frame 64 gap_ms 16.698 draws 4 draw_ms 0.093 max_draw_ms 0.073 present_ms 0.036 render_wait_ms 0.126
BC250 Perf frame 65 gap_ms 16.685 draws 4 draw_ms 0.096 max_draw_ms 0.074 present_ms 0.042 render_wait_ms 0.143
BC250 Perf frame 66 gap_ms 16.641 draws 4 draw_ms 0.092 max_draw_ms 0.071 present_ms 0.034 render_wait_ms 0.122
BC250 Perf frame 67 gap_ms 16.722 draws 4 draw_ms 0.093 max_draw_ms 0.074 present_ms 0.035 render_wait_ms 0.127
BC250 Perf frame 68 gap_ms 16.640 draws 4 draw_ms 0.095 max_draw_ms 0.073 present_ms 0.033 render_wait_ms 0.121
BC250 Perf frame 69 gap_ms 16.683 draws 4 draw_ms 0.095 max_draw_ms 0.074 present_ms 0.031 render_wait_ms 0.124
BC250 Perf frame 70 gap_ms 16.751 draws 4 draw_ms 0.108 max_draw_ms 0.086 present_ms 0.034 render_wait_ms 0.132
BC250 Perf frame 71 gap_ms 16.648 draws 4 draw_ms 0.097 max_draw_ms 0.072 present_ms 0.034 render_wait_ms 0.126
BC250 Perf frame 72 gap_ms 16.826 draws 4 draw_ms 0.116 max_draw_ms 0.087 present_ms 0.035 render_wait_ms 0.146
BC250 Perf frame 73 gap_ms 16.574 draws 4 draw_ms 0.096 max_draw_ms 0.074 present_ms 0.034 render_wait_ms 0.138
BC250 Perf frame 74 gap_ms 16.727 draws 4 draw_ms 0.105 max_draw_ms 0.077 present_ms 0.033 render_wait_ms 0.127
BC250 Perf frame 75 gap_ms 16.700 draws 4 draw_ms 0.103 max_draw_ms 0.079 present_ms 0.036 render_wait_ms 0.157
BC250 Perf frame 76 gap_ms 16.612 draws 4 draw_ms 0.094 max_draw_ms 0.073 present_ms 0.037 render_wait_ms 0.118
BC250 Perf frame 77 gap_ms 16.788 draws 4 draw_ms 0.113 max_draw_ms 0.083 present_ms 0.047 render_wait_ms 0.158
BC250 Perf frame 78 gap_ms 16.542 draws 4 draw_ms 0.095 max_draw_ms 0.075 present_ms 0.038 render_wait_ms 0.118
BC250 Perf frame 79 gap_ms 16.682 draws 4 draw_ms 0.096 max_draw_ms 0.073 present_ms 0.032 render_wait_ms 0.118
BC250 Perf frame 80 gap_ms 16.801 draws 4 draw_ms 0.114 max_draw_ms 0.084 present_ms 0.036 render_wait_ms 0.141
BC250 Perf frame 81 gap_ms 16.563 draws 4 draw_ms 0.095 max_draw_ms 0.073 present_ms 0.031 render_wait_ms 0.119
BC250 Perf frame 82 gap_ms 16.867 draws 4 draw_ms 0.115 max_draw_ms 0.086 present_ms 0.038 render_wait_ms 0.148
BC250 Perf frame 83 gap_ms 16.491 draws 4 draw_ms 0.090 max_draw_ms 0.071 present_ms 0.032 render_wait_ms 0.122
BC250 Perf frame 84 gap_ms 16.770 draws 4 draw_ms 0.093 max_draw_ms 0.074 present_ms 0.033 render_wait_ms 0.120
BC250 Perf frame 85 gap_ms 16.581 draws 4 draw_ms 0.096 max_draw_ms 0.073 present_ms 0.032 render_wait_ms 0.125
BC250 Perf frame 86 gap_ms 17.314 draws 10 draw_ms 0.155 max_draw_ms 0.072 present_ms 0.033 render_wait_ms 0.146
BC250 Perf frame 87 gap_ms 16.099 draws 5 draw_ms 0.100 max_draw_ms 0.074 present_ms 0.033 render_wait_ms 0.121
BC250 Perf frame 88 gap_ms 16.664 draws 4 draw_ms 0.095 max_draw_ms 0.075 present_ms 0.034 render_wait_ms 0.130
BC250 Perf frame 89 gap_ms 17.120 draws 10 draw_ms 0.152 max_draw_ms 0.075 present_ms 0.032 render_wait_ms 0.150
BC250 Perf frame 90 gap_ms 16.595 draws 4 draw_ms 0.123 max_draw_ms 0.090 present_ms 0.034 render_wait_ms 0.157
BC250 Perf frame 91 gap_ms 16.349 draws 4 draw_ms 0.095 max_draw_ms 0.074 present_ms 0.037 render_wait_ms 0.138
BC250 Perf frame 92 gap_ms 16.584 draws 4 draw_ms 0.095 max_draw_ms 0.075 present_ms 0.039 render_wait_ms 0.129
BC250 Perf frame 93 gap_ms 16.682 draws 4 draw_ms 0.093 max_draw_ms 0.073 present_ms 0.032 render_wait_ms 0.122
BC250 Perf frame 94 gap_ms 16.675 draws 4 draw_ms 0.096 max_draw_ms 0.075 present_ms 0.033 render_wait_ms 0.122
BC250 Perf frame 95 gap_ms 16.859 draws 4 draw_ms 0.096 max_draw_ms 0.074 present_ms 0.033 render_wait_ms 0.142
BC250 Perf frame 96 gap_ms 16.570 draws 4 draw_ms 0.096 max_draw_ms 0.074 present_ms 0.033 render_wait_ms 0.137
BC250 Perf frame 97 gap_ms 16.752 draws 4 draw_ms 0.095 max_draw_ms 0.074 present_ms 0.033 render_wait_ms 0.127
BC250 Perf frame 98 gap_ms 16.549 draws 4 draw_ms 0.094 max_draw_ms 0.073 present_ms 0.033 render_wait_ms 0.117
BC250 Perf frame 99 gap_ms 16.668 draws 4 draw_ms 0.093 max_draw_ms 0.073 present_ms 0.033 render_wait_ms 0.118
BC250 Perf frame 100 gap_ms 16.702 draws 4 draw_ms 0.094 max_draw_ms 0.073 present_ms 0.032 render_wait_ms 0.119
BC250 Perf frame 101 gap_ms 16.779 draws 4 draw_ms 0.095 max_draw_ms 0.074 present_ms 0.033 render_wait_ms 0.124
BC250 Perf frame 102 gap_ms 16.695 draws 4 draw_ms 0.093 max_draw_ms 0.072 present_ms 0.034 render_wait_ms 0.123
BC250 Perf frame 103 gap_ms 16.735 draws 4 draw_ms 0.124 max_draw_ms 0.088 present_ms 0.037 render_wait_ms 0.130
BC250 Perf frame 104 gap_ms 16.501 draws 4 draw_ms 0.097 max_draw_ms 0.074 present_ms 0.029 render_wait_ms 0.115
BC250 Perf frame 105 gap_ms 16.849 draws 4 draw_ms 0.103 max_draw_ms 0.081 present_ms 0.034 render_wait_ms 0.123
BC250 Perf frame 106 gap_ms 17.288 draws 10 draw_ms 0.193 max_draw_ms 0.085 present_ms 0.037 render_wait_ms 0.171
BC250 Perf frame 107 gap_ms 16.133 draws 5 draw_ms 0.121 max_draw_ms 0.085 present_ms 0.035 render_wait_ms 0.135
BC250 Perf frame 108 gap_ms 24.849 draws 10 draw_ms 0.215 max_draw_ms 0.089 present_ms 0.042 render_wait_ms 0.198
BC250 Perf frame 109 gap_ms 8.601 draws 4 draw_ms 0.134 max_draw_ms 0.089 present_ms 0.042 render_wait_ms 0.168
BC250 Perf frame 110 gap_ms 16.512 draws 4 draw_ms 0.104 max_draw_ms 0.078 present_ms 0.031 render_wait_ms 0.152
BC250 Perf frame 111 gap_ms 16.891 draws 10 draw_ms 0.147 max_draw_ms 0.072 present_ms 0.038 render_wait_ms 0.149
BC250 Perf frame 112 gap_ms 16.493 draws 5 draw_ms 0.110 max_draw_ms 0.085 present_ms 0.044 render_wait_ms 0.164
BC250 Perf frame 113 gap_ms 16.843 draws 10 draw_ms 0.140 max_draw_ms 0.074 present_ms 0.035 render_wait_ms 0.140
BC250 Perf frame 114 gap_ms 16.366 draws 5 draw_ms 0.095 max_draw_ms 0.071 present_ms 0.035 render_wait_ms 0.140
BC250 Perf frame 115 gap_ms 17.012 draws 10 draw_ms 0.142 max_draw_ms 0.074 present_ms 0.036 render_wait_ms 0.139
BC250 Perf frame 116 gap_ms 16.394 draws 5 draw_ms 0.094 max_draw_ms 0.072 present_ms 0.032 render_wait_ms 0.122
BC250 Perf frame 117 gap_ms 17.320 draws 10 draw_ms 0.191 max_draw_ms 0.123 present_ms 0.033 render_wait_ms 0.152
BC250 Perf frame 118 gap_ms 16.029 draws 5 draw_ms 0.097 max_draw_ms 0.073 present_ms 0.034 render_wait_ms 0.123
BC250 Perf frame 119 gap_ms 17.222 draws 10 draw_ms 0.180 max_draw_ms 0.085 present_ms 0.040 render_wait_ms 0.173
BC250 Perf frame 120 gap_ms 16.306 draws 5 draw_ms 0.125 max_draw_ms 0.085 present_ms 0.037 render_wait_ms 0.145
BC250 surface hosted=1 allocation=400034c0 pitch=4096 bytes=3932160
BC250 zink import type=2 modifier=0 identity=00000222B8A863C8 va=4335411200
BC250 surface hosted=1 allocation=40003540 pitch=4096 bytes=3932160
BC250 zink import type=2 modifier=0 identity=00000222B8A863C8 va=8642363392
allocation handle=0x40003600
BC250 surface hosted=1 allocation=400035c0 pitch=2560 bytes=1556480
BC250 zink import type=2 modifier=0 identity=00000222B8A863C8 va=4339343360
BC250 Perf frame 180 gap_ms 16.320 draws 4 draw_ms 0.117 max_draw_ms 0.088 present_ms 0.038 render_wait_ms 0.150
allocation handle=0x40003640
allocation handle=0x40003680
allocation handle=0x400036c0
allocation handle=0x40003700
allocation handle=0x40003740
allocation handle=0x40003780
allocation handle=0x400037c0
allocation handle=0x40003800
allocation handle=0x40003840
allocation handle=0x40003880
allocation handle=0x400038c0
allocation handle=0x40003900
allocation handle=0x40003940
allocation handle=0x40003980
allocation handle=0x80001a40
bc250: gather capacity=16384 bytes required=15904 ibs=4
BC250 release runtime resource refs=1 object_refs=1
BC250 Deallocate 00000000 flags=0
BC250 release runtime resource refs=1 object_refs=1
BC250 Deallocate 00000000 flags=0
BC250 surface hosted=1 allocation=800019c0 pitch=256 bytes=8192
BC250 zink import type=2 modifier=0 identity=00000222B8A863C8 va=8615297024
allocation handle=0x80001900
allocation handle=0x400039c0
allocation handle=0x40003a00
allocation handle=0x40003a40
allocation handle=0x40003a80
allocation handle=0x40003ac0
allocation handle=0x40003b00
allocation handle=0x40003b40
allocation handle=0x40003b80
bc250: gather capacity=155648 bytes required=155200 ibs=5
allocation handle=0x40003bc0
allocation handle=0x40003c00
allocation handle=0x40003c40
bc250: gather capacity=20480 bytes required=17216 ibs=4
allocation handle=0x40003c80
allocation handle=0x40003cc0
bc250: gather capacity=20480 bytes required=20480 ibs=4
allocation handle=0x40003d00
allocation handle=0x40003d40
allocation handle=0x40003d80
bc250: gather capacity=24576 bytes required=21984 ibs=4
BC250 Perf frame 240 gap_ms 16.892 draws 5 draw_ms 0.109 max_draw_ms 0.083 present_ms 0.047 render_wait_ms 0.149
allocation handle=0x40003dc0
bc250: gather capacity=20480 bytes required=18944 ibs=4
allocation handle=0x40003e00
bc250: gather capacity=28672 bytes required=25728 ibs=4
allocation handle=0x40003e40
bc250: gather capacity=36864 bytes required=34624 ibs=4
allocation handle=0x40003e80
bc250: gather capacity=36864 bytes required=34624 ibs=4
allocation handle=0x40003ec0
bc250: gather capacity=36864 bytes required=35456 ibs=4
allocation handle=0x80001840
bc250: gather capacity=36864 bytes required=35456 ibs=4
allocation handle=0x40003f00
bc250: gather capacity=36864 bytes required=35456 ibs=4
allocation handle=0x40003f40
bc250: gather capacity=36864 bytes required=35456 ibs=4
allocation handle=0x40003f80
allocation handle=0x40003fc0
allocation handle=0x40004000
allocation handle=0x80001740
allocation handle=0x40004040
allocation handle=0x40004080
allocation handle=0x400040c0
allocation handle=0x40004100
BC250 release runtime resource refs=1 object_refs=1
BC250 Deallocate 00000000 flags=0
BC250 Perf frame 300 gap_ms 217.052 draws 1 draw_ms 0.045 max_draw_ms 0.045 present_ms 0.033 render_wait_ms 0.108
allocation handle=0x40004140
allocation handle=0x40004180
allocation handle=0x400041c0
allocation handle=0x40004200
allocation handle=0x40004240
allocation handle=0x80001b00
allocation handle=0x80001d00
allocation handle=0x80001e40
allocation handle=0x80001e80
allocation handle=0x80001ec0
allocation handle=0x80002080
allocation handle=0x40004280
allocation handle=0x400042c0
allocation handle=0xc0000640
allocation handle=0x80002540
BC250 Perf frame 360 gap_ms 233.329 draws 1 draw_ms 0.046 max_draw_ms 0.046 present_ms 0.032 render_wait_ms 0.123
allocation handle=0x800025c0
allocation handle=0x40004380
BC250 surface hosted=1 allocation=40004340 pitch=4096 bytes=3145728
BC250 zink import type=2 modifier=0 identity=00000222B8A863C8 va=4298260480
BC250 surface hosted=1 allocation=40004400 pitch=4096 bytes=3145728
BC250 zink import type=2 modifier=0 identity=00000222B8A863C8 va=4325761024
allocation handle=0x40004440
allocation handle=0x40004480
allocation handle=0x400044c0
allocation handle=0x40004500
allocation handle=0x40004540
allocation handle=0x40004600
BC250 surface hosted=1 allocation=400045c0 pitch=2048 bytes=1048576
BC250 zink import type=2 modifier=0 identity=00000222B8A863C8 va=4328906752
BC250 surface hosted=1 allocation=40004680 pitch=2048 bytes=1048576
BC250 zink import type=2 modifier=0 identity=00000222B8A863C8 va=8713404416
allocation handle=0x400046c0
BC250 release runtime resource refs=1 object_refs=1
BC250 Deallocate 00000000 flags=0
BC250 release runtime resource refs=1 object_refs=1
BC250 Deallocate 00000000 flags=0
allocation handle=0x40004780
BC250 surface hosted=1 allocation=40004740 pitch=5888 bytes=4759552
BC250 zink import type=2 modifier=0 identity=00000222B8A863C8 va=4329955328
BC250 surface hosted=1 allocation=40004800 pitch=5888 bytes=4759552
BC250 zink import type=2 modifier=0 identity=00000222B8A863C8 va=4340899840
allocation handle=0x40004840
allocation handle=0x40004880
allocation handle=0x40004940
BC250 surface hosted=1 allocation=40004900 pitch=2048 bytes=1048576
BC250 zink import type=2 modifier=0 identity=00000222B8A863C8 va=8702918656
BC250 surface hosted=1 allocation=40004980 pitch=2048 bytes=1048576
BC250 zink import type=2 modifier=0 identity=00000222B8A863C8 va=4298260480
BC250 surface hosted=1 allocation=40004a00 pitch=2048 bytes=1048576
BC250 zink import type=2 modifier=0 identity=00000222B8A863C8 va=4325761024
BC250 surface hosted=1 allocation=40004a80 pitch=2048 bytes=1048576
BC250 zink import type=2 modifier=0 identity=00000222B8A863C8 va=4299309056
BC250 surface hosted=1 allocation=40004b00 pitch=2048 bytes=1048576
BC250 zink import type=2 modifier=0 identity=00000222B8A863C8 va=8703967232
BC250 surface hosted=1 allocation=40004b80 pitch=2048 bytes=1048576
BC250 zink import type=2 modifier=0 identity=00000222B8A863C8 va=4300357632
BC250 surface hosted=1 allocation=40004c00 pitch=2048 bytes=1048576
BC250 zink import type=2 modifier=0 identity=00000222B8A863C8 va=4326809600
BC250 surface hosted=1 allocation=40004c80 pitch=2048 bytes=1048576
BC250 zink import type=2 modifier=0 identity=00000222B8A863C8 va=4301406208
BC250 surface hosted=1 allocation=40004d00 pitch=2048 bytes=1048576
BC250 zink import type=2 modifier=0 identity=00000222B8A863C8 va=8705015808
BC250 surface hosted=1 allocation=40004d80 pitch=2048 bytes=1048576
BC250 zink import type=2 modifier=0 identity=00000222B8A863C8 va=4302454784
BC250 surface hosted=1 allocation=40004e00 pitch=2048 bytes=1048576
BC250 zink import type=2 modifier=0 identity=00000222B8A863C8 va=8628174848
BC250 surface hosted=1 allocation=40004e80 pitch=2048 bytes=1048576
BC250 zink import type=2 modifier=0 identity=00000222B8A863C8 va=8697151488
BC250 surface hosted=1 allocation=40004f00 pitch=2048 bytes=1048576
BC250 zink import type=2 modifier=0 identity=00000222B8A863C8 va=4303503360
BC250 surface hosted=1 allocation=40004f80 pitch=2048 bytes=1048576
BC250 zink import type=2 modifier=0 identity=00000222B8A863C8 va=8698200064
BC250 surface hosted=1 allocation=40005000 pitch=2048 bytes=1048576
BC250 zink import type=2 modifier=0 identity=00000222B8A863C8 va=4304551936
BC250 surface hosted=1 allocation=80001140 pitch=2048 bytes=1048576
BC250 zink import type=2 modifier=0 identity=00000222B8A863C8 va=8699248640
BC250 surface hosted=1 allocation=40005080 pitch=2048 bytes=1048576
BC250 zink import type=2 modifier=0 identity=00000222B8A863C8 va=4305600512
BC250 surface hosted=1 allocation=40005100 pitch=2048 bytes=1048576
BC250 zink import type=2 modifier=0 identity=00000222B8A863C8 va=8700297216
BC250 surface hosted=1 allocation=80002240 pitch=2048 bytes=1048576
BC250 zink import type=2 modifier=0 identity=00000222B8A863C8 va=8626454528
BC250 surface hosted=1 allocation=40005180 pitch=2048 bytes=1048576
BC250 zink import type=2 modifier=0 identity=00000222B8A863C8 va=4327858176
allocation handle=0x400051c0
allocation handle=0x40005200
BC250 surface hosted=1 allocation=40005280 pitch=2048 bytes=1048576
BC250 zink import type=2 modifier=0 identity=00000222B8A863C8 va=8718647296
BC250 surface hosted=1 allocation=40005300 pitch=2048 bytes=1048576
BC250 zink import type=2 modifier=0 identity=00000222B8A863C8 va=8701345792
allocation handle=0x40005340
BC250 surface hosted=1 allocation=400053c0 pitch=2048 bytes=1048576
BC250 zink import type=2 modifier=0 identity=00000222B8A863C8 va=8612216832
BC250 surface hosted=1 allocation=40005440 pitch=2048 bytes=1048576
BC250 zink import type=2 modifier=0 identity=00000222B8A863C8 va=4345659392
BC250 surface hosted=1 allocation=800021c0 pitch=2048 bytes=1048576
BC250 zink import type=2 modifier=0 identity=00000222B8A863C8 va=8661041152
BC250 surface hosted=1 allocation=c0000580 pitch=2048 bytes=1048576
BC250 zink import type=2 modifier=0 identity=00000222B8A863C8 va=4346707968
allocation handle=0xc0000700
BC250 surface hosted=1 allocation=400054c0 pitch=256 bytes=16384
BC250 zink import type=2 modifier=0 identity=00000222B8A863C8 va=8615305216
BC250 surface hosted=1 allocation=40005540 pitch=256 bytes=16384
BC250 zink import type=2 modifier=0 identity=00000222B8A863C8 va=8627503104
BC250 release runtime resource refs=1 object_refs=1
BC250 Deallocate 00000000 flags=0
BC250 release runtime resource refs=1 object_refs=1
BC250 Deallocate 00000000 flags=0
allocation handle=0x40005600
BC250 surface hosted=1 allocation=400055c0 pitch=9216 bytes=11796480
BC250 zink import type=2 modifier=0 identity=00000222B8A863C8 va=4347756544
BC250 surface hosted=1 allocation=c0000740 pitch=9216 bytes=11796480
BC250 zink import type=2 modifier=0 identity=00000222B8A863C8 va=8674344960
BC250 release runtime resource refs=1 object_refs=1
BC250 Deallocate 00000000 flags=0
BC250 release runtime resource refs=1 object_refs=1
BC250 Deallocate 00000000 flags=0
allocation handle=0x80003900
BC250 surface hosted=1 allocation=400056c0 pitch=2048 bytes=1048576
BC250 zink import type=2 modifier=0 identity=00000222B8A863C8 va=8634236928
BC250 surface hosted=1 allocation=80000d80 pitch=2048 bytes=1048576
BC250 zink import type=2 modifier=0 identity=00000222B8A863C8 va=8686141440
BC250 release runtime resource refs=1 object_refs=1
BC250 Deallocate 00000000 flags=0
BC250 release runtime resource refs=1 object_refs=1
BC250 Deallocate 00000000 flags=0
BC250 surface hosted=1 allocation=80003740 pitch=2048 bytes=1048576
BC250 zink import type=2 modifier=0 identity=00000222B8A863C8 va=8635285504
BC250 surface hosted=1 allocation=80002600 pitch=2048 bytes=1048576
BC250 zink import type=2 modifier=0 identity=00000222B8A863C8 va=8652890112
BC250 release runtime resource refs=1 object_refs=1
BC250 Deallocate 00000000 flags=0
BC250 release runtime resource refs=1 object_refs=1
BC250 Deallocate 00000000 flags=0
BC250 surface hosted=1 allocation=800026c0 pitch=2048 bytes=1048576
BC250 zink import type=2 modifier=0 identity=00000222B8A863C8 va=8636334080
BC250 surface hosted=1 allocation=80003c40 pitch=2048 bytes=1048576
BC250 zink import type=2 modifier=0 identity=00000222B8A863C8 va=4305600512
BC250 release runtime resource refs=1 object_refs=1
BC250 Deallocate 00000000 flags=0
BC250 release runtime resource refs=1 object_refs=1
BC250 Deallocate 00000000 flags=0
BC250 surface hosted=1 allocation=80003dc0 pitch=2048 bytes=1048576
BC250 zink import type=2 modifier=0 identity=00000222B8A863C8 va=8661041152
BC250 surface hosted=1 allocation=80002680 pitch=2048 bytes=1048576
BC250 zink import type=2 modifier=0 identity=00000222B8A863C8 va=8628174848
BC250 release runtime resource refs=1 object_refs=1
BC250 Deallocate 00000000 flags=0
BC250 release runtime resource refs=1 object_refs=1
BC250 Deallocate 00000000 flags=0
BC250 surface hosted=1 allocation=80003d40 pitch=2048 bytes=1048576
BC250 zink import type=2 modifier=0 identity=00000222B8A863C8 va=8697151488
BC250 surface hosted=1 allocation=80003d00 pitch=2048 bytes=1048576
BC250 zink import type=2 modifier=0 identity=00000222B8A863C8 va=4346707968
BC250 release runtime resource refs=1 object_refs=1
BC250 Deallocate 00000000 flags=0
BC250 release runtime resource refs=1 object_refs=1
BC250 Deallocate 00000000 flags=0
BC250 surface hosted=1 allocation=80003940 pitch=2048 bytes=1048576
BC250 zink import type=2 modifier=0 identity=00000222B8A863C8 va=8698200064
BC250 surface hosted=1 allocation=80004040 pitch=2048 bytes=1048576
BC250 zink import type=2 modifier=0 identity=00000222B8A863C8 va=4303503360
BC250 release runtime resource refs=1 object_refs=1
BC250 Deallocate 00000000 flags=0
BC250 release runtime resource refs=1 object_refs=1
BC250 Deallocate 00000000 flags=0
BC250 surface hosted=1 allocation=80004000 pitch=2048 bytes=1048576
BC250 zink import type=2 modifier=0 identity=00000222B8A863C8 va=8699248640
BC250 surface hosted=1 allocation=80003540 pitch=2048 bytes=1048576
BC250 zink import type=2 modifier=0 identity=00000222B8A863C8 va=4326809600
BC250 release runtime resource refs=1 object_refs=1
BC250 Deallocate 00000000 flags=0
BC250 release runtime resource refs=1 object_refs=1
BC250 Deallocate 00000000 flags=0
BC250 surface hosted=1 allocation=800022c0 pitch=2048 bytes=1048576
BC250 zink import type=2 modifier=0 identity=00000222B8A863C8 va=8626454528
BC250 surface hosted=1 allocation=c0001d00 pitch=2048 bytes=1048576
BC250 zink import type=2 modifier=0 identity=00000222B8A863C8 va=8612216832
BC250 release runtime resource refs=1 object_refs=1
BC250 Deallocate 00000000 flags=0
BC250 release runtime resource refs=1 object_refs=1
BC250 Deallocate 00000000 flags=0
BC250 surface hosted=1 allocation=c0001b00 pitch=2048 bytes=1048576
BC250 zink import type=2 modifier=0 identity=00000222B8A863C8 va=4345659392
BC250 surface hosted=1 allocation=80004200 pitch=2048 bytes=1048576
BC250 zink import type=2 modifier=0 identity=00000222B8A863C8 va=8613265408
BC250 release runtime resource refs=1 object_refs=1
BC250 Deallocate 00000000 flags=0
BC250 release runtime resource refs=1 object_refs=1
BC250 Deallocate 00000000 flags=0
BC250 surface hosted=1 allocation=c0001e40 pitch=2048 bytes=1048576
BC250 zink import type=2 modifier=0 identity=00000222B8A863C8 va=8705015808
BC250 surface hosted=1 allocation=800042c0 pitch=2048 bytes=1048576
BC250 zink import type=2 modifier=0 identity=00000222B8A863C8 va=4301406208
BC250 release runtime resource refs=1 object_refs=1
BC250 Deallocate 00000000 flags=0
BC250 release runtime resource refs=1 object_refs=1
BC250 Deallocate 00000000 flags=0
BC250 surface hosted=1 allocation=c0001e80 pitch=2048 bytes=1048576
BC250 zink import type=2 modifier=0 identity=00000222B8A863C8 va=8661041152
BC250 surface hosted=1 allocation=80004280 pitch=2048 bytes=1048576
BC250 zink import type=2 modifier=0 identity=00000222B8A863C8 va=8628174848
BC250 release runtime resource refs=1 object_refs=1
BC250 Deallocate 00000000 flags=0
BC250 release runtime resource refs=1 object_refs=1
BC250 Deallocate 00000000 flags=0
BC250 surface hosted=1 allocation=80004380 pitch=2048 bytes=1048576
BC250 zink import type=2 modifier=0 identity=00000222B8A863C8 va=8686141440
BC250 surface hosted=1 allocation=80004440 pitch=2048 bytes=1048576
BC250 zink import type=2 modifier=0 identity=00000222B8A863C8 va=8698200064
BC250 release runtime resource refs=1 object_refs=1
BC250 Deallocate 00000000 flags=0
BC250 release runtime resource refs=1 object_refs=1
BC250 Deallocate 00000000 flags=0
BC250 surface hosted=1 allocation=80003bc0 pitch=2048 bytes=1048576
BC250 zink import type=2 modifier=0 identity=00000222B8A863C8 va=8653938688
BC250 surface hosted=1 allocation=80003a80 pitch=2048 bytes=1048576
BC250 zink import type=2 modifier=0 identity=00000222B8A863C8 va=8700297216
BC250 release runtime resource refs=1 object_refs=1
BC250 Deallocate 00000000 flags=0
BC250 release runtime resource refs=1 object_refs=1
BC250 Deallocate 00000000 flags=0
BC250 surface hosted=1 allocation=800036c0 pitch=2048 bytes=1048576
BC250 zink import type=2 modifier=0 identity=00000222B8A863C8 va=8654987264
BC250 surface hosted=1 allocation=80004400 pitch=2048 bytes=1048576
BC250 zink import type=2 modifier=0 identity=00000222B8A863C8 va=8701345792
BC250 release runtime resource refs=1 object_refs=1
BC250 Deallocate 00000000 flags=0
BC250 release runtime resource refs=1 object_refs=1
BC250 Deallocate 00000000 flags=0
allocation handle=0x80004600
BC250 Perf frame 420 gap_ms 250.501 draws 1 draw_ms 0.058 max_draw_ms 0.058 present_ms 0.041 render_wait_ms 0.149
allocation handle=0x80004540
allocation handle=0x80004500
allocation handle=0x800044c0
allocation handle=0x40000640
allocation handle=0x800043c0
allocation handle=0x80004340
allocation handle=0x80004300
BC250 Perf frame 480 gap_ms 233.414 draws 1 draw_ms 0.046 max_draw_ms 0.046 present_ms 0.032 render_wait_ms 0.125
allocation handle=0x80003640
allocation handle=0x80002380
allocation handle=0x80003680
allocation handle=0x80002280
allocation handle=0x80002580
allocation handle=0x40005700
BC250 Perf frame 540 gap_ms 250.191 draws 1 draw_ms 0.043 max_draw_ms 0.043 present_ms 0.029 render_wait_ms 0.119
allocation handle=0x40005740
allocation handle=0x40005780
allocation handle=0x400057c0
allocation handle=0x40005800
allocation handle=0x40005840
allocation handle=0x40005880
allocation handle=0x400058c0
allocation handle=0x40005900
BC250 Perf frame 600 gap_ms 257.940 draws 1 draw_ms 0.049 max_draw_ms 0.049 present_ms 0.032 render_wait_ms 0.120
allocation handle=0x40005940
allocation handle=0x40005980
allocation handle=0x40005a00
allocation handle=0x40005a40
allocation handle=0x40005a80
allocation handle=0x80004780
allocation handle=0x40005ac0
allocation handle=0x40005b00
allocation handle=0x40005b40
bc250: gather capacity=40960 bytes required=38560 ibs=4
allocation handle=0x40005b80
bc250: gather capacity=40960 bytes required=38560 ibs=4
allocation handle=0x40005bc0
bc250: gather capacity=40960 bytes required=39936 ibs=4
allocation handle=0x40005c00
bc250: gather capacity=40960 bytes required=38560 ibs=4
allocation handle=0x40005c40
bc250: gather capacity=40960 bytes required=38560 ibs=4
allocation handle=0x40005c80
bc250: gather capacity=40960 bytes required=38560 ibs=4
allocation handle=0x40005cc0
bc250: gather capacity=45056 bytes required=43360 ibs=4
allocation handle=0x40005d00
bc250: gather capacity=45056 bytes required=43360 ibs=4
allocation handle=0x40005d40
bc250: gather capacity=45056 bytes required=43360 ibs=4
BC250 Perf frame 660 gap_ms 16.600 draws 5 draw_ms 0.090 max_draw_ms 0.072 present_ms 0.037 render_wait_ms 0.122
allocation handle=0x40005f40
allocation handle=0x40005f80
allocation handle=0x40006080
BC250 surface hosted=1 allocation=40006040 pitch=4352 bytes=2490368
BC250 zink import type=2 modifier=0 identity=00000222B8A863C8 va=4359553024
BC250 surface hosted=1 allocation=40006100 pitch=4352 bytes=2490368
BC250 zink import type=2 modifier=0 identity=00000222B8A863C8 va=9285632
BC250 surface hosted=1 allocation=40006180 pitch=4352 bytes=2490368
BC250 zink import type=2 modifier=0 identity=00000222B8A863C8 va=4362043392
allocation handle=0x40006240
allocation handle=0x40006280
allocation handle=0x400062c0
allocation handle=0x80004840
allocation handle=0x80004480
allocation handle=0x80004940
allocation handle=0x80005200
allocation handle=0x80004c80
BC250 Perf frame 720 gap_ms 115.593 draws 1 draw_ms 0.064 max_draw_ms 0.064 present_ms 0.045 render_wait_ms 0.164
allocation handle=0x80005540
BC250 surface hosted=1 allocation=80004c00 pitch=4096 bytes=4718592
BC250 zink import type=2 modifier=0 identity=00000222B8A863C8 va=4364533760
BC250 surface hosted=1 allocation=800054c0 pitch=4096 bytes=4718592
BC250 zink import type=2 modifier=0 identity=00000222B8A863C8 va=8656035840
allocation handle=0x80005480
allocation handle=0x80004bc0
allocation handle=0x80005100
allocation handle=0x800050c0
allocation handle=0x80005080
allocation handle=0x40000600
allocation handle=0x40000580
allocation handle=0x400005c0
allocation handle=0xc00021c0
allocation handle=0xc0002200
allocation handle=0x80004e80
allocation handle=0x80004e40
BC250 Perf frame 780 gap_ms 820.591 draws 13 draw_ms 0.090 max_draw_ms 0.043 present_ms 0.026 render_wait_ms 1.217
allocation handle=0x80004e00
async wait event: 0x2
BC250 hosted op=36 count=1 hr=80004001
GetDeviceState: 0xC00000BB
MESA: error: ZINK: vkQueueSubmit failed (VK_ERROR_DEVICE_LOST)
BC250 hosted device lost: reason=5 (stop) op=4294967295 hr=00000000 tick=99671, SetErrorCb
BC250 SetError 88760870
BC250 Deallocate 00000000 flags=0
BC250 SetError 88760870
BC250 Deallocate 00000000 flags=0
BC250 SetError 88760870
BC250 Deallocate 00000000 flags=0
BC250 SetError 88760870
BC250 Deallocate 00000000 flags=0
BC250 SetError 88760870
BC250 Deallocate 00000000 flags=0
BC250 SetError 88760870
BC250 Deallocate 00000000 flags=0
BC250 SetError 88760870
BC250 Deallocate 00000000 flags=0
BC250 SetError 88760870
BC250 Deallocate 00000000 flags=0
BC250 SetError 88760870
BC250 Deallocate 00000000 flags=0
BC250 SetError 88760870
BC250 Deallocate 00000000 flags=0
BC250 SetError 88760870
BC250 Deallocate 00000000 flags=0
BC250 SetError 88760870
BC250 Deallocate 00000000 flags=0
BC250 SetError 88760870
BC250 Deallocate 00000000 flags=0
BC250 SetError 88760870
BC250 Deallocate 00000000 flags=0
BC250 SetError 88760870
BC250 Deallocate 00000000 flags=0
BC250 SetError 88760870
BC250 Deallocate 00000000 flags=0
BC250 SetError 88760870
BC250 Deallocate 00000000 flags=0
BC250 SetError 88760870
BC250 Deallocate 00000000 flags=0
BC250 SetError 88760870
BC250 Deallocate 00000000 flags=0
BC250 SetError 88760870
BC250 Deallocate 00000000 flags=0
BC250 SetError 88760870
BC250 Deallocate 00000000 flags=0
BC250 SetError 88760870
BC250 Deallocate 00000000 flags=0
BC250 SetError 88760870
BC250 Deallocate 00000000 flags=0
BC250 SetError 88760870
BC250 Deallocate 00000000 flags=0
BC250 SetError 88760870
BC250 Deallocate 00000000 flags=0
BC250 SetError 88760870
BC250 Deallocate 00000000 flags=0
BC250 SetError 88760870
BC250 Deallocate 00000000 flags=0
BC250 SetError 88760870
BC250 Deallocate 00000000 flags=0
BC250 SetError 88760870
BC250 Deallocate 00000000 flags=0
BC250 SetError 88760870
BC250 Deallocate 00000000 flags=0
BC250 SetError 88760870
BC250 Deallocate 00000000 flags=0
BC250 SetError 88760870
BC250 Deallocate 00000000 flags=0
BC250 SetError 88760870
BC250 Deallocate 00000000 flags=0
BC250 SetError 88760870
BC250 Deallocate 00000000 flags=0
BC250 SetError 88760870
BC250 Deallocate 00000000 flags=0
BC250 SetError 88760870
BC250 Deallocate 00000000 flags=0
BC250 SetError 88760870
BC250 Deallocate 00000000 flags=0
BC250 SetError 88760870
BC250 Deallocate 00000000 flags=0
BC250 SetError 88760870
BC250 Deallocate 00000000 flags=0
BC250 SetError 88760870
BC250 Deallocate 00000000 flags=0
BC250 SetError 88760870
BC250 Deallocate 00000000 flags=0
BC250 hosted UMD adapter luid=0000000000007f69 source=identity
BC250 hosted UMD adapter luid=0000000000007f69 source=identity
BC250 hosted UMD adapter luid=0000000000007f69 source=identity
BC250 hosted UMD adapter luid=0000000000007f69 source=identity
BC250 D3D device stage 0
BC250 D3D device stage 1
BC250 D3D device stage 2
BC250 private Vulkan instance=00000222B96FAA40 screen=00000222CBD02070
BC250 zink init stage 0
radv_wddm2_winsys_create
OpenAdapterFromLuid 0x0 0x7f69
phys adapter = 0 device = 13fe rev 0
node 0 (type: 1) = BC-250 GFX, flags = 0
node 1 (type: 6) = BC-250 SDMA0, flags = 0
bc250: caps blob, device 0x13fe family 79 gfx 12
BC250 hosted op=1 count=1 hr=00000000
BC250 hosted paging create identity=00000222C3993698 queue=80005000 status=00000000
BC250 zink init stage 1
radv_wddm2_winsys_create
BC250 hosted op=25 count=1 hr=00000000
BC250 hosted op=27 count=1 hr=00000000
BC250 hosted op=27 count=2 hr=00000000
BC250 hosted op=16 count=1 hr=00000000
allocation handle=0x80005440
BC250 hosted op=19 count=1 hr=8000000a
BC250 hosted op=21 count=1 hr=8000000a
BC250 hosted op=29 count=1 hr=00000000
BC250 hosted op=23 count=1 hr=00000000
BC250 hosted op=16 count=2 hr=00000000
allocation handle=0x80005400
BC250 hosted op=19 count=2 hr=8000000a
BC250 hosted op=21 count=2 hr=8000000a
BC250 hosted op=29 count=2 hr=00000000
BC250 hosted op=23 count=2 hr=00000000
allocation handle=0x800053c0
bc250: gfx preamble inlined (no gfx_init IB)
BC250 zink init stage 2
BC250 zink init stage 3
BC250 zink init stage 4
BC250 zink init stage 5
BC250 zink init stage 6
BC250 zink init stage 7
BC250 zink init stage 8
BC250 zink init stage 9
BC250 zink init stage 10
BC250 zink init stage 11
BC250 zink init stage 12
BC250 zink init stage 13
BC250 zink init stage 14
BC250 zink init stage 15
BC250 device screen=00000222CBD02070 runtime=00000222C3993698
BC250 Renderer: zink Vulkan 1.4(AMD BC-250 (RADV GFX1013) (MESA_RADV))
BC250 D3D device stage 3
allocation handle=0x80004d80
allocation handle=0x80004d40
allocation handle=0x80004d00
allocation handle=0x80004cc0
allocation handle=0xc0002680
allocation handle=0xc0003a40
allocation handle=0xc0003dc0
allocation handle=0x40001a40
allocation handle=0xc0000d80
allocation handle=0xc0003840
allocation handle=0x800056c0
allocation handle=0x80005680
allocation handle=0xc0004040
allocation handle=0xc0004080
allocation handle=0xc0003940
allocation handle=0x40001900
allocation handle=0x80005300
allocation handle=0x800052c0
BC250 D3D device stage 4
BC250 D3D device stage 5
BC250 D3D device stage 6
BC250 D3D device stage 7
BC250 D3D device stage 8
allocation handle=0x80005280
allocation handle=0x80005240
allocation handle=0xc0003540
allocation handle=0xc0003fc0
allocation handle=0xc0004000
allocation handle=0x40001740
allocation handle=0x40000700
allocation handle=0xc0002600
allocation handle=0xc0003900
allocation handle=0xc0004600
allocation handle=0x80005340
allocation handle=0xc00044c0
allocation handle=0xc0004540
allocation handle=0xc0004340
allocation handle=0x80004880
allocation handle=0xc00043c0
allocation handle=0xc0003640
allocation handle=0xc0002380
allocation handle=0xc0003680
allocation handle=0x80000640
allocation handle=0xc0004300
allocation handle=0xc0002280
allocation handle=0x80005740
allocation handle=0x800057c0
allocation handle=0xc0004500
allocation handle=0x80005800
BC250 surface hosted=1 allocation=c0003c00 pitch=4096 bytes=3932160
BC250 zink import type=2 modifier=0 identity=00000222C3993698 va=4301258752
BC250 surface hosted=1 allocation=800051c0 pitch=4096 bytes=3932160
BC250 zink import type=2 modifier=0 identity=00000222C3993698 va=8671461376
allocation handle=0x80005780
allocation handle=0xc0003740
allocation handle=0xc0002500
BC250 hosted op=4 count=1 hr=00000000
bc250: progress before submit previous=0 observed=0 slot=0 retire=0 waits=0 signals=1
allocation handle=0x40006300
bc250: gather capacity=4096 bytes required=1728 ibs=4
BC250 hosted op=34 count=1 hr=00000000
BC250 hosted op=33 count=1 hr=00000000
BC250 hosted op=3 count=1 hr=00000000
BC250 hosted op=33 count=2 hr=00000000
allocation handle=0x80003ec0
allocation handle=0xc0001840
allocation handle=0x80003f00
BC250 hosted op=4 count=2 hr=00000000
BC250 release runtime resource refs=1 object_refs=1
BC250 Deallocate 00000000 flags=0
BC250 surface hosted=1 allocation=80003e40 pitch=4352 bytes=2490368
BC250 zink import type=2 modifier=0 identity=00000222C3993698 va=4306698240
BC250 surface hosted=1 allocation=80005b40 pitch=4352 bytes=2490368
BC250 zink import type=2 modifier=0 identity=00000222C3993698 va=8675393536
BC250 surface hosted=1 allocation=80005c40 pitch=4352 bytes=2490368
BC250 zink import type=2 modifier=0 identity=00000222C3993698 va=4309188608
allocation handle=0x400063c0
BC250 surface hosted=1 allocation=40006380 pitch=256 bytes=8192
BC250 zink import type=2 modifier=0 identity=00000222C3993698 va=8626454528
D3D destroy stage 0
D3D destroy stage 1
D3D destroy stage 2
D3D destroy stage 3
D3D destroy stage 4
D3D destroy stage 5
D3D destroy stage 6
D3D destroy stage 7
BC250 destroy device screen=00000222B972C1E0 runtime=00000222B8A863C8
BC250 hosted op=28 count=1 hr=00000000
radv/wddm2: queue destroyed after a failed release, its kernel objects are left to the device
BC250 destroy private Vulkan instance=00000222B598BAC0
BC250 hosted op=2 count=1 hr=00000000
BC250 hosted paging destroy identity=00000222B8A863C8 queue=40000800 status=00000000
BC250 SetError 88760870
D3D destroy stage 8
BC250 release runtime resource refs=1 object_refs=1
BC250 Deallocate 00000000 flags=0
allocation handle=0x40006400
bc250: gather capacity=4096 bytes required=800 ibs=2
BC250 hosted op=34 count=2 hr=00000000
BC250 hosted op=3 count=2 hr=00000000
allocation handle=0x40006440
allocation handle=0x40006480
allocation handle=0x80005dc0
BC250 surface hosted=1 allocation=800059c0 pitch=256 bytes=8192
BC250 zink import type=2 modifier=0 identity=00000222C3993698 va=8628912128
allocation handle=0x400064c0
BC250 Allocate hr=00000000 inputRT=00000222C691C2C0 callbackRT=00000222C691C2C0 miscShared=0 format=21 primary=0 allocation=40006540 resource=0
BC250 ALLOCATE ABI size=40 private=0 privateSize=8 hResource=16 hKMResource=24 NumAllocations=28 info2=32
BC250 surface hosted=1 allocation=40006540 pitch=7680 bytes=9216000
BC250 zink import type=2 modifier=0 identity=00000222C3993698 va=8699248640
BC250 Allocate hr=00000000 inputRT=00000222C691C380 callbackRT=00000222C691C380 miscShared=0 format=21 primary=0 allocation=400065c0 resource=0
BC250 ALLOCATE ABI size=40 private=0 privateSize=8 hResource=16 hKMResource=24 NumAllocations=28 info2=32
BC250 surface hosted=1 allocation=400065c0 pitch=7680 bytes=9216000
BC250 zink import type=2 modifier=0 identity=00000222C3993698 va=69632
BC250 Allocate hr=00000000 inputRT=00000222C691C400 callbackRT=00000222C691C400 miscShared=0 format=21 primary=0 allocation=40006600 resource=0
BC250 ALLOCATE ABI size=40 private=0 privateSize=8 hResource=16 hKMResource=24 NumAllocations=28 info2=32
BC250 surface hosted=1 allocation=40006600 pitch=7680 bytes=9216000
BC250 zink import type=2 modifier=0 identity=00000222C3993698 va=8708464640
BC250 Allocate hr=00000000 inputRT=00000222C691C440 callbackRT=00000222C691C440 miscShared=0 format=21 primary=1 allocation=40006680 resource=0
BC250 ALLOCATE ABI size=40 private=0 privateSize=8 hResource=16 hKMResource=24 NumAllocations=28 info2=32
BC250 surface hosted=1 allocation=40006680 pitch=7680 bytes=9216000
BC250 zink import type=2 modifier=0 identity=00000222C3993698 va=9285632
allocation handle=0x80005ac0
bc250: gather capacity=4096 bytes required=800 ibs=2
allocation handle=0x400066c0
allocation handle=0x40006700
allocation handle=0x40006740
BC250 release runtime resource refs=1 object_refs=1
BC250 Deallocate 00000000 flags=0
BC250 release runtime resource refs=1 object_refs=1
BC250 Deallocate 00000000 flags=0
BC250 release runtime resource refs=1 object_refs=1
BC250 Deallocate 00000000 flags=0
BC250 Allocate hr=00000000 inputRT=00000222C691C2C0 callbackRT=00000222C691C2C0 miscShared=0 format=21 primary=1 allocation=400067c0 resource=0
BC250 ALLOCATE ABI size=40 private=0 privateSize=8 hResource=16 hKMResource=24 NumAllocations=28 info2=32
BC250 surface hosted=1 allocation=400067c0 pitch=7680 bytes=9216000
BC250 zink import type=2 modifier=0 identity=00000222C3993698 va=18501632
BC250 Allocate hr=00000000 inputRT=00000222C691C640 callbackRT=00000222C691C640 miscShared=0 format=21 primary=1 allocation=800062c0 resource=0
BC250 ALLOCATE ABI size=40 private=0 privateSize=8 hResource=16 hKMResource=24 NumAllocations=28 info2=32
BC250 surface hosted=1 allocation=800062c0 pitch=7680 bytes=9216000
BC250 zink import type=2 modifier=0 identity=00000222C3993698 va=8699248640
allocation handle=0x80005f80
allocation handle=0xc0004780
allocation handle=0x80005940
allocation handle=0xc0005200
allocation handle=0x800038c0
allocation handle=0x80005880
allocation handle=0xc0004840
allocation handle=0x80006080
allocation handle=0x40006840
allocation handle=0x80005a00
allocation handle=0x80005f40
allocation handle=0xc0004bc0
allocation handle=0xc0004c80
allocation handle=0x80005b00
allocation handle=0xc0005480
allocation handle=0x80005a40
allocation handle=0x80006280
allocation handle=0x80006240
allocation handle=0xc0002580
allocation handle=0x80003f80
allocation handle=0x80001ac0
allocation handle=0xc0004dc0
allocation handle=0x80001a80
allocation handle=0x80001cc0
allocation handle=0x80001c80
allocation handle=0x80001c40
allocation handle=0x80001c00
bc250: gather capacity=163840 bytes required=160160 ibs=6
BC250 Present GPU wait count=1 hr=00000000 cpu_render_wait=0
BC250 Present fence=c0002240 value=4
BC250 Present signals value=1 hr=00000000
BC250 Perf frame 1 gap_ms 0.000 draws 66 draw_ms 59.408 max_draw_ms 17.021 present_ms 113.262 render_wait_ms 1.138
allocation handle=0x800060c0
bc250: gather capacity=20480 bytes required=17952 ibs=4
BC250 render waits Present value=1 hr=00000000
BC250 Present GPU wait count=1 hr=00000000 cpu_render_wait=0
BC250 Present fence=c0002240 value=5
BC250 Present signals value=2 hr=00000000
BC250 Perf frame 2 gap_ms 20.564 draws 50 draw_ms 14.538 max_draw_ms 10.569 present_ms 0.033 render_wait_ms 0.458
allocation handle=0x80006180
allocation handle=0xc0004ec0
bc250: gather capacity=12288 bytes required=10112 ibs=4
BC250 render waits Present value=2 hr=00000000
BC250 Present GPU wait count=1 hr=00000000 cpu_render_wait=0
BC250 Present fence=c0002240 value=6
BC250 Present signals value=3 hr=00000000
BC250 Perf frame 3 gap_ms 19.652 draws 9 draw_ms 0.450 max_draw_ms 0.366 present_ms 0.033 render_wait_ms 0.442
allocation handle=0xc0004f00
bc250: gather capacity=8192 bytes required=7392 ibs=4
BC250 render waits Present value=3 hr=00000000
allocation handle=0x80006140
allocation handle=0x80006040
allocation handle=0x80006000
allocation handle=0xc0004c00
allocation handle=0xc0004c40
allocation handle=0xc00054c0
BC250 Perf frame 4 gap_ms 132.249 draws 1 draw_ms 0.047 max_draw_ms 0.047 present_ms 0.047 render_wait_ms 1.672
BC250 hosted op=22 count=1 hr=00000000
BC250 hosted op=24 count=1 hr=00000000
BC250 hosted op=20 count=1 hr=00000000
BC250 hosted op=17 count=1 hr=00000000
BC250 hosted op=22 count=2 hr=00000000
BC250 hosted op=24 count=2 hr=00000000
BC250 hosted op=20 count=2 hr=00000000
BC250 hosted op=17 count=2 hr=00000000
BC250 release runtime resource refs=1 object_refs=1
BC250 Deallocate 00000000 flags=0
allocation handle=0xc0005500
bc250: gather capacity=8192 bytes required=5216 ibs=4
BC250 Perf frame 5 gap_ms 249.404 draws 1 draw_ms 0.045 max_draw_ms 0.045 present_ms 0.025 render_wait_ms 0.595
allocation handle=0xc00036c0
bc250: gather capacity=8192 bytes required=7616 ibs=4
BC250 Perf frame 6 gap_ms 137.381 draws 11 draw_ms 3.490 max_draw_ms 3.389 present_ms 0.030 render_wait_ms 0.626
allocation handle=0xc00037c0
bc250: gather capacity=8192 bytes required=7392 ibs=4
BC250 Perf frame 7 gap_ms 129.395 draws 1 draw_ms 0.048 max_draw_ms 0.048 present_ms 0.028 render_wait_ms 0.644
BC250 Perf frame 8 gap_ms 266.612 draws 1 draw_ms 0.060 max_draw_ms 0.060 present_ms 0.029 render_wait_ms 0.107
allocation handle=0xc0004400
allocation handle=0x400025c0
allocation handle=0xc0003bc0
allocation handle=0xc0003e00
allocation handle=0xc0003a80
allocation handle=0xc0003ac0
BC250 Perf frame 9 gap_ms 141.345 draws 2 draw_ms 0.076 max_draw_ms 0.072 present_ms 0.038 render_wait_ms 1.310
allocation handle=0xc0004380
allocation handle=0x40002540
allocation handle=0xc0004440
allocation handle=0xc0004240
allocation handle=0x40001e80
allocation handle=0xc00040c0
BC250 Perf frame 10 gap_ms 110.066 draws 1 draw_ms 0.046 max_draw_ms 0.046 present_ms 0.037 render_wait_ms 1.342
BC250 Perf frame 11 gap_ms 265.711 draws 1 draw_ms 0.045 max_draw_ms 0.045 present_ms 0.038 render_wait_ms 0.126
BC250 Perf frame 12 gap_ms 96.047 draws 9 draw_ms 0.078 max_draw_ms 0.048 present_ms 0.033 render_wait_ms 0.127
BC250 Perf frame 13 gap_ms 71.039 draws 2 draw_ms 0.075 max_draw_ms 0.071 present_ms 0.030 render_wait_ms 0.120
BC250 Perf frame 14 gap_ms 99.815 draws 1 draw_ms 0.059 max_draw_ms 0.059 present_ms 0.031 render_wait_ms 0.131
BC250 Perf frame 15 gap_ms 255.299 draws 1 draw_ms 0.047 max_draw_ms 0.047 present_ms 0.035 render_wait_ms 0.117
BC250 Perf frame 16 gap_ms 11.271 draws 1 draw_ms 0.045 max_draw_ms 0.045 present_ms 0.034 render_wait_ms 0.121
BC250 Perf frame 17 gap_ms 57.518 draws 9 draw_ms 0.075 max_draw_ms 0.046 present_ms 0.034 render_wait_ms 0.139
BC250 Perf frame 18 gap_ms 132.659 draws 2 draw_ms 0.077 max_draw_ms 0.073 present_ms 0.027 render_wait_ms 0.116
BC250 Perf frame 19 gap_ms 76.812 draws 1 draw_ms 0.044 max_draw_ms 0.044 present_ms 0.030 render_wait_ms 0.125
BC250 Perf frame 20 gap_ms 250.393 draws 1 draw_ms 0.058 max_draw_ms 0.058 present_ms 0.029 render_wait_ms 0.129
BC250 Perf frame 21 gap_ms 52.484 draws 9 draw_ms 0.080 max_draw_ms 0.050 present_ms 0.033 render_wait_ms 0.132
BC250 Perf frame 22 gap_ms 178.825 draws 2 draw_ms 0.077 max_draw_ms 0.074 present_ms 0.029 render_wait_ms 0.119
BC250 Perf frame 23 gap_ms 18.846 draws 1 draw_ms 0.059 max_draw_ms 0.059 present_ms 0.032 render_wait_ms 0.136
BC250 Perf frame 24 gap_ms 266.711 draws 1 draw_ms 0.046 max_draw_ms 0.046 present_ms 0.030 render_wait_ms 0.116
BC250 Perf frame 25 gap_ms 24.913 draws 2 draw_ms 0.050 max_draw_ms 0.044 present_ms 0.029 render_wait_ms 0.114
BC250 Perf frame 26 gap_ms 241.998 draws 1 draw_ms 0.046 max_draw_ms 0.046 present_ms 0.032 render_wait_ms 0.121
BC250 Perf frame 27 gap_ms 17.016 draws 2 draw_ms 0.078 max_draw_ms 0.074 present_ms 0.042 render_wait_ms 0.503
BC250 Perf frame 28 gap_ms 233.361 draws 1 draw_ms 0.055 max_draw_ms 0.055 present_ms 0.029 render_wait_ms 0.118
BC250 Perf frame 29 gap_ms 43.032 draws 9 draw_ms 0.101 max_draw_ms 0.070 present_ms 0.031 render_wait_ms 0.132
BC250 Perf frame 30 gap_ms 223.651 draws 1 draw_ms 0.048 max_draw_ms 0.048 present_ms 0.030 render_wait_ms 0.122
BC250 Perf frame 31 gap_ms 17.352 draws 2 draw_ms 0.080 max_draw_ms 0.076 present_ms 0.029 render_wait_ms 0.123
BC250 Perf frame 32 gap_ms 216.014 draws 1 draw_ms 0.048 max_draw_ms 0.048 present_ms 0.030 render_wait_ms 0.116
allocation handle=0xc0004280
allocation handle=0x40002080
bc250: gather capacity=12288 bytes required=8480 ibs=4
BC250 Perf frame 33 gap_ms 37.941 draws 9 draw_ms 0.076 max_draw_ms 0.046 present_ms 0.026 render_wait_ms 0.671
BC250 Perf frame 34 gap_ms 229.391 draws 1 draw_ms 0.066 max_draw_ms 0.066 present_ms 0.045 render_wait_ms 0.172
BC250 Perf frame 35 gap_ms 101.373 draws 2 draw_ms 0.110 max_draw_ms 0.102 present_ms 0.058 render_wait_ms 1.477
BC250 Perf frame 36 gap_ms 165.639 draws 1 draw_ms 0.065 max_draw_ms 0.065 present_ms 0.053 render_wait_ms 0.179
BC250 Perf frame 37 gap_ms 23.156 draws 9 draw_ms 0.076 max_draw_ms 0.046 present_ms 0.033 render_wait_ms 0.137
BC250 Perf frame 38 gap_ms 226.875 draws 1 draw_ms 0.046 max_draw_ms 0.046 present_ms 0.030 render_wait_ms 0.121
BC250 Perf frame 39 gap_ms 126.718 draws 2 draw_ms 0.076 max_draw_ms 0.072 present_ms 0.025 render_wait_ms 0.112
BC250 Perf frame 40 gap_ms 110.960 draws 1 draw_ms 0.045 max_draw_ms 0.045 present_ms 0.029 render_wait_ms 0.116
BC250 Perf frame 41 gap_ms 12.389 draws 1 draw_ms 0.044 max_draw_ms 0.044 present_ms 0.030 render_wait_ms 0.112
BC250 Perf frame 42 gap_ms 40.528 draws 9 draw_ms 0.075 max_draw_ms 0.046 present_ms 0.030 render_wait_ms 0.129
BC250 Perf frame 43 gap_ms 209.647 draws 1 draw_ms 0.044 max_draw_ms 0.044 present_ms 0.030 render_wait_ms 0.119
BC250 Perf frame 44 gap_ms 162.505 draws 2 draw_ms 0.111 max_draw_ms 0.105 present_ms 0.041 render_wait_ms 0.157
BC250 Perf frame 45 gap_ms 87.891 draws 1 draw_ms 0.063 max_draw_ms 0.063 present_ms 0.043 render_wait_ms 0.160
allocation handle=0x40001e40
bc250: gather capacity=12288 bytes required=8480 ibs=4
BC250 Perf frame 46 gap_ms 36.103 draws 9 draw_ms 0.079 max_draw_ms 0.048 present_ms 0.028 render_wait_ms 0.798
BC250 Perf frame 47 gap_ms 214.076 draws 1 draw_ms 0.063 max_draw_ms 0.063 present_ms 0.044 render_wait_ms 0.165
BC250 Perf frame 48 gap_ms 201.241 draws 2 draw_ms 0.112 max_draw_ms 0.105 present_ms 0.043 render_wait_ms 0.168
BC250 Perf frame 49 gap_ms 65.576 draws 1 draw_ms 0.062 max_draw_ms 0.062 present_ms 0.029 render_wait_ms 0.114
BC250 Perf frame 50 gap_ms 16.347 draws 2 draw_ms 0.049 max_draw_ms 0.044 present_ms 0.029 render_wait_ms 0.113
BC250 Perf frame 51 gap_ms 233.790 draws 1 draw_ms 0.044 max_draw_ms 0.044 present_ms 0.029 render_wait_ms 0.113
BC250 Perf frame 52 gap_ms 267.128 draws 1 draw_ms 0.046 max_draw_ms 0.046 present_ms 0.034 render_wait_ms 0.538
BC250 Perf frame 53 gap_ms 16.918 draws 11 draw_ms 0.085 max_draw_ms 0.055 present_ms 0.030 render_wait_ms 0.126
BC250 Perf frame 54 gap_ms 233.036 draws 1 draw_ms 0.043 max_draw_ms 0.043 present_ms 0.029 render_wait_ms 0.120
allocation handle=0xc00041c0
bc250: gather capacity=16384 bytes required=13376 ibs=4
BC250 Perf frame 55 gap_ms 239.213 draws 2 draw_ms 0.072 max_draw_ms 0.063 present_ms 0.040 render_wait_ms 1.020
BC250 Perf frame 56 gap_ms 11.207 draws 1 draw_ms 0.063 max_draw_ms 0.063 present_ms 0.042 render_wait_ms 0.156
BC250 Perf frame 57 gap_ms 50.953 draws 2 draw_ms 0.106 max_draw_ms 0.099 present_ms 0.042 render_wait_ms 0.158
BC250 Perf frame 58 gap_ms 188.682 draws 1 draw_ms 0.043 max_draw_ms 0.043 present_ms 0.029 render_wait_ms 0.117
BC250 Perf frame 59 gap_ms 10.211 draws 1 draw_ms 0.044 max_draw_ms 0.044 present_ms 0.030 render_wait_ms 0.123
BC250 Perf frame 60 gap_ms 242.114 draws 1 draw_ms 0.046 max_draw_ms 0.046 present_ms 0.033 render_wait_ms 0.126
BC250 Perf frame 61 gap_ms 8.834 draws 10 draw_ms 0.077 max_draw_ms 0.044 present_ms 0.034 render_wait_ms 0.136
BC250 Perf frame 62 gap_ms 100.865 draws 2 draw_ms 0.105 max_draw_ms 0.098 present_ms 0.041 render_wait_ms 0.157
BC250 Perf frame 63 gap_ms 148.845 draws 1 draw_ms 0.063 max_draw_ms 0.063 present_ms 0.029 render_wait_ms 0.123
BC250 Perf frame 64 gap_ms 250.452 draws 1 draw_ms 0.065 max_draw_ms 0.065 present_ms 0.044 render_wait_ms 0.169
allocation handle=0xc00042c0
BC250 Perf frame 65 gap_ms 18.025 draws 9 draw_ms 0.075 max_draw_ms 0.045 present_ms 0.031 render_wait_ms 0.132
BC250 Perf frame 66 gap_ms 133.175 draws 2 draw_ms 0.106 max_draw_ms 0.099 present_ms 0.041 render_wait_ms 0.158
BC250 Perf frame 67 gap_ms 98.766 draws 1 draw_ms 0.064 max_draw_ms 0.064 present_ms 0.051 render_wait_ms 0.175
BC250 Perf frame 68 gap_ms 16.456 draws 1 draw_ms 0.059 max_draw_ms 0.059 present_ms 0.044 render_wait_ms 0.164
BC250 Perf frame 69 gap_ms 227.273 draws 9 draw_ms 0.098 max_draw_ms 0.063 present_ms 0.032 render_wait_ms 0.141
BC250 Perf frame 70 gap_ms 39.975 draws 1 draw_ms 0.063 max_draw_ms 0.063 present_ms 0.044 render_wait_ms 0.161
BC250 Perf frame 71 gap_ms 183.481 draws 2 draw_ms 0.109 max_draw_ms 0.102 present_ms 0.044 render_wait_ms 0.223
BC250 Perf frame 72 gap_ms 66.386 draws 1 draw_ms 0.044 max_draw_ms 0.044 present_ms 0.030 render_wait_ms 0.116
BC250 Perf frame 73 gap_ms 219.681 draws 9 draw_ms 0.085 max_draw_ms 0.050 present_ms 0.035 render_wait_ms 0.146
BC250 Perf frame 74 gap_ms 47.528 draws 1 draw_ms 0.068 max_draw_ms 0.068 present_ms 0.044 render_wait_ms 0.163
BC250 Perf frame 75 gap_ms 193.076 draws 2 draw_ms 0.114 max_draw_ms 0.107 present_ms 0.046 render_wait_ms 0.164
BC250 Perf frame 76 gap_ms 57.057 draws 1 draw_ms 0.066 max_draw_ms 0.066 present_ms 0.044 render_wait_ms 0.164
allocation handle=0x40001ec0
bc250: gather capacity=12288 bytes required=8480 ibs=4
BC250 Perf frame 77 gap_ms 217.968 draws 9 draw_ms 0.076 max_draw_ms 0.046 present_ms 0.028 render_wait_ms 0.811
BC250 Perf frame 78 gap_ms 32.228 draws 1 draw_ms 0.063 max_draw_ms 0.063 present_ms 0.044 render_wait_ms 0.161
BC250 Perf frame 79 gap_ms 230.520 draws 2 draw_ms 0.111 max_draw_ms 0.104 present_ms 0.042 render_wait_ms 0.173
BC250 Perf frame 80 gap_ms 3.113 draws 1 draw_ms 0.065 max_draw_ms 0.065 present_ms 0.043 render_wait_ms 0.162
BC250 Perf frame 81 gap_ms 200.884 draws 2 draw_ms 0.049 max_draw_ms 0.043 present_ms 0.030 render_wait_ms 0.118
BC250 Perf frame 82 gap_ms 65.928 draws 1 draw_ms 0.063 max_draw_ms 0.063 present_ms 0.049 render_wait_ms 0.165
BC250 Perf frame 83 gap_ms 267.414 draws 1 draw_ms 0.063 max_draw_ms 0.063 present_ms 0.056 render_wait_ms 0.725
BC250 Perf frame 84 gap_ms 28.317 draws 2 draw_ms 0.117 max_draw_ms 0.109 present_ms 0.041 render_wait_ms 0.146
BC250 Perf frame 85 gap_ms 148.206 draws 9 draw_ms 0.075 max_draw_ms 0.046 present_ms 0.032 render_wait_ms 0.134
BC250 Perf frame 86 gap_ms 89.500 draws 1 draw_ms 0.043 max_draw_ms 0.043 present_ms 0.030 render_wait_ms 0.134
BC250 Perf frame 87 gap_ms 266.877 draws 1 draw_ms 0.042 max_draw_ms 0.042 present_ms 0.030 render_wait_ms 0.113
BC250 Perf frame 88 gap_ms 38.768 draws 2 draw_ms 0.075 max_draw_ms 0.072 present_ms 0.026 render_wait_ms 0.097
allocation handle=0x40001b00
BC250 Perf frame 89 gap_ms 108.769 draws 9 draw_ms 0.082 max_draw_ms 0.049 present_ms 0.033 render_wait_ms 0.134
BC250 Perf frame 90 gap_ms 103.102 draws 1 draw_ms 0.062 max_draw_ms 0.062 present_ms 0.045 render_wait_ms 0.173
BC250 Perf frame 91 gap_ms 250.056 draws 1 draw_ms 0.066 max_draw_ms 0.066 present_ms 0.044 render_wait_ms 0.167
BC250 Perf frame 92 gap_ms 75.945 draws 2 draw_ms 0.104 max_draw_ms 0.098 present_ms 0.040 render_wait_ms 0.144
BC250 Perf frame 93 gap_ms 75.687 draws 9 draw_ms 0.083 max_draw_ms 0.051 present_ms 0.035 render_wait_ms 0.144
BC250 Perf frame 94 gap_ms 115.452 draws 1 draw_ms 0.064 max_draw_ms 0.064 present_ms 0.045 render_wait_ms 0.172
BC250 Perf frame 95 gap_ms 267.201 draws 1 draw_ms 0.064 max_draw_ms 0.064 present_ms 0.044 render_wait_ms 0.170
BC250 Perf frame 96 gap_ms 82.911 draws 2 draw_ms 0.109 max_draw_ms 0.102 present_ms 0.041 render_wait_ms 0.147
BC250 Perf frame 97 gap_ms 28.035 draws 2 draw_ms 0.070 max_draw_ms 0.060 present_ms 0.041 render_wait_ms 0.157
BC250 Perf frame 98 gap_ms 138.836 draws 1 draw_ms 0.065 max_draw_ms 0.065 present_ms 0.043 render_wait_ms 0.163
BC250 Perf frame 99 gap_ms 267.510 draws 1 draw_ms 0.064 max_draw_ms 0.064 present_ms 0.058 render_wait_ms 0.725
BC250 Perf frame 100 gap_ms 96.177 draws 9 draw_ms 0.087 max_draw_ms 0.053 present_ms 0.036 render_wait_ms 0.145
BC250 Perf frame 101 gap_ms 21.088 draws 2 draw_ms 0.108 max_draw_ms 0.102 present_ms 0.041 render_wait_ms 0.157
BC250 Perf frame 102 gap_ms 132.401 draws 1 draw_ms 0.062 max_draw_ms 0.062 present_ms 0.043 render_wait_ms 0.171
BC250 Perf frame 103 gap_ms 266.765 draws 1 draw_ms 0.065 max_draw_ms 0.065 present_ms 0.043 render_wait_ms 0.165
BC250 Perf frame 104 gap_ms 72.854 draws 2 draw_ms 0.072 max_draw_ms 0.062 present_ms 0.042 render_wait_ms 0.161
BC250 Perf frame 105 gap_ms 78.467 draws 2 draw_ms 0.107 max_draw_ms 0.100 present_ms 0.041 render_wait_ms 0.158
BC250 Perf frame 106 gap_ms 98.933 draws 1 draw_ms 0.064 max_draw_ms 0.064 present_ms 0.044 render_wait_ms 0.170
BC250 Perf frame 107 gap_ms 267.059 draws 1 draw_ms 0.056 max_draw_ms 0.056 present_ms 0.038 render_wait_ms 0.141
BC250 Perf frame 108 gap_ms 58.244 draws 9 draw_ms 0.080 max_draw_ms 0.048 present_ms 0.034 render_wait_ms 0.140
BC250 Perf frame 109 gap_ms 126.289 draws 2 draw_ms 0.104 max_draw_ms 0.098 present_ms 0.041 render_wait_ms 0.212
BC250 Perf frame 110 gap_ms 65.529 draws 1 draw_ms 0.064 max_draw_ms 0.064 present_ms 0.044 render_wait_ms 0.176
BC250 Perf frame 111 gap_ms 266.620 draws 1 draw_ms 0.047 max_draw_ms 0.047 present_ms 0.030 render_wait_ms 0.118
allocation handle=0xc0004180
BC250 Perf frame 112 gap_ms 37.662 draws 9 draw_ms 0.080 max_draw_ms 0.049 present_ms 0.032 render_wait_ms 0.129
BC250 Perf frame 113 gap_ms 176.916 draws 2 draw_ms 0.077 max_draw_ms 0.072 present_ms 0.028 render_wait_ms 0.116
BC250 Perf frame 114 gap_ms 35.578 draws 1 draw_ms 0.046 max_draw_ms 0.046 present_ms 0.030 render_wait_ms 0.136
BC250 Perf frame 115 gap_ms 250.401 draws 1 draw_ms 0.049 max_draw_ms 0.049 present_ms 0.032 render_wait_ms 0.118
BC250 Perf frame 116 gap_ms 45.337 draws 9 draw_ms 0.085 max_draw_ms 0.049 present_ms 0.032 render_wait_ms 0.134
BC250 Perf frame 117 gap_ms 221.667 draws 1 draw_ms 0.067 max_draw_ms 0.067 present_ms 0.044 render_wait_ms 0.165
BC250 Perf frame 118 gap_ms 16.638 draws 2 draw_ms 0.116 max_draw_ms 0.108 present_ms 0.028 render_wait_ms 0.136
BC250 Perf frame 119 gap_ms 233.533 draws 1 draw_ms 0.066 max_draw_ms 0.066 present_ms 0.044 render_wait_ms 0.159
BC250 Perf frame 120 gap_ms 23.041 draws 2 draw_ms 0.075 max_draw_ms 0.065 present_ms 0.044 render_wait_ms 0.175
allocation handle=0xc0004200
bc250: gather capacity=16384 bytes required=16160 ibs=4
allocation handle=0xc0004140
allocation handle=0xc00022c0
allocation handle=0xc0003500
BC250 Perf frame 180 gap_ms 132.196 draws 9 draw_ms 0.078 max_draw_ms 0.048 present_ms 0.032 render_wait_ms 0.134
allocation handle=0x40001d00
BC250 Perf frame 240 gap_ms 14.339 draws 2 draw_ms 0.079 max_draw_ms 0.075 present_ms 0.030 render_wait_ms 0.120
allocation handle=0xc00015c0
allocation handle=0xc0003d40
allocation handle=0xc0002640
allocation handle=0xc0003d00
allocation handle=0xc0003b00
bc250: gather capacity=20480 bytes required=17888 ibs=4
BC250 Perf frame 300 gap_ms 131.581 draws 88 draw_ms 0.408 max_draw_ms 0.083 present_ms 0.032 render_wait_ms 0.213
allocation handle=0xc00026c0
allocation handle=0xc0003d80
bc250: gather capacity=20480 bytes required=17600 ibs=4
allocation handle=0xc0003c40
allocation handle=0xc0003cc0
BC250 Perf frame 360 gap_ms 64.604 draws 2 draw_ms 0.108 max_draw_ms 0.100 present_ms 0.040 render_wait_ms 0.163
allocation handle=0x800055c0
BC250 Perf frame 420 gap_ms 17.860 draws 2 draw_ms 0.114 max_draw_ms 0.107 present_ms 0.042 render_wait_ms 0.147
allocation handle=0x80005580
