[Vulkan Loader] INFO | DRIVER:  windows_get_device_registry_entry: Device ID(1) Does not contain a value for "VulkanImplicitLayers"
[Vulkan Loader] INFO | DRIVER:  windows_get_device_registry_entry: Device ID(1) Does not contain a value for "VulkanImplicitLayers"
[Vulkan Loader] DRIVER:         Searching for driver manifest files
[Vulkan Loader] DRIVER:            In following locations:
[Vulkan Loader] DRIVER:               C:\BC250\m10\wsi-fifo\radeon_icd.json
[Vulkan Loader] DRIVER:            Found the following files:
[Vulkan Loader] DRIVER:               C:\BC250\m10\wsi-fifo\radeon_icd.json
[Vulkan Loader] DRIVER:         Found ICD manifest file C:\BC250\m10\wsi-fifo\radeon_icd.json, version 1.0.0
[Vulkan Loader] DEBUG | DRIVER: Searching for ICD drivers named .\vulkan_radeon.dll
[Vulkan Loader] DRIVER:         Searching for driver manifest files
[Vulkan Loader] DRIVER:            In following locations:
[Vulkan Loader] DRIVER:               C:\BC250\m10\wsi-fifo\radeon_icd.json
[Vulkan Loader] DRIVER:            Found the following files:
[Vulkan Loader] DRIVER:               C:\BC250\m10\wsi-fifo\radeon_icd.json
[Vulkan Loader] DRIVER:         Found ICD manifest file C:\BC250\m10\wsi-fifo\radeon_icd.json, version 1.0.0
[Vulkan Loader] DEBUG | DRIVER: Searching for ICD drivers named .\vulkan_radeon.dll
[Vulkan Loader] INFO | DRIVER:  windows_get_device_registry_entry: Device ID(1) Does not contain a value for "VulkanImplicitLayers"
[Vulkan Loader] INFO | DRIVER:  windows_get_device_registry_entry: Device ID(1) Does not contain a value for "VulkanImplicitLayers"
[Vulkan Loader] DRIVER:         Searching for driver manifest files
[Vulkan Loader] DRIVER:            In following locations:
[Vulkan Loader] DRIVER:               C:\BC250\m10\wsi-fifo\radeon_icd.json
[Vulkan Loader] DRIVER:            Found the following files:
[Vulkan Loader] DRIVER:               C:\BC250\m10\wsi-fifo\radeon_icd.json
[Vulkan Loader] DRIVER:         Found ICD manifest file C:\BC250\m10\wsi-fifo\radeon_icd.json, version 1.0.0
[Vulkan Loader] DEBUG | DRIVER: Searching for ICD drivers named .\vulkan_radeon.dll
[Vulkan Loader] INFO | DRIVER:  windows_get_device_registry_entry: Device ID(1) Does not contain a value for "VulkanImplicitLayers"
[Vulkan Loader] INFO | DRIVER:  windows_get_device_registry_entry: Device ID(1) Does not contain a value for "VulkanImplicitLayers"
[Vulkan Loader] INFO | DRIVER:  windows_get_device_registry_entry: Device ID(1) Does not contain a value for "VulkanExplicitLayers"
[Vulkan Loader] DRIVER:         Searching for driver manifest files
[Vulkan Loader] DRIVER:            In following locations:
[Vulkan Loader] DRIVER:               C:\BC250\m10\wsi-fifo\radeon_icd.json
[Vulkan Loader] DRIVER:            Found the following files:
[Vulkan Loader] DRIVER:               C:\BC250\m10\wsi-fifo\radeon_icd.json
[Vulkan Loader] DRIVER:         Found ICD manifest file C:\BC250\m10\wsi-fifo\radeon_icd.json, version 1.0.0
[Vulkan Loader] DEBUG | DRIVER: Searching for ICD drivers named .\vulkan_radeon.dll
radv_wddm2_winsys_create
OpenAdapterFromLuid 0x0 0x69d12d
phys adapter = 0 device = 13fe rev 0
node 0 (type: 1) = BC-250 GFX, flags = 0
node 1 (type: 6) = BC-250 SDMA0, flags = 0
bc250: caps blob, device 0x13fe family 79 gfx 12
[Vulkan Loader] INFO | DRIVER:  windows_get_device_registry_entry: Device ID(1) Does not contain a value for "VulkanImplicitLayers"
[Vulkan Loader] DRIVER:         Searching for driver manifest files
[Vulkan Loader] DRIVER:            In following locations:
[Vulkan Loader] DRIVER:               C:\BC250\m10\wsi-fifo\radeon_icd.json
[Vulkan Loader] DRIVER:            Found the following files:
[Vulkan Loader] DRIVER:               C:\BC250\m10\wsi-fifo\radeon_icd.json
[Vulkan Loader] DRIVER:         Found ICD manifest file C:\BC250\m10\wsi-fifo\radeon_icd.json, version 1.0.0
[Vulkan Loader] DEBUG | DRIVER: Searching for ICD drivers named .\vulkan_radeon.dll
[Vulkan Loader] DRIVER:         Searching for driver manifest files
[Vulkan Loader] DRIVER:            In following locations:
[Vulkan Loader] DRIVER:               C:\BC250\m10\wsi-fifo\radeon_icd.json
[Vulkan Loader] DRIVER:            Found the following files:
[Vulkan Loader] DRIVER:               C:\BC250\m10\wsi-fifo\radeon_icd.json
[Vulkan Loader] DRIVER:         Found ICD manifest file C:\BC250\m10\wsi-fifo\radeon_icd.json, version 1.0.0
[Vulkan Loader] DEBUG | DRIVER: Searching for ICD drivers named .\vulkan_radeon.dll
[Vulkan Loader] INFO | DRIVER:  windows_get_device_registry_entry: Device ID(1) Does not contain a value for "VulkanImplicitLayers"
[Vulkan Loader] INFO | DRIVER:  windows_get_device_registry_entry: Device ID(1) Does not contain a value for "VulkanImplicitLayers"
[Vulkan Loader] DRIVER:         Searching for driver manifest files
[Vulkan Loader] DRIVER:            In following locations:
[Vulkan Loader] DRIVER:               C:\BC250\m10\wsi-fifo\radeon_icd.json
[Vulkan Loader] DRIVER:            Found the following files:
[Vulkan Loader] DRIVER:               C:\BC250\m10\wsi-fifo\radeon_icd.json
[Vulkan Loader] DRIVER:         Found ICD manifest file C:\BC250\m10\wsi-fifo\radeon_icd.json, version 1.0.0
[Vulkan Loader] DEBUG | DRIVER: Searching for ICD drivers named .\vulkan_radeon.dll
[Vulkan Loader] INFO | DRIVER:  windows_get_device_registry_entry: Device ID(1) Does not contain a value for "VulkanImplicitLayers"
[Vulkan Loader] INFO | DRIVER:  windows_get_device_registry_entry: Device ID(1) Does not contain a value for "VulkanImplicitLayers"
[Vulkan Loader] DRIVER:         Searching for driver manifest files
[Vulkan Loader] DRIVER:            In following locations:
[Vulkan Loader] DRIVER:               C:\BC250\m10\wsi-fifo\radeon_icd.json
[Vulkan Loader] DRIVER:            Found the following files:
[Vulkan Loader] DRIVER:               C:\BC250\m10\wsi-fifo\radeon_icd.json
[Vulkan Loader] DRIVER:         Found ICD manifest file C:\BC250\m10\wsi-fifo\radeon_icd.json, version 1.0.0
[Vulkan Loader] DEBUG | DRIVER: Searching for ICD drivers named .\vulkan_radeon.dll
[Vulkan Loader] INFO | DRIVER:  windows_get_device_registry_entry: Device ID(1) Does not contain a value for "VulkanImplicitLayers"
[Vulkan Loader] INFO | DRIVER:  windows_get_device_registry_entry: Device ID(1) Does not contain a value for "VulkanImplicitLayers"
[Vulkan Loader] DRIVER:         Searching for driver manifest files
[Vulkan Loader] DRIVER:            In following locations:
[Vulkan Loader] DRIVER:               C:\BC250\m10\wsi-fifo\radeon_icd.json
[Vulkan Loader] DRIVER:            Found the following files:
[Vulkan Loader] DRIVER:               C:\BC250\m10\wsi-fifo\radeon_icd.json
[Vulkan Loader] DRIVER:         Found ICD manifest file C:\BC250\m10\wsi-fifo\radeon_icd.json, version 1.0.0
[Vulkan Loader] DEBUG | DRIVER: Searching for ICD drivers named .\vulkan_radeon.dll
[Vulkan Loader] INFO | DRIVER:  windows_get_device_registry_entry: Device ID(1) Does not contain a value for "VulkanImplicitLayers"
[Vulkan Loader] INFO | DRIVER:  windows_get_device_registry_entry: Device ID(1) Does not contain a value for "VulkanImplicitLayers"
[Vulkan Loader] INFO | DRIVER:  windows_get_device_registry_entry: Device ID(1) Does not contain a value for "VulkanExplicitLayers"
[Vulkan Loader] DRIVER:         Searching for driver manifest files
[Vulkan Loader] DRIVER:            In following locations:
[Vulkan Loader] DRIVER:               C:\BC250\m10\wsi-fifo\radeon_icd.json
[Vulkan Loader] DRIVER:            Found the following files:
[Vulkan Loader] DRIVER:               C:\BC250\m10\wsi-fifo\radeon_icd.json
[Vulkan Loader] DRIVER:         Found ICD manifest file C:\BC250\m10\wsi-fifo\radeon_icd.json, version 1.0.0
[Vulkan Loader] DEBUG | DRIVER: Searching for ICD drivers named .\vulkan_radeon.dll
radv_wddm2_winsys_create
OpenAdapterFromLuid 0x0 0x69d12d
phys adapter = 0 device = 13fe rev 0
node 0 (type: 1) = BC-250 GFX, flags = 0
node 1 (type: 6) = BC-250 SDMA0, flags = 0
bc250: caps blob, device 0x13fe family 79 gfx 12
[Vulkan Loader] DRIVER:         vkCreateDevice layer callstack setup to:
[Vulkan Loader] DRIVER:            <Application>
[Vulkan Loader] DRIVER:              ||
[Vulkan Loader] DRIVER:            <Loader>
[Vulkan Loader] DRIVER:              ||
[Vulkan Loader] DRIVER:            <Device>
[Vulkan Loader] DRIVER:                Using "AMD BC-250 (RADV GFX1013)" with driver: "C:\BC250\m10\wsi-fifo\vulkan_radeon.dll"
radv_wddm2_winsys_create
allocation handle=0x40001380
allocation handle=0x40001400
allocation handle=0x40001480
allocation handle=0x40001500
bc250: gfx preamble inlined (no gfx_init IB)
[Vulkan Loader] INFO | DRIVER:  windows_get_device_registry_entry: Device ID(1) Does not contain a value for "VulkanImplicitLayers"
[Vulkan Loader] DRIVER:         Searching for driver manifest files
[Vulkan Loader] DRIVER:            In following locations:
[Vulkan Loader] DRIVER:               C:\BC250\m10\wsi-fifo\radeon_icd.json
[Vulkan Loader] DRIVER:            Found the following files:
[Vulkan Loader] DRIVER:               C:\BC250\m10\wsi-fifo\radeon_icd.json
[Vulkan Loader] DRIVER:         Found ICD manifest file C:\BC250\m10\wsi-fifo\radeon_icd.json, version 1.0.0
[Vulkan Loader] DEBUG | DRIVER: Searching for ICD drivers named .\vulkan_radeon.dll
[Vulkan Loader] INFO | DRIVER:  windows_get_device_registry_entry: Device ID(1) Does not contain a value for "VulkanImplicitLayers"
[Vulkan Loader] INFO | DRIVER:  windows_get_device_registry_entry: Device ID(1) Does not contain a value for "VulkanImplicitLayers"
[Vulkan Loader] DRIVER:         Searching for driver manifest files
[Vulkan Loader] DRIVER:            In following locations:
[Vulkan Loader] DRIVER:               C:\BC250\m10\wsi-fifo\radeon_icd.json
[Vulkan Loader] DRIVER:            Found the following files:
[Vulkan Loader] DRIVER:               C:\BC250\m10\wsi-fifo\radeon_icd.json
[Vulkan Loader] DRIVER:         Found ICD manifest file C:\BC250\m10\wsi-fifo\radeon_icd.json, version 1.0.0
[Vulkan Loader] DEBUG | DRIVER: Searching for ICD drivers named .\vulkan_radeon.dll
[Vulkan Loader] INFO | DRIVER:  windows_get_device_registry_entry: Device ID(1) Does not contain a value for "VulkanImplicitLayers"
[Vulkan Loader] INFO | DRIVER:  windows_get_device_registry_entry: Device ID(1) Does not contain a value for "VulkanImplicitLayers"
[Vulkan Loader] DRIVER:         Searching for driver manifest files
[Vulkan Loader] DRIVER:            In following locations:
[Vulkan Loader] DRIVER:               C:\BC250\m10\wsi-fifo\radeon_icd.json
[Vulkan Loader] DRIVER:            Found the following files:
[Vulkan Loader] DRIVER:               C:\BC250\m10\wsi-fifo\radeon_icd.json
[Vulkan Loader] DRIVER:         Found ICD manifest file C:\BC250\m10\wsi-fifo\radeon_icd.json, version 1.0.0
[Vulkan Loader] DEBUG | DRIVER: Searching for ICD drivers named .\vulkan_radeon.dll
[Vulkan Loader] INFO | DRIVER:  windows_get_device_registry_entry: Device ID(1) Does not contain a value for "VulkanImplicitLayers"
[Vulkan Loader] INFO | DRIVER:  windows_get_device_registry_entry: Device ID(1) Does not contain a value for "VulkanImplicitLayers"
[Vulkan Loader] DRIVER:         Searching for driver manifest files
[Vulkan Loader] DRIVER:            In following locations:
[Vulkan Loader] DRIVER:               C:\BC250\m10\wsi-fifo\radeon_icd.json
[Vulkan Loader] DRIVER:            Found the following files:
[Vulkan Loader] DRIVER:               C:\BC250\m10\wsi-fifo\radeon_icd.json
[Vulkan Loader] DRIVER:         Found ICD manifest file C:\BC250\m10\wsi-fifo\radeon_icd.json, version 1.0.0
[Vulkan Loader] DEBUG | DRIVER: Searching for ICD drivers named .\vulkan_radeon.dll
[Vulkan Loader] INFO | DRIVER:  windows_get_device_registry_entry: Device ID(1) Does not contain a value for "VulkanImplicitLayers"
[Vulkan Loader] INFO | DRIVER:  windows_get_device_registry_entry: Device ID(1) Does not contain a value for "VulkanImplicitLayers"
[Vulkan Loader] DRIVER:         Searching for driver manifest files
[Vulkan Loader] DRIVER:            In following locations:
[Vulkan Loader] DRIVER:               C:\BC250\m10\wsi-fifo\radeon_icd.json
[Vulkan Loader] DRIVER:            Found the following files:
[Vulkan Loader] DRIVER:               C:\BC250\m10\wsi-fifo\radeon_icd.json
[Vulkan Loader] DRIVER:         Found ICD manifest file C:\BC250\m10\wsi-fifo\radeon_icd.json, version 1.0.0
[Vulkan Loader] DEBUG | DRIVER: Searching for ICD drivers named .\vulkan_radeon.dll
[Vulkan Loader] INFO | DRIVER:  windows_get_device_registry_entry: Device ID(1) Does not contain a value for "VulkanImplicitLayers"
[Vulkan Loader] INFO | DRIVER:  windows_get_device_registry_entry: Device ID(1) Does not contain a value for "VulkanImplicitLayers"
[Vulkan Loader] DRIVER:         Searching for driver manifest files
[Vulkan Loader] DRIVER:            In following locations:
[Vulkan Loader] DRIVER:               C:\BC250\m10\wsi-fifo\radeon_icd.json
[Vulkan Loader] DRIVER:            Found the following files:
[Vulkan Loader] DRIVER:               C:\BC250\m10\wsi-fifo\radeon_icd.json
[Vulkan Loader] DRIVER:         Found ICD manifest file C:\BC250\m10\wsi-fifo\radeon_icd.json, version 1.0.0
[Vulkan Loader] DEBUG | DRIVER: Searching for ICD drivers named .\vulkan_radeon.dll
[Vulkan Loader] INFO | DRIVER:  windows_get_device_registry_entry: Device ID(1) Does not contain a value for "VulkanImplicitLayers"
[Vulkan Loader] INFO | DRIVER:  windows_get_device_registry_entry: Device ID(1) Does not contain a value for "VulkanImplicitLayers"
[Vulkan Loader] DRIVER:         Searching for driver manifest files
[Vulkan Loader] DRIVER:            In following locations:
[Vulkan Loader] DRIVER:               C:\BC250\m10\wsi-fifo\radeon_icd.json
[Vulkan Loader] DRIVER:            Found the following files:
[Vulkan Loader] DRIVER:               C:\BC250\m10\wsi-fifo\radeon_icd.json
[Vulkan Loader] DRIVER:         Found ICD manifest file C:\BC250\m10\wsi-fifo\radeon_icd.json, version 1.0.0
[Vulkan Loader] DEBUG | DRIVER: Searching for ICD drivers named .\vulkan_radeon.dll
[Vulkan Loader] INFO | DRIVER:  windows_get_device_registry_entry: Device ID(1) Does not contain a value for "VulkanImplicitLayers"
[Vulkan Loader] INFO | DRIVER:  windows_get_device_registry_entry: Device ID(1) Does not contain a value for "VulkanImplicitLayers"
[Vulkan Loader] DRIVER:         Searching for driver manifest files
[Vulkan Loader] DRIVER:            In following locations:
[Vulkan Loader] DRIVER:               C:\BC250\m10\wsi-fifo\radeon_icd.json
[Vulkan Loader] DRIVER:            Found the following files:
[Vulkan Loader] DRIVER:               C:\BC250\m10\wsi-fifo\radeon_icd.json
[Vulkan Loader] DRIVER:         Found ICD manifest file C:\BC250\m10\wsi-fifo\radeon_icd.json, version 1.0.0
[Vulkan Loader] DEBUG | DRIVER: Searching for ICD drivers named .\vulkan_radeon.dll
[Vulkan Loader] INFO | DRIVER:  windows_get_device_registry_entry: Device ID(1) Does not contain a value for "VulkanImplicitLayers"
[Vulkan Loader] INFO | DRIVER:  windows_get_device_registry_entry: Device ID(1) Does not contain a value for "VulkanImplicitLayers"
[Vulkan Loader] INFO | DRIVER:  windows_get_device_registry_entry: Device ID(1) Does not contain a value for "VulkanExplicitLayers"
[Vulkan Loader] DRIVER:         Searching for driver manifest files
[Vulkan Loader] DRIVER:            In following locations:
[Vulkan Loader] DRIVER:               C:\BC250\m10\wsi-fifo\radeon_icd.json
[Vulkan Loader] DRIVER:            Found the following files:
[Vulkan Loader] DRIVER:               C:\BC250\m10\wsi-fifo\radeon_icd.json
[Vulkan Loader] DRIVER:         Found ICD manifest file C:\BC250\m10\wsi-fifo\radeon_icd.json, version 1.0.0
[Vulkan Loader] DEBUG | DRIVER: Searching for ICD drivers named .\vulkan_radeon.dll
radv_wddm2_winsys_create
[Vulkan Loader] DRIVER:         vkCreateDevice layer callstack setup to:
[Vulkan Loader] DRIVER:            <Application>
[Vulkan Loader] DRIVER:              ||
[Vulkan Loader] DRIVER:            <Loader>
[Vulkan Loader] DRIVER:              ||
[Vulkan Loader] DRIVER:            <Device>
[Vulkan Loader] DRIVER:                Using "AMD BC-250 (RADV GFX1013)" with driver: "C:\BC250\m10\wsi-fifo\vulkan_radeon.dll"
radv_wddm2_winsys_create
allocation handle=0x40002240
bc250: gfx preamble inlined (no gfx_init IB)
allocation handle=0x400022c0
allocation handle=0x40002340
allocation handle=0x400023c0
allocation handle=0x800003c0
allocation handle=0x40002440
allocation handle=0x400024c0
allocation handle=0x40002540
allocation handle=0x400025c0
allocation handle=0x80000440
