smu GetGfxFrequency  msg=0x37 param=0 (0x0) ... response=0x01 value=1000 (0x000003E8)
smu GetGfxVid        msg=0x38 param=0 (0x0) ... response=0x01 value=116 (0x00000074)
clock verified: 1000 MHz, VID 116 (request 820 mV)
icd_hash=4E05F1DF627CD6D9D64FE7F1ADDA29673D5B3B96B3750A08034A7EE88460C9EA
13:40:39 Tctl 70.6 C (raw 77BB0FEF)
13:40:42 Tctl 70.9 C (raw 77FB0FEF)
13:40:45 Tctl 71.2 C (raw 785B0FEF)
13:40:47 Tctl 71.5 C (raw 789B0FEF)
13:40:50 Tctl 72.2 C (raw 795B0FEF)
13:40:53 Tctl 71.8 C (raw 78DB0FEF)
13:40:55 Tctl 71.6 C (raw 78BB0FEF)
task_state=Ready
stories15M exit=0
    "samples_ns": [ 365402500, 227224000, 251055600 ],
    "samples_ts": [ 350.299, 563.321, 509.847 ]
  }
]
tinyllama exit=0
    "samples_ns": [ 1155352800, 1150987800, 1069800700 ],
    "samples_ts": [ 110.789, 111.209, 119.648 ]
  }
]
log          304137 lines since this driver load, 303113 lost to the wrap, 0 dropped above DISPATCH_LEVEL; ring 1024 lines of which the first 256 are kept; table FULL WDDM (the gate was open at DriverEntry)
     0      0.000 stage 10
     1      0.002 gate: EnableFullWddm 1 (one shot: closed again on disk)
     2      0.002 stage 20
     3      0.072 stage 30
     4      0.074 stage 31
     5      0.074 stage 32
     6      0.074 post display 1920x1200 pitch 7680 format 22 target 4294967295
     7      0.076 stage 33
     8      0.076 stage 34
     9      0.076 interrupt resource 1: message, vector 0x70, flags 0x3
    10      0.076 mmio: BAR5 at 0xFE800000 mapped, writes off, dcn writes off, vidpn flip off
    11      0.076 vram: 0x270000000 + 0x200000000, MC 0xF400000000, BAR0 0xC0000000 + 0x10000000, writes allowed
    12      0.076 fb sample mapped: phys 0xC0000000 first 0x00000000 mid 0x00000000
    13      0.076 fb sample physical: 0x270000000 first 0x00000000 mid 0x00000000
    14      0.078 gart: ready, dummy page at 0x26FFFA000
    15      0.078 psp: ready
    16      0.078 gpumem: ready, doorbells at 0xD0000000
    17      0.078 gfx: ready, GPU submission allowed, paging node allowed
    18      0.078 ih: ready
    19      0.078 wddm: POST display target 4294967295 is not ours, vsync reports name child 0x250001
    20      0.078 vidmm: logical paging state 515 tables, 1031 slots, 4767344 bytes reserved
    21      0.080 vidmm: table segment 3 at physical 0x45E150000 + 0xFEB0000, host memory below 0x270000000, updates are WRITTEN
    22      0.080 startup: entering interrupt connection
    23      0.082 startup: entering firmware preparation
    24      0.086 startup: entering GART initialization
    25      0.098 gart: op 1 -> 0x00000000 (-), result 0, 285 writes, fault offset 0x00000
    26      0.098 startup: entering PSP initialization
    27      0.166 amdgpu[0]: reserve 0x400000 from 0xf5ff800000 for PSP TMR

    28      0.166 psp: command 1 (id 5, type 0, 4194304 bytes): rc 0, status 0x0, 254 us, in TMR at 0x0
    29      0.169 psp: command 2 (id 6, type 9, 33536 bytes): rc 0, status 0x0, 1899 us, in TMR at 0x0
    30      0.171 psp: command 3 (id 6, type 10, 33536 bytes): rc 0, status 0x0, 1901 us, in TMR at 0x0
    31      0.175 psp: command 4 (id 6, type 3, 263040 bytes): rc 0, status 0x0, 5872 us, in TMR at 0xF5FF842000
    32      0.181 psp: command 5 (id 6, type 2, 263168 bytes): rc 0, status 0x0, 5909 us, in TMR at 0xF5FF883000
    33      0.187 psp: command 6 (id 6, type 1, 263168 bytes): rc 0, status 0x0, 5911 us, in TMR at 0xF5FF8C4000
    34      0.193 psp: command 7 (id 6, type 4, 267440 bytes): rc 0, status 0x0, 5954 us, in TMR at 0xF5FF800000
    35      0.193 psp: command 8 (id 6, type 5, 896 bytes): rc 0, status 0x0, 130 us, in TMR at 0x0
    36      0.199 psp: command 9 (id 6, type 4, 267440 bytes): rc 0, status 0x0, 5953 us, in TMR at 0xF5FF800000
    37      0.199 psp: command 10 (id 6, type 6, 896 bytes): rc 0, status 0x0, 130 us, in TMR at 0x0
    38      0.201 psp: command 11 (id 6, type 8, 25088 bytes): rc 0, status 0x0, 1736 us, in TMR at 0x0
    39      0.201 psp: op 1 -> 0x00000000, result 0, 15 writes, 11 of 11 commands
    40      0.201 startup: entering IH initialization
    41      0.205 ih: init: rc 0, 20 writes
    42      0.205 ih: op 1 -> 0x00000000, result 0, 21 writes; 0 interrupt routine calls, 0 ours, 0 DPCs, 0 vectors; status idle 1 input_idle 1 bif_interrupt_line 0
    43      0.205 startup: entering GFX initialization
    44      0.205 startup: entering GFX stage 1
    45      0.209 gfx: stage 1 (doorbell aperture): rc 0, 73 writes so far, 1 us
    46      0.209 gfx: op 1 to stage 1 -> 0x00000000, result 0, 73 writes, 0 doorbells
    47      0.211 startup: entering GFX stage 2
    48      0.211 gfx: stage 2 (golden registers): rc 0, 34 writes so far, 24 us
    49      0.211 gfx: op 1 to stage 2 -> 0x00000000, result 0, 34 writes, 0 doorbells
    50      0.213 startup: entering GFX stage 3
    51      0.213 gfx: stage 3 (GRBM CAM probe): rc 0, 3 writes so far, 3 us
    52      0.213 gfx: op 1 to stage 3 -> 0x00000000, result 0, 3 writes, 0 doorbells
    53      0.215 startup: entering GFX stage 4
    54      0.215 gfx: stage 4 (constants): rc 0, 157 writes so far, 58 us
    55      0.215 gfx: op 1 to stage 4 -> 0x00000000, result 0, 157 writes, 0 doorbells
    56      0.217 startup: entering GFX stage 5
    57      0.217 gfx: stage 5 (RLC): rc 0, 8 writes so far, 134 us
    58      0.217 gfx: op 1 to stage 5 -> 0x00000000, result 0, 8 writes, 0 doorbells
    59      0.219 startup: entering GFX stage 6
    60      0.219 amdgpu[0]: CP resume kiq-init begin

    61      0.219 amdgpu[0]: CP resume kiq-init end result=0

    62      0.219 amdgpu[0]: CP resume compute-unhalt begin

    63      0.219 amdgpu[0]: CP resume compute-unhalt end

    64      0.219 amdgpu[0]: CP resume kcq-init ring=0 begin

    65      0.219 amdgpu[0]: CP resume kcq-init ring=0 end result=0

    66      0.219 amdgpu[0]: CP resume kcq-init ring=1 begin

    67      0.219 amdgpu[0]: CP resume kcq-init ring=1 end result=0

    68      0.219 amdgpu[0]: CP resume kcq-init ring=2 begin

    69      0.219 amdgpu[0]: CP resume kcq-init ring=2 end result=0

    70      0.219 amdgpu[0]: CP resume kcq-init ring=3 begin

    71      0.219 amdgpu[0]: CP resume kcq-init ring=3 end result=0

    72      0.219 amdgpu[0]: CP resume kcq-init ring=4 begin

    73      0.219 amdgpu[0]: CP resume kcq-init ring=4 end result=0

    74      0.219 amdgpu[0]: CP resume kcq-init ring=5 begin

    75      0.219 amdgpu[0]: CP resume kcq-init ring=5 end result=0

    76      0.219 amdgpu[0]: CP resume kcq-init ring=6 begin

    77      0.219 amdgpu[0]: CP resume kcq-init ring=6 end result=0

    78      0.219 amdgpu[0]: CP resume kcq-init ring=7 begin

    79      0.219 amdgpu[0]: CP resume kcq-init ring=7 end result=0

    80      0.219 amdgpu[0]: CP resume kcq-enable begin

    81      0.219 amdgpu[0]: CP resume kcq-enable end result=0

    82      0.219 amdgpu[0]: CP resume kgq-init ring=0 begin

    83      0.219 amdgpu[0]: CP resume kgq-init ring=0 end result=0

    84      0.219 amdgpu[0]: CP resume kgq-enable begin

    85      0.219 amdgpu[0]: CP resume kgq-enable end result=0

    86      0.219 amdgpu[0]: CP resume gfx-start begin

    87      0.219 amdgpu[0]: CP resume gfx-start end result=0

    88      0.219 amdgpu[0]: CP resume gfx-test ring=0 begin

    89      0.219 amdgpu[0]: CP resume gfx-test ring=0 end result=0

    90      0.219 amdgpu[0]: CP resume compute-test ring=0 begin

    91      0.219 amdgpu[0]: CP resume compute-test ring=0 end result=0

    92      0.219 amdgpu[0]: CP resume compute-test ring=1 begin

    93      0.219 amdgpu[0]: CP resume compute-test ring=1 end result=0

    94      0.219 amdgpu[0]: CP resume compute-test ring=2 begin

    95      0.219 amdgpu[0]: CP resume compute-test ring=2 end result=0

    96      0.219 amdgpu[0]: CP resume compute-test ring=3 begin

    97      0.219 amdgpu[0]: CP resume compute-test ring=3 end result=0

    98      0.219 amdgpu[0]: CP resume compute-test ring=4 begin

    99      0.219 amdgpu[0]: CP resume compute-test ring=4 end result=0

   100      0.219 amdgpu[0]: CP resume compute-test ring=5 begin

   101      0.219 amdgpu[0]: CP resume compute-test ring=5 end result=0

   102      0.219 amdgpu[0]: CP resume compute-test ring=6 begin

   103      0.219 amdgpu[0]: CP resume compute-test ring=6 end result=0

   104      0.219 amdgpu[0]: CP resume compute-test ring=7 begin

   105      0.219 amdgpu[0]: CP resume compute-test ring=7 end result=0

   106      0.219 gfx: stage 6 (CP): rc 0, 62 writes so far, 440 us
   107      0.219 gfx: op 1 to stage 6 -> 0x00000000, result 0, 62 writes, 14 doorbells
   108      0.221 startup: entering GFX stage 7
   109      0.221 gfx: stage 7 (SDMA): rc 0, 93 writes so far, 85 us
   110      0.221 gfx: op 1 to stage 7 -> 0x00000000, result 0, 93 writes, 2 doorbells
   111      0.223 startup: entering GFX stage 8
   112      0.223 gfx: stage 8 (interrupt sources): rc 0, 35 writes so far, 35 us
   113      0.223 gfx: paging node ready, SDMA0 doorbell 0x200, per-buffer private commands
   114      0.223 gfx: op 1 to stage 8 -> 0x00000000, result 0, 35 writes, 0 doorbells
   115      0.225 startup: both engines ready
   116      0.225 startup: attempted 0xF completed 0xF status 0x00000000 ready 1 unwind 0 quarantine 0
   117      0.225 wddm: GPU initialized before adapter admission
   118      0.225 wddm: callbacks sync 1 notify 1 queuedpc 1 notifydpc 1, interface 312 of 312 bytes
   119      0.227 stage 35
   120      0.227 stage 39
   121      0.227 wddm: display QueryChildRelations call 1 detail 0x38 -> 0x00000000
   122      0.227 wddm: DRIVERCAPS into 576 bytes: wddm 8192 sched 0x45 mm 0x60 flip 0x12 slots 0 tdr 1 dflip 1 rot 1
   123      0.227 wddm: QueryAdapterInfo type 1 in 0 out 576 -> 0x00000000
   124      0.227 wddm: QueryAdapterInfo type 15 in 4 out 20 -> 0xC00000BB
   125      0.227 wddm: QueryAdapterInfo type 47 in 0 out 4 -> 0xC00000BB
   126      0.227 wddm: QueryAdapterInfo type 13 in 4 out 24 -> 0x00000000
   127      0.227 wddm: QueryAdapterInfo type 14 in 4 out 20 -> 0x00000000
   128      0.227 wddm: QueryAdapterInfo type 14 in 4 out 20 -> 0x00000000
   129      0.227 wddm: QueryAdapterInfo type 14 in 4 out 20 -> 0x00000000
   130      0.227 wddm: QueryAdapterInfo type 14 in 4 out 20 -> 0x00000000
   131      0.227 wddm: GetNodeMetadata node 0 adapter 0
   132      0.227 wddm: GetNodeMetadata node 1 adapter 0
   133      0.227 wddm: QUERYSEGMENT4 pass 1: 3 segment(s)
   134      0.227 wddm: QUERYSEGMENT4 pass 2: 3 segment(s), stride 104, paging buffer segment 0, 65536 bytes
   135      0.227 wddm: segment 1 flags 0x00080404 gpu 0xF4008D0000 cpu 0x2708D0000 size 0x1ED880000
   136      0.229 wddm: QueryAdapterInfo type 16 in 0 out 4 -> 0xC00000BB
   137      0.229 wddm: CreateProcess flags 0x00000001 pasids 1
   138      0.229 wddm: CreateDevice flags 0x00000001 pasid 0
   139      0.229 wddm: CreateDevice flags 0x00000001 pasid 0
   140      0.229 wddm: CreateContext node 1 engine 0x1 flags 0x00000005 private 0
   141      0.229 wddm: CreateContext answered dma 4096 bytes segment set 0x2, lists 256/0, caps 0x00000001
   142      0.229 wddm: BuildPagingBuffer operation 11 segment 0, 65536 bytes free, pass offset 0
   143      0.229 vidmm: CPU update level 0 mode 0 start 0 count 512 status 0x00000000
   144      0.229 wddm: BuildPagingBuffer operation 11 segment 0, 65536 bytes free, pass offset 0
   145      0.229 vidmm: CPU update level 0 mode 0 start 0 count 512 status 0x00000000
   146      0.229 wddm: BuildPagingBuffer operation 11 segment 0, 65536 bytes free, pass offset 0
   147      0.229 vidmm: CPU update level 0 mode 0 start 0 count 512 status 0x00000000
   148      0.229 wddm: BuildPagingBuffer operation 11 segment 0, 65536 bytes free, pass offset 0
   149      0.229 vidmm: CPU update level 0 mode 0 start 0 count 512 status 0x00000000
   150      0.229 vidmm: CPU update level 0 mode 0 start 0 count 512 status 0x00000000
   151      0.229 vidmm: CPU update level 0 mode 0 start 0 count 512 status 0x00000000
   152      0.229 vidmm: CPU update level 0 mode 0 start 0 count 512 status 0x00000000
   153      0.229 vidmm: CPU update level 0 mode 0 start 0 count 512 status 0x00000000
   154      0.261 wddm: SetRootPageTable segment 3 offset 0x0, 512 entries
   155      0.261 vidmm: root page table 3:0x0 = physical 0x45E150000, 512 entries (the VMID is pointed at it by the first packet)
   156      0.261 wddm: display QueryDeviceDescriptor call 1 detail 0x250001 -> 0xC01D0001
   157      0.261 wddm: display QueryDeviceDescriptor call 2 detail 0x250001 -> 0xC01D0001
   158      0.261 wddm: display RecommendMonitorModes call 1 detail 0x0 -> 0x00000000
   159      0.263 wddm: display IsSupportedVidPn call 1 detail 0x0 -> 0x00000000
   160      0.263 wddm: display IsSupportedVidPn call 2 detail 0x0 -> 0x00000000
   161      0.263 wddm: display IsSupportedVidPn call 3 detail 0x0 -> 0x00000000
   162      0.265 wddm: display EnumVidPnCofuncModality call 1 detail 0x0 -> 0x00000000
   163      0.265 wddm: display IsSupportedVidPn call 4 detail 0x0 -> 0x00000000
   164      0.265 wddm: display EnumVidPnCofuncModality call 2 detail 0x0 -> 0x00000000
   165      0.265 wddm: display IsSupportedVidPn call 5 detail 0x0 -> 0x00000000
   166      0.265 wddm: display EnumVidPnCofuncModality call 3 detail 0x0 -> 0x00000000
   167      0.265 wddm: display IsSupportedVidPn call 6 detail 0x0 -> 0x00000000
   168      0.265 wddm: display EnumVidPnCofuncModality call 4 detail 0x0 -> 0x00000000
   169      0.265 wddm: display EnumVidPnCofuncModality call 5 detail 0x0 -> 0x00000000
   170      0.265 wddm: CreateProcess flags 0x00000002 pasids 1
   171      0.265 wddm: CreateDevice flags 0x00000002 pasid 0
   172      0.265 wddm: CreateContext node 0 engine 0x1 flags 0x00000006 private 0
   173      0.265 wddm: CreateContext answered dma 4096 bytes segment set 0x2, lists 256/0, caps 0x00000001
   174      0.265 wddm: SubmitCommandVirtual fence 1 node 1 flags 0x00000001 va 0x0 size 4024
   175      0.265 gfx: paging submit, 1006 dwords from private buffer at 0x0, seq 1
   176      0.265 wddm: SubmitCommandVirtual fence 2 node 1 flags 0x00000001 va 0x0 size 4072
   177      0.265 gfx: paging submit, 1018 dwords from private buffer at 0x0, seq 2
   178      0.265 wddm: SubmitCommandVirtual fence 3 node 1 flags 0x00000001 va 0x0 size 4016
   179      0.265 gfx: paging submit, 1004 dwords from private buffer at 0x0, seq 3
   180      0.265 wddm: SubmitCommandVirtual fence 4 node 1 flags 0x00000001 va 0x0 size 4016
   181      0.265 gfx: paging submit, 1004 dwords from private buffer at 0x0, seq 4
   182      0.265 wddm: BuildPagingBuffer operation 12 segment 0, 64720 bytes free, pass offset 0
   183      0.265 wddm: SubmitCommandVirtual fence 5 node 1 flags 0x00000001 va 0x0 size 876
   184      0.265 gfx: paging submit, 219 dwords from private buffer at 0x0, seq 5
   185      0.265 wddm: BuildPagingBuffer operation 12 segment 0, 64596 bytes free, pass offset 0
   186      0.265 wddm: SubmitCommandVirtual fence 6 node 1 flags 0x00000001 va 0x36C size 124
   187      0.265 gfx: paging submit, 31 dwords from private buffer at 0x36C, seq 6
   188      0.265 wddm: display EnumVidPnCofuncModality call 6 detail 0x0 -> 0x00000000
   189      0.265 wddm: GetStandardAllocationDriverData type 1 1920x1200 format 21 -> 9216000 bytes
   190      0.265 wddm: GetStandardAllocationDriverData type 1 1920x1200 format 21 -> 9216000 bytes
   191      0.265 wddm: CreateAllocation 1 allocations, flags 1 resource yes
   192      0.265 wddm: OpenAllocation [0] handle 0x40000740 private 32 bytes -> FFFFBC03D27AD760 (GetHandleData said 0000000000000000)
   193      0.265 wddm: OpenAllocation 1 allocations flags 0x00000001
   194      0.265 wddm: SubmitCommandVirtual fence 7 node 1 flags 0x00000001 va 0x3E8 size 3072
   195      0.265 gfx: paging submit, 768 dwords from private buffer at 0x3E8, seq 7
   196      0.267 wddm: SubmitCommandVirtual fence 8 node 1 flags 0x00000001 va 0x0 size 4016
   197      0.267 gfx: paging submit, 1004 dwords from private buffer at 0x0, seq 8
   198      0.267 gfx: paging submit, 1004 dwords from private buffer at 0x0, seq 9
   199      0.267 gfx: paging submit, 1004 dwords from private buffer at 0x0, seq 10
   200      0.267 wddm: BuildPagingBuffer operation 12 segment 0, 62152 bytes free, pass offset 0
   201      0.267 wddm: BuildPagingBuffer operation 9 segment 0, 62092 bytes free, pass offset 0
   202      0.267 amdgpu[2]: ring alloc of 16 dwords exceeds max_dw 12

   203      0.267 wddm: BuildPagingBuffer operation 9 segment 0, 65536 bytes free, pass offset 29
   204      0.267 gfx: paging submit, 1006 dwords from private buffer at 0x0, seq 11
   205      0.267 amdgpu[2]: ring alloc of 16 dwords exceeds max_dw 13

   206      0.267 gfx: paging submit, 1005 dwords from private buffer at 0x0, seq 12
   207      0.267 wddm: BuildPagingBuffer operation 9 segment 0, 65536 bytes free, pass offset 230
   208      0.267 amdgpu[2]: ring alloc of 16 dwords exceeds max_dw 13

   209      0.267 gfx: paging submit, 1005 dwords from private buffer at 0x0, seq 13
   210      0.267 wddm: BuildPagingBuffer operation 9 segment 0, 65536 bytes free, pass offset 431
   211      0.267 amdgpu[2]: ring alloc of 16 dwords exceeds max_dw 13

   212      0.267 gfx: paging submit, 1005 dwords from private buffer at 0x0, seq 14
   213      0.267 amdgpu[2]: ring alloc of 16 dwords exceeds max_dw 13

   214      0.267 gfx: paging submit, 1005 dwords from private buffer at 0x0, seq 15
   215      0.267 amdgpu[2]: ring alloc of 16 dwords exceeds max_dw 13

   216      0.267 gfx: paging submit, 1005 dwords from private buffer at 0x0, seq 16
   217      0.267 amdgpu[2]: ring alloc of 16 dwords exceeds max_dw 13

   218      0.267 gfx: paging submit, 1005 dwords from private buffer at 0x0, seq 17
   219      0.267 amdgpu[2]: ring alloc of 16 dwords exceeds max_dw 13

   220      0.269 gfx: paging submit, 1005 dwords from private buffer at 0x0, seq 18
   221      0.269 amdgpu[2]: ring alloc of 16 dwords exceeds max_dw 13

   222      0.269 gfx: paging submit, 1005 dwords from private buffer at 0x0, seq 19
   223      0.269 amdgpu[2]: ring alloc of 16 dwords exceeds max_dw 13

   224      0.269 gfx: paging submit, 1005 dwords from private buffer at 0x0, seq 20
   225      0.269 amdgpu[2]: ring alloc of 16 dwords exceeds max_dw 13

   226      0.269 gfx: paging submit, 1005 dwords from private buffer at 0x0, seq 21
   227      0.269 amdgpu[2]: ring alloc of 16 dwords exceeds max_dw 13

   228      0.269 gfx: paging submit, 1005 dwords from private buffer at 0x0, seq 22
   229      0.269 gfx: paging submit, 50 dwords from private buffer at 0x0, seq 23
   230      0.269 gfx: paging submit, 960 dwords from private buffer at 0xC8, seq 24
   231      0.269 gfx: paging submit, 974 dwords from private buffer at 0x0, seq 25
   232      0.269 gfx: paging submit, 1006 dwords from private buffer at 0x0, seq 26
   233      0.269 gfx: paging submit, 1004 dwords from private buffer at 0x0, seq 27
   234      0.269 gfx: paging submit, 1004 dwords from private buffer at 0x0, seq 28
   235      0.269 wddm: BuildPagingBuffer operation 12 segment 0, 62984 bytes free, pass offset 0
   236      0.269 gfx: paging submit, 653 dwords from private buffer at 0x0, seq 29
   237      0.271 gfx: paging submit, 56 dwords from private buffer at 0x0, seq 30
   238      0.271 gfx: paging submit, 960 dwords from private buffer at 0xE0, seq 31
   239      0.271 gfx: paging submit, 92 dwords from private buffer at 0x0, seq 32
   240      0.271 gfx: paging submit, 912 dwords from private buffer at 0x170, seq 33
   241      0.271 gfx: paging submit, 140 dwords from private buffer at 0x0, seq 34
   242      0.271 gfx: paging submit, 864 dwords from private buffer at 0x230, seq 35
   243      0.271 gfx: paging submit, 188 dwords from private buffer at 0x0, seq 36
   244      0.271 gfx: paging submit, 822 dwords from private buffer at 0x2F0, seq 37
   245      0.271 gfx: paging submit, 281 dwords from private buffer at 0x0, seq 38
   246      0.271 wddm: DescribeAllocation 1920x1200 format 21
   247      0.271 wddm: GetStandardAllocationDriverData type 2 1920x1200 format 21 -> 9216000 bytes
   248      0.271 wddm: GetStandardAllocationDriverData type 2 1920x1200 format 21 -> 9216000 bytes
   249      0.271 wddm: CreateAllocation 1 allocations, flags 1 resource yes
   250      0.271 wddm: OpenAllocation [0] handle 0x400007C0 private 32 bytes -> FFFFBC03D27AE9F0 (GetHandleData said 0000000000000000)
   251      0.271 wddm: OpenAllocation 1 allocations flags 0x00000001
   252      0.271 gfx: paging submit, 736 dwords from private buffer at 0x464, seq 39
   253      0.271 gfx: paging submit, 1004 dwords from private buffer at 0x0, seq 40
   254      0.271 gfx: paging submit, 1004 dwords from private buffer at 0x0, seq 41
   255      0.271 gfx: paging submit, 1004 dwords from private buffer at 0x0, seq 42
303369    736.071 gfx: paging submit, 996 dwords from private buffer at 0x0, seq 171587
303370    736.071 amdgpu[2]: ring alloc of 96 dwords exceeds max_dw 22

303371    736.071 gfx: paging submit, 996 dwords from private buffer at 0x0, seq 171588
303372    736.071 amdgpu[2]: ring alloc of 96 dwords exceeds max_dw 22

303373    736.071 gfx: paging submit, 996 dwords from private buffer at 0x0, seq 171589
303374    736.071 amdgpu[2]: ring alloc of 96 dwords exceeds max_dw 22

303375    736.071 gfx: paging submit, 996 dwords from private buffer at 0x0, seq 171590
303376    736.071 amdgpu[2]: ring alloc of 96 dwords exceeds max_dw 22

303377    736.071 gfx: paging submit, 996 dwords from private buffer at 0x0, seq 171591
303378    736.071 amdgpu[2]: ring alloc of 96 dwords exceeds max_dw 22

303379    736.071 gfx: paging submit, 996 dwords from private buffer at 0x0, seq 171592
303380    736.071 amdgpu[2]: ring alloc of 96 dwords exceeds max_dw 22

303381    736.071 gfx: paging submit, 996 dwords from private buffer at 0x0, seq 171593
303382    736.071 amdgpu[2]: ring alloc of 96 dwords exceeds max_dw 22

303383    736.073 gfx: paging submit, 996 dwords from private buffer at 0x0, seq 171594
303384    736.073 amdgpu[2]: ring alloc of 96 dwords exceeds max_dw 22

303385    736.073 gfx: paging submit, 996 dwords from private buffer at 0x0, seq 171595
303386    736.073 amdgpu[2]: ring alloc of 96 dwords exceeds max_dw 22

303387    736.073 gfx: paging submit, 996 dwords from private buffer at 0x0, seq 171596
303388    736.073 amdgpu[2]: ring alloc of 96 dwords exceeds max_dw 22

303389    736.073 gfx: paging submit, 996 dwords from private buffer at 0x0, seq 171597
303390    736.073 amdgpu[2]: ring alloc of 96 dwords exceeds max_dw 22

303391    736.073 gfx: paging submit, 996 dwords from private buffer at 0x0, seq 171598
303392    736.073 amdgpu[2]: ring alloc of 96 dwords exceeds max_dw 22

303393    736.073 gfx: paging submit, 996 dwords from private buffer at 0x0, seq 171599
303394    736.073 amdgpu[2]: ring alloc of 96 dwords exceeds max_dw 22

303395    736.073 gfx: paging submit, 996 dwords from private buffer at 0x0, seq 171600
303396    736.073 amdgpu[2]: ring alloc of 96 dwords exceeds max_dw 22

303397    736.075 gfx: paging submit, 996 dwords from private buffer at 0x0, seq 171601
303398    736.075 amdgpu[2]: ring alloc of 96 dwords exceeds max_dw 22

303399    736.075 gfx: paging submit, 996 dwords from private buffer at 0x0, seq 171602
303400    736.075 amdgpu[2]: ring alloc of 96 dwords exceeds max_dw 22

303401    736.075 gfx: paging submit, 996 dwords from private buffer at 0x0, seq 171603
303402    736.075 amdgpu[2]: ring alloc of 96 dwords exceeds max_dw 22

303403    736.075 gfx: paging submit, 996 dwords from private buffer at 0x0, seq 171604
303404    736.075 amdgpu[2]: ring alloc of 96 dwords exceeds max_dw 22

303405    736.075 gfx: paging submit, 996 dwords from private buffer at 0x0, seq 171605
303406    736.075 amdgpu[2]: ring alloc of 96 dwords exceeds max_dw 22

303407    736.075 gfx: paging submit, 996 dwords from private buffer at 0x0, seq 171606
303408    736.075 amdgpu[2]: ring alloc of 96 dwords exceeds max_dw 22

303409    736.075 gfx: paging submit, 996 dwords from private buffer at 0x0, seq 171607
303410    736.075 amdgpu[2]: ring alloc of 96 dwords exceeds max_dw 22

303411    736.077 gfx: paging submit, 996 dwords from private buffer at 0x0, seq 171608
303412    736.077 amdgpu[2]: ring alloc of 96 dwords exceeds max_dw 22

303413    736.077 gfx: paging submit, 996 dwords from private buffer at 0x0, seq 171609
303414    736.077 amdgpu[2]: ring alloc of 96 dwords exceeds max_dw 22

303415    736.077 gfx: paging submit, 996 dwords from private buffer at 0x0, seq 171610
303416    736.077 amdgpu[2]: ring alloc of 96 dwords exceeds max_dw 22

303417    736.077 gfx: paging submit, 996 dwords from private buffer at 0x0, seq 171611
303418    736.077 amdgpu[2]: ring alloc of 96 dwords exceeds max_dw 22

303419    736.077 gfx: paging submit, 996 dwords from private buffer at 0x0, seq 171612
303420    736.077 amdgpu[2]: ring alloc of 96 dwords exceeds max_dw 22

303421    736.077 gfx: paging submit, 996 dwords from private buffer at 0x0, seq 171613
303422    736.077 amdgpu[2]: ring alloc of 96 dwords exceeds max_dw 22

303423    736.077 gfx: paging submit, 996 dwords from private buffer at 0x0, seq 171614
303424    736.077 amdgpu[2]: ring alloc of 96 dwords exceeds max_dw 22

303425    736.077 gfx: paging submit, 996 dwords from private buffer at 0x0, seq 171615
303426    736.077 amdgpu[2]: ring alloc of 96 dwords exceeds max_dw 22

303427    736.079 gfx: paging submit, 996 dwords from private buffer at 0x0, seq 171616
303428    736.079 amdgpu[2]: ring alloc of 96 dwords exceeds max_dw 22

303429    736.079 gfx: paging submit, 996 dwords from private buffer at 0x0, seq 171617
303430    736.079 amdgpu[2]: ring alloc of 96 dwords exceeds max_dw 22

303431    736.079 gfx: paging submit, 996 dwords from private buffer at 0x0, seq 171618
303432    736.079 amdgpu[2]: ring alloc of 96 dwords exceeds max_dw 22

303433    736.079 gfx: paging submit, 996 dwords from private buffer at 0x0, seq 171619
303434    736.079 amdgpu[2]: ring alloc of 96 dwords exceeds max_dw 22

303435    736.079 gfx: paging submit, 996 dwords from private buffer at 0x0, seq 171620
303436    736.079 amdgpu[2]: ring alloc of 96 dwords exceeds max_dw 22

303437    736.079 gfx: paging submit, 996 dwords from private buffer at 0x0, seq 171621
303438    736.079 amdgpu[2]: ring alloc of 96 dwords exceeds max_dw 22

303439    736.079 gfx: paging submit, 996 dwords from private buffer at 0x0, seq 171622
303440    736.079 amdgpu[2]: ring alloc of 96 dwords exceeds max_dw 22

303441    736.081 gfx: paging submit, 996 dwords from private buffer at 0x0, seq 171623
303442    736.081 amdgpu[2]: ring alloc of 96 dwords exceeds max_dw 22

303443    736.081 gfx: paging submit, 996 dwords from private buffer at 0x0, seq 171624
303444    736.081 amdgpu[2]: ring alloc of 96 dwords exceeds max_dw 22

303445    736.081 gfx: paging submit, 996 dwords from private buffer at 0x0, seq 171625
303446    736.081 amdgpu[2]: ring alloc of 96 dwords exceeds max_dw 22

303447    736.081 gfx: paging submit, 996 dwords from private buffer at 0x0, seq 171626
303448    736.081 amdgpu[2]: ring alloc of 96 dwords exceeds max_dw 22

303449    736.081 gfx: paging submit, 996 dwords from private buffer at 0x0, seq 171627
303450    736.081 amdgpu[2]: ring alloc of 96 dwords exceeds max_dw 22

303451    736.081 gfx: paging submit, 996 dwords from private buffer at 0x0, seq 171628
303452    736.081 amdgpu[2]: ring alloc of 96 dwords exceeds max_dw 22

303453    736.081 gfx: paging submit, 996 dwords from private buffer at 0x0, seq 171629
303454    736.081 amdgpu[2]: ring alloc of 96 dwords exceeds max_dw 22

303455    736.081 gfx: paging submit, 996 dwords from private buffer at 0x0, seq 171630
303456    736.083 amdgpu[2]: ring alloc of 96 dwords exceeds max_dw 22

303457    736.083 gfx: paging submit, 996 dwords from private buffer at 0x0, seq 171631
303458    736.083 amdgpu[2]: ring alloc of 96 dwords exceeds max_dw 22

303459    736.083 gfx: paging submit, 996 dwords from private buffer at 0x0, seq 171632
303460    736.083 amdgpu[2]: ring alloc of 96 dwords exceeds max_dw 22

303461    736.083 gfx: paging submit, 996 dwords from private buffer at 0x0, seq 171633
303462    736.083 amdgpu[2]: ring alloc of 96 dwords exceeds max_dw 22

303463    736.083 gfx: paging submit, 996 dwords from private buffer at 0x0, seq 171634
303464    736.083 amdgpu[2]: ring alloc of 96 dwords exceeds max_dw 22

303465    736.083 gfx: paging submit, 996 dwords from private buffer at 0x0, seq 171635
303466    736.083 amdgpu[2]: ring alloc of 96 dwords exceeds max_dw 22

303467    736.083 gfx: paging submit, 996 dwords from private buffer at 0x0, seq 171636
303468    736.083 amdgpu[2]: ring alloc of 96 dwords exceeds max_dw 22

303469    736.083 gfx: paging submit, 996 dwords from private buffer at 0x0, seq 171637
303470    736.083 amdgpu[2]: ring alloc of 96 dwords exceeds max_dw 22

303471    736.085 gfx: paging submit, 996 dwords from private buffer at 0x0, seq 171638
303472    736.085 amdgpu[2]: ring alloc of 96 dwords exceeds max_dw 22

303473    736.085 gfx: paging submit, 996 dwords from private buffer at 0x0, seq 171639
303474    736.085 amdgpu[2]: ring alloc of 96 dwords exceeds max_dw 22

303475    736.085 gfx: paging submit, 996 dwords from private buffer at 0x0, seq 171640
303476    736.085 amdgpu[2]: ring alloc of 96 dwords exceeds max_dw 22

303477    736.085 gfx: paging submit, 996 dwords from private buffer at 0x0, seq 171641
303478    736.085 amdgpu[2]: ring alloc of 96 dwords exceeds max_dw 22

303479    736.085 gfx: paging submit, 996 dwords from private buffer at 0x0, seq 171642
303480    736.085 amdgpu[2]: ring alloc of 96 dwords exceeds max_dw 22

303481    736.085 gfx: paging submit, 996 dwords from private buffer at 0x0, seq 171643
303482    736.085 amdgpu[2]: ring alloc of 96 dwords exceeds max_dw 22

303483    736.085 gfx: paging submit, 996 dwords from private buffer at 0x0, seq 171644
303484    736.085 amdgpu[2]: ring alloc of 96 dwords exceeds max_dw 22

303485    736.087 gfx: paging submit, 996 dwords from private buffer at 0x0, seq 171645
303486    736.087 amdgpu[2]: ring alloc of 96 dwords exceeds max_dw 22

303487    736.087 gfx: paging submit, 996 dwords from private buffer at 0x0, seq 171646
303488    736.087 amdgpu[2]: ring alloc of 96 dwords exceeds max_dw 22

303489    736.087 gfx: paging submit, 996 dwords from private buffer at 0x0, seq 171647
303490    736.087 amdgpu[2]: ring alloc of 96 dwords exceeds max_dw 22

303491    736.087 gfx: paging submit, 996 dwords from private buffer at 0x0, seq 171648
303492    736.087 amdgpu[2]: ring alloc of 96 dwords exceeds max_dw 22

303493    736.087 gfx: paging submit, 996 dwords from private buffer at 0x0, seq 171649
303494    736.087 amdgpu[2]: ring alloc of 96 dwords exceeds max_dw 22

303495    736.087 gfx: paging submit, 996 dwords from private buffer at 0x0, seq 171650
303496    736.087 amdgpu[2]: ring alloc of 96 dwords exceeds max_dw 22

303497    736.087 gfx: paging submit, 996 dwords from private buffer at 0x0, seq 171651
303498    736.087 amdgpu[2]: ring alloc of 96 dwords exceeds max_dw 22

303499    736.087 gfx: paging submit, 996 dwords from private buffer at 0x0, seq 171652
303500    736.089 amdgpu[2]: ring alloc of 96 dwords exceeds max_dw 22

303501    736.089 gfx: paging submit, 996 dwords from private buffer at 0x0, seq 171653
303502    736.089 amdgpu[2]: ring alloc of 96 dwords exceeds max_dw 22

303503    736.089 gfx: paging submit, 996 dwords from private buffer at 0x0, seq 171654
303504    736.089 amdgpu[2]: ring alloc of 96 dwords exceeds max_dw 22

303505    736.089 gfx: paging submit, 996 dwords from private buffer at 0x0, seq 171655
303506    736.089 amdgpu[2]: ring alloc of 96 dwords exceeds max_dw 22

303507    736.089 gfx: paging submit, 996 dwords from private buffer at 0x0, seq 171656
303508    736.089 amdgpu[2]: ring alloc of 96 dwords exceeds max_dw 22

303509    736.089 gfx: paging submit, 996 dwords from private buffer at 0x0, seq 171657
303510    736.089 amdgpu[2]: ring alloc of 96 dwords exceeds max_dw 22

303511    736.089 gfx: paging submit, 996 dwords from private buffer at 0x0, seq 171658
303512    736.089 amdgpu[2]: ring alloc of 96 dwords exceeds max_dw 22

303513    736.089 gfx: paging submit, 996 dwords from private buffer at 0x0, seq 171659
303514    736.089 amdgpu[2]: ring alloc of 96 dwords exceeds max_dw 22

303515    736.091 gfx: paging submit, 996 dwords from private buffer at 0x0, seq 171660
303516    736.091 amdgpu[2]: ring alloc of 96 dwords exceeds max_dw 22

303517    736.091 gfx: paging submit, 996 dwords from private buffer at 0x0, seq 171661
303518    736.091 amdgpu[2]: ring alloc of 96 dwords exceeds max_dw 22

303519    736.091 gfx: paging submit, 996 dwords from private buffer at 0x0, seq 171662
303520    736.091 amdgpu[2]: ring alloc of 96 dwords exceeds max_dw 22

303521    736.091 gfx: paging submit, 996 dwords from private buffer at 0x0, seq 171663
303522    736.091 amdgpu[2]: ring alloc of 96 dwords exceeds max_dw 22

303523    736.091 gfx: paging submit, 996 dwords from private buffer at 0x0, seq 171664
303524    736.091 amdgpu[2]: ring alloc of 96 dwords exceeds max_dw 22

303525    736.091 gfx: paging submit, 996 dwords from private buffer at 0x0, seq 171665
303526    736.091 amdgpu[2]: ring alloc of 96 dwords exceeds max_dw 22

303527    736.091 gfx: paging submit, 996 dwords from private buffer at 0x0, seq 171666
303528    736.091 amdgpu[2]: ring alloc of 96 dwords exceeds max_dw 22

303529    736.093 gfx: paging submit, 996 dwords from private buffer at 0x0, seq 171667
303530    736.093 amdgpu[2]: ring alloc of 96 dwords exceeds max_dw 22

303531    736.093 gfx: paging submit, 996 dwords from private buffer at 0x0, seq 171668
303532    736.093 amdgpu[2]: ring alloc of 96 dwords exceeds max_dw 22

303533    736.093 gfx: paging submit, 996 dwords from private buffer at 0x0, seq 171669
303534    736.093 amdgpu[2]: ring alloc of 96 dwords exceeds max_dw 22

303535    736.093 gfx: paging submit, 996 dwords from private buffer at 0x0, seq 171670
303536    736.093 amdgpu[2]: ring alloc of 96 dwords exceeds max_dw 22

303537    736.093 gfx: paging submit, 996 dwords from private buffer at 0x0, seq 171671
303538    736.093 amdgpu[2]: ring alloc of 96 dwords exceeds max_dw 22

303539    736.093 gfx: paging submit, 996 dwords from private buffer at 0x0, seq 171672
303540    736.093 amdgpu[2]: ring alloc of 96 dwords exceeds max_dw 22

303541    736.093 gfx: paging submit, 996 dwords from private buffer at 0x0, seq 171673
303542    736.093 amdgpu[2]: ring alloc of 96 dwords exceeds max_dw 22

303543    736.093 gfx: paging submit, 996 dwords from private buffer at 0x0, seq 171674
303544    736.093 amdgpu[2]: ring alloc of 96 dwords exceeds max_dw 22

303545    736.095 gfx: paging submit, 996 dwords from private buffer at 0x0, seq 171675
303546    736.095 amdgpu[2]: ring alloc of 96 dwords exceeds max_dw 22

303547    736.095 gfx: paging submit, 996 dwords from private buffer at 0x0, seq 171676
303548    736.095 amdgpu[2]: ring alloc of 96 dwords exceeds max_dw 22

303549    736.095 gfx: paging submit, 996 dwords from private buffer at 0x0, seq 171677
303550    736.095 amdgpu[2]: ring alloc of 96 dwords exceeds max_dw 22

303551    736.095 gfx: paging submit, 996 dwords from private buffer at 0x0, seq 171678
303552    736.095 amdgpu[2]: ring alloc of 96 dwords exceeds max_dw 22

303553    736.095 gfx: paging submit, 996 dwords from private buffer at 0x0, seq 171679
303554    736.095 amdgpu[2]: ring alloc of 96 dwords exceeds max_dw 22

303555    736.095 gfx: paging submit, 996 dwords from private buffer at 0x0, seq 171680
303556    736.095 amdgpu[2]: ring alloc of 96 dwords exceeds max_dw 22

303557    736.095 gfx: paging submit, 996 dwords from private buffer at 0x0, seq 171681
303558    736.095 amdgpu[2]: ring alloc of 96 dwords exceeds max_dw 22

303559    736.097 gfx: paging submit, 996 dwords from private buffer at 0x0, seq 171682
303560    736.097 amdgpu[2]: ring alloc of 96 dwords exceeds max_dw 22

303561    736.097 gfx: paging submit, 996 dwords from private buffer at 0x0, seq 171683
303562    736.097 amdgpu[2]: ring alloc of 96 dwords exceeds max_dw 22

303563    736.097 gfx: paging submit, 996 dwords from private buffer at 0x0, seq 171684
303564    736.097 amdgpu[2]: ring alloc of 96 dwords exceeds max_dw 22

303565    736.097 gfx: paging submit, 996 dwords from private buffer at 0x0, seq 171685
303566    736.097 amdgpu[2]: ring alloc of 96 dwords exceeds max_dw 22

303567    736.097 gfx: paging submit, 996 dwords from private buffer at 0x0, seq 171686
303568    736.097 amdgpu[2]: ring alloc of 96 dwords exceeds max_dw 22

303569    736.097 gfx: paging submit, 996 dwords from private buffer at 0x0, seq 171687
303570    736.097 amdgpu[2]: ring alloc of 96 dwords exceeds max_dw 22

303571    736.097 gfx: paging submit, 996 dwords from private buffer at 0x0, seq 171688
303572    736.097 amdgpu[2]: ring alloc of 96 dwords exceeds max_dw 22

303573    736.099 gfx: paging submit, 996 dwords from private buffer at 0x0, seq 171689
303574    736.099 amdgpu[2]: ring alloc of 96 dwords exceeds max_dw 22

303575    736.099 gfx: paging submit, 996 dwords from private buffer at 0x0, seq 171690
303576    736.099 amdgpu[2]: ring alloc of 96 dwords exceeds max_dw 22

303577    736.099 gfx: paging submit, 996 dwords from private buffer at 0x0, seq 171691
303578    736.099 amdgpu[2]: ring alloc of 96 dwords exceeds max_dw 22

303579    736.099 gfx: paging submit, 996 dwords from private buffer at 0x0, seq 171692
303580    736.099 amdgpu[2]: ring alloc of 96 dwords exceeds max_dw 22

303581    736.099 gfx: paging submit, 996 dwords from private buffer at 0x0, seq 171693
303582    736.099 amdgpu[2]: ring alloc of 96 dwords exceeds max_dw 22

303583    736.099 gfx: paging submit, 996 dwords from private buffer at 0x0, seq 171694
303584    736.099 amdgpu[2]: ring alloc of 96 dwords exceeds max_dw 22

303585    736.099 gfx: paging submit, 996 dwords from private buffer at 0x0, seq 171695
303586    736.099 amdgpu[2]: ring alloc of 96 dwords exceeds max_dw 22

303587    736.099 gfx: paging submit, 996 dwords from private buffer at 0x0, seq 171696
303588    736.099 amdgpu[2]: ring alloc of 96 dwords exceeds max_dw 22

303589    736.101 gfx: paging submit, 996 dwords from private buffer at 0x0, seq 171697
303590    736.101 amdgpu[2]: ring alloc of 96 dwords exceeds max_dw 22

303591    736.101 gfx: paging submit, 996 dwords from private buffer at 0x0, seq 171698
303592    736.101 amdgpu[2]: ring alloc of 96 dwords exceeds max_dw 22

303593    736.101 gfx: paging submit, 996 dwords from private buffer at 0x0, seq 171699
303594    736.101 amdgpu[2]: ring alloc of 96 dwords exceeds max_dw 22

303595    736.101 gfx: paging submit, 996 dwords from private buffer at 0x0, seq 171700
303596    736.101 amdgpu[2]: ring alloc of 96 dwords exceeds max_dw 22

303597    736.101 gfx: paging submit, 996 dwords from private buffer at 0x0, seq 171701
303598    736.101 amdgpu[2]: ring alloc of 96 dwords exceeds max_dw 22

303599    736.101 gfx: paging submit, 996 dwords from private buffer at 0x0, seq 171702
303600    736.101 amdgpu[2]: ring alloc of 96 dwords exceeds max_dw 22

303601    736.101 gfx: paging submit, 996 dwords from private buffer at 0x0, seq 171703
303602    736.101 amdgpu[2]: ring alloc of 96 dwords exceeds max_dw 22

303603    736.103 gfx: paging submit, 996 dwords from private buffer at 0x0, seq 171704
303604    736.103 amdgpu[2]: ring alloc of 96 dwords exceeds max_dw 22

303605    736.103 gfx: paging submit, 996 dwords from private buffer at 0x0, seq 171705
303606    736.103 amdgpu[2]: ring alloc of 96 dwords exceeds max_dw 22

303607    736.103 gfx: paging submit, 996 dwords from private buffer at 0x0, seq 171706
303608    736.103 amdgpu[2]: ring alloc of 96 dwords exceeds max_dw 22

303609    736.103 gfx: paging submit, 996 dwords from private buffer at 0x0, seq 171707
303610    736.103 amdgpu[2]: ring alloc of 96 dwords exceeds max_dw 22

303611    736.103 gfx: paging submit, 996 dwords from private buffer at 0x0, seq 171708
303612    736.103 amdgpu[2]: ring alloc of 96 dwords exceeds max_dw 22

303613    736.103 gfx: paging submit, 996 dwords from private buffer at 0x0, seq 171709
303614    736.103 amdgpu[2]: ring alloc of 96 dwords exceeds max_dw 22

303615    736.103 gfx: paging submit, 996 dwords from private buffer at 0x0, seq 171710
303616    736.103 amdgpu[2]: ring alloc of 96 dwords exceeds max_dw 22

303617    736.103 gfx: paging submit, 996 dwords from private buffer at 0x0, seq 171711
303618    736.105 amdgpu[2]: ring alloc of 96 dwords exceeds max_dw 22

303619    736.105 gfx: paging submit, 996 dwords from private buffer at 0x0, seq 171712
303620    736.105 amdgpu[2]: ring alloc of 96 dwords exceeds max_dw 22

303621    736.105 gfx: paging submit, 996 dwords from private buffer at 0x0, seq 171713
303622    736.105 amdgpu[2]: ring alloc of 96 dwords exceeds max_dw 22

303623    736.105 gfx: paging submit, 996 dwords from private buffer at 0x0, seq 171714
303624    736.105 amdgpu[2]: ring alloc of 96 dwords exceeds max_dw 22

303625    736.105 gfx: paging submit, 996 dwords from private buffer at 0x0, seq 171715
303626    736.105 amdgpu[2]: ring alloc of 96 dwords exceeds max_dw 22

303627    736.105 gfx: paging submit, 996 dwords from private buffer at 0x0, seq 171716
303628    736.105 amdgpu[2]: ring alloc of 96 dwords exceeds max_dw 22

303629    736.105 gfx: paging submit, 996 dwords from private buffer at 0x0, seq 171717
303630    736.105 amdgpu[2]: ring alloc of 96 dwords exceeds max_dw 22

303631    736.105 gfx: paging submit, 996 dwords from private buffer at 0x0, seq 171718
303632    736.105 amdgpu[2]: ring alloc of 96 dwords exceeds max_dw 22

303633    736.107 gfx: paging submit, 996 dwords from private buffer at 0x0, seq 171719
303634    736.107 amdgpu[2]: ring alloc of 96 dwords exceeds max_dw 22

303635    736.107 gfx: paging submit, 996 dwords from private buffer at 0x0, seq 171720
303636    736.107 amdgpu[2]: ring alloc of 96 dwords exceeds max_dw 22

303637    736.107 gfx: paging submit, 996 dwords from private buffer at 0x0, seq 171721
303638    736.107 amdgpu[2]: ring alloc of 96 dwords exceeds max_dw 22

303639    736.107 gfx: paging submit, 996 dwords from private buffer at 0x0, seq 171722
303640    736.107 amdgpu[2]: ring alloc of 96 dwords exceeds max_dw 22

303641    736.107 gfx: paging submit, 996 dwords from private buffer at 0x0, seq 171723
303642    736.107 amdgpu[2]: ring alloc of 96 dwords exceeds max_dw 22

303643    736.107 gfx: paging submit, 996 dwords from private buffer at 0x0, seq 171724
303644    736.107 amdgpu[2]: ring alloc of 96 dwords exceeds max_dw 22

303645    736.107 gfx: paging submit, 996 dwords from private buffer at 0x0, seq 171725
303646    736.107 amdgpu[2]: ring alloc of 96 dwords exceeds max_dw 22

303647    736.109 gfx: paging submit, 996 dwords from private buffer at 0x0, seq 171726
303648    736.109 amdgpu[2]: ring alloc of 96 dwords exceeds max_dw 22

303649    736.109 gfx: paging submit, 996 dwords from private buffer at 0x0, seq 171727
303650    736.109 amdgpu[2]: ring alloc of 96 dwords exceeds max_dw 22

303651    736.109 gfx: paging submit, 996 dwords from private buffer at 0x0, seq 171728
303652    736.109 amdgpu[2]: ring alloc of 96 dwords exceeds max_dw 22

303653    736.109 gfx: paging submit, 996 dwords from private buffer at 0x0, seq 171729
303654    736.109 amdgpu[2]: ring alloc of 96 dwords exceeds max_dw 22

303655    736.109 gfx: paging submit, 996 dwords from private buffer at 0x0, seq 171730
303656    736.109 amdgpu[2]: ring alloc of 96 dwords exceeds max_dw 22

303657    736.109 gfx: paging submit, 996 dwords from private buffer at 0x0, seq 171731
303658    736.109 amdgpu[2]: ring alloc of 96 dwords exceeds max_dw 22

303659    736.109 gfx: paging submit, 996 dwords from private buffer at 0x0, seq 171732
303660    736.109 amdgpu[2]: ring alloc of 96 dwords exceeds max_dw 22

303661    736.109 gfx: paging submit, 996 dwords from private buffer at 0x0, seq 171733
303662    736.111 amdgpu[2]: ring alloc of 96 dwords exceeds max_dw 22

303663    736.111 gfx: paging submit, 996 dwords from private buffer at 0x0, seq 171734
303664    736.111 amdgpu[2]: ring alloc of 96 dwords exceeds max_dw 22

303665    736.111 gfx: paging submit, 996 dwords from private buffer at 0x0, seq 171735
303666    736.111 amdgpu[2]: ring alloc of 96 dwords exceeds max_dw 22

303667    736.111 gfx: paging submit, 996 dwords from private buffer at 0x0, seq 171736
303668    736.111 gfx: paging submit, 747 dwords from private buffer at 0x0, seq 171737
303669    736.111 gfx: paging submit, 256 dwords from private buffer at 0xBAC, seq 171738
303670    736.111 gfx: paging submit, 1004 dwords from private buffer at 0x0, seq 171739
303671    736.111 gfx: paging submit, 1004 dwords from private buffer at 0x0, seq 171740
303672    736.111 gfx: paging submit, 1004 dwords from private buffer at 0x0, seq 171741
303673    736.111 gfx: paging submit, 1004 dwords from private buffer at 0x0, seq 171742
303674    736.111 gfx: paging submit, 974 dwords from private buffer at 0x0, seq 171743
303675    736.111 gfx: paging submit, 1002 dwords from private buffer at 0x0, seq 171744
303676    736.111 gfx: paging submit, 1006 dwords from private buffer at 0x0, seq 171745
303677    736.111 gfx: paging submit, 1004 dwords from private buffer at 0x0, seq 171746
303678    736.113 gfx: paging submit, 1004 dwords from private buffer at 0x0, seq 171747
303679    736.113 gfx: paging submit, 1004 dwords from private buffer at 0x0, seq 171748
303680    736.113 gfx: paging submit, 1004 dwords from private buffer at 0x0, seq 171749
303681    736.113 gfx: paging submit, 1004 dwords from private buffer at 0x0, seq 171750
303682    736.113 gfx: paging submit, 1004 dwords from private buffer at 0x0, seq 171751
303683    736.113 gfx: paging submit, 1004 dwords from private buffer at 0x0, seq 171752
303684    736.113 gfx: paging submit, 1004 dwords from private buffer at 0x0, seq 171753
303685    736.113 gfx: paging submit, 1004 dwords from private buffer at 0x0, seq 171754
303686    736.113 gfx: paging submit, 1004 dwords from private buffer at 0x0, seq 171755
303687    736.113 gfx: paging submit, 1004 dwords from private buffer at 0x0, seq 171756
303688    736.113 gfx: paging submit, 1004 dwords from private buffer at 0x0, seq 171757
303689    736.113 gfx: paging submit, 1004 dwords from private buffer at 0x0, seq 171758
303690    736.113 gfx: paging submit, 1004 dwords from private buffer at 0x0, seq 171759
303691    736.113 gfx: paging submit, 1004 dwords from private buffer at 0x0, seq 171760
303692    736.113 gfx: paging submit, 1004 dwords from private buffer at 0x0, seq 171761
303693    736.113 gfx: paging submit, 1004 dwords from private buffer at 0x0, seq 171762
303694    736.113 gfx: paging submit, 1004 dwords from private buffer at 0x0, seq 171763
303695    736.113 gfx: paging submit, 974 dwords from private buffer at 0x0, seq 171764
303696    736.113 gfx: paging submit, 1002 dwords from private buffer at 0x0, seq 171765
303697    736.113 gfx: paging submit, 1006 dwords from private buffer at 0x0, seq 171766
303698    736.113 gfx: paging submit, 1004 dwords from private buffer at 0x0, seq 171767
303699    736.113 gfx: paging submit, 1004 dwords from private buffer at 0x0, seq 171768
303700    736.113 gfx: paging submit, 1017 dwords from private buffer at 0x0, seq 171769
303701    736.113 gfx: paging submit, 974 dwords from private buffer at 0x0, seq 171770
303702    736.113 gfx: paging submit, 1006 dwords from private buffer at 0x0, seq 171771
303703    736.115 gfx: paging submit, 1004 dwords from private buffer at 0x0, seq 171772
303704    736.115 gfx: paging submit, 1004 dwords from private buffer at 0x0, seq 171773
303705    736.115 gfx: paging submit, 1004 dwords from private buffer at 0x0, seq 171774
303706    736.115 gfx: paging submit, 1004 dwords from private buffer at 0x0, seq 171775
303707    736.115 gfx: paging submit, 1004 dwords from private buffer at 0x0, seq 171776
303708    736.115 gfx: paging submit, 1004 dwords from private buffer at 0x0, seq 171777
303709    736.115 gfx: paging submit, 1004 dwords from private buffer at 0x0, seq 171778
303710    736.115 gfx: paging submit, 1004 dwords from private buffer at 0x0, seq 171779
303711    736.115 gfx: paging submit, 1004 dwords from private buffer at 0x0, seq 171780
303712    736.115 gfx: paging submit, 1004 dwords from private buffer at 0x0, seq 171781
303713    736.115 gfx: paging submit, 1004 dwords from private buffer at 0x0, seq 171782
303714    736.115 gfx: paging submit, 1004 dwords from private buffer at 0x0, seq 171783
303715    736.115 gfx: paging submit, 1004 dwords from private buffer at 0x0, seq 171784
303716    736.115 gfx: paging submit, 1004 dwords from private buffer at 0x0, seq 171785
303717    736.115 gfx: paging submit, 1004 dwords from private buffer at 0x0, seq 171786
303718    736.115 gfx: paging submit, 1004 dwords from private buffer at 0x0, seq 171787
303719    736.115 gfx: paging submit, 1004 dwords from private buffer at 0x0, seq 171788
303720    736.115 gfx: paging submit, 1004 dwords from private buffer at 0x0, seq 171789
303721    736.115 gfx: paging submit, 974 dwords from private buffer at 0x0, seq 171790
303722    736.115 gfx: paging submit, 1002 dwords from private buffer at 0x0, seq 171791
303723    736.115 gfx: paging submit, 1006 dwords from private buffer at 0x0, seq 171792
303724    736.115 gfx: paging submit, 1004 dwords from private buffer at 0x0, seq 171793
303725    736.115 gfx: paging submit, 1004 dwords from private buffer at 0x0, seq 171794
303726    736.115 gfx: paging submit, 1004 dwords from private buffer at 0x0, seq 171795
303727    736.117 gfx: paging submit, 1004 dwords from private buffer at 0x0, seq 171796
303728    736.117 gfx: paging submit, 1004 dwords from private buffer at 0x0, seq 171797
303729    736.117 gfx: paging submit, 1004 dwords from private buffer at 0x0, seq 171798
303730    736.117 gfx: paging submit, 1004 dwords from private buffer at 0x0, seq 171799
303731    736.117 gfx: paging submit, 1004 dwords from private buffer at 0x0, seq 171800
303732    736.117 gfx: paging submit, 267 dwords from private buffer at 0x0, seq 171801
303733    736.151 gfx: paging submit, 31 dwords from private buffer at 0x42C, seq 171802
303734    736.151 gfx: paging submit, 31 dwords from private buffer at 0x4A8, seq 171803
303735    736.153 wddm: software vsync off after 45591 ticks
303736    736.153 gfx: paging submit, 688 dwords from private buffer at 0x524, seq 171804
303737    736.155 gfx: paging submit, 1004 dwords from private buffer at 0x0, seq 171805
303738    736.155 gfx: paging submit, 1004 dwords from private buffer at 0x0, seq 171806
303739    736.155 gfx: paging submit, 1004 dwords from private buffer at 0x0, seq 171807
303740    736.155 amdgpu[2]: ring alloc of 16 dwords exceeds max_dw 12

303741    736.155 gfx: paging submit, 1006 dwords from private buffer at 0x0, seq 171808
303742    736.155 amdgpu[2]: ring alloc of 16 dwords exceeds max_dw 13

303743    736.155 gfx: paging submit, 1005 dwords from private buffer at 0x0, seq 171809
303744    736.155 amdgpu[2]: ring alloc of 16 dwords exceeds max_dw 13

303745    736.155 gfx: paging submit, 1005 dwords from private buffer at 0x0, seq 171810
303746    736.155 amdgpu[2]: ring alloc of 16 dwords exceeds max_dw 13

303747    736.155 gfx: paging submit, 1005 dwords from private buffer at 0x0, seq 171811
303748    736.155 amdgpu[2]: ring alloc of 16 dwords exceeds max_dw 13

303749    736.157 gfx: paging submit, 1005 dwords from private buffer at 0x0, seq 171812
303750    736.157 amdgpu[2]: ring alloc of 16 dwords exceeds max_dw 13

303751    736.157 gfx: paging submit, 1005 dwords from private buffer at 0x0, seq 171813
303752    736.157 amdgpu[2]: ring alloc of 16 dwords exceeds max_dw 13

303753    736.157 gfx: paging submit, 1005 dwords from private buffer at 0x0, seq 171814
303754    736.157 amdgpu[2]: ring alloc of 16 dwords exceeds max_dw 13

303755    736.157 gfx: paging submit, 1005 dwords from private buffer at 0x0, seq 171815
303756    736.157 amdgpu[2]: ring alloc of 16 dwords exceeds max_dw 13

303757    736.157 gfx: paging submit, 1005 dwords from private buffer at 0x0, seq 171816
303758    736.157 amdgpu[2]: ring alloc of 16 dwords exceeds max_dw 13

303759    736.157 gfx: paging submit, 1005 dwords from private buffer at 0x0, seq 171817
303760    736.157 amdgpu[2]: ring alloc of 16 dwords exceeds max_dw 13

303761    736.157 gfx: paging submit, 1005 dwords from private buffer at 0x0, seq 171818
303762    736.159 amdgpu[2]: ring alloc of 16 dwords exceeds max_dw 13

303763    736.159 gfx: paging submit, 1005 dwords from private buffer at 0x0, seq 171819
303764    736.159 gfx: paging submit, 130 dwords from private buffer at 0x0, seq 171820
303765    736.159 gfx: paging submit, 878 dwords from private buffer at 0x208, seq 171821
303766    736.159 gfx: paging submit, 1004 dwords from private buffer at 0x0, seq 171822
303767    736.159 gfx: paging submit, 1004 dwords from private buffer at 0x0, seq 171823
303768    736.159 gfx: paging submit, 1004 dwords from private buffer at 0x0, seq 171824
303769    736.159 gfx: paging submit, 941 dwords from private buffer at 0x0, seq 171825
303770    736.159 gfx: paging submit, 64 dwords from private buffer at 0xEB4, seq 171826
303771    736.159 gfx: paging submit, 974 dwords from private buffer at 0x0, seq 171827
303772    736.159 gfx: paging submit, 28 dwords from private buffer at 0x0, seq 171828
303773    736.159 gfx: paging submit, 974 dwords from private buffer at 0x70, seq 171829
303774    736.159 gfx: paging submit, 78 dwords from private buffer at 0x0, seq 171830
303775    736.159 gfx: paging submit, 928 dwords from private buffer at 0x138, seq 171831
303776    736.159 gfx: paging submit, 124 dwords from private buffer at 0x0, seq 171832
303777    736.161 gfx: paging submit, 880 dwords from private buffer at 0x1F0, seq 171833
303778    736.161 gfx: paging submit, 172 dwords from private buffer at 0x0, seq 171834
303779    736.161 gfx: paging submit, 842 dwords from private buffer at 0x2B0, seq 171835
303780    736.161 gfx: paging submit, 263 dwords from private buffer at 0x0, seq 171836
303781    736.161 gfx: paging submit, 752 dwords from private buffer at 0x41C, seq 171837
303782    736.161 gfx: paging submit, 1004 dwords from private buffer at 0x0, seq 171838
303783    736.161 gfx: paging submit, 1004 dwords from private buffer at 0x0, seq 171839
303784    736.161 gfx: paging submit, 1004 dwords from private buffer at 0x0, seq 171840
303785    736.161 amdgpu[2]: ring alloc of 16 dwords exceeds max_dw 11

303786    736.161 gfx: paging submit, 1007 dwords from private buffer at 0x0, seq 171841
303787    736.161 amdgpu[2]: ring alloc of 16 dwords exceeds max_dw 13

303788    736.161 gfx: paging submit, 1005 dwords from private buffer at 0x0, seq 171842
303789    736.161 amdgpu[2]: ring alloc of 16 dwords exceeds max_dw 13

303790    736.161 gfx: paging submit, 1005 dwords from private buffer at 0x0, seq 171843
303791    736.161 amdgpu[2]: ring alloc of 16 dwords exceeds max_dw 13

303792    736.161 gfx: paging submit, 1005 dwords from private buffer at 0x0, seq 171844
303793    736.161 amdgpu[2]: ring alloc of 16 dwords exceeds max_dw 13

303794    736.163 gfx: paging submit, 1005 dwords from private buffer at 0x0, seq 171845
303795    736.163 amdgpu[2]: ring alloc of 16 dwords exceeds max_dw 13

303796    736.163 gfx: paging submit, 1005 dwords from private buffer at 0x0, seq 171846
303797    736.163 amdgpu[2]: ring alloc of 16 dwords exceeds max_dw 13

303798    736.163 gfx: paging submit, 1005 dwords from private buffer at 0x0, seq 171847
303799    736.163 amdgpu[2]: ring alloc of 16 dwords exceeds max_dw 13

303800    736.163 gfx: paging submit, 1005 dwords from private buffer at 0x0, seq 171848
303801    736.163 amdgpu[2]: ring alloc of 16 dwords exceeds max_dw 13

303802    736.165 gfx: paging submit, 1005 dwords from private buffer at 0x0, seq 171849
303803    736.165 amdgpu[2]: ring alloc of 16 dwords exceeds max_dw 13

303804    736.165 gfx: paging submit, 1005 dwords from private buffer at 0x0, seq 171850
303805    736.165 amdgpu[2]: ring alloc of 16 dwords exceeds max_dw 13

303806    736.165 gfx: paging submit, 1005 dwords from private buffer at 0x0, seq 171851
303807    736.165 amdgpu[2]: ring alloc of 16 dwords exceeds max_dw 13

303808    736.165 gfx: paging submit, 1005 dwords from private buffer at 0x0, seq 171852
303809    736.165 gfx: paging submit, 65 dwords from private buffer at 0x0, seq 171853
303810    736.167 gfx: paging submit, 938 dwords from private buffer at 0x104, seq 171854
303811    736.167 gfx: paging submit, 1004 dwords from private buffer at 0x0, seq 171855
303812    736.167 gfx: paging submit, 1004 dwords from private buffer at 0x0, seq 171856
303813    736.167 gfx: paging submit, 974 dwords from private buffer at 0x0, seq 171857
303814    736.167 gfx: paging submit, 1004 dwords from private buffer at 0x0, seq 171858
303815    736.167 gfx: paging submit, 541 dwords from private buffer at 0x0, seq 171859
303816    736.167 gfx: paging submit, 464 dwords from private buffer at 0x874, seq 171860
303817    736.167 gfx: paging submit, 588 dwords from private buffer at 0x0, seq 171861
303818    736.167 gfx: paging submit, 416 dwords from private buffer at 0x930, seq 171862
303819    736.167 gfx: paging submit, 636 dwords from private buffer at 0x0, seq 171863
303820    736.167 gfx: paging submit, 368 dwords from private buffer at 0x9F0, seq 171864
303821    736.167 gfx: paging submit, 684 dwords from private buffer at 0x0, seq 171865
303822    736.167 gfx: paging submit, 320 dwords from private buffer at 0xAB0, seq 171866
303823    736.167 gfx: paging submit, 783 dwords from private buffer at 0x0, seq 171867
303824    736.167 wddm: software vsync on, 16 ms period, target 2424833
303825    736.167 gfx: paging submit, 31 dwords from private buffer at 0xC3C, seq 171868
303826    736.169 gfx: paging submit, 31 dwords from private buffer at 0xCB8, seq 171869
303827    736.169 gfx: paging submit, 160 dwords from private buffer at 0xD34, seq 171870
303828    736.169 gfx: paging submit, 749 dwords from private buffer at 0x0, seq 171871
303829    736.169 gfx: paging submit, 15 dwords from private buffer at 0xBB4, seq 171872
303830    736.169 gfx: paging submit, 39 dwords from private buffer at 0xBF0, seq 171873
303831    736.169 gfx: paging submit, 15 dwords from private buffer at 0xC8C, seq 171874
303832    736.189 wddm: malformed virtual present rejected
303833    736.207 gfx: paging submit, 190 dwords from private buffer at 0xCC8, seq 171875
303834    736.207 gfx: paging submit, 921 dwords from private buffer at 0x0, seq 171876
303835    736.207 gfx: paging submit, 31 dwords from private buffer at 0xE64, seq 171877
303836    736.209 wddm: software vsync off after 45593 ticks
303837    736.209 gfx: paging submit, 64 dwords from private buffer at 0xEE0, seq 171878
303838    736.209 gfx: paging submit, 974 dwords from private buffer at 0x0, seq 171879
303839    736.211 gfx: paging submit, 1002 dwords from private buffer at 0x0, seq 171880
303840    736.211 gfx: paging submit, 1006 dwords from private buffer at 0x0, seq 171881
303841    736.211 gfx: paging submit, 1004 dwords from private buffer at 0x0, seq 171882
303842    736.211 amdgpu[2]: ring alloc of 16 dwords exceeds max_dw 13

303843    736.211 gfx: paging submit, 1005 dwords from private buffer at 0x0, seq 171883
303844    736.211 amdgpu[2]: ring alloc of 16 dwords exceeds max_dw 13

303845    736.211 gfx: paging submit, 1005 dwords from private buffer at 0x0, seq 171884
303846    736.211 amdgpu[2]: ring alloc of 16 dwords exceeds max_dw 13

303847    736.211 gfx: paging submit, 1005 dwords from private buffer at 0x0, seq 171885
303848    736.211 amdgpu[2]: ring alloc of 16 dwords exceeds max_dw 13

303849    736.211 gfx: paging submit, 1005 dwords from private buffer at 0x0, seq 171886
303850    736.211 amdgpu[2]: ring alloc of 16 dwords exceeds max_dw 13

303851    736.211 gfx: paging submit, 1005 dwords from private buffer at 0x0, seq 171887
303852    736.211 amdgpu[2]: ring alloc of 16 dwords exceeds max_dw 13

303853    736.211 gfx: paging submit, 1005 dwords from private buffer at 0x0, seq 171888
303854    736.211 amdgpu[2]: ring alloc of 16 dwords exceeds max_dw 13

303855    736.213 gfx: paging submit, 1005 dwords from private buffer at 0x0, seq 171889
303856    736.213 amdgpu[2]: ring alloc of 16 dwords exceeds max_dw 13

303857    736.213 gfx: paging submit, 1005 dwords from private buffer at 0x0, seq 171890
303858    736.213 amdgpu[2]: ring alloc of 16 dwords exceeds max_dw 13

303859    736.213 gfx: paging submit, 1005 dwords from private buffer at 0x0, seq 171891
303860    736.213 amdgpu[2]: ring alloc of 16 dwords exceeds max_dw 13

303861    736.213 gfx: paging submit, 1005 dwords from private buffer at 0x0, seq 171892
303862    736.213 amdgpu[2]: ring alloc of 16 dwords exceeds max_dw 13

303863    736.213 gfx: paging submit, 1005 dwords from private buffer at 0x0, seq 171893
303864    736.213 gfx: paging submit, 800 dwords from private buffer at 0x0, seq 171894
303865    736.215 gfx: paging submit, 208 dwords from private buffer at 0xC80, seq 171895
303866    736.215 gfx: paging submit, 974 dwords from private buffer at 0x0, seq 171896
303867    736.215 gfx: paging submit, 1006 dwords from private buffer at 0x0, seq 171897
303868    736.215 gfx: paging submit, 1004 dwords from private buffer at 0x0, seq 171898
303869    736.215 gfx: paging submit, 1004 dwords from private buffer at 0x0, seq 171899
303870    736.215 gfx: paging submit, 653 dwords from private buffer at 0x0, seq 171900
303871    736.215 gfx: paging submit, 810 dwords from private buffer at 0x0, seq 171901
303872    736.215 gfx: paging submit, 208 dwords from private buffer at 0xCA8, seq 171902
303873    736.215 gfx: paging submit, 844 dwords from private buffer at 0x0, seq 171903
303874    736.215 gfx: paging submit, 160 dwords from private buffer at 0xD30, seq 171904
303875    736.215 gfx: paging submit, 892 dwords from private buffer at 0x0, seq 171905
303876    736.215 gfx: paging submit, 112 dwords from private buffer at 0xDF0, seq 171906
303877    736.215 gfx: paging submit, 940 dwords from private buffer at 0x0, seq 171907
303878    736.215 gfx: paging submit, 64 dwords from private buffer at 0xEB0, seq 171908
303879    736.215 gfx: paging submit, 1018 dwords from private buffer at 0x0, seq 171909
303880    736.215 gfx: paging submit, 35 dwords from private buffer at 0x0, seq 171910
303881    736.215 gfx: paging submit, 974 dwords from private buffer at 0x8C, seq 171911
303882    736.215 gfx: paging submit, 1006 dwords from private buffer at 0x0, seq 171912
303883    736.215 gfx: paging submit, 1004 dwords from private buffer at 0x0, seq 171913
303884    736.215 gfx: paging submit, 1004 dwords from private buffer at 0x0, seq 171914
303885    736.215 amdgpu[2]: ring alloc of 16 dwords exceeds max_dw 15

303886    736.215 gfx: paging submit, 1003 dwords from private buffer at 0x0, seq 171915
303887    736.215 amdgpu[2]: ring alloc of 16 dwords exceeds max_dw 13

303888    736.215 gfx: paging submit, 1005 dwords from private buffer at 0x0, seq 171916
303889    736.215 amdgpu[2]: ring alloc of 16 dwords exceeds max_dw 13

303890    736.215 gfx: paging submit, 1005 dwords from private buffer at 0x0, seq 171917
303891    736.217 amdgpu[2]: ring alloc of 16 dwords exceeds max_dw 13

303892    736.217 gfx: paging submit, 1005 dwords from private buffer at 0x0, seq 171918
303893    736.217 amdgpu[2]: ring alloc of 16 dwords exceeds max_dw 13

303894    736.217 gfx: paging submit, 1005 dwords from private buffer at 0x0, seq 171919
303895    736.217 amdgpu[2]: ring alloc of 16 dwords exceeds max_dw 13

303896    736.217 gfx: paging submit, 1005 dwords from private buffer at 0x0, seq 171920
303897    736.217 amdgpu[2]: ring alloc of 16 dwords exceeds max_dw 13

303898    736.217 gfx: paging submit, 1005 dwords from private buffer at 0x0, seq 171921
303899    736.217 amdgpu[2]: ring alloc of 16 dwords exceeds max_dw 13

303900    736.217 gfx: paging submit, 1005 dwords from private buffer at 0x0, seq 171922
303901    736.217 amdgpu[2]: ring alloc of 16 dwords exceeds max_dw 13

303902    736.217 gfx: paging submit, 1005 dwords from private buffer at 0x0, seq 171923
303903    736.217 amdgpu[2]: ring alloc of 16 dwords exceeds max_dw 13

303904    736.217 gfx: paging submit, 1005 dwords from private buffer at 0x0, seq 171924
303905    736.219 amdgpu[2]: ring alloc of 16 dwords exceeds max_dw 13

303906    736.219 gfx: paging submit, 1005 dwords from private buffer at 0x0, seq 171925
303907    736.219 gfx: paging submit, 850 dwords from private buffer at 0x0, seq 171926
303908    736.219 gfx: paging submit, 160 dwords from private buffer at 0xD48, seq 171927
303909    736.219 gfx: paging submit, 974 dwords from private buffer at 0x0, seq 171928
303910    736.219 gfx: paging submit, 1006 dwords from private buffer at 0x0, seq 171929
303911    736.219 gfx: paging submit, 1004 dwords from private buffer at 0x0, seq 171930
303912    736.219 gfx: paging submit, 1004 dwords from private buffer at 0x0, seq 171931
303913    736.219 gfx: paging submit, 653 dwords from private buffer at 0x0, seq 171932
303914    736.219 gfx: paging submit, 258 dwords from private buffer at 0x0, seq 171933
303915    736.219 gfx: paging submit, 752 dwords from private buffer at 0x408, seq 171934
303916    736.219 gfx: paging submit, 300 dwords from private buffer at 0x0, seq 171935
303917    736.219 gfx: paging submit, 704 dwords from private buffer at 0x4B0, seq 171936
303918    736.219 gfx: paging submit, 348 dwords from private buffer at 0x0, seq 171937
303919    736.219 gfx: paging submit, 656 dwords from private buffer at 0x570, seq 171938
303920    736.219 gfx: paging submit, 396 dwords from private buffer at 0x0, seq 171939
303921    736.219 gfx: paging submit, 608 dwords from private buffer at 0x630, seq 171940
303922    736.219 gfx: paging submit, 444 dwords from private buffer at 0x0, seq 171941
303923    736.219 gfx: paging submit, 560 dwords from private buffer at 0x6F0, seq 171942
303924    736.219 gfx: paging submit, 545 dwords from private buffer at 0x0, seq 171943
303925    736.219 wddm: software vsync on, 16 ms period, target 2424833
303926    736.221 gfx: paging submit, 31 dwords from private buffer at 0x884, seq 171944
303927    736.221 gfx: paging submit, 31 dwords from private buffer at 0x900, seq 171945
303928    736.221 gfx: paging submit, 400 dwords from private buffer at 0x97C, seq 171946
303929    736.221 gfx: paging submit, 1016 dwords from private buffer at 0x0, seq 171947
303930    736.221 gfx: paging submit, 103 dwords from private buffer at 0x0, seq 171948
303931    736.221 gfx: paging submit, 15 dwords from private buffer at 0x19C, seq 171949
303932    736.221 gfx: paging submit, 41 dwords from private buffer at 0x1D8, seq 171950
303933    736.221 gfx: paging submit, 15 dwords from private buffer at 0x27C, seq 171951
303934    736.237 gfx: paging submit, 37 dwords from private buffer at 0x2B8, seq 171952
303935    736.237 gfx: paging submit, 69 dwords from private buffer at 0x34C, seq 171953
303936    736.237 gfx: paging submit, 37 dwords from private buffer at 0x460, seq 171954
303937    736.237 gfx: paging submit, 69 dwords from private buffer at 0x4F4, seq 171955
303938    736.237 gfx: paging submit, 37 dwords from private buffer at 0x608, seq 171956
303939    736.237 gfx: paging submit, 69 dwords from private buffer at 0x69C, seq 171957
303940    736.237 gfx: paging submit, 37 dwords from private buffer at 0x7B0, seq 171958
303941    736.237 gfx: paging submit, 69 dwords from private buffer at 0x844, seq 171959
303942    736.237 gfx: paging submit, 37 dwords from private buffer at 0x958, seq 171960
303943    736.237 gfx: paging submit, 69 dwords from private buffer at 0x9EC, seq 171961
303944    736.237 gfx: paging submit, 37 dwords from private buffer at 0xB00, seq 171962
303945    736.237 gfx: paging submit, 69 dwords from private buffer at 0xB94, seq 171963
303946    736.237 gfx: paging submit, 37 dwords from private buffer at 0xCA8, seq 171964
303947    736.237 gfx: paging submit, 69 dwords from private buffer at 0xD3C, seq 171965
303948    736.237 gfx: paging submit, 37 dwords from private buffer at 0xE50, seq 171966
303949    736.237 amdgpu[2]: ring alloc of 16 dwords exceeds max_dw 11

303950    736.237 gfx: paging submit, 54 dwords from private buffer at 0xEE4, seq 171967
303951    736.237 gfx: paging submit, 15 dwords from private buffer at 0x0, seq 171968
303952    736.237 gfx: paging submit, 607 dwords from private buffer at 0x3C, seq 171969
303953    736.237 gfx: paging submit, 15 dwords from private buffer at 0x9B8, seq 171970
303954    736.237 gfx: paging submit, 37 dwords from private buffer at 0x9F4, seq 171971
303955    736.237 gfx: paging submit, 69 dwords from private buffer at 0xA88, seq 171972
303956    736.239 gfx: paging submit, 70 dwords from private buffer at 0xB9C, seq 171973
303957    736.239 gfx: paging submit, 15 dwords from private buffer at 0xCB4, seq 171974
303958    736.239 gfx: paging submit, 69 dwords from private buffer at 0xCF0, seq 171975
303959    736.239 gfx: paging submit, 69 dwords from private buffer at 0xE04, seq 171976
303960    736.239 gfx: paging submit, 48 dwords from private buffer at 0xF18, seq 171977
303961    736.239 gfx: paging submit, 35 dwords from private buffer at 0x0, seq 171978
303962    736.239 gfx: paging submit, 157 dwords from private buffer at 0x8C, seq 171979
303963    736.239 gfx: paging submit, 37 dwords from private buffer at 0x300, seq 171980
303964    736.239 gfx: paging submit, 16 dwords from private buffer at 0x394, seq 171981
303965    736.239 gfx: paging submit, 16 dwords from private buffer at 0x3D4, seq 171982
303966    736.239 gfx: paging submit, 15 dwords from private buffer at 0x414, seq 171983
303967    736.239 gfx: paging submit, 16 dwords from private buffer at 0x450, seq 171984
303968    736.239 gfx: paging submit, 16 dwords from private buffer at 0x490, seq 171985
303969    736.239 gfx: paging submit, 15 dwords from private buffer at 0x4D0, seq 171986
303970    736.239 gfx: paging submit, 16 dwords from private buffer at 0x50C, seq 171987
303971    736.239 gfx: paging submit, 16 dwords from private buffer at 0x54C, seq 171988
303972    736.239 gfx: paging submit, 16 dwords from private buffer at 0x58C, seq 171989
303973    736.241 wddm: malformed virtual present rejected
303974    736.259 gfx: paging submit, 31 dwords from private buffer at 0x5CC, seq 171990
303975    736.259 gfx: paging submit, 31 dwords from private buffer at 0x648, seq 171991
303976    736.262 wddm: software vsync off after 45595 ticks
303977    736.262 gfx: paging submit, 576 dwords from private buffer at 0x6C4, seq 171992
303978    736.262 gfx: paging submit, 1004 dwords from private buffer at 0x0, seq 171993
303979    736.262 gfx: paging submit, 1004 dwords from private buffer at 0x0, seq 171994
303980    736.262 gfx: paging submit, 1004 dwords from private buffer at 0x0, seq 171995
303981    736.262 gfx: paging submit, 1004 dwords from private buffer at 0x0, seq 171996
303982    736.262 amdgpu[2]: ring alloc of 16 dwords exceeds max_dw 15

303983    736.262 gfx: paging submit, 1003 dwords from private buffer at 0x0, seq 171997
303984    736.262 amdgpu[2]: ring alloc of 16 dwords exceeds max_dw 13

303985    736.262 gfx: paging submit, 1005 dwords from private buffer at 0x0, seq 171998
303986    736.262 amdgpu[2]: ring alloc of 16 dwords exceeds max_dw 13

303987    736.262 gfx: paging submit, 1005 dwords from private buffer at 0x0, seq 171999
303988    736.262 amdgpu[2]: ring alloc of 16 dwords exceeds max_dw 13

303989    736.262 gfx: paging submit, 1005 dwords from private buffer at 0x0, seq 172000
303990    736.263 amdgpu[2]: ring alloc of 16 dwords exceeds max_dw 13

303991    736.263 gfx: paging submit, 1005 dwords from private buffer at 0x0, seq 172001
303992    736.263 amdgpu[2]: ring alloc of 16 dwords exceeds max_dw 13

303993    736.263 gfx: paging submit, 1005 dwords from private buffer at 0x0, seq 172002
303994    736.263 amdgpu[2]: ring alloc of 16 dwords exceeds max_dw 13

303995    736.263 gfx: paging submit, 1005 dwords from private buffer at 0x0, seq 172003
303996    736.263 amdgpu[2]: ring alloc of 16 dwords exceeds max_dw 13

303997    736.263 gfx: paging submit, 1005 dwords from private buffer at 0x0, seq 172004
303998    736.263 amdgpu[2]: ring alloc of 16 dwords exceeds max_dw 13

303999    736.263 gfx: paging submit, 1005 dwords from private buffer at 0x0, seq 172005
304000    736.263 amdgpu[2]: ring alloc of 16 dwords exceeds max_dw 13

304001    736.263 gfx: paging submit, 1005 dwords from private buffer at 0x0, seq 172006
304002    736.263 amdgpu[2]: ring alloc of 16 dwords exceeds max_dw 13

304003    736.263 gfx: paging submit, 1005 dwords from private buffer at 0x0, seq 172007
304004    736.265 gfx: paging submit, 260 dwords from private buffer at 0x0, seq 172008
304005    736.265 gfx: paging submit, 752 dwords from private buffer at 0x410, seq 172009
304006    736.265 gfx: paging submit, 974 dwords from private buffer at 0x0, seq 172010
304007    736.265 gfx: paging submit, 1006 dwords from private buffer at 0x0, seq 172011
304008    736.265 gfx: paging submit, 1004 dwords from private buffer at 0x0, seq 172012
304009    736.265 gfx: paging submit, 1004 dwords from private buffer at 0x0, seq 172013
304010    736.265 gfx: paging submit, 653 dwords from private buffer at 0x0, seq 172014
304011    736.265 gfx: paging submit, 284 dwords from private buffer at 0x0, seq 172015
304012    736.265 gfx: paging submit, 720 dwords from private buffer at 0x470, seq 172016
304013    736.265 gfx: paging submit, 332 dwords from private buffer at 0x0, seq 172017
304014    736.265 gfx: paging submit, 672 dwords from private buffer at 0x530, seq 172018
304015    736.265 gfx: paging submit, 380 dwords from private buffer at 0x0, seq 172019
304016    736.265 gfx: paging submit, 624 dwords from private buffer at 0x5F0, seq 172020
304017    736.265 gfx: paging submit, 428 dwords from private buffer at 0x0, seq 172021
304018    736.265 gfx: paging submit, 576 dwords from private buffer at 0x6B0, seq 172022
304019    736.265 gfx: paging submit, 527 dwords from private buffer at 0x0, seq 172023
304020    736.265 gfx: paging submit, 480 dwords from private buffer at 0x83C, seq 172024
304021    736.265 gfx: paging submit, 1004 dwords from private buffer at 0x0, seq 172025
304022    736.265 gfx: paging submit, 1004 dwords from private buffer at 0x0, seq 172026
304023    736.265 gfx: paging submit, 1004 dwords from private buffer at 0x0, seq 172027
304024    736.265 gfx: paging submit, 1004 dwords from private buffer at 0x0, seq 172028
304025    736.265 amdgpu[2]: ring alloc of 16 dwords exceeds max_dw 14

304026    736.265 gfx: paging submit, 1004 dwords from private buffer at 0x0, seq 172029
304027    736.265 amdgpu[2]: ring alloc of 16 dwords exceeds max_dw 13

304028    736.265 gfx: paging submit, 1005 dwords from private buffer at 0x0, seq 172030
304029    736.265 amdgpu[2]: ring alloc of 16 dwords exceeds max_dw 13

304030    736.267 gfx: paging submit, 1005 dwords from private buffer at 0x0, seq 172031
304031    736.267 amdgpu[2]: ring alloc of 16 dwords exceeds max_dw 13

304032    736.267 gfx: paging submit, 1005 dwords from private buffer at 0x0, seq 172032
304033    736.267 amdgpu[2]: ring alloc of 16 dwords exceeds max_dw 13

304034    736.267 gfx: paging submit, 1005 dwords from private buffer at 0x0, seq 172033
304035    736.267 amdgpu[2]: ring alloc of 16 dwords exceeds max_dw 13

304036    736.267 gfx: paging submit, 1005 dwords from private buffer at 0x0, seq 172034
304037    736.267 amdgpu[2]: ring alloc of 16 dwords exceeds max_dw 13

304038    736.267 gfx: paging submit, 1005 dwords from private buffer at 0x0, seq 172035
304039    736.267 amdgpu[2]: ring alloc of 16 dwords exceeds max_dw 13

304040    736.267 gfx: paging submit, 1005 dwords from private buffer at 0x0, seq 172036
304041    736.267 amdgpu[2]: ring alloc of 16 dwords exceeds max_dw 13

304042    736.267 gfx: paging submit, 1005 dwords from private buffer at 0x0, seq 172037
304043    736.270 amdgpu[2]: ring alloc of 16 dwords exceeds max_dw 13

304044    736.270 gfx: paging submit, 1005 dwords from private buffer at 0x0, seq 172038
304045    736.270 amdgpu[2]: ring alloc of 16 dwords exceeds max_dw 13

304046    736.270 gfx: paging submit, 1005 dwords from private buffer at 0x0, seq 172039
304047    736.270 gfx: paging submit, 355 dwords from private buffer at 0x0, seq 172040
304048    736.270 gfx: paging submit, 662 dwords from private buffer at 0x58C, seq 172041
304049    736.270 gfx: paging submit, 974 dwords from private buffer at 0x0, seq 172042
304050    736.270 gfx: paging submit, 1002 dwords from private buffer at 0x0, seq 172043
304051    736.270 gfx: paging submit, 1006 dwords from private buffer at 0x0, seq 172044
304052    736.270 gfx: paging submit, 1004 dwords from private buffer at 0x0, seq 172045
304053    736.270 gfx: paging submit, 605 dwords from private buffer at 0x0, seq 172046
304054    736.270 gfx: paging submit, 400 dwords from private buffer at 0x974, seq 172047
304055    736.270 gfx: paging submit, 652 dwords from private buffer at 0x0, seq 172048
304056    736.270 gfx: paging submit, 352 dwords from private buffer at 0xA30, seq 172049
304057    736.270 gfx: paging submit, 700 dwords from private buffer at 0x0, seq 172050
304058    736.270 gfx: paging submit, 304 dwords from private buffer at 0xAF0, seq 172051
304059    736.270 gfx: paging submit, 748 dwords from private buffer at 0x0, seq 172052
304060    736.270 gfx: paging submit, 258 dwords from private buffer at 0xBB0, seq 172053
304061    736.270 gfx: paging submit, 845 dwords from private buffer at 0x0, seq 172054
304062    736.270 wddm: software vsync on, 16 ms period, target 2424833
304063    736.272 gfx: paging submit, 31 dwords from private buffer at 0xD34, seq 172055
304064    736.272 gfx: paging submit, 31 dwords from private buffer at 0xDB0, seq 172056
304065    736.272 gfx: paging submit, 67 dwords from private buffer at 0xE2C, seq 172057
304066    736.272 gfx: paging submit, 15 dwords from private buffer at 0xF38, seq 172058
304067    736.272 gfx: paging submit, 16 dwords from private buffer at 0xF74, seq 172059
304068    736.272 gfx: paging submit, 487 dwords from private buffer at 0x0, seq 172060
304069    736.272 gfx: paging submit, 15 dwords from private buffer at 0x79C, seq 172061
304070    736.292 wddm: malformed virtual present rejected
304071    737.775 wddm summary: ---- DDI calls: name, count, first log line ----
304072    737.775 wddm summary: QueryAdapterInfo                   25  first at 123
304073    737.775 wddm summary: GetNodeMetadata                     2  first at 131
304074    737.775 wddm summary: CreateDevice                      396  first at 138
304075    737.775 wddm summary: DestroyDevice                     393  first at 451
304076    737.775 wddm summary: CreateContext                     395  first at 140
304077    737.775 wddm summary: DestroyContext                    393  first at 439
304078    737.775 wddm summary: CreateProcess                      75  first at 137
304079    737.775 wddm summary: DestroyProcess                     73  first at 812
304080    737.775 wddm summary: SetRootPageTable                  395  first at 154
304081    737.775 wddm summary: CreateAllocation                 1476  first at 191
304082    737.775 wddm summary: DestroyAllocation                1864  first at 444
304083    737.775 wddm summary: DescribeAllocation               1143  first at 246
304084    737.775 wddm summary: GetStandardAllocationDriverData   1524  first at 189
304085    737.775 wddm summary: OpenAllocation                   1476  first at 193
304086    737.775 wddm summary: CloseAllocation                  1474  first at 443
304087    737.775 wddm summary: BuildPagingBuffer              183676  first at 142
304088    737.775 wddm summary: SubmitCommandVirtual           172442  first at 174
304089    737.775 wddm summary: PreemptCommand                     17  first at 77588
304090    737.775 wddm summary: Present                          1065  first at 310
304091    737.775 wddm summary: SetVidPnSourceAddress             381  first at 298
304092    737.775 wddm summary: ControlInterrupt                12248  first at 302
304093    737.775 wddm summary: ---- QueryAdapterInfo types: type, count, first log line ----
304094    737.775 wddm summary: adapter info type   1       1  first at 123
304095    737.775 wddm summary: adapter info type  15       1  first at 124
304096    737.775 wddm summary: adapter info type  47       1  first at 125
304097    737.775 wddm summary: adapter info type  13       1  first at 126
304098    737.775 wddm summary: adapter info type  14       4  first at 127
304099    737.775 wddm summary: adapter info type  11       2  first at 134
304100    737.775 wddm summary: adapter info type  10       1  first at 136
304101    737.775 wddm summary: adapter info type  16       1  first at 136
304102    737.775 wddm summary: adapter info type   0      13  first at 1937
304103    737.775 wddm summary: ---- BuildPagingBuffer operations: operation, count, first log line ----
304104    737.775 wddm summary: paging operation  11   65732  first at 142
304105    737.775 wddm summary: paging operation  12    8571  first at 182
304106    737.775 wddm summary: paging operation   9   15088  first at 201
304107    737.775 wddm summary: paging operation   2     392  first at 445
304108    737.775 wddm summary: paging operation   8   93893  first at 2001
304109    737.775 wddm summary: objects created/destroyed: dev 396/393 ctx 395/393 proc 75/73 alloc 1476/1864, 13 alive
304110    737.775 wddm summary: allocations opened/closed: 1476/1474 calls
304111    737.775 wddm summary: submissions 0 physical + 172442 virtual, 17 preemptions, last completed fence 22420
304112    737.775 wddm summary: node 0 hardware: 22039 submitted, 22039 completed, 0 timeouts, 0 refused
304113    737.775 wddm summary: umd: 714 allocs (0 refused), 13 contexts, 22039 submits on the ring, 0 not run
304114    737.775 wddm profile: umd calls 22039, elapsed ticks 3782751, QPC frequency 10000000
304115    737.775 wddm profile: probe enabled 0, calls 0, elapsed ticks 0 (included in umd)
304116    737.775 wddm summary: node 1 (paging, open): 150022 hardware submitted, 150022 completed, 0 timeouts, 0 refused
304117    737.775 wddm summary: SubmitCommandVirtual by node: 0: 22420, 1: 150022, 0 private-buffer refusals
304118    737.775 wddm summary: BuildPagingBuffer: 93882 transfers, 15055 fills, 16241688576 bytes, 136778 insufficient-buffer
304119    737.775 wddm summary: aperture map batches 0, unmap batches 0
304120    737.775 wddm summary: paging TLB invalidations 8514, PTE update batches 64108
304121    737.775 wddm summary: paging unsupported (not ready/no root/no translation/system memory/not contiguous) 0/0/0/0/0
304122    737.775 wddm summary: presents 1065, flips 353 of 381 address calls (0 arrived above DISPATCH_LEVEL)
304123    737.775 wddm summary: blit gate closed, 0 blits, 0 skips, 0 sources translated contiguous
304124    737.775 wddm summary: blit destination: 0 to the flipped surface, 0 to the POST framebuffer (0 a failed-mapping fallback), 0 scanout remaps (0 failed), last blit 0 row
304125    737.775 wddm summary: widest blit 0 rows
304126    737.775 wddm summary: last blit reading 0, 0x0 pitch 0, 0 rectangles, source physical 0x0
304127    737.775 wddm summary: vsync not enabled by ControlInterrupt, 45689 ticks, 6136 reported to dxgkrnl
304128    737.775 wddm summary: vidpn flip closed: 0 hardware flips, 0 refused, 0 hardware vsyncs armed 0 acked 0 refused 0 deferred (flip still pending)
304129    737.775 wddm summary: no TDR (ResetEngine, ResetFromTimeout and RestartFromTimeout were never called)
304130    737.775 wddm summary: CollectDbgInfo called 0 time(s) since the driver was loaded
304131    737.775 vidmm summary: level 0: 1024 calls, 262656 entries, 512 valid
304132    737.775 vidmm summary: level 1: 2 calls, 1024 entries, 512 valid
304133    737.775 vidmm summary: level 2: 1 calls, 512 entries, 2 valid
304134    737.775 vidmm summary: level 3: 1 calls, 512 entries, 1 valid
304135    737.775 vidmm summary: 1028 cpu-virtual calls, 0 gpu-physical calls
304136    737.775 vidmm summary: 264704 entries written (EnableGpuVa open), 0 refused, 0 bad calls, 395 roots
             1024 lines printed
limited_run_complete
