Creating 1000 meshes, each with 3 subdivision levels...
Creating 10 256x256 textures...
[39mDiligent Engine: Info: D3D12-capable adapter found: AMD BC-250 (RADV GFX1013) (8017 MB)
[39m[39mDiligent Engine: Info: Created dynamic memory page. Size: 1.00 MB; GPU virtual address 0x200280000
[39m[39mDiligent Engine: Info: Can not disable SeparablePrograms
[39m[39mDiligent Engine: Info: Max device shader model: 6_7
[39m[39mDiligent Engine: Info: Created dynamic memory page. Size: 2.00 MB; GPU virtual address 0x208720000
[39m[39mDiligent Engine: Info: Created dynamic memory page. Size: 2.00 MB; GPU virtual address 0x208940000
[39m[39mDiligent Engine: Info: Created dynamic memory page. Size: 2.00 MB; GPU virtual address 0x208b70000
[39m[39mDiligent Engine: Info: Created dynamic memory page. Size: 2.00 MB; GPU virtual address 0x208da0000
[39m[39mDiligent Engine: Info: Created dynamic memory page. Size: 1.00 MB; GPU virtual address 0x200e70000
[39m[39mDiligent Engine: Info: Created dynamic memory page. Size: 2.00 MB; GPU virtual address 0x209820000
[39m[39mDiligent Engine: Info: Created dynamic memory page. Size: 2.00 MB; GPU virtual address 0x209d20000
[39m[39mDiligent Engine: Info: Created dynamic memory page. Size: 2.00 MB; GPU virtual address 0x20a2c0000
[39m[39mDiligent Engine: Info: Created dynamic memory page. Size: 2.00 MB; GPU virtual address 0x20a510000
[39m[39mDiligent Engine: Info: Created dynamic memory page. Size: 1.00 MB; GPU virtual address 0x200f70000
[39m[39mDiligent Engine: Info: Created dynamic memory page. Size: 2.00 MB; GPU virtual address 0x20af70000
[39m[39mDiligent Engine: Info: Created dynamic memory page. Size: 2.00 MB; GPU virtual address 0x20b170000
[39m[39mDiligent Engine: Info: Created dynamic memory page. Size: 2.00 MB; GPU virtual address 0x20b3b0000
[39m[39mDiligent Engine: Info: Created dynamic memory page. Size: 2.00 MB; GPU virtual address 0x20b5e0000
[39m[39mDiligent Engine: Info: Created dynamic memory page. Size: 1.00 MB; GPU virtual address 0x201070000
[39m[39mDiligent Engine: Info: Created dynamic memory page. Size: 2.00 MB; GPU virtual address 0x2091a0000
[39m[39mDiligent Engine: Info: Created dynamic memory page. Size: 2.00 MB; GPU virtual address 0x209a20000
[39m[39mDiligent Engine: Info: Created dynamic memory page. Size: 2.00 MB; GPU virtual address 0x20a710000
[39m[39mDiligent Engine: Info: Created dynamic memory page. Size: 2.00 MB; GPU virtual address 0x2094a0000
[39m[39mDiligent Engine: Info: Created dynamic memory page. Size: 1.00 MB; GPU virtual address 0x201170000
[39m[39mDiligent Engine: Info: Created dynamic memory page. Size: 2.00 MB; GPU virtual address 0x20c680000
[39m[39mDiligent Engine: Info: Created dynamic memory page. Size: 2.00 MB; GPU virtual address 0x20c880000
[39m[39mDiligent Engine: Info: Created dynamic memory page. Size: 2.00 MB; GPU virtual address 0x20ca80000
[39m[39mDiligent Engine: Info: Created dynamic memory page. Size: 2.00 MB; GPU virtual address 0x20cc80000
[39m[39mDiligent Engine: Info: Created dynamic memory page. Size: 1.00 MB; GPU virtual address 0x20ce80000
[39m[39mDiligent Engine: Info: Created dynamic memory page. Size: 2.00 MB; GPU virtual address 0x20de80000
[39m[39mDiligent Engine: Info: Created dynamic memory page. Size: 2.00 MB; GPU virtual address 0x20e080000
[39m[39mDiligent Engine: Info: Created dynamic memory page. Size: 2.00 MB; GPU virtual address 0x20e2b0000
[39m[39mDiligent Engine: Info: Created dynamic memory page. Size: 2.00 MB; GPU virtual address 0x20e530000
[39m[39mDiligent Engine: Info: Created dynamic memory page. Size: 1.00 MB; GPU virtual address 0x20cf80000
[39m[39mDiligent Engine: Info: Created dynamic memory page. Size: 2.00 MB; GPU virtual address 0x20e8c0000
[39m[39mDiligent Engine: Info: Created dynamic memory page. Size: 2.00 MB; GPU virtual address 0x20eae0000
[39m[39mDiligent Engine: Info: Created dynamic memory page. Size: 2.00 MB; GPU virtual address 0x20ed20000
[39m[39mDiligent Engine: Info: Created dynamic memory page. Size: 2.00 MB; GPU virtual address 0x20f030000
[39m[39mDiligent Engine: Info: Created dynamic memory page. Size: 1.00 MB; GPU virtual address 0x20d080000
[39m[39mDiligent Engine: Info: Created dynamic memory page. Size: 2.00 MB; GPU virtual address 0x20f350000
[39m[39mDiligent Engine: Info: Created dynamic memory page. Size: 2.00 MB; GPU virtual address 0x20f570000
[39m[39mDiligent Engine: Info: Created dynamic memory page. Size: 2.00 MB; GPU virtual address 0x20f7b0000
[39m[39mDiligent Engine: Info: Created dynamic memory page. Size: 2.00 MB; GPU virtual address 0x20f9f0000
[39m[39mDiligent Engine: Info: Created dynamic memory page. Size: 1.00 MB; GPU virtual address 0x20d180000
[39m[39mDiligent Engine: Info: Created dynamic memory page. Size: 2.00 MB; GPU virtual address 0x20fdd0000
[39m[39mDiligent Engine: Info: Created dynamic memory page. Size: 2.00 MB; GPU virtual address 0x20fff0000
[39m[39mDiligent Engine: Info: Created dynamic memory page. Size: 2.00 MB; GPU virtual address 0x210230000
[39m[39mDiligent Engine: Info: Created dynamic memory page. Size: 2.00 MB; GPU virtual address 0x2104c0000
[39m[39mDiligent Engine: Info: Created dynamic memory page. Size: 1.00 MB; GPU virtual address 0x20d280000
[39m[39mDiligent Engine: Info: Created dynamic memory page. Size: 2.00 MB; GPU virtual address 0x210850000
[39m[39mDiligent Engine: Info: Created dynamic memory page. Size: 2.00 MB; GPU virtual address 0x210a70000
[39m[39mDiligent Engine: Info: Created dynamic memory page. Size: 2.00 MB; GPU virtual address 0x210cb0000
[39m[39mDiligent Engine: Info: Created dynamic memory page. Size: 2.00 MB; GPU virtual address 0x210f40000
[39m[39mDiligent Engine: Info: Created dynamic memory page. Size: 1.00 MB; GPU virtual address 0x20d380000
[39m[39mDiligent Engine: Info: Created dynamic memory page. Size: 2.00 MB; GPU virtual address 0x2112d0000
[39m[39mDiligent Engine: Info: Created dynamic memory page. Size: 2.00 MB; GPU virtual address 0x2114f0000
[39m[39mDiligent Engine: Info: Created dynamic memory page. Size: 2.00 MB; GPU virtual address 0x211730000
[39m[39mDiligent Engine: Info: Created dynamic memory page. Size: 2.00 MB; GPU virtual address 0x2119c0000
[39m[39mDiligent Engine: Info: Created dynamic memory page. Size: 1.00 MB; GPU virtual address 0x20d480000
[39m[39mDiligent Engine: Info: Created dynamic memory page. Size: 2.00 MB; GPU virtual address 0x211d50000
[39m[39mDiligent Engine: Info: Created dynamic memory page. Size: 2.00 MB; GPU virtual address 0x211f70000
[39m[39mDiligent Engine: Info: Created dynamic memory page. Size: 2.00 MB; GPU virtual address 0x2121b0000
[39m[39mDiligent Engine: Info: Created dynamic memory page. Size: 2.00 MB; GPU virtual address 0x212440000
[39m[39mDiligent Engine: Info: Created dynamic memory page. Size: 1.00 MB; GPU virtual address 0x20d580000
[39m[39mDiligent Engine: Info: Created dynamic memory page. Size: 2.00 MB; GPU virtual address 0x2127d0000
[39m[39mDiligent Engine: Info: Created dynamic memory page. Size: 2.00 MB; GPU virtual address 0x2129f0000
[39m[39mDiligent Engine: Info: Created dynamic memory page. Size: 2.00 MB; GPU virtual address 0x212c80000
[39m[39mDiligent Engine: Info: Created dynamic memory page. Size: 2.00 MB; GPU virtual address 0x212ec0000
[39m[39mDiligent Engine: Info: Created dynamic memory page. Size: 1.00 MB; GPU virtual address 0x20d680000
[39m[39mDiligent Engine: Info: Created dynamic memory page. Size: 2.00 MB; GPU virtual address 0x213250000
[39m[39mDiligent Engine: Info: Created dynamic memory page. Size: 2.00 MB; GPU virtual address 0x213470000
[39m[39mDiligent Engine: Info: Created dynamic memory page. Size: 2.00 MB; GPU virtual address 0x2136b0000
[39m[39mDiligent Engine: Info: Created dynamic memory page. Size: 2.00 MB; GPU virtual address 0x213940000
[39m[39mDiligent Engine: Info: Created dynamic memory page. Size: 1.00 MB; GPU virtual address 0x20d780000
[39m[39mDiligent Engine: Info: Created dynamic memory page. Size: 2.00 MB; GPU virtual address 0x213cd0000
[39m[39mDiligent Engine: Info: Created dynamic memory page. Size: 2.00 MB; GPU virtual address 0x213ef0000
[39m[39mDiligent Engine: Info: Created dynamic memory page. Size: 2.00 MB; GPU virtual address 0x214130000
[39m[39mDiligent Engine: Info: Created dynamic memory page. Size: 2.00 MB; GPU virtual address 0x2143c0000
[39m[39mDiligent Engine: Info: Created dynamic memory page. Size: 1.00 MB; GPU virtual address 0x20d880000
[39m[39mDiligent Engine: Info: Created dynamic memory page. Size: 2.00 MB; GPU virtual address 0x214750000
[39m[39mDiligent Engine: Info: Created dynamic memory page. Size: 2.00 MB; GPU virtual address 0x214970000
[39m[39mDiligent Engine: Info: Created dynamic memory page. Size: 2.00 MB; GPU virtual address 0x214bb0000
[39m[39mDiligent Engine: Info: Created dynamic memory page. Size: 2.00 MB; GPU virtual address 0x214e40000
[39m[39mDiligent Engine: Info: Created dynamic memory page. Size: 1.00 MB; GPU virtual address 0x20d980000
[39m[39mDiligent Engine: Info: Created dynamic memory page. Size: 2.00 MB; GPU virtual address 0x2151d0000
[39m[39mDiligent Engine: Info: Created dynamic memory page. Size: 2.00 MB; GPU virtual address 0x215400000
[39m[39mDiligent Engine: Info: Created dynamic memory page. Size: 2.00 MB; GPU virtual address 0x215630000
[39m[39mDiligent Engine: Info: Created dynamic memory page. Size: 2.00 MB; GPU virtual address 0x2158c0000
[39m[39mDiligent Engine: Info: Created dynamic memory page. Size: 1.00 MB; GPU virtual address 0x20da80000
[39m[39mDiligent Engine: Info: Created dynamic memory page. Size: 2.00 MB; GPU virtual address 0x215c50000
[39m[39mDiligent Engine: Info: Created dynamic memory page. Size: 2.00 MB; GPU virtual address 0x215e70000
[39m[39mDiligent Engine: Info: Created dynamic memory page. Size: 2.00 MB; GPU virtual address 0x2160b0000
[39m[39mDiligent Engine: Info: Created dynamic memory page. Size: 2.00 MB; GPU virtual address 0x216340000
[39m[39mDiligent Engine: Info: Created dynamic memory page. Size: 1.00 MB; GPU virtual address 0x20db80000
[39m[39mDiligent Engine: Info: Created dynamic memory page. Size: 2.00 MB; GPU virtual address 0x2166f0000
[39m[39mDiligent Engine: Info: Created dynamic memory page. Size: 2.00 MB; GPU virtual address 0x216910000
[39m[39mDiligent Engine: Info: Created dynamic memory page. Size: 2.00 MB; GPU virtual address 0x216b50000
[39m[39mDiligent Engine: Info: Created dynamic memory page. Size: 2.00 MB; GPU virtual address 0x216dd0000
[39m[39mDiligent Engine: Info: Created dynamic memory page. Size: 1.00 MB; GPU virtual address 0x20dc80000
[39m[39mDiligent Engine: Info: Created dynamic memory page. Size: 2.00 MB; GPU virtual address 0x217160000
[39m[39mDiligent Engine: Info: Created dynamic memory page. Size: 2.00 MB; GPU virtual address 0x217380000
[39m[39mDiligent Engine: Info: Created dynamic memory page. Size: 2.00 MB; GPU virtual address 0x2175c0000
[39m[39mDiligent Engine: Info: Created dynamic memory page. Size: 2.00 MB; GPU virtual address 0x217850000
[39m[39mDiligent Engine: Info: Created dynamic memory page. Size: 1.00 MB; GPU virtual address 0x20dd80000
[39m[39mDiligent Engine: Info: Created dynamic memory page. Size: 2.00 MB; GPU virtual address 0x217be0000
[39m[39mDiligent Engine: Info: Created dynamic memory page. Size: 2.00 MB; GPU virtual address 0x217e00000
[39m[39mDiligent Engine: Info: Created dynamic memory page. Size: 2.00 MB; GPU virtual address 0x218040000
[39m[39mDiligent Engine: Info: Created dynamic memory page. Size: 2.00 MB; GPU virtual address 0x2182d0000
[39m[39mDiligent Engine: Info: Created dynamic memory page. Size: 1.00 MB; GPU virtual address 0x218660000
[39m[39mDiligent Engine: Info: Created dynamic memory page. Size: 2.00 MB; GPU virtual address 0x219660000
[39m[39mDiligent Engine: Info: Created dynamic memory page. Size: 2.00 MB; GPU virtual address 0x219880000
[39m[39mDiligent Engine: Info: Created dynamic memory page. Size: 2.00 MB; GPU virtual address 0x219ac0000
[39m[39mDiligent Engine: Info: Created dynamic memory page. Size: 2.00 MB; GPU virtual address 0x219d50000
[39m[39mDiligent Engine: Info: Created dynamic memory page. Size: 1.00 MB; GPU virtual address 0x218760000
[39m[39mDiligent Engine: Info: Created dynamic memory page. Size: 2.00 MB; GPU virtual address 0x21a0e0000
[39m[39mDiligent Engine: Info: Created dynamic memory page. Size: 2.00 MB; GPU virtual address 0x21a300000
[39m[39mDiligent Engine: Info: Created dynamic memory page. Size: 2.00 MB; GPU virtual address 0x21a540000
[39m[39mDiligent Engine: Info: Created dynamic memory page. Size: 2.00 MB; GPU virtual address 0x21a7d0000
[39m[39mDiligent Engine: Info: Created dynamic memory page. Size: 1.00 MB; GPU virtual address 0x218860000
[39m[39mDiligent Engine: Info: Created dynamic memory page. Size: 2.00 MB; GPU virtual address 0x21ab60000
[39m[39mDiligent Engine: Info: Created dynamic memory page. Size: 2.00 MB; GPU virtual address 0x21ad80000
[39m[39mDiligent Engine: Info: Created dynamic memory page. Size: 2.00 MB; GPU virtual address 0x21afc0000
[39m[39mDiligent Engine: Info: Created dynamic memory page. Size: 2.00 MB; GPU virtual address 0x21b250000
[39m[39mDiligent Engine: Info: Created dynamic memory page. Size: 1.00 MB; GPU virtual address 0x218960000
[39m[39mDiligent Engine: Info: Created dynamic memory page. Size: 2.00 MB; GPU virtual address 0x21b5e0000
[39m[39mDiligent Engine: Info: Created dynamic memory page. Size: 2.00 MB; GPU virtual address 0x21b800000
[39m[39mDiligent Engine: Info: Created dynamic memory page. Size: 2.00 MB; GPU virtual address 0x21ba50000
[39m[39mDiligent Engine: Info: Created dynamic memory page. Size: 2.00 MB; GPU virtual address 0x21bcd0000
[39m[39mDiligent Engine: Info: Created dynamic memory page. Size: 1.00 MB; GPU virtual address 0x218a60000
[39m[39mDiligent Engine: Info: Created dynamic memory page. Size: 2.00 MB; GPU virtual address 0x21c060000
[39m[39mDiligent Engine: Info: Created dynamic memory page. Size: 2.00 MB; GPU virtual address 0x21c280000
[39m[39mDiligent Engine: Info: Created dynamic memory page. Size: 2.00 MB; GPU virtual address 0x21c4c0000
[39m[39mDiligent Engine: Info: Created dynamic memory page. Size: 2.00 MB; GPU virtual address 0x21c750000
[39m[39mDiligent Engine: Info: Created dynamic memory page. Size: 1.00 MB; GPU virtual address 0x218b60000
[39m[39mDiligent Engine: Info: Created dynamic memory page. Size: 2.00 MB; GPU virtual address 0x21cae0000
[39m[39mDiligent Engine: Info: Created dynamic memory page. Size: 2.00 MB; GPU virtual address 0x21cd00000
[39m[39mDiligent Engine: Info: Created dynamic memory page. Size: 2.00 MB; GPU virtual address 0x21cf40000
[39m[39mDiligent Engine: Info: Created dynamic memory page. Size: 2.00 MB; GPU virtual address 0x21d1d0000
[39m[39mDiligent Engine: Info: Created dynamic memory page. Size: 1.00 MB; GPU virtual address 0x218c60000
[39m[39mDiligent Engine: Info: Created dynamic memory page. Size: 2.00 MB; GPU virtual address 0x21d560000
[39m[39mDiligent Engine: Info: Created dynamic memory page. Size: 2.00 MB; GPU virtual address 0x21d780000
[39m[39mDiligent Engine: Info: Created dynamic memory page. Size: 2.00 MB; GPU virtual address 0x21d9c0000
[39m[39mDiligent Engine: Info: Created dynamic memory page. Size: 2.00 MB; GPU virtual address 0x21dc50000
[39m[39mDiligent Engine: Info: Created dynamic memory page. Size: 1.00 MB; GPU virtual address 0x218d60000
[39m[39mDiligent Engine: Info: Created dynamic memory page. Size: 2.00 MB; GPU virtual address 0x21dfe0000
[39m[39mDiligent Engine: Info: Created dynamic memory page. Size: 2.00 MB; GPU virtual address 0x21e200000
[39m[39mDiligent Engine: Info: Created dynamic memory page. Size: 2.00 MB; GPU virtual address 0x21e450000
[39m[39mDiligent Engine: Info: Created dynamic memory page. Size: 2.00 MB; GPU virtual address 0x21e6d0000
[39m[39mDiligent Engine: Info: Created dynamic memory page. Size: 1.00 MB; GPU virtual address 0x218e60000
[39m[39mDiligent Engine: Info: Created dynamic memory page. Size: 2.00 MB; GPU virtual address 0x21ea80000
[39m[39mDiligent Engine: Info: Created dynamic memory page. Size: 2.00 MB; GPU virtual address 0x21ecb0000
[39m[39mDiligent Engine: Inf