log          4304 lines since this driver load, 3280 lost to the wrap, 7 dropped above DISPATCH_LEVEL; ring 1024 lines of which the first 256 are kept; table FULL WDDM (the gate was open at DriverEntry)
     0      0.004 stage 10
     1      0.004 gate: EnableFullWddm 1 (one shot: closed again on disk)
     2      0.006 stage 20
     3      0.236 stage 30
     4      0.238 stage 31
     5      0.240 stage 32
     6      0.240 post display 1920x1200 pitch 7680 format 22 target 2424833
     7      0.240 stage 33
     8      0.242 stage 34
     9      0.242 interrupt resource 1: message, vector 0x80, flags 0x3
    10      0.242 mmio: BAR5 at 0xFE800000 mapped, writes off, dcn writes allowed, vidpn flip allowed
    11      0.242 vram: 0x270000000 + 0x200000000, MC 0xF400000000, BAR0 0xC0000000 + 0x10000000, writes allowed
    12      0.242 fb sample mapped: phys 0xC0000000 first 0x00000000 mid 0x00000000
    13      0.242 fb sample physical: 0x270000000 first 0x00000000 mid 0x00000000
    14      0.242 gart: ready, dummy page at 0x26FFFA000
    15      0.242 psp: ready
    16      0.242 gpumem: ready, doorbells at 0xD0000000
    17      0.242 gfx: ready, GPU submission allowed, paging node allowed
    18      0.242 ih: ready
    19      0.246 vidmm: logical paging state 515 tables, 1031 slots, 4767344 bytes reserved
    20      0.250 vidmm: table segment 3 at physical 0x45E150000 + 0xFEB0000, host memory below 0x270000000, updates are WRITTEN
    21      0.250 startup: entering interrupt connection
    22      0.254 startup: entering firmware preparation
    23      0.258 gfx: CP_ME_CNTL 0x15000000, CP_MEC_CNTL 0x50000000, SDMA0/1_F32_CNTL 0x1 0x1
    24      0.258 gfx: unpublished translation bootstrap entered with engines halted
    25      0.258 gfx: RLC before-gart-initialization CNTL 0x00000000 read 0x00000000 STATUS2 0x00000008 read 0x00000000
    26      0.258 gfx: GRBM before-gart-initialization STATUS 0x00003028 read 0x00000000
    27      0.258 startup: entering GART initialization
    28      0.272 gart: startup startup-after-gfxhub-enable sample 0x00000000 fault 0x00000000
    29      0.272 gfx: RLC startup-after-gfxhub-enable CNTL 0x00000000 read 0x00000000 STATUS2 0x00000008 read 0x00000000
    30      0.272 gfx: GRBM startup-after-gfxhub-enable STATUS 0x00003028 read 0x00000000
    31      0.272 gart: startup startup-after-mmhub-enable sample 0x00000000 fault 0x00000000
    32      0.272 gfx: RLC startup-after-mmhub-enable CNTL 0x00000000 read 0x00000000 STATUS2 0x00000008 read 0x00000000
    33      0.272 gfx: GRBM startup-after-mmhub-enable STATUS 0x00003028 read 0x00000000
    34      0.272 gart: startup startup-after-fault-defaults sample 0x00000000 fault 0x00000000
    35      0.272 gfx: RLC startup-after-fault-defaults CNTL 0x00000000 read 0x00000000 STATUS2 0x00000008 read 0x00000000
    36      0.272 gfx: GRBM startup-after-fault-defaults STATUS 0x00003028 read 0x00000000
    37      0.272 gart: startup bootstrap-after-mmhub-flush sample 0x00000000 fault 0x00000000
    38      0.272 gfx: RLC bootstrap-after-mmhub-flush CNTL 0x00000000 read 0x00000000 STATUS2 0x00000008 read 0x00000000
    39      0.272 gfx: GRBM bootstrap-after-mmhub-flush STATUS 0x00003028 read 0x00000000
    40      0.272 gart: op 1 -> 0x00000000 (-), result 0, 284 writes, fault offset 0x00000
    41      0.272 gfx: RLC before-psp CNTL 0x00000000 read 0x00000000 STATUS2 0x00000008 read 0x00000000
    42      0.272 gfx: GRBM before-psp STATUS 0x00003028 read 0x00000000
    43      0.272 startup: entering PSP initialization
    44      0.324 gfx: RLC before-psp-ring-create CNTL 0x00000000 read 0x00000000 STATUS2 0x00000008 read 0x00000000
    45      0.324 gfx: GRBM before-psp-ring-create STATUS 0x00003028 read 0x00000000
    46      0.346 gfx: RLC after-psp-ring-create CNTL 0x00000000 read 0x00000000 STATUS2 0x00000008 read 0x00000000
    47      0.346 gfx: GRBM after-psp-ring-create STATUS 0x00003028 read 0x00000000
    48      0.346 amdgpu[0]: reserve 0x400000 from 0xf5ff800000 for PSP TMR

    49      0.346 psp: command 1 (id 5, type 0, 4194304 bytes): rc 0, status 0x0, 255 us, in TMR at 0x0
    50      0.346 gfx: RLC after-psp-command CNTL 0x00000000 read 0x00000000 STATUS2 0x00000008 read 0x00000000
    51      0.346 gfx: GRBM after-psp-command STATUS 0x00003028 read 0x00000000
    52      0.348 psp: command 2 (id 6, type 9, 33536 bytes): rc 0, status 0x0, 1894 us, in TMR at 0x0
    53      0.348 gfx: RLC after-psp-command CNTL 0x00000000 read 0x00000000 STATUS2 0x01000008 read 0x00000000
    54      0.348 gfx: GRBM after-psp-command STATUS 0x00003028 read 0x00000000
    55      0.350 psp: command 3 (id 6, type 10, 33536 bytes): rc 0, status 0x0, 1890 us, in TMR at 0x0
    56      0.350 gfx: RLC after-psp-command CNTL 0x00000000 read 0x00000000 STATUS2 0x01000008 read 0x00000000
    57      0.350 gfx: GRBM after-psp-command STATUS 0x00003028 read 0x00000000
    58      0.356 psp: command 4 (id 6, type 3, 263040 bytes): rc 0, status 0x0, 5920 us, in TMR at 0xF5FF842000
    59      0.356 gfx: RLC after-psp-command CNTL 0x00000000 read 0x00000000 STATUS2 0x01000008 read 0x00000000
    60      0.356 gfx: GRBM after-psp-command STATUS 0x00003028 read 0x00000000
    61      0.362 psp: command 5 (id 6, type 2, 263168 bytes): rc 0, status 0x0, 5888 us, in TMR at 0xF5FF883000
    62      0.362 gfx: RLC after-psp-command CNTL 0x00000000 read 0x00000000 STATUS2 0x01000008 read 0x00000000
    63      0.362 gfx: GRBM after-psp-command STATUS 0x00003028 read 0x00000000
    64      0.368 psp: command 6 (id 6, type 1, 263168 bytes): rc 0, status 0x0, 5912 us, in TMR at 0xF5FF8C4000
    65      0.368 gfx: RLC after-psp-command CNTL 0x00000000 read 0x00000000 STATUS2 0x01000008 read 0x00000000
    66      0.368 gfx: GRBM after-psp-command STATUS 0x00003028 read 0x00000000
    67      0.374 psp: command 7 (id 6, type 4, 267440 bytes): rc 0, status 0x0, 6013 us, in TMR at 0xF5FF800000
    68      0.374 gfx: RLC after-psp-command CNTL 0x00000000 read 0x00000000 STATUS2 0x01000008 read 0x00000000
    69      0.374 gfx: GRBM after-psp-command STATUS 0x00003028 read 0x00000000
    70      0.374 psp: command 8 (id 6, type 5, 896 bytes): rc 0, status 0x0, 130 us, in TMR at 0x0
    71      0.374 gfx: RLC after-psp-command CNTL 0x00000000 read 0x00000000 STATUS2 0x01000008 read 0x00000000
    72      0.374 gfx: GRBM after-psp-command STATUS 0x00003028 read 0x00000000
    73      0.380 psp: command 9 (id 6, type 4, 267440 bytes): rc 0, status 0x0, 6013 us, in TMR at 0xF5FF800000
    74      0.380 gfx: RLC after-psp-command CNTL 0x00000000 read 0x00000000 STATUS2 0x01000008 read 0x00000000
    75      0.380 gfx: GRBM after-psp-command STATUS 0x00003028 read 0x00000000
    76      0.380 psp: command 10 (id 6, type 6, 896 bytes): rc 0, status 0x0, 130 us, in TMR at 0x0
    77      0.380 gfx: RLC after-psp-command CNTL 0x00000000 read 0x00000000 STATUS2 0x01000008 read 0x00000000
    78      0.380 gfx: GRBM after-psp-command STATUS 0x00003028 read 0x00000000
    79      0.382 psp: command 11 (id 6, type 8, 25088 bytes): rc 0, status 0x0, 1739 us, in TMR at 0x0
    80      0.382 gfx: RLC after-psp-command CNTL 0x00000000 read 0x00000000 STATUS2 0x01000008 read 0x00000000
    81      0.382 gfx: GRBM after-psp-command STATUS 0x00003028 read 0x00000000
    82      0.382 psp: op 1 -> 0x00000000, result 0, 15 writes, 11 of 11 commands
    83      0.382 gfx: RLC after-psp CNTL 0x00000000 read 0x00000000 STATUS2 0x01000008 read 0x00000000
    84      0.382 gfx: GRBM after-psp STATUS 0x00003028 read 0x00000000
    85      0.382 startup: entering IH initialization
    86      0.386 ih: init: rc 0, 18 writes
    87      0.386 ih: op 1 -> 0x00000000, result 0, 19 writes; 0 interrupt routine calls, 0 ours, 0 DPCs, 0 vectors; status idle 1 input_idle 1 bif_interrupt_line 0
    88      0.386 startup: entering GFX initialization
    89      0.388 startup: entering GFX stage 1
    90      0.390 gfx: RLC startup policy pp_gfxoff 0
    91      0.394 gfx: stage 1 (doorbell aperture): rc 0, 49 writes so far, 1 us
    92      0.394 gfx: op 1 to stage 1 -> 0x00000000, result 0, 49 writes, 0 doorbells
    93      0.396 startup: entering GFX stage 2
    94      0.398 gfx: stage 2 (golden registers): rc 0, 34 writes so far, 26 us
    95      0.398 gfx: op 1 to stage 2 -> 0x00000000, result 0, 34 writes, 0 doorbells
    96      0.400 startup: entering GFX stage 3
    97      0.404 gfx: stage 3 (GRBM CAM probe): rc 0, 3 writes so far, 4 us
    98      0.404 gfx: op 1 to stage 3 -> 0x00000000, result 0, 3 writes, 0 doorbells
    99      0.406 startup: entering GFX stage 4
   100      0.408 gfx: stage 4 (constants): rc 0, 157 writes so far, 63 us
   101      0.408 gfx: op 1 to stage 4 -> 0x00000000, result 0, 157 writes, 0 doorbells
   102      0.412 startup: entering GFX stage 5
   103      0.414 startup: RLC boundary acquire-paging-lock
   104      0.418 startup: RLC boundary acquire-gart-lock
   105      0.420 startup: RLC boundary locks-acquired
   106      0.424 startup: RLC boundary before-rlc-resume
   107      0.426 startup: RLC boundary after-rlc-resume
   108      0.428 startup: RLC boundary before-gfx-visibility
   109      0.432 gpumem: GFXHUB after-invalidate-request sample 0x00F80001 fault 0x00000000
   110      0.434 startup: visibility observer returned after-invalidate-request
   111      0.436 gpumem: GFXHUB after-invalidate-request-read sample 0x00F80001 fault 0x00000000
   112      0.440 startup: visibility observer returned after-invalidate-request-read
   113      0.442 gpumem: GFXHUB after-invalidate-ack sample 0x00000001 fault 0x00000000
   114      0.444 startup: visibility observer returned after-invalidate-ack
   115      0.448 startup: visibility GFX returned 0, entering MMHUB
   116      0.452 startup: visibility MMHUB returned 0
   117      0.456 gpumem: startup GFX translations committed after RLC, before CP
   118      0.458 gfx: RLC after-bootstrap-translation-commit CNTL 0x00000001 read 0x00000000 STATUS2 0x00000008 read 0x00000000
   119      0.458 gfx: GRBM after-bootstrap-translation-commit STATUS 0x00003028 read 0x00000000
   120      0.458 startup: visibility publication observer returned
   121      0.462 startup: RLC boundary after-gfx-visibility
   122      0.464 gfx: stage 5 (RLC): rc 0, 11 writes so far, 40881 us
   123      0.464 gfx: op 1 to stage 5 -> 0x00000000, result 0, 11 writes, 0 doorbells
   124      0.468 startup: entering GFX stage 6
   125      0.470 startup: entering CP step 1
   126      0.472 startup: CP1 checkpoint acquire-paging-lock
   127      0.476 startup: CP1 checkpoint acquire-gart-lock
   128      0.478 startup: CP1 checkpoint locks-acquired
   129      0.482 amdgpu[0]: CP resume kiq-init begin

   130      0.482 startup: CP1 checkpoint scheduler
   131      0.484 startup: CP1 checkpoint scheduler-read
   132      0.488 startup: CP1 checkpoint scheduler-write
   133      0.490 startup: CP1 checkpoint scheduler-done
   134      0.494 startup: CP1 checkpoint clear-mqd
   135      0.498 startup: CP1 checkpoint select-queue
   136      0.500 startup: CP1 checkpoint build-mqd
   137      0.504 startup: CP1 checkpoint disable-wptr-poll
   138      0.506 startup: CP1 checkpoint read-active
   139      0.508 startup: CP1 checkpoint program-hqd
   140      0.512 startup: CP1 checkpoint activate-hqd
   141      0.514 startup: CP1 checkpoint restore-selection
   142      0.518 startup: CP1 checkpoint complete
   143      0.520 amdgpu[0]: CP resume kiq-init end result=0

   144      0.520 gfx: CP step 1: rc 0, 27 writes, 38709 us
   145      0.520 gfx: op 1 to stage 6 -> 0x00000000, result 0, 27 writes, 0 doorbells
   146      0.520 startup: CP step 1 returned 0x00000000 result 0
   147      0.524 startup: entering CP step 2
   148      0.526 amdgpu[0]: CP resume compute-unhalt begin

   149      0.526 amdgpu[0]: CP resume compute-unhalt end

   150      0.526 amdgpu[0]: CP resume kcq-init ring=0 begin

   151      0.526 amdgpu[0]: CP resume kcq-init ring=0 end result=0

   152      0.526 amdgpu[0]: CP resume kcq-init ring=1 begin

   153      0.526 amdgpu[0]: CP resume kcq-init ring=1 end result=0

   154      0.526 amdgpu[0]: CP resume kcq-init ring=2 begin

   155      0.526 amdgpu[0]: CP resume kcq-init ring=2 end result=0

   156      0.526 amdgpu[0]: CP resume kcq-init ring=3 begin

   157      0.526 amdgpu[0]: CP resume kcq-init ring=3 end result=0

   158      0.526 amdgpu[0]: CP resume kcq-init ring=4 begin

   159      0.526 amdgpu[0]: CP resume kcq-init ring=4 end result=0

   160      0.528 amdgpu[0]: CP resume kcq-init ring=5 begin

   161      0.528 amdgpu[0]: CP resume kcq-init ring=5 end result=0

   162      0.528 amdgpu[0]: CP resume kcq-init ring=6 begin

   163      0.528 amdgpu[0]: CP resume kcq-init ring=6 end result=0

   164      0.528 amdgpu[0]: CP resume kcq-init ring=7 begin

   165      0.528 amdgpu[0]: CP resume kcq-init ring=7 end result=0

   166      0.528 gfx: CP step 2: rc 0, 17 writes, 494 us
   167      0.528 gfx: op 1 to stage 6 -> 0x00000000, result 0, 17 writes, 0 doorbells
   168      0.528 startup: CP step 2 returned 0x00000000 result 0
   169      0.530 startup: entering CP step 3
   170      0.534 amdgpu[0]: CP resume kcq-enable begin

   171      0.534 amdgpu[0]: CP resume kcq-enable end result=0

   172      0.534 gfx: CP step 3: rc 0, 1 writes, 62 us
   173      0.534 gfx: op 1 to stage 6 -> 0x00000000, result 0, 1 writes, 2 doorbells
   174      0.534 startup: CP step 3 returned 0x00000000 result 0
   175      0.538 startup: entering CP step 4
   176      0.540 amdgpu[0]: CP resume kgq-init ring=0 begin

   177      0.540 amdgpu[0]: CP resume kgq-init ring=0 end result=0

   178      0.540 gfx: CP step 4: rc 0, 4 writes, 40 us
   179      0.540 gfx: op 1 to stage 6 -> 0x00000000, result 0, 4 writes, 0 doorbells
   180      0.540 startup: CP step 4 returned 0x00000000 result 0
   181      0.544 startup: entering CP step 5
   182      0.546 amdgpu[0]: CP resume kgq-enable begin

   183      0.546 amdgpu[0]: CP resume kgq-enable end result=0

   184      0.546 gfx: CP step 5: rc 0, 1 writes, 34 us
   185      0.546 gfx: op 1 to stage 6 -> 0x00000000, result 0, 1 writes, 2 doorbells
   186      0.546 startup: CP step 5 returned 0x00000000 result 0
   187      0.550 startup: entering CP step 6
   188      0.552 amdgpu[0]: CP resume gfx-start begin

   189      0.552 amdgpu[0]: CP resume gfx-start end result=0

   190      0.552 gfx: CP step 6: rc 0, 3 writes, 35 us
   191      0.552 gfx: op 1 to stage 6 -> 0x00000000, result 0, 3 writes, 1 doorbells
   192      0.552 startup: CP step 6 returned 0x00000000 result 0
   193      0.556 startup: entering CP step 7
   194      0.558 amdgpu[0]: CP resume gfx-test ring=0 begin

   195      0.558 amdgpu[0]: CP resume gfx-test ring=0 end result=0

   196      0.558 gfx: CP step 7: rc 0, 1 writes, 27 us
   197      0.558 gfx: op 1 to stage 6 -> 0x00000000, result 0, 1 writes, 1 doorbells
   198      0.558 startup: CP step 7 returned 0x00000000 result 0
   199      0.560 startup: entering CP step 8
   200      0.564 amdgpu[0]: CP resume compute-test ring=0 begin

   201      0.564 amdgpu[0]: CP resume compute-test ring=0 end result=0

   202      0.564 amdgpu[0]: CP resume compute-test ring=1 begin

   203      0.564 amdgpu[0]: CP resume compute-test ring=1 end result=0

   204      0.564 amdgpu[0]: CP resume compute-test ring=2 begin

   205      0.564 amdgpu[0]: CP resume compute-test ring=2 end result=0

   206      0.564 amdgpu[0]: CP resume compute-test ring=3 begin

   207      0.564 amdgpu[0]: CP resume compute-test ring=3 end result=0

   208      0.564 amdgpu[0]: CP resume compute-test ring=4 begin

   209      0.564 amdgpu[0]: CP resume compute-test ring=4 end result=0

   210      0.564 amdgpu[0]: CP resume compute-test ring=5 begin

   211      0.564 amdgpu[0]: CP resume compute-test ring=5 end result=0

   212      0.564 amdgpu[0]: CP resume compute-test ring=6 begin

   213      0.564 amdgpu[0]: CP resume compute-test ring=6 end result=0

   214      0.564 amdgpu[0]: CP resume compute-test ring=7 begin

   215      0.564 amdgpu[0]: CP resume compute-test ring=7 end result=0

   216      0.564 gfx: CP step 8: rc 0, 8 writes, 164 us
   217      0.564 gfx: op 1 to stage 6 -> 0x00000000, result 0, 8 writes, 8 doorbells
   218      0.564 startup: CP step 8 returned 0x00000000 result 0
   219      0.570 startup: entering GFX stage 7
   220      0.574 gfx: stage 7 (SDMA): rc 0, 93 writes so far, 183 us
   221      0.574 gfx: op 1 to stage 7 -> 0x00000000, result 0, 93 writes, 2 doorbells
   222      0.576 startup: entering GFX stage 8
   223      0.580 gfx: stage 8 (interrupt sources): rc 0, 35 writes so far, 25 us
   224      0.580 gfx: paging node ready, SDMA0 doorbell 0x200, per-buffer private commands
   225      0.580 gfx: op 1 to stage 8 -> 0x00000000, result 0, 35 writes, 0 doorbells
   226      0.584 startup: both engines ready
   227      0.588 startup: attempted 0xF completed 0xF status 0x00000000 ready 1 unwind 0 quarantine 0
   228      0.588 wddm: GPU initialized before adapter admission
   229      0.588 wddm: callbacks sync 1 notify 1 queuedpc 1 notifydpc 1, interface 312 of 312 bytes
   230      0.588 stage 35
   231      0.588 stage 39
   232      0.588 wddm: display QueryChildRelations call 1 detail 0x38 -> 0x00000000
   233      0.590 wddm: DRIVERCAPS into 576 bytes: wddm 8192 sched 0x45 mm 0x60 flip 0x12 slots 0 tdr 1 dflip 1 rot 1
   234      0.590 wddm: QueryAdapterInfo type 1 in 0 out 576 -> 0x00000000
   235      0.590 wddm: QueryAdapterInfo type 15 in 4 out 20 -> 0xC00000BB
   236      0.590 wddm: QueryAdapterInfo type 47 in 0 out 4 -> 0xC00000BB
   237      0.590 wddm: QueryAdapterInfo type 13 in 4 out 24 -> 0x00000000
   238      0.590 wddm: QueryAdapterInfo type 14 in 4 out 20 -> 0x00000000
   239      0.590 wddm: QueryAdapterInfo type 14 in 4 out 20 -> 0x00000000
   240      0.590 wddm: QueryAdapterInfo type 14 in 4 out 20 -> 0x00000000
   241      0.590 wddm: QueryAdapterInfo type 14 in 4 out 20 -> 0x00000000
   242      0.590 wddm: GetNodeMetadata node 0 adapter 0
   243      0.590 wddm: GetNodeMetadata node 1 adapter 0
   244      0.590 wddm: QUERYSEGMENT4 pass 1: 3 segment(s)
   245      0.590 wddm: QUERYSEGMENT4 pass 2: 3 segment(s), stride 104, paging buffer segment 0, 65536 bytes
   246      0.590 wddm: segment 1 flags 0x00080404 gpu 0xF4008D0000 cpu 0x2708D0000 size 0x1ED880000
   247      0.590 wddm: QueryAdapterInfo type 16 in 0 out 4 -> 0xC00000BB
   248      0.592 wddm: CreateProcess flags 0x00000001 pasids 1
   249      0.592 wddm: CreateDevice flags 0x00000001 pasid 0
   250      0.592 wddm: CreateDevice flags 0x00000001 pasid 0
   251      0.630 wddm: capture reservation ready 22020400 bytes
   252      0.630 wddm: CreateContext node 1 engine 0x1 flags 0x00000005 private 0
   253      0.630 wddm: CreateContext answered dma 4096 bytes segment set 0x2, lists 256/0, caps 0x00000001
   254      0.630 wddm: BuildPagingBuffer operation 11 segment 0, 65536 bytes free, pass offset 0
   255      0.630 vidmm: table physical cache query pa 0x45E153000 status 0xC0000141 type 6; retained map requests NC; borrowed VA attributes unproven
  3536    156.754 fbdump: hubp 0 rows 320..383 of 1200, pitch 7680, address 0x271CBC000
  3537    156.776 fbdump: hubp 0 rows 384..447 of 1200, pitch 7680, address 0x270BA0000
  3538    156.802 fbdump: hubp 0 rows 448..511 of 1200, pitch 7680, address 0x270C18000
  3539    156.822 fbdump: hubp 0 rows 512..575 of 1200, pitch 7680, address 0x270C90000
  3540    156.842 fbdump: hubp 0 rows 576..639 of 1200, pitch 7680, address 0x2715D2000
  3541    157.150 fbdump: hubp 0 rows 640..703 of 1200, pitch 7680, address 0x27164A000
  3542    157.158 wddm summary: ---- DDI calls: name, count, first log line ----
  3543    157.158 wddm summary: QueryAdapterInfo                   12  first at 234
  3544    157.158 wddm summary: GetNodeMetadata                     2  first at 242
  3545    157.158 wddm summary: CreateDevice                       13  first at 249
  3546    157.158 wddm summary: DestroyDevice                       5  first at 734
  3547    157.158 wddm summary: CreateContext                      11  first at 252
  3548    157.158 wddm summary: DestroyContext                      5  first at 733
  3549    157.158 wddm summary: CreateProcess                       8  first at 248
  3550    157.158 wddm summary: DestroyProcess                      3  first at 1543
  3551    157.158 wddm summary: SetRootPageTable                    3  first at 274
  3552    157.158 wddm summary: CreateAllocation                   13  first at 311
  3553    157.158 wddm summary: DestroyAllocation                   5  first at 974
  3554    157.158 wddm summary: DescribeAllocation                327  first at 366
  3555    157.158 wddm summary: GetStandardAllocationDriverData      6  first at 309
  3556    157.158 wddm summary: OpenAllocation                     16  first at 313
  3557    157.158 wddm summary: CloseAllocation                     6  first at 973
  3558    157.158 wddm summary: BuildPagingBuffer                2031  first at 254
  3559    157.158 wddm summary: SubmitCommandVirtual              805  first at 294
  3560    157.158 wddm summary: Present                           324  first at 714
  3561    157.158 wddm summary: SetVidPnSourceAddress             284  first at 419
  3562    157.158 wddm summary: ControlInterrupt                    3  first at 729
  3563    157.158 wddm summary: ---- QueryAdapterInfo types: type, count, first log line ----
  3564    157.158 wddm summary: adapter info type   1       1  first at 234
  3565    157.158 wddm summary: adapter info type  15       1  first at 235
  3566    157.158 wddm summary: adapter info type  47       1  first at 236
  3567    157.158 wddm summary: adapter info type  13       1  first at 237
  3568    157.158 wddm summary: adapter info type  14       4  first at 238
  3569    157.158 wddm summary: adapter info type  11       2  first at 245
  3570    157.158 wddm summary: adapter info type  10       1  first at 247
  3571    157.158 wddm summary: adapter info type  16       1  first at 247
  3572    157.158 wddm summary: capture plans reserved 2 heap 0
  3573    157.158 wddm summary: capture context peaks plans 1 reserved-bytes 189304
  3574    157.158 wddm summary: ---- BuildPagingBuffer operations: operation, count, first log line ----
  3575    157.158 wddm summary: paging operation  11    1482  first at 254
  3576    157.158 wddm summary: paging operation  12      69  first at 302
  3577    157.158 wddm summary: paging operation   9     102  first at 321
  3578    157.158 wddm summary: paging operation   2       1  first at 968
  3579    157.158 wddm summary: paging operation   8     377  first at 988
  3580    157.158 wddm summary: objects created/destroyed: dev 13/5 ctx 11/5 proc 8/3 alloc 13/5, 48 alive
  3581    157.158 wddm summary: allocations opened/closed: 16/6 calls
  3582    157.158 wddm summary: submissions 0 physical + 805 virtual, 0 preemptions, last completed fence 43
  3583    157.158 wddm summary: node 0 hardware: 0 submitted, 0 completed, 0 timeouts, 0 refused
  3584    157.158 wddm summary: umd: 0 allocs (0 refused), 0 contexts, 0 submits on the ring, 0 not run
  3585    157.158 wddm profile: umd calls 0, elapsed ticks 0, QPC frequency 10000000
  3586    157.158 wddm profile: probe enabled 0, calls 0, elapsed ticks 0 (included in umd)
  3587    157.158 wddm summary: node 1 (paging, open): 762 hardware submitted, 762 completed, 0 timeouts, 0 refused
  3588    157.158 wddm summary: SubmitCommandVirtual by node: 0: 43, 1: 762, 0 private-buffer refusals
  3589    157.158 wddm summary: BuildPagingBuffer: 2 transfers, 102 fills, 94617600 bytes, 664 insufficient-buffer
  3590    157.158 wddm summary: aperture map batches 0, unmap batches 0
  3591    157.158 wddm summary: paging TLB invalidations 69, PTE update batches 442
  3592    157.158 wddm summary: paging unsupported (not ready/no root/no translation/system memory/not contiguous) 0/0/0/0/0
  3593    157.158 wddm summary: presents 324, flips 282 of 284 address calls (281 arrived above DISPATCH_LEVEL)
  3594    157.158 wddm summary: blit gate open, 43 blits, 0 skips, 43 sources translated contiguous
  3595    157.158 wddm summary: blit destination: 0 to the flipped surface, 0 to the POST framebuffer (0 a failed-mapping fallback), 24 scanout remaps (0 failed), last blit 480 
  3596    157.158 wddm summary: widest blit 747 rows
  3597    157.158 wddm summary: last blit reading 3, 640x480 pitch 2560, 1 rectangles, source physical 0x27232E000
  3598    157.158 wddm summary: vsync enabled, 0 ticks, 8184 reported to dxgkrnl
  3599    157.158 wddm summary: vidpn flip open: 282 hardware flips, 0 refused, 1 hardware vsyncs armed 9364 acked 0 refused 0 deferred (flip still pending)
  3600    157.158 wddm summary: no TDR (ResetEngine, ResetFromTimeout and RestartFromTimeout were never called)
  3601    157.158 wddm summary: CollectDbgInfo called 0 time(s) since the driver was loaded
  3602    157.158 vidmm summary: level 0: 1024 calls, 262656 entries, 512 valid
  3603    157.158 vidmm summary: level 1: 2 calls, 1024 entries, 512 valid
  3604    157.158 vidmm summary: level 2: 1 calls, 512 entries, 2 valid
  3605    157.158 vidmm summary: level 3: 1 calls, 512 entries, 1 valid
  3606    157.158 vidmm summary: system leaf encoding coherent 0 noncoherent 16696 snoop mismatches 0
  3607    157.158 vidmm summary: 1028 cpu-virtual calls, 0 gpu-physical calls
  3608    157.158 vidmm summary: 264704 entries written (EnableGpuVa open), 0 refused, 0 bad calls, 3 roots
  3609    157.178 fbdump: hubp 0 rows 704..767 of 1200, pitch 7680, address 0x271F8C000
  3610    157.198 fbdump: hubp 0 rows 768..831 of 1200, pitch 7680, address 0x272004000
  3611    157.218 fbdump: hubp 0 rows 832..895 of 1200, pitch 7680, address 0x27207C000
  3612    157.239 fbdump: hubp 0 rows 896..959 of 1200, pitch 7680, address 0x2720F4000
  3613    157.547 fbdump: hubp 0 rows 960..1023 of 1200, pitch 7680, address 0x270FD8000
  3614    157.569 fbdump: hubp 0 rows 1024..1087 of 1200, pitch 7680, address 0x271050000
  3615    157.591 fbdump: hubp 0 rows 1088..1151 of 1200, pitch 7680, address 0x2710C8000
  3616    157.605 fbdump: hubp 0 rows 1152..1199 of 1200, pitch 7680, address 0x271A0A000
  3617    162.745 wddm summary: ---- DDI calls: name, count, first log line ----
  3618    162.745 wddm summary: QueryAdapterInfo                   12  first at 234
  3619    162.745 wddm summary: GetNodeMetadata                     2  first at 242
  3620    162.745 wddm summary: CreateDevice                       13  first at 249
  3621    162.745 wddm summary: DestroyDevice                       5  first at 734
  3622    162.745 wddm summary: CreateContext                      11  first at 252
  3623    162.745 wddm summary: DestroyContext                      5  first at 733
  3624    162.745 wddm summary: CreateProcess                       8  first at 248
  3625    162.745 wddm summary: DestroyProcess                      3  first at 1543
  3626    162.745 wddm summary: SetRootPageTable                    3  first at 274
  3627    162.745 wddm summary: CreateAllocation                   13  first at 311
  3628    162.745 wddm summary: DestroyAllocation                   5  first at 974
  3629    162.745 wddm summary: DescribeAllocation                388  first at 366
  3630    162.745 wddm summary: GetStandardAllocationDriverData      6  first at 309
  3631    162.745 wddm summary: OpenAllocation                     16  first at 313
  3632    162.745 wddm summary: CloseAllocation                     6  first at 973
  3633    162.745 wddm summary: BuildPagingBuffer                2031  first at 254
  3634    162.745 wddm summary: SubmitCommandVirtual              820  first at 294
  3635    162.745 wddm summary: Present                           385  first at 714
  3636    162.745 wddm summary: SetVidPnSourceAddress             330  first at 419
  3637    162.745 wddm summary: ControlInterrupt                    3  first at 729
  3638    162.745 wddm summary: ---- QueryAdapterInfo types: type, count, first log line ----
  3639    162.745 wddm summary: adapter info type   1       1  first at 234
  3640    162.745 wddm summary: adapter info type  15       1  first at 235
  3641    162.745 wddm summary: adapter info type  47       1  first at 236
  3642    162.745 wddm summary: adapter info type  13       1  first at 237
  3643    162.745 wddm summary: adapter info type  14       4  first at 238
  3644    162.747 wddm summary: adapter info type  11       2  first at 245
  3645    162.747 wddm summary: adapter info type  10       1  first at 247
  3646    162.747 wddm summary: adapter info type  16       1  first at 247
  3647    162.747 wddm summary: capture plans reserved 2 heap 0
  3648    162.747 wddm summary: capture context peaks plans 1 reserved-bytes 189304
  3649    162.747 wddm summary: ---- BuildPagingBuffer operations: operation, count, first log line ----
  3650    162.747 wddm summary: paging operation  11    1482  first at 254
  3651    162.747 wddm summary: paging operation  12      69  first at 302
  3652    162.747 wddm summary: paging operation   9     102  first at 321
  3653    162.747 wddm summary: paging operation   2       1  first at 968
  3654    162.747 wddm summary: paging operation   8     377  first at 988
  3655    162.747 wddm summary: objects created/destroyed: dev 13/5 ctx 11/5 proc 8/3 alloc 13/5, 48 alive
  3656    162.747 wddm summary: allocations opened/closed: 16/6 calls
  3657    162.747 wddm summary: submissions 0 physical + 820 virtual, 0 preemptions, last completed fence 58
  3658    162.747 wddm summary: node 0 hardware: 0 submitted, 0 completed, 0 timeouts, 0 refused
  3659    162.747 wddm summary: umd: 0 allocs (0 refused), 0 contexts, 0 submits on the ring, 0 not run
  3660    162.747 wddm profile: umd calls 0, elapsed ticks 0, QPC frequency 10000000
  3661    162.747 wddm profile: probe enabled 0, calls 0, elapsed ticks 0 (included in umd)
  3662    162.747 wddm summary: node 1 (paging, open): 762 hardware submitted, 762 completed, 0 timeouts, 0 refused
  3663    162.747 wddm summary: SubmitCommandVirtual by node: 0: 58, 1: 762, 0 private-buffer refusals
  3664    162.747 wddm summary: BuildPagingBuffer: 2 transfers, 102 fills, 94617600 bytes, 664 insufficient-buffer
  3665    162.747 wddm summary: aperture map batches 0, unmap batches 0
  3666    162.747 wddm summary: paging TLB invalidations 69, PTE update batches 442
  3667    162.747 wddm summary: paging unsupported (not ready/no root/no translation/system memory/not contiguous) 0/0/0/0/0
  3668    162.747 wddm summary: presents 385, flips 328 of 330 address calls (327 arrived above DISPATCH_LEVEL)
  3669    162.747 wddm summary: blit gate open, 58 blits, 0 skips, 58 sources translated contiguous
  3670    162.747 wddm summary: blit destination: 0 to the flipped surface, 0 to the POST framebuffer (0 a failed-mapping fallback), 28 scanout remaps (0 failed), last blit 480 
  3671    162.747 wddm summary: widest blit 747 rows
  3672    162.747 wddm summary: last blit reading 3, 640x480 pitch 2560, 1 rectangles, source physical 0x27232E000
  3673    162.747 wddm summary: vsync enabled, 0 ticks, 8519 reported to dxgkrnl
  3674    162.747 wddm summary: vidpn flip open: 328 hardware flips, 0 refused, 1 hardware vsyncs armed 9699 acked 0 refused 0 deferred (flip still pending)
  3675    162.747 wddm summary: no TDR (ResetEngine, ResetFromTimeout and RestartFromTimeout were never called)
  3676    162.747 wddm summary: CollectDbgInfo called 0 time(s) since the driver was loaded
  3677    162.747 vidmm summary: level 0: 1024 calls, 262656 entries, 512 valid
  3678    162.747 vidmm summary: level 1: 2 calls, 1024 entries, 512 valid
  3679    162.747 vidmm summary: level 2: 1 calls, 512 entries, 2 valid
  3680    162.747 vidmm summary: level 3: 1 calls, 512 entries, 1 valid
  3681    162.747 vidmm summary: system leaf encoding coherent 0 noncoherent 16696 snoop mismatches 0
  3682    162.747 vidmm summary: 1028 cpu-virtual calls, 0 gpu-physical calls
  3683    162.747 vidmm summary: 264704 entries written (EnableGpuVa open), 0 refused, 0 bad calls, 3 roots
  3684    164.265 gfx: paging submit, 304 dwords from private buffer at 0xB20, seq 763
  3685    164.265 gfx: paging submit, 339 dwords from private buffer at 0x0, seq 764
  3686    164.265 wddm: CloseAllocation 1 allocations
  3687    164.265 wddm: DestroyAllocation 1 allocations
  3688    164.273 gfx: paging submit, 31 dwords from private buffer at 0x54C, seq 765
  3689    164.273 gfx: paging submit, 31 dwords from private buffer at 0x5C8, seq 766
  3690    164.273 wddm: DestroyContext
  3691    164.275 gfx: paging submit, 414 dwords from private buffer at 0x644, seq 767
  3692    164.275 gfx: paging submit, 15 dwords from private buffer at 0xCBC, seq 768
  3693    164.275 wddm: CloseAllocation 1 allocations
  3694    164.275 wddm: DestroyAllocation 1 allocations
  3695    164.281 gfx: paging submit, 16 dwords from private buffer at 0xCF8, seq 769
  3696    164.281 gfx: paging submit, 16 dwords from private buffer at 0xD38, seq 770
  3697    164.281 gfx: paging submit, 16 dwords from private buffer at 0xD78, seq 771
  3698    164.281 wddm: DestroyAllocation 1 allocations
  3699    164.281 wddm: DestroyDevice
  3700    164.289 wddm: DestroyProcess
  3701    167.884 wddm summary: ---- DDI calls: name, count, first log line ----
  3702    167.884 wddm summary: QueryAdapterInfo                   12  first at 234
  3703    167.884 wddm summary: GetNodeMetadata                     2  first at 242
  3704    167.884 wddm summary: CreateDevice                       13  first at 249
  3705    167.884 wddm summary: DestroyDevice                       6  first at 734
  3706    167.884 wddm summary: CreateContext                      11  first at 252
  3707    167.884 wddm summary: DestroyContext                      6  first at 733
  3708    167.884 wddm summary: CreateProcess                       8  first at 248
  3709    167.884 wddm summary: DestroyProcess                      4  first at 1543
  3710    167.884 wddm summary: SetRootPageTable                    3  first at 274
  3711    167.884 wddm summary: CreateAllocation                   13  first at 311
  3712    167.884 wddm summary: DestroyAllocation                   9  first at 974
  3713    167.884 wddm summary: DescribeAllocation                415  first at 366
  3714    167.884 wddm summary: GetStandardAllocationDriverData      6  first at 309
  3715    167.884 wddm summary: OpenAllocation                     16  first at 313
  3716    167.884 wddm summary: CloseAllocation                     9  first at 973
  3717    167.884 wddm summary: BuildPagingBuffer                2044  first at 254
  3718    167.884 wddm summary: SubmitCommandVirtual              833  first at 294
  3719    167.884 wddm summary: Present                           412  first at 714
  3720    167.884 wddm summary: SetVidPnSourceAddress             353  first at 419
  3721    167.884 wddm summary: ControlInterrupt                    3  first at 729
  3722    167.884 wddm summary: ---- QueryAdapterInfo types: type, count, first log line ----
  3723    167.884 wddm summary: adapter info type   1       1  first at 234
  3724    167.884 wddm summary: adapter info type  15       1  first at 235
  3725    167.884 wddm summary: adapter info type  47       1  first at 236
  3726    167.884 wddm summary: adapter info type  13       1  first at 237
  3727    167.884 wddm summary: adapter info type  14       4  first at 238
  3728    167.884 wddm summary: adapter info type  11       2  first at 245
  3729    167.884 wddm summary: adapter info type  10       1  first at 247
  3730    167.884 wddm summary: adapter info type  16       1  first at 247
  3731    167.884 wddm summary: capture plans reserved 2 heap 0
  3732    167.884 wddm summary: capture context peaks plans 1 reserved-bytes 189304
  3733    167.884 wddm summary: ---- BuildPagingBuffer operations: operation, count, first log line ----
  3734    167.884 wddm summary: paging operation  11    1491  first at 254
  3735    167.884 wddm summary: paging operation  12      73  first at 302
  3736    167.884 wddm summary: paging operation   9     102  first at 321
  3737    167.884 wddm summary: paging operation   2       1  first at 968
  3738    167.884 wddm summary: paging operation   8     377  first at 988
  3739    167.884 wddm summary: objects created/destroyed: dev 13/6 ctx 11/6 proc 8/4 alloc 13/9, 36 alive
  3740    167.884 wddm summary: allocations opened/closed: 16/9 calls
  3741    167.884 wddm summary: submissions 0 physical + 833 virtual, 0 preemptions, last completed fence 771
  3742    167.884 wddm summary: node 0 hardware: 0 submitted, 0 completed, 0 timeouts, 0 refused
  3743    167.884 wddm summary: umd: 0 allocs (0 refused), 0 contexts, 0 submits on the ring, 0 not run
  3744    167.884 wddm profile: umd calls 0, elapsed ticks 0, QPC frequency 10000000
  3745    167.884 wddm profile: probe enabled 0, calls 0, elapsed ticks 0 (included in umd)
  3746    167.884 wddm summary: node 1 (paging, open): 771 hardware submitted, 771 completed, 0 timeouts, 0 refused
  3747    167.884 wddm summary: SubmitCommandVirtual by node: 0: 62, 1: 771, 0 private-buffer refusals
  3748    167.884 wddm summary: BuildPagingBuffer: 2 transfers, 102 fills, 94617600 bytes, 665 insufficient-buffer
  3749    167.884 wddm summary: aperture map batches 0, unmap batches 0
  3750    167.884 wddm summary: paging TLB invalidations 73, PTE update batches 451
  3751    167.884 wddm summary: paging unsupported (not ready/no root/no translation/system memory/not contiguous) 0/0/0/0/0
  3752    167.884 wddm summary: presents 412, flips 351 of 353 address calls (350 arrived above DISPATCH_LEVEL)
  3753    167.884 wddm summary: blit gate open, 62 blits, 0 skips, 62 sources translated contiguous
  3754    167.884 wddm summary: blit destination: 0 to the flipped surface, 0 to the POST framebuffer (0 a failed-mapping fallback), 28 scanout remaps (0 failed), last blit 480 
  3755    167.884 wddm summary: widest blit 747 rows
  3756    167.884 wddm summary: last blit reading 3, 640x480 pitch 2560, 1 rectangles, source physical 0x27232E000
  3757    167.884 wddm summary: vsync enabled, 0 ticks, 8827 reported to dxgkrnl
  3758    167.884 wddm summary: vidpn flip open: 351 hardware flips, 0 refused, 1 hardware vsyncs armed 10007 acked 0 refused 0 deferred (flip still pending)
  3759    167.884 wddm summary: no TDR (ResetEngine, ResetFromTimeout and RestartFromTimeout were never called)
  3760    167.884 wddm summary: CollectDbgInfo called 0 time(s) since the driver was loaded
  3761    167.884 vidmm summary: level 0: 1024 calls, 262656 entries, 512 valid
  3762    167.884 vidmm summary: level 1: 2 calls, 1024 entries, 512 valid
  3763    167.884 vidmm summary: level 2: 1 calls, 512 entries, 2 valid
  3764    167.884 vidmm summary: level 3: 1 calls, 512 entries, 1 valid
  3765    167.884 vidmm summary: system leaf encoding coherent 0 noncoherent 16696 snoop mismatches 0
  3766    167.884 vidmm summary: 1028 cpu-virtual calls, 0 gpu-physical calls
  3767    167.884 vidmm summary: 264704 entries written (EnableGpuVa open), 0 refused, 0 bad calls, 3 roots
  3768    168.531 wddm summary: ---- DDI calls: name, count, first log line ----
  3769    168.531 wddm summary: QueryAdapterInfo                   12  first at 234
  3770    168.531 wddm summary: GetNodeMetadata                     2  first at 242
  3771    168.531 wddm summary: CreateDevice                       13  first at 249
  3772    168.531 wddm summary: DestroyDevice                       6  first at 734
  3773    168.531 wddm summary: CreateContext                      11  first at 252
  3774    168.531 wddm summary: DestroyContext                      6  first at 733
  3775    168.531 wddm summary: CreateProcess                       8  first at 248
  3776    168.531 wddm summary: DestroyProcess                      4  first at 1543
  3777    168.531 wddm summary: SetRootPageTable                    3  first at 274
  3778    168.531 wddm summary: CreateAllocation                   13  first at 311
  3779    168.531 wddm summary: DestroyAllocation                   9  first at 974
  3780    168.531 wddm summary: DescribeAllocation                416  first at 366
  3781    168.531 wddm summary: GetStandardAllocationDriverData      6  first at 309
  3782    168.531 wddm summary: OpenAllocation                     16  first at 313
  3783    168.531 wddm summary: CloseAllocation                     9  first at 973
  3784    168.531 wddm summary: BuildPagingBuffer                2044  first at 254
  3785    168.531 wddm summary: SubmitCommandVirtual              833  first at 294
  3786    168.531 wddm summary: Present                           413  first at 714
  3787    168.531 wddm summary: SetVidPnSourceAddress             354  first at 419
  3788    168.531 wddm summary: ControlInterrupt                    3  first at 729
  3789    168.531 wddm summary: ---- QueryAdapterInfo types: type, count, first log line ----
  3790    168.531 wddm summary: adapter info type   1       1  first at 234
  3791    168.531 wddm summary: adapter info type  15       1  first at 235
  3792    168.531 wddm summary: adapter info type  47       1  first at 236
  3793    168.531 wddm summary: adapter info type  13       1  first at 237
  3794    168.531 wddm summary: adapter info type  14       4  first at 238
  3795    168.531 wddm summary: adapter info type  11       2  first at 245
  3796    168.531 wddm summary: adapter info type  10       1  first at 247
  3797    168.531 wddm summary: adapter info type  16       1  first at 247
  3798    168.531 wddm summary: capture plans reserved 2 heap 0
  3799    168.531 wddm summary: capture context peaks plans 1 reserved-bytes 189304
  3800    168.531 wddm summary: ---- BuildPagingBuffer operations: operation, count, first log line ----
  3801    168.531 wddm summary: paging operation  11    1491  first at 254
  3802    168.531 wddm summary: paging operation  12      73  first at 302
  3803    168.531 wddm summary: paging operation   9     102  first at 321
  3804    168.531 wddm summary: paging operation   2       1  first at 968
  3805    168.531 wddm summary: paging operation   8     377  first at 988
  3806    168.531 wddm summary: objects created/destroyed: dev 13/6 ctx 11/6 proc 8/4 alloc 13/9, 36 alive
  3807    168.531 wddm summary: allocations opened/closed: 16/9 calls
  3808    168.531 wddm summary: submissions 0 physical + 833 virtual, 0 preemptions, last completed fence 771
  3809    168.531 wddm summary: node 0 hardware: 0 submitted, 0 completed, 0 timeouts, 0 refused
  3810    168.531 wddm summary: umd: 0 allocs (0 refused), 0 contexts, 0 submits on the ring, 0 not run
  3811    168.531 wddm profile: umd calls 0, elapsed ticks 0, QPC frequency 10000000
  3812    168.531 wddm profile: probe enabled 0, calls 0, elapsed ticks 0 (included in umd)
  3813    168.531 wddm summary: node 1 (paging, open): 771 hardware submitted, 771 completed, 0 timeouts, 0 refused
  3814    168.531 wddm summary: SubmitCommandVirtual by node: 0: 62, 1: 771, 0 private-buffer refusals
  3815    168.531 wddm summary: BuildPagingBuffer: 2 transfers, 102 fills, 94617600 bytes, 665 insufficient-buffer
  3816    168.531 wddm summary: aperture map batches 0, unmap batches 0
  3817    168.531 wddm summary: paging TLB invalidations 73, PTE update batches 451
  3818    168.531 wddm summary: paging unsupported (not ready/no root/no translation/system memory/not contiguous) 0/0/0/0/0
  3819    168.531 wddm summary: presents 413, flips 352 of 354 address calls (351 arrived above DISPATCH_LEVEL)
  3820    168.531 wddm summary: blit gate open, 62 blits, 0 skips, 62 sources translated contiguous
  3821    168.531 wddm summary: blit destination: 0 to the flipped surface, 0 to the POST framebuffer (0 a failed-mapping fallback), 28 scanout remaps (0 failed), last blit 480 
  3822    168.531 wddm summary: widest blit 747 rows
  3823    168.531 wddm summary: last blit reading 3, 640x480 pitch 2560, 1 rectangles, source physical 0x27232E000
  3824    168.531 wddm summary: vsync enabled, 0 ticks, 8865 reported to dxgkrnl
  3825    168.531 wddm summary: vidpn flip open: 352 hardware flips, 0 refused, 1 hardware vsyncs armed 10045 acked 0 refused 0 deferred (flip still pending)
  3826    168.531 wddm summary: no TDR (ResetEngine, ResetFromTimeout and RestartFromTimeout were never called)
  3827    168.531 wddm summary: CollectDbgInfo called 0 time(s) since the driver was loaded
  3828    168.531 vidmm summary: level 0: 1024 calls, 262656 entries, 512 valid
  3829    168.531 vidmm summary: level 1: 2 calls, 1024 entries, 512 valid
  3830    168.531 vidmm summary: level 2: 1 calls, 512 entries, 2 valid
  3831    168.531 vidmm summary: level 3: 1 calls, 512 entries, 1 valid
  3832    168.531 vidmm summary: system leaf encoding coherent 0 noncoherent 16696 snoop mismatches 0
  3833    168.531 vidmm summary: 1028 cpu-virtual calls, 0 gpu-physical calls
  3834    168.531 vidmm summary: 264704 entries written (EnableGpuVa open), 0 refused, 0 bad calls, 3 roots
  3835    173.002 wddm summary: ---- DDI calls: name, count, first log line ----
  3836    173.002 wddm summary: QueryAdapterInfo                   12  first at 234
  3837    173.002 wddm summary: GetNodeMetadata                     2  first at 242
  3838    173.002 wddm summary: CreateDevice                       13  first at 249
  3839    173.002 wddm summary: DestroyDevice                       6  first at 734
  3840    173.002 wddm summary: CreateContext                      11  first at 252
  3841    173.002 wddm summary: DestroyContext                      6  first at 733
  3842    173.002 wddm summary: CreateProcess                       8  first at 248
  3843    173.002 wddm summary: DestroyProcess                      4  first at 1543
  3844    173.002 wddm summary: SetRootPageTable                    3  first at 274
  3845    173.002 wddm summary: CreateAllocation                   13  first at 311
  3846    173.002 wddm summary: DestroyAllocation                   9  first at 974
  3847    173.002 wddm summary: DescribeAllocation                421  first at 366
  3848    173.002 wddm summary: GetStandardAllocationDriverData      6  first at 309
  3849    173.002 wddm summary: OpenAllocation                     16  first at 313
  3850    173.002 wddm summary: CloseAllocation                     9  first at 973
  3851    173.002 wddm summary: BuildPagingBuffer                2044  first at 254
  3852    173.002 wddm summary: SubmitCommandVirtual              833  first at 294
  3853    173.002 wddm summary: Present                           418  first at 714
  3854    173.002 wddm summary: SetVidPnSourceAddress             359  first at 419
  3855    173.002 wddm summary: ControlInterrupt                    3  first at 729
  3856    173.002 wddm summary: ---- QueryAdapterInfo types: type, count, first log line ----
  3857    173.002 wddm summary: adapter info type   1       1  first at 234
  3858    173.002 wddm summary: adapter info type  15       1  first at 235
  3859    173.002 wddm summary: adapter info type  47       1  first at 236
  3860    173.002 wddm summary: adapter info type  13       1  first at 237
  3861    173.002 wddm summary: adapter info type  14       4  first at 238
  3862    173.002 wddm summary: adapter info type  11       2  first at 245
  3863    173.002 wddm summary: adapter info type  10       1  first at 247
  3864    173.002 wddm summary: adapter info type  16       1  first at 247
  3865    173.002 wddm summary: capture plans reserved 2 heap 0
  3866    173.002 wddm summary: capture context peaks plans 1 reserved-bytes 189304
  3867    173.002 wddm summary: ---- BuildPagingBuffer operations: operation, count, first log line ----
  3868    173.002 wddm summary: paging operation  11    1491  first at 254
  3869    173.002 wddm summary: paging operation  12      73  first at 302
  3870    173.002 wddm summary: paging operation   9     102  first at 321
  3871    173.002 wddm summary: paging operation   2       1  first at 968
  3872    173.002 wddm summary: paging operation   8     377  first at 988
  3873    173.002 wddm summary: objects created/destroyed: dev 13/6 ctx 11/6 proc 8/4 alloc 13/9, 36 alive
  3874    173.002 wddm summary: allocations opened/closed: 16/9 calls
  3875    173.002 wddm summary: submissions 0 physical + 833 virtual, 0 preemptions, last completed fence 771
  3876    173.002 wddm summary: node 0 hardware: 0 submitted, 0 completed, 0 timeouts, 0 refused
  3877    173.002 wddm summary: umd: 0 allocs (0 refused), 0 contexts, 0 submits on the ring, 0 not run
  3878    173.002 wddm profile: umd calls 0, elapsed ticks 0, QPC frequency 10000000
  3879    173.002 wddm profile: probe enabled 0, calls 0, elapsed ticks 0 (included in umd)
  3880    173.002 wddm summary: node 1 (paging, open): 771 hardware submitted, 771 completed, 0 timeouts, 0 refused
  3881    173.002 wddm summary: SubmitCommandVirtual by node: 0: 62, 1: 771, 0 private-buffer refusals
  3882    173.002 wddm summary: BuildPagingBuffer: 2 transfers, 102 fills, 94617600 bytes, 665 insufficient-buffer
  3883    173.002 wddm summary: aperture map batches 0, unmap batches 0
  3884    173.002 wddm summary: paging TLB invalidations 73, PTE update batches 451
  3885    173.002 wddm summary: paging unsupported (not ready/no root/no translation/system memory/not contiguous) 0/0/0/0/0
  3886    173.002 wddm summary: presents 418, flips 357 of 359 address calls (356 arrived above DISPATCH_LEVEL)
  3887    173.002 wddm summary: blit gate open, 62 blits, 0 skips, 62 sources translated contiguous
  3888    173.002 wddm summary: blit destination: 0 to the flipped surface, 0 to the POST framebuffer (0 a failed-mapping fallback), 28 scanout remaps (0 failed), last blit 480 
  3889    173.002 wddm summary: widest blit 747 rows
  3890    173.002 wddm summary: last blit reading 3, 640x480 pitch 2560, 1 rectangles, source physical 0x27232E000
  3891    173.002 wddm summary: vsync enabled, 0 ticks, 9133 reported to dxgkrnl
  3892    173.002 wddm summary: vidpn flip open: 357 hardware flips, 0 refused, 1 hardware vsyncs armed 10313 acked 0 refused 0 deferred (flip still pending)
  3893    173.002 wddm summary: no TDR (ResetEngine, ResetFromTimeout and RestartFromTimeout were never called)
  3894    173.002 wddm summary: CollectDbgInfo called 0 time(s) since the driver was loaded
  3895    173.002 vidmm summary: level 0: 1024 calls, 262656 entries, 512 valid
  3896    173.002 vidmm summary: level 1: 2 calls, 1024 entries, 512 valid
  3897    173.002 vidmm summary: level 2: 1 calls, 512 entries, 2 valid
  3898    173.002 vidmm summary: level 3: 1 calls, 512 entries, 1 valid
  3899    173.002 vidmm summary: system leaf encoding coherent 0 noncoherent 16696 snoop mismatches 0
  3900    173.002 vidmm summary: 1028 cpu-virtual calls, 0 gpu-physical calls
  3901    173.002 vidmm summary: 264704 entries written (EnableGpuVa open), 0 refused, 0 bad calls, 3 roots
  3902    178.117 wddm summary: ---- DDI calls: name, count, first log line ----
  3903    178.117 wddm summary: QueryAdapterInfo                   12  first at 234
  3904    178.117 wddm summary: GetNodeMetadata                     2  first at 242
  3905    178.117 wddm summary: CreateDevice                       13  first at 249
  3906    178.117 wddm summary: DestroyDevice                       6  first at 734
  3907    178.117 wddm summary: CreateContext                      11  first at 252
  3908    178.117 wddm summary: DestroyContext                      6  first at 733
  3909    178.117 wddm summary: CreateProcess                       8  first at 248
  3910    178.117 wddm summary: DestroyProcess                      4  first at 1543
  3911    178.117 wddm summary: SetRootPageTable                    3  first at 274
  3912    178.117 wddm summary: CreateAllocation                   13  first at 311
  3913    178.117 wddm summary: DestroyAllocation                   9  first at 974
  3914    178.117 wddm summary: DescribeAllocation                427  first at 366
  3915    178.117 wddm summary: GetStandardAllocationDriverData      6  first at 309
  3916    178.117 wddm summary: OpenAllocation                     16  first at 313
  3917    178.117 wddm summary: CloseAllocation                     9  first at 973
  3918    178.117 wddm summary: BuildPagingBuffer                2044  first at 254
  3919    178.117 wddm summary: SubmitCommandVirtual              833  first at 294
  3920    178.117 wddm summary: Present                           424  first at 714
  3921    178.117 wddm summary: SetVidPnSourceAddress             365  first at 419
  3922    178.117 wddm summary: ControlInterrupt                    3  first at 729
  3923    178.117 wddm summary: ---- QueryAdapterInfo types: type, count, first log line ----
  3924    178.117 wddm summary: adapter info type   1       1  first at 234
  3925    178.117 wddm summary: adapter info type  15       1  first at 235
  3926    178.117 wddm summary: adapter info type  47       1  first at 236
  3927    178.117 wddm summary: adapter info type  13       1  first at 237
  3928    178.117 wddm summary: adapter info type  14       4  first at 238
  3929    178.117 wddm summary: adapter info type  11       2  first at 245
  3930    178.117 wddm summary: adapter info type  10       1  first at 247
  3931    178.117 wddm summary: adapter info type  16       1  first at 247
  3932    178.117 wddm summary: capture plans reserved 2 heap 0
  3933    178.117 wddm summary: capture context peaks plans 1 reserved-bytes 189304
  3934    178.117 wddm summary: ---- BuildPagingBuffer operations: operation, count, first log line ----
  3935    178.117 wddm summary: paging operation  11    1491  first at 254
  3936    178.117 wddm summary: paging operation  12      73  first at 302
  3937    178.117 wddm summary: paging operation   9     102  first at 321
  3938    178.117 wddm summary: paging operation   2       1  first at 968
  3939    178.117 wddm summary: paging operation   8     377  first at 988
  3940    178.117 wddm summary: objects created/destroyed: dev 13/6 ctx 11/6 proc 8/4 alloc 13/9, 36 alive
  3941    178.117 wddm summary: allocations opened/closed: 16/9 calls
  3942    178.117 wddm summary: submissions 0 physical + 833 virtual, 0 preemptions, last completed fence 771
  3943    178.117 wddm summary: node 0 hardware: 0 submitted, 0 completed, 0 timeouts, 0 refused
  3944    178.117 wddm summary: umd: 0 allocs (0 refused), 0 contexts, 0 submits on the ring, 0 not run
  3945    178.119 wddm profile: umd calls 0, elapsed ticks 0, QPC frequency 10000000
  3946    178.119 wddm profile: probe enabled 0, calls 0, elapsed ticks 0 (included in umd)
  3947    178.119 wddm summary: node 1 (paging, open): 771 hardware submitted, 771 completed, 0 timeouts, 0 refused
  3948    178.119 wddm summary: SubmitCommandVirtual by node: 0: 62, 1: 771, 0 private-buffer refusals
  3949    178.119 wddm summary: BuildPagingBuffer: 2 transfers, 102 fills, 94617600 bytes, 665 insufficient-buffer
  3950    178.119 wddm summary: aperture map batches 0, unmap batches 0
  3951    178.119 wddm summary: paging TLB invalidations 73, PTE update batches 451
  3952    178.119 wddm summary: paging unsupported (not ready/no root/no translation/system memory/not contiguous) 0/0/0/0/0
  3953    178.119 wddm summary: presents 424, flips 363 of 365 address calls (362 arrived above DISPATCH_LEVEL)
  3954    178.119 wddm summary: blit gate open, 62 blits, 0 skips, 62 sources translated contiguous
  3955    178.119 wddm summary: blit destination: 0 to the flipped surface, 0 to the POST framebuffer (0 a failed-mapping fallback), 28 scanout remaps (0 failed), last blit 480 
  3956    178.119 wddm summary: widest blit 747 rows
  3957    178.119 wddm summary: last blit reading 3, 640x480 pitch 2560, 1 rectangles, source physical 0x27232E000
  3958    178.119 wddm summary: vsync enabled, 0 ticks, 9440 reported to dxgkrnl
  3959    178.119 wddm summary: vidpn flip open: 363 hardware flips, 0 refused, 1 hardware vsyncs armed 10620 acked 0 refused 0 deferred (flip still pending)
  3960    178.119 wddm summary: no TDR (ResetEngine, ResetFromTimeout and RestartFromTimeout were never called)
  3961    178.119 wddm summary: CollectDbgInfo called 0 time(s) since the driver was loaded
  3962    178.119 vidmm summary: level 0: 1024 calls, 262656 entries, 512 valid
  3963    178.119 vidmm summary: level 1: 2 calls, 1024 entries, 512 valid
  3964    178.119 vidmm summary: level 2: 1 calls, 512 entries, 2 valid
  3965    178.119 vidmm summary: level 3: 1 calls, 512 entries, 1 valid
  3966    178.119 vidmm summary: system leaf encoding coherent 0 noncoherent 16696 snoop mismatches 0
  3967    178.119 vidmm summary: 1028 cpu-virtual calls, 0 gpu-physical calls
  3968    178.119 vidmm summary: 264704 entries written (EnableGpuVa open), 0 refused, 0 bad calls, 3 roots
  3969    183.237 wddm summary: ---- DDI calls: name, count, first log line ----
  3970    183.237 wddm summary: QueryAdapterInfo                   12  first at 234
  3971    183.237 wddm summary: GetNodeMetadata                     2  first at 242
  3972    183.237 wddm summary: CreateDevice                       13  first at 249
  3973    183.237 wddm summary: DestroyDevice                       6  first at 734
  3974    183.237 wddm summary: CreateContext                      11  first at 252
  3975    183.237 wddm summary: DestroyContext                      6  first at 733
  3976    183.237 wddm summary: CreateProcess                       8  first at 248
  3977    183.237 wddm summary: DestroyProcess                      4  first at 1543
  3978    183.237 wddm summary: SetRootPageTable                    3  first at 274
  3979    183.237 wddm summary: CreateAllocation                   13  first at 311
  3980    183.237 wddm summary: DestroyAllocation                   9  first at 974
  3981    183.237 wddm summary: DescribeAllocation                433  first at 366
  3982    183.237 wddm summary: GetStandardAllocationDriverData      6  first at 309
  3983    183.237 wddm summary: OpenAllocation                     16  first at 313
  3984    183.237 wddm summary: CloseAllocation                     9  first at 973
  3985    183.237 wddm summary: BuildPagingBuffer                2044  first at 254
  3986    183.237 wddm summary: SubmitCommandVirtual              833  first at 294
  3987    183.237 wddm summary: Present                           430  first at 714
  3988    183.237 wddm summary: SetVidPnSourceAddress             371  first at 419
  3989    183.237 wddm summary: ControlInterrupt                    3  first at 729
  3990    183.237 wddm summary: ---- QueryAdapterInfo types: type, count, first log line ----
  3991    183.237 wddm summary: adapter info type   1       1  first at 234
  3992    183.237 wddm summary: adapter info type  15       1  first at 235
  3993    183.237 wddm summary: adapter info type  47       1  first at 236
  3994    183.237 wddm summary: adapter info type  13       1  first at 237
  3995    183.237 wddm summary: adapter info type  14       4  first at 238
  3996    183.237 wddm summary: adapter info type  11       2  first at 245
  3997    183.237 wddm summary: adapter info type  10       1  first at 247
  3998    183.237 wddm summary: adapter info type  16       1  first at 247
  3999    183.237 wddm summary: capture plans reserved 2 heap 0
  4000    183.237 wddm summary: capture context peaks plans 1 reserved-bytes 189304
  4001    183.237 wddm summary: ---- BuildPagingBuffer operations: operation, count, first log line ----
  4002    183.237 wddm summary: paging operation  11    1491  first at 254
  4003    183.237 wddm summary: paging operation  12      73  first at 302
  4004    183.237 wddm summary: paging operation   9     102  first at 321
  4005    183.237 wddm summary: paging operation   2       1  first at 968
  4006    183.237 wddm summary: paging operation   8     377  first at 988
  4007    183.237 wddm summary: objects created/destroyed: dev 13/6 ctx 11/6 proc 8/4 alloc 13/9, 36 alive
  4008    183.237 wddm summary: allocations opened/closed: 16/9 calls
  4009    183.237 wddm summary: submissions 0 physical + 833 virtual, 0 preemptions, last completed fence 771
  4010    183.237 wddm summary: node 0 hardware: 0 submitted, 0 completed, 0 timeouts, 0 refused
  4011    183.237 wddm summary: umd: 0 allocs (0 refused), 0 contexts, 0 submits on the ring, 0 not run
  4012    183.237 wddm profile: umd calls 0, elapsed ticks 0, QPC frequency 10000000
  4013    183.237 wddm profile: probe enabled 0, calls 0, elapsed ticks 0 (included in umd)
  4014    183.237 wddm summary: node 1 (paging, open): 771 hardware submitted, 771 completed, 0 timeouts, 0 refused
  4015    183.237 wddm summary: SubmitCommandVirtual by node: 0: 62, 1: 771, 0 private-buffer refusals
  4016    183.237 wddm summary: BuildPagingBuffer: 2 transfers, 102 fills, 94617600 bytes, 665 insufficient-buffer
  4017    183.237 wddm summary: aperture map batches 0, unmap batches 0
  4018    183.237 wddm summary: paging TLB invalidations 73, PTE update batches 451
  4019    183.237 wddm summary: paging unsupported (not ready/no root/no translation/system memory/not contiguous) 0/0/0/0/0
  4020    183.237 wddm summary: presents 430, flips 369 of 371 address calls (368 arrived above DISPATCH_LEVEL)
  4021    183.237 wddm summary: blit gate open, 62 blits, 0 skips, 62 sources translated contiguous
  4022    183.237 wddm summary: blit destination: 0 to the flipped surface, 0 to the POST framebuffer (0 a failed-mapping fallback), 28 scanout remaps (0 failed), last blit 480 
  4023    183.237 wddm summary: widest blit 747 rows
  4024    183.237 wddm summary: last blit reading 3, 640x480 pitch 2560, 1 rectangles, source physical 0x27232E000
  4025    183.237 wddm summary: vsync enabled, 0 ticks, 9747 reported to dxgkrnl
  4026    183.237 wddm summary: vidpn flip open: 369 hardware flips, 0 refused, 1 hardware vsyncs armed 10927 acked 0 refused 0 deferred (flip still pending)
  4027    183.237 wddm summary: no TDR (ResetEngine, ResetFromTimeout and RestartFromTimeout were never called)
  4028    183.237 wddm summary: CollectDbgInfo called 0 time(s) since the driver was loaded
  4029    183.237 vidmm summary: level 0: 1024 calls, 262656 entries, 512 valid
  4030    183.237 vidmm summary: level 1: 2 calls, 1024 entries, 512 valid
  4031    183.237 vidmm summary: level 2: 1 calls, 512 entries, 2 valid
  4032    183.237 vidmm summary: level 3: 1 calls, 512 entries, 1 valid
  4033    183.237 vidmm summary: system leaf encoding coherent 0 noncoherent 16696 snoop mismatches 0
  4034    183.237 vidmm summary: 1028 cpu-virtual calls, 0 gpu-physical calls
  4035    183.237 vidmm summary: 264704 entries written (EnableGpuVa open), 0 refused, 0 bad calls, 3 roots
  4036    188.352 wddm summary: ---- DDI calls: name, count, first log line ----
  4037    188.352 wddm summary: QueryAdapterInfo                   12  first at 234
  4038    188.352 wddm summary: GetNodeMetadata                     2  first at 242
  4039    188.352 wddm summary: CreateDevice                       13  first at 249
  4040    188.352 wddm summary: DestroyDevice                       6  first at 734
  4041    188.352 wddm summary: CreateContext                      11  first at 252
  4042    188.352 wddm summary: DestroyContext                      6  first at 733
  4043    188.352 wddm summary: CreateProcess                       8  first at 248
  4044    188.352 wddm summary: DestroyProcess                      4  first at 1543
  4045    188.352 wddm summary: SetRootPageTable                    3  first at 274
  4046    188.352 wddm summary: CreateAllocation                   13  first at 311
  4047    188.352 wddm summary: DestroyAllocation                   9  first at 974
  4048    188.352 wddm summary: DescribeAllocation                442  first at 366
  4049    188.352 wddm summary: GetStandardAllocationDriverData      6  first at 309
  4050    188.352 wddm summary: OpenAllocation                     16  first at 313
  4051    188.352 wddm summary: CloseAllocation                     9  first at 973
  4052    188.352 wddm summary: BuildPagingBuffer                2044  first at 254
  4053    188.352 wddm summary: SubmitCommandVirtual              833  first at 294
  4054    188.352 wddm summary: Present                           439  first at 714
  4055    188.352 wddm summary: SetVidPnSourceAddress             380  first at 419
  4056    188.352 wddm summary: ControlInterrupt                    3  first at 729
  4057    188.352 wddm summary: ---- QueryAdapterInfo types: type, count, first log line ----
  4058    188.352 wddm summary: adapter info type   1       1  first at 234
  4059    188.352 wddm summary: adapter info type  15       1  first at 235
  4060    188.352 wddm summary: adapter info type  47       1  first at 236
  4061    188.352 wddm summary: adapter info type  13       1  first at 237
  4062    188.352 wddm summary: adapter info type  14       4  first at 238
  4063    188.352 wddm summary: adapter info type  11       2  first at 245
  4064    188.352 wddm summary: adapter info type  10       1  first at 247
  4065    188.352 wddm summary: adapter info type  16       1  first at 247
  4066    188.352 wddm summary: capture plans reserved 2 heap 0
  4067    188.352 wddm summary: capture context peaks plans 1 reserved-bytes 189304
  4068    188.352 wddm summary: ---- BuildPagingBuffer operations: operation, count, first log line ----
  4069    188.352 wddm summary: paging operation  11    1491  first at 254
  4070    188.352 wddm summary: paging operation  12      73  first at 302
  4071    188.352 wddm summary: paging operation   9     102  first at 321
  4072    188.352 wddm summary: paging operation   2       1  first at 968
  4073    188.352 wddm summary: paging operation   8     377  first at 988
  4074    188.352 wddm summary: objects created/destroyed: dev 13/6 ctx 11/6 proc 8/4 alloc 13/9, 36 alive
  4075    188.352 wddm summary: allocations opened/closed: 16/9 calls
  4076    188.352 wddm summary: submissions 0 physical + 833 virtual, 0 preemptions, last completed fence 771
  4077    188.352 wddm summary: node 0 hardware: 0 submitted, 0 completed, 0 timeouts, 0 refused
  4078    188.352 wddm summary: umd: 0 allocs (0 refused), 0 contexts, 0 submits on the ring, 0 not run
  4079    188.352 wddm profile: umd calls 0, elapsed ticks 0, QPC frequency 10000000
  4080    188.352 wddm profile: probe enabled 0, calls 0, elapsed ticks 0 (included in umd)
  4081    188.352 wddm summary: node 1 (paging, open): 771 hardware submitted, 771 completed, 0 timeouts, 0 refused
  4082    188.352 wddm summary: SubmitCommandVirtual by node: 0: 62, 1: 771, 0 private-buffer refusals
  4083    188.352 wddm summary: BuildPagingBuffer: 2 transfers, 102 fills, 94617600 bytes, 665 insufficient-buffer
  4084    188.352 wddm summary: aperture map batches 0, unmap batches 0
  4085    188.352 wddm summary: paging TLB invalidations 73, PTE update batches 451
  4086    188.352 wddm summary: paging unsupported (not ready/no root/no translation/system memory/not contiguous) 0/0/0/0/0
  4087    188.352 wddm summary: presents 439, flips 378 of 380 address calls (377 arrived above DISPATCH_LEVEL)
  4088    188.352 wddm summary: blit gate open, 62 blits, 0 skips, 62 sources translated contiguous
  4089    188.352 wddm summary: blit destination: 0 to the flipped surface, 0 to the POST framebuffer (0 a failed-mapping fallback), 28 scanout remaps (0 failed), last blit 480 
  4090    188.352 wddm summary: widest blit 747 rows
  4091    188.352 wddm summary: last blit reading 3, 640x480 pitch 2560, 1 rectangles, source physical 0x27232E000
  4092    188.352 wddm summary: vsync enabled, 0 ticks, 10054 reported to dxgkrnl
  4093    188.352 wddm summary: vidpn flip open: 378 hardware flips, 0 refused, 1 hardware vsyncs armed 11234 acked 0 refused 0 deferred (flip still pending)
  4094    188.352 wddm summary: no TDR (ResetEngine, ResetFromTimeout and RestartFromTimeout were never called)
  4095    188.352 wddm summary: CollectDbgInfo called 0 time(s) since the driver was loaded
  4096    188.352 vidmm summary: level 0: 1024 calls, 262656 entries, 512 valid
  4097    188.352 vidmm summary: level 1: 2 calls, 1024 entries, 512 valid
  4098    188.352 vidmm summary: level 2: 1 calls, 512 entries, 2 valid
  4099    188.352 vidmm summary: level 3: 1 calls, 512 entries, 1 valid
  4100    188.352 vidmm summary: system leaf encoding coherent 0 noncoherent 16696 snoop mismatches 0
  4101    188.352 vidmm summary: 1028 cpu-virtual calls, 0 gpu-physical calls
  4102    188.352 vidmm summary: 264704 entries written (EnableGpuVa open), 0 refused, 0 bad calls, 3 roots
  4103    193.473 wddm summary: ---- DDI calls: name, count, first log line ----
  4104    193.473 wddm summary: QueryAdapterInfo                   12  first at 234
  4105    193.473 wddm summary: GetNodeMetadata                     2  first at 242
  4106    193.473 wddm summary: CreateDevice                       13  first at 249
  4107    193.473 wddm summary: DestroyDevice                       6  first at 734
  4108    193.473 wddm summary: CreateContext                      11  first at 252
  4109    193.473 wddm summary: DestroyContext                      6  first at 733
  4110    193.473 wddm summary: CreateProcess                       8  first at 248
  4111    193.473 wddm summary: DestroyProcess                      4  first at 1543
  4112    193.473 wddm summary: SetRootPageTable                    3  first at 274
  4113    193.473 wddm summary: CreateAllocation                   13  first at 311
  4114    193.473 wddm summary: DestroyAllocation                   9  first at 974
  4115    193.473 wddm summary: DescribeAllocation                447  first at 366
  4116    193.473 wddm summary: GetStandardAllocationDriverData      6  first at 309
  4117    193.473 wddm summary: OpenAllocation                     16  first at 313
  4118    193.473 wddm summary: CloseAllocation                     9  first at 973
  4119    193.473 wddm summary: BuildPagingBuffer                2044  first at 254
  4120    193.473 wddm summary: SubmitCommandVirtual              833  first at 294
  4121    193.473 wddm summary: Present                           444  first at 714
  4122    193.473 wddm summary: SetVidPnSourceAddress             385  first at 419
  4123    193.473 wddm summary: ControlInterrupt                    3  first at 729
  4124    193.473 wddm summary: ---- QueryAdapterInfo types: type, count, first log line ----
  4125    193.473 wddm summary: adapter info type   1       1  first at 234
  4126    193.473 wddm summary: adapter info type  15       1  first at 235
  4127    193.473 wddm summary: adapter info type  47       1  first at 236
  4128    193.473 wddm summary: adapter info type  13       1  first at 237
  4129    193.473 wddm summary: adapter info type  14       4  first at 238
  4130    193.473 wddm summary: adapter info type  11       2  first at 245
  4131    193.473 wddm summary: adapter info type  10       1  first at 247
  4132    193.473 wddm summary: adapter info type  16       1  first at 247
  4133    193.473 wddm summary: capture plans reserved 2 heap 0
  4134    193.473 wddm summary: capture context peaks plans 1 reserved-bytes 189304
  4135    193.473 wddm summary: ---- BuildPagingBuffer operations: operation, count, first log line ----
  4136    193.473 wddm summary: paging operation  11    1491  first at 254
  4137    193.473 wddm summary: paging operation  12      73  first at 302
  4138    193.473 wddm summary: paging operation   9     102  first at 321
  4139    193.473 wddm summary: paging operation   2       1  first at 968
  4140    193.473 wddm summary: paging operation   8     377  first at 988
  4141    193.473 wddm summary: objects created/destroyed: dev 13/6 ctx 11/6 proc 8/4 alloc 13/9, 36 alive
  4142    193.473 wddm summary: allocations opened/closed: 16/9 calls
  4143    193.473 wddm summary: submissions 0 physical + 833 virtual, 0 preemptions, last completed fence 771
  4144    193.473 wddm summary: node 0 hardware: 0 submitted, 0 completed, 0 timeouts, 0 refused
  4145    193.473 wddm summary: umd: 0 allocs (0 refused), 0 contexts, 0 submits on the ring, 0 not run
  4146    193.473 wddm profile: umd calls 0, elapsed ticks 0, QPC frequency 10000000
  4147    193.473 wddm profile: probe enabled 0, calls 0, elapsed ticks 0 (included in umd)
  4148    193.473 wddm summary: node 1 (paging, open): 771 hardware submitted, 771 completed, 0 timeouts, 0 refused
  4149    193.473 wddm summary: SubmitCommandVirtual by node: 0: 62, 1: 771, 0 private-buffer refusals
  4150    193.473 wddm summary: BuildPagingBuffer: 2 transfers, 102 fills, 94617600 bytes, 665 insufficient-buffer
  4151    193.473 wddm summary: aperture map batches 0, unmap batches 0
  4152    193.473 wddm summary: paging TLB invalidations 73, PTE update batches 451
  4153    193.473 wddm summary: paging unsupported (not ready/no root/no translation/system memory/not contiguous) 0/0/0/0/0
  4154    193.473 wddm summary: presents 444, flips 383 of 385 address calls (382 arrived above DISPATCH_LEVEL)
  4155    193.473 wddm summary: blit gate open, 62 blits, 0 skips, 62 sources translated contiguous
  4156    193.473 wddm summary: blit destination: 0 to the flipped surface, 0 to the POST framebuffer (0 a failed-mapping fallback), 28 scanout remaps (0 failed), last blit 480 
  4157    193.473 wddm summary: widest blit 747 rows
  4158    193.473 wddm summary: last blit reading 3, 640x480 pitch 2560, 1 rectangles, source physical 0x27232E000
  4159    193.473 wddm summary: vsync enabled, 0 ticks, 10361 reported to dxgkrnl
  4160    193.473 wddm summary: vidpn flip open: 383 hardware flips, 0 refused, 1 hardware vsyncs armed 11541 acked 0 refused 0 deferred (flip still pending)
  4161    193.473 wddm summary: no TDR (ResetEngine, ResetFromTimeout and RestartFromTimeout were never called)
  4162    193.473 wddm summary: CollectDbgInfo called 0 time(s) since the driver was loaded
  4163    193.473 vidmm summary: level 0: 1024 calls, 262656 entries, 512 valid
  4164    193.473 vidmm summary: level 1: 2 calls, 1024 entries, 512 valid
  4165    193.473 vidmm summary: level 2: 1 calls, 512 entries, 2 valid
  4166    193.473 vidmm summary: level 3: 1 calls, 512 entries, 1 valid
  4167    193.473 vidmm summary: system leaf encoding coherent 0 noncoherent 16696 snoop mismatches 0
  4168    193.473 vidmm summary: 1028 cpu-virtual calls, 0 gpu-physical calls
  4169    193.473 vidmm summary: 264704 entries written (EnableGpuVa open), 0 refused, 0 bad calls, 3 roots
  4170    198.588 wddm summary: ---- DDI calls: name, count, first log line ----
  4171    198.588 wddm summary: QueryAdapterInfo                   12  first at 234
  4172    198.588 wddm summary: GetNodeMetadata                     2  first at 242
  4173    198.588 wddm summary: CreateDevice                       13  first at 249
  4174    198.588 wddm summary: DestroyDevice                       6  first at 734
  4175    198.588 wddm summary: CreateContext                      11  first at 252
  4176    198.588 wddm summary: DestroyContext                      6  first at 733
  4177    198.588 wddm summary: CreateProcess                       8  first at 248
  4178    198.588 wddm summary: DestroyProcess                      4  first at 1543
  4179    198.588 wddm summary: SetRootPageTable                    3  first at 274
  4180    198.588 wddm summary: CreateAllocation                   13  first at 311
  4181    198.588 wddm summary: DestroyAllocation                   9  first at 974
  4182    198.588 wddm summary: DescribeAllocation                457  first at 366
  4183    198.588 wddm summary: GetStandardAllocationDriverData      6  first at 309
  4184    198.590 wddm summary: OpenAllocation                     16  first at 313
  4185    198.590 wddm summary: CloseAllocation                     9  first at 973
  4186    198.590 wddm summary: BuildPagingBuffer                2044  first at 254
  4187    198.590 wddm summary: SubmitCommandVirtual              833  first at 294
  4188    198.590 wddm summary: Present                           454  first at 714
  4189    198.590 wddm summary: SetVidPnSourceAddress             395  first at 419
  4190    198.590 wddm summary: ControlInterrupt                    3  first at 729
  4191    198.590 wddm summary: ---- QueryAdapterInfo types: type, count, first log line ----
  4192    198.590 wddm summary: adapter info type   1       1  first at 234
  4193    198.590 wddm summary: adapter info type  15       1  first at 235
  4194    198.590 wddm summary: adapter info type  47       1  first at 236
  4195    198.590 wddm summary: adapter info type  13       1  first at 237
  4196    198.590 wddm summary: adapter info type  14       4  first at 238
  4197    198.590 wddm summary: adapter info type  11       2  first at 245
  4198    198.590 wddm summary: adapter info type  10       1  first at 247
  4199    198.590 wddm summary: adapter info type  16       1  first at 247
  4200    198.590 wddm summary: capture plans reserved 2 heap 0
  4201    198.590 wddm summary: capture context peaks plans 1 reserved-bytes 189304
  4202    198.590 wddm summary: ---- BuildPagingBuffer operations: operation, count, first log line ----
  4203    198.590 wddm summary: paging operation  11    1491  first at 254
  4204    198.590 wddm summary: paging operation  12      73  first at 302
  4205    198.590 wddm summary: paging operation   9     102  first at 321
  4206    198.590 wddm summary: paging operation   2       1  first at 968
  4207    198.590 wddm summary: paging operation   8     377  first at 988
  4208    198.590 wddm summary: objects created/destroyed: dev 13/6 ctx 11/6 proc 8/4 alloc 13/9, 36 alive
  4209    198.590 wddm summary: allocations opened/closed: 16/9 calls
  4210    198.590 wddm summary: submissions 0 physical + 833 virtual, 0 preemptions, last completed fence 771
  4211    198.590 wddm summary: node 0 hardware: 0 submitted, 0 completed, 0 timeouts, 0 refused
  4212    198.590 wddm summary: umd: 0 allocs (0 refused), 0 contexts, 0 submits on the ring, 0 not run
  4213    198.590 wddm profile: umd calls 0, elapsed ticks 0, QPC frequency 10000000
  4214    198.590 wddm profile: probe enabled 0, calls 0, elapsed ticks 0 (included in umd)
  4215    198.590 wddm summary: node 1 (paging, open): 771 hardware submitted, 771 completed, 0 timeouts, 0 refused
  4216    198.590 wddm summary: SubmitCommandVirtual by node: 0: 62, 1: 771, 0 private-buffer refusals
  4217    198.590 wddm summary: BuildPagingBuffer: 2 transfers, 102 fills, 94617600 bytes, 665 insufficient-buffer
  4218    198.590 wddm summary: aperture map batches 0, unmap batches 0
  4219    198.590 wddm summary: paging TLB invalidations 73, PTE update batches 451
  4220    198.590 wddm summary: paging unsupported (not ready/no root/no translation/system memory/not contiguous) 0/0/0/0/0
  4221    198.590 wddm summary: presents 454, flips 393 of 395 address calls (392 arrived above DISPATCH_LEVEL)
  4222    198.590 wddm summary: blit gate open, 62 blits, 0 skips, 62 sources translated contiguous
  4223    198.590 wddm summary: blit destination: 0 to the flipped surface, 0 to the POST framebuffer (0 a failed-mapping fallback), 28 scanout remaps (0 failed), last blit 480 
  4224    198.590 wddm summary: widest blit 747 rows
  4225    198.590 wddm summary: last blit reading 3, 640x480 pitch 2560, 1 rectangles, source physical 0x27232E000
  4226    198.590 wddm summary: vsync enabled, 0 ticks, 10667 reported to dxgkrnl
  4227    198.590 wddm summary: vidpn flip open: 393 hardware flips, 0 refused, 1 hardware vsyncs armed 11847 acked 0 refused 0 deferred (flip still pending)
  4228    198.590 wddm summary: no TDR (ResetEngine, ResetFromTimeout and RestartFromTimeout were never called)
  4229    198.590 wddm summary: CollectDbgInfo called 0 time(s) since the driver was loaded
  4230    198.590 vidmm summary: level 0: 1024 calls, 262656 entries, 512 valid
  4231    198.590 vidmm summary: level 1: 2 calls, 1024 entries, 512 valid
  4232    198.590 vidmm summary: level 2: 1 calls, 512 entries, 2 valid
  4233    198.590 vidmm summary: level 3: 1 calls, 512 entries, 1 valid
  4234    198.590 vidmm summary: system leaf encoding coherent 0 noncoherent 16696 snoop mismatches 0
  4235    198.590 vidmm summary: 1028 cpu-virtual calls, 0 gpu-physical calls
  4236    198.590 vidmm summary: 264704 entries written (EnableGpuVa open), 0 refused, 0 bad calls, 3 roots
  4237    200.615 wddm summary: ---- DDI calls: name, count, first log line ----
  4238    200.615 wddm summary: QueryAdapterInfo                   12  first at 234
  4239    200.615 wddm summary: GetNodeMetadata                     2  first at 242
  4240    200.615 wddm summary: CreateDevice                       13  first at 249
  4241    200.615 wddm summary: DestroyDevice                       6  first at 734
  4242    200.615 wddm summary: CreateContext                      11  first at 252
  4243    200.615 wddm summary: DestroyContext                      6  first at 733
  4244    200.615 wddm summary: CreateProcess                       8  first at 248
  4245    200.615 wddm summary: DestroyProcess                      4  first at 1543
  4246    200.615 wddm summary: SetRootPageTable                    3  first at 274
  4247    200.615 wddm summary: CreateAllocation                   13  first at 311
  4248    200.615 wddm summary: DestroyAllocation                   9  first at 974
  4249    200.615 wddm summary: DescribeAllocation                460  first at 366
  4250    200.615 wddm summary: GetStandardAllocationDriverData      6  first at 309
  4251    200.615 wddm summary: OpenAllocation                     16  first at 313
  4252    200.615 wddm summary: CloseAllocation                     9  first at 973
  4253    200.615 wddm summary: BuildPagingBuffer                2044  first at 254
  4254    200.615 wddm summary: SubmitCommandVirtual              833  first at 294
  4255    200.615 wddm summary: Present                           457  first at 714
  4256    200.615 wddm summary: SetVidPnSourceAddress             398  first at 419
  4257    200.615 wddm summary: ControlInterrupt                    3  first at 729
  4258    200.615 wddm summary: ---- QueryAdapterInfo types: type, count, first log line ----
  4259    200.615 wddm summary: adapter info type   1       1  first at 234
  4260    200.615 wddm summary: adapter info type  15       1  first at 235
  4261    200.615 wddm summary: adapter info type  47       1  first at 236
  4262    200.615 wddm summary: adapter info type  13       1  first at 237
  4263    200.615 wddm summary: adapter info type  14       4  first at 238
  4264    200.615 wddm summary: adapter info type  11       2  first at 245
  4265    200.615 wddm summary: adapter info type  10       1  first at 247
  4266    200.615 wddm summary: adapter info type  16       1  first at 247
  4267    200.615 wddm summary: capture plans reserved 2 heap 0
  4268    200.615 wddm summary: capture context peaks plans 1 reserved-bytes 189304
  4269    200.615 wddm summary: ---- BuildPagingBuffer operations: operation, count, first log line ----
  4270    200.615 wddm summary: paging operation  11    1491  first at 254
  4271    200.615 wddm summary: paging operation  12      73  first at 302
  4272    200.615 wddm summary: paging operation   9     102  first at 321
  4273    200.615 wddm summary: paging operation   2       1  first at 968
  4274    200.615 wddm summary: paging operation   8     377  first at 988
  4275    200.615 wddm summary: objects created/destroyed: dev 13/6 ctx 11/6 proc 8/4 alloc 13/9, 36 alive
  4276    200.615 wddm summary: allocations opened/closed: 16/9 calls
  4277    200.615 wddm summary: submissions 0 physical + 833 virtual, 0 preemptions, last completed fence 771
  4278    200.615 wddm summary: node 0 hardware: 0 submitted, 0 completed, 0 timeouts, 0 refused
  4279    200.615 wddm summary: umd: 0 allocs (0 refused), 0 contexts, 0 submits on the ring, 0 not run
  4280    200.615 wddm profile: umd calls 0, elapsed ticks 0, QPC frequency 10000000
  4281    200.615 wddm profile: probe enabled 0, calls 0, elapsed ticks 0 (included in umd)
  4282    200.615 wddm summary: node 1 (paging, open): 771 hardware submitted, 771 completed, 0 timeouts, 0 refused
  4283    200.615 wddm summary: SubmitCommandVirtual by node: 0: 62, 1: 771, 0 private-buffer refusals
  4284    200.615 wddm summary: BuildPagingBuffer: 2 transfers, 102 fills, 94617600 bytes, 665 insufficient-buffer
  4285    200.615 wddm summary: aperture map batches 0, unmap batches 0
  4286    200.615 wddm summary: paging TLB invalidations 73, PTE update batches 451
  4287    200.615 wddm summary: paging unsupported (not ready/no root/no translation/system memory/not contiguous) 0/0/0/0/0
  4288    200.615 wddm summary: presents 457, flips 396 of 398 address calls (395 arrived above DISPATCH_LEVEL)
  4289    200.615 wddm summary: blit gate open, 62 blits, 0 skips, 62 sources translated contiguous
  4290    200.615 wddm summary: blit destination: 0 to the flipped surface, 0 to the POST framebuffer (0 a failed-mapping fallback), 28 scanout remaps (0 failed), last blit 480 
  4291    200.615 wddm summary: widest blit 747 rows
  4292    200.615 wddm summary: last blit reading 3, 640x480 pitch 2560, 1 rectangles, source physical 0x27232E000
  4293    200.615 wddm summary: vsync enabled, 0 ticks, 10789 reported to dxgkrnl
  4294    200.615 wddm summary: vidpn flip open: 396 hardware flips, 0 refused, 1 hardware vsyncs armed 11969 acked 0 refused 0 deferred (flip still pending)
  4295    200.615 wddm summary: no TDR (ResetEngine, ResetFromTimeout and RestartFromTimeout were never called)
  4296    200.615 wddm summary: CollectDbgInfo called 0 time(s) since the driver was loaded
  4297    200.615 vidmm summary: level 0: 1024 calls, 262656 entries, 512 valid
  4298    200.615 vidmm summary: level 1: 2 calls, 1024 entries, 512 valid
  4299    200.615 vidmm summary: level 2: 1 calls, 512 entries, 2 valid
  4300    200.615 vidmm summary: level 3: 1 calls, 512 entries, 1 valid
  4301    200.615 vidmm summary: system leaf encoding coherent 0 noncoherent 16696 snoop mismatches 0
  4302    200.615 vidmm summary: 1028 cpu-virtual calls, 0 gpu-physical calls
  4303    200.615 vidmm summary: 264704 entries written (EnableGpuVa open), 0 refused, 0 bad calls, 3 roots
             1024 lines printed
