bc250kmd 0x00070072 log snapshot: 19 lines, 0 lost to the wrap, 0 dropped above DISPATCH_LEVEL
     0      0.002 stage 10
     1      0.002 gate: EnableFullWddm 0
     2      0.002 stage 20
     3      0.079 stage 30
     4      0.081 stage 31
     5      0.081 stage 32
     6      0.081 post display 1920x1200 pitch 7680 format 22 target 2424833
     7      0.081 stage 33
     8      0.083 stage 34
     9      0.083 interrupt resource 1: message, vector 0x70, flags 0x3
    10      0.083 fb sample mapped: phys 0xC0000000 first 0x00000000 mid 0x00000000
    11      0.083 stage 35
    12      0.085 stage 39
    13      0.091 stage 50
    14      0.258 stage 60
    15      0.261 stage 61
    16   1050.592 wddm summary: the full table is not running (EnableFullWddm closed, or no pool at the start)
    17   1051.873 stage 70
    18   1051.873 stage 79
