[Vulkan Loader] INFO | DRIVER:  windows_get_device_registry_entry: Device ID(1) Does not contain a value for "VulkanImplicitLayers"
[Vulkan Loader] INFO | DRIVER:  windows_get_device_registry_entry: Device ID(1) Does not contain a value for "VulkanExplicitLayers"
[Vulkan Loader] DRIVER:         Searching for driver manifest files
[Vulkan Loader] DRIVER:            In following locations:
[Vulkan Loader] DRIVER:               C:\BC250\m9\gather-fence\radeon_icd.json
[Vulkan Loader] DRIVER:            Found the following files:
[Vulkan Loader] DRIVER:               C:\BC250\m9\gather-fence\radeon_icd.json
[Vulkan Loader] DRIVER:         Found ICD manifest file C:\BC250\m9\gather-fence\radeon_icd.json, version 1.0.0
[Vulkan Loader] DEBUG | DRIVER: Searching for ICD drivers named C:\BC250\m9\gather-fence\vulkan_radeon.dll
radv_wddm2_winsys_create
OpenAdapterFromLuid 0x0 0x14c7ad
phys adapter = 0 device = 13fe rev 0
node 0 (type: 1) = BC-250 GFX, flags = 0
bc250: caps blob, device 0x13fe family 79 gfx 12
[Vulkan Loader] DRIVER:         vkCreateDevice layer callstack setup to:
[Vulkan Loader] DRIVER:            <Application>
[Vulkan Loader] DRIVER:              ||
[Vulkan Loader] DRIVER:            <Loader>
[Vulkan Loader] DRIVER:              ||
[Vulkan Loader] DRIVER:            <Device>
[Vulkan Loader] DRIVER:                Using "AMD BC-250 (RADV GFX1013)" with driver: "C:\BC250\m9\gather-fence\vulkan_radeon.dll"
allocation handle=0x40000540
bc250: gfx preamble inlined (no gfx_init IB)
allocation handle=0x400005c0
allocation handle=0x40000680
allocation handle=0x40000700
allocation handle=0x40000780
allocation handle=0x40000800
allocation handle=0x40000880
allocation handle=0x40000900
allocation handle=0x40000980
bc250: progress before submit previous=0 observed=0 waits=0 signals=1
allocation handle=0x40000a00
bc250: SubmitCommand ib 0x20006c000 960 bytes (from 2) c0012800 80000000 80000000 c0001200
bc250: IB +158 c0037600 00000204 00000000 00000000 00000000 c0065800 00000000 ffffffff
bc250: IB +166 01ffffff 00000000 00000000 0000000a 0000c3b1 c0004600 00000019 c0011000
bc250: IB +174 00000000 00000000
bc250: IB +176 c0043700 40100500 00002000 00000001 00000000 00000000 c0027600 0000020c
bc250: IB +184 01000400 00000000 c0027600 00000212 602c0000 0000008e c0017600 00000228
bc250: IB +192 00000000 c0017600 00000215 01000000 c0037600 00000207 00000040 00000001
bc250: IB +200 00000001 c0017600 00000242 00001000 c0027600 00000243 00004000 22222222
bc250: IB +208 c0027600 00000245 00002008 00000001 c0031502 00000001 00000001 00000001
bc250: IB +216 00002045 c0055000 60200000 00040000 00000001 00040000 00000001 80000080
bc250: IB +224 c0004600 00000407 c0065800 00000000 ffffffff 01ffffff 00000000 00000000
bc250: IB +232 0000000a 0000c030 c0041000 00000000 00000000 00000000 00000000 00000000
bc250: progress before submit previous=1 observed=1 waits=0 signals=1
bc250: SubmitCommand ib 0x20006c000 960 bytes (from 2) c0012800 80000000 80000000 c0001200
bc250: IB +158 c0037600 00000204 00000000 00000000 00000000 c0065800 00000000 ffffffff
bc250: IB +166 01ffffff 00000000 00000000 0000000a 0000c3b1 c0004600 00000019 c0011000
bc250: IB +174 00000000 00000000
bc250: IB +176 c0043700 40100500 00002000 00000001 00000000 00000000 c0027600 0000020c
bc250: IB +184 01000400 00000000 c0027600 00000212 602c0000 0000008e c0017600 00000228
bc250: IB +192 00000000 c0017600 00000215 01000000 c0037600 00000207 00000040 00000001
bc250: IB +200 00000001 c0017600 00000242 00001000 c0027600 00000243 00004000 22222222
bc250: IB +208 c0027600 00000245 00002008 00000001 c0031502 00000001 00000001 00000001
bc250: IB +216 00002045 c0055000 60200000 00040000 00000001 00040000 00000001 80000080
bc250: IB +224 c0004600 00000407 c0065800 00000000 ffffffff 01ffffff 00000000 00000000
bc250: IB +232 0000000a 0000c030 c0041000 00000000 00000000 00000000 00000000 00000000
bc250: progress before submit previous=2 observed=2 waits=0 signals=1
bc250: SubmitCommand ib 0x20006c000 960 bytes (from 2) c0012800 80000000 80000000 c0001200
bc250: IB +158 c0037600 00000204 00000000 00000000 00000000 c0065800 00000000 ffffffff
bc250: IB +166 01ffffff 00000000 00000000 0000000a 0000c3b1 c0004600 00000019 c0011000
bc250: IB +174 00000000 00000000
bc250: IB +176 c0043700 40100500 00002000 00000001 00000000 00000000 c0027600 0000020c
bc250: IB +184 01000400 00000000 c0027600 00000212 602c0000 0000008e c0017600 00000228
bc250: IB +192 00000000 c0017600 00000215 01000000 c0037600 00000207 00000040 00000001
bc250: IB +200 00000001 c0017600 00000242 00001000 c0027600 00000243 00004000 22222222
bc250: IB +208 c0027600 00000245 00002008 00000001 c0031502 00000001 00000001 00000001
bc250: IB +216 00002045 c0055000 60200000 00040000 00000001 00040000 00000001 80000080
bc250: IB +224 c0004600 00000407 c0065800 00000000 ffffffff 01ffffff 00000000 00000000
bc250: IB +232 0000000a 0000c030 c0041000 00000000 00000000 00000000 00000000 00000000
allocation handle=0x40000a80
allocation handle=0x40000b00
allocation handle=0x40000b80
bc250: progress before submit previous=3 observed=3 waits=0 signals=1
bc250: SubmitCommand ib 0x20006c000 960 bytes (from 2) c0012800 80000000 80000000 c0001200
bc250: IB +158 c0037600 00000204 00000000 00000000 00000000 c0065800 00000000 ffffffff
bc250: IB +166 01ffffff 00000000 00000000 0000000a 0000c3b1 c0004600 00000019 c0011000
bc250: IB +174 00000000 00000000
bc250: IB +176 c0043700 40100500 00002000 00000001 00000000 00000000 c0027600 0000020c
bc250: IB +184 01000400 00000000 c0027600 00000212 602c0000 0000008e c0017600 00000228
bc250: IB +192 00000000 c0017600 00000215 01000000 c0037600 00000207 00000040 00000001
bc250: IB +200 00000001 c0017600 00000242 00001000 c0027600 00000243 00004000 22222222
bc250: IB +208 c0027600 00000245 00002008 00000001 c0031502 00000010 00000001 00000001
bc250: IB +216 00002045 c0055000 60200000 00040000 00000001 00040000 00000001 80000080
bc250: IB +224 c0004600 00000407 c0065800 00000000 ffffffff 01ffffff 00000000 00000000
bc250: IB +232 0000000a 0000c030 c0041000 00000000 00000000 00000000 00000000 00000000
bc250: progress before submit previous=4 observed=4 waits=0 signals=1
bc250: SubmitCommand ib 0x20006c000 960 bytes (from 2) c0012800 80000000 80000000 c0001200
bc250: IB +158 c0037600 00000204 00000000 00000000 00000000 c0065800 00000000 ffffffff
bc250: IB +166 01ffffff 00000000 00000000 0000000a 0000c3b1 c0004600 00000019 c0011000
bc250: IB +174 00000000 00000000
bc250: IB +176 c0043700 40100500 00002000 00000001 00000000 00000000 c0027600 0000020c
bc250: IB +184 01000400 00000000 c0027600 00000212 602c0000 0000008e c0017600 00000228
bc250: IB +192 00000000 c0017600 00000215 01000000 c0037600 00000207 00000040 00000001
bc250: IB +200 00000001 c0017600 00000242 00001000 c0027600 00000243 00004000 22222222
bc250: IB +208 c0027600 00000245 00002008 00000001 c0031502 00000010 00000001 00000001
bc250: IB +216 00002045 c0055000 60200000 00040000 00000001 00040000 00000001 80000080
bc250: IB +224 c0004600 00000407 c0065800 00000000 ffffffff 01ffffff 00000000 00000000
bc250: IB +232 0000000a 0000c030 c0041000 00000000 00000000 00000000 00000000 00000000
bc250: progress before submit previous=5 observed=5 waits=0 signals=1
bc250: SubmitCommand ib 0x20006c000 960 bytes (from 2) c0012800 80000000 80000000 c0001200
bc250: IB +158 c0037600 00000204 00000000 00000000 00000000 c0065800 00000000 ffffffff
bc250: IB +166 01ffffff 00000000 00000000 0000000a 0000c3b1 c0004600 00000019 c0011000
bc250: IB +174 00000000 00000000
bc250: IB +176 c0043700 40100500 00002000 00000001 00000000 00000000 c0027600 0000020c
bc250: IB +184 01000400 00000000 c0027600 00000212 602c0000 0000008e c0017600 00000228
bc250: IB +192 00000000 c0017600 00000215 01000000 c0037600 00000207 00000040 00000001
bc250: IB +200 00000001 c0017600 00000242 00001000 c0027600 00000243 00004000 22222222
bc250: IB +208 c0027600 00000245 00002008 00000001 c0031502 00000010 00000001 00000001
bc250: IB +216 00002045 c0055000 60200000 00040000 00000001 00040000 00000001 80000080
bc250: IB +224 c0004600 00000407 c0065800 00000000 ffffffff 01ffffff 00000000 00000000
bc250: IB +232 0000000a 0000c030 c0041000 00000000 00000000 00000000 00000000 00000000
allocation handle=0x40000c00
allocation handle=0x40000c80
allocation handle=0x40000d00
allocation handle=0x40000d80
bc250: progress before submit previous=6 observed=6 waits=0 signals=1
bc250: SubmitCommand ib 0x20006c000 928 bytes (from 2) c0012800 80000000 80000000 c0001200
bc250: IB +158 c0037600 00000204 00000000 00000000 00000000 c0065800 00000000 ffffffff
bc250: IB +166 01ffffff 00000000 00000000 0000000a 0000c3b1 c0004600 00000019 c0011000
bc250: IB +174 00000000 00000000
bc250: IB +176 c0043700 40100500 00002000 00000001 00000000 00000000 c0027600 0000020c
bc250: IB +184 01000400 00000000 c0027600 00000212 602c0000 00000088 c0017600 00000228
bc250: IB +192 00000000 c0017600 00000215 01000000 c0037600 00000207 00000040 00000001
bc250: IB +200 00000001 c0017600 00000242 00001000 c0017600 00000243 00100000 c0031502
bc250: IB +208 00004000 00000001 00000001 00002045 c0055000 60200000 00040000 00000001
bc250: progress before submit previous=7 observed=7 waits=0 signals=1
bc250: SubmitCommand ib 0x20006c000 928 bytes (from 2) c0012800 80000000 80000000 c0001200
bc250: IB +158 c0037600 00000204 00000000 00000000 00000000 c0065800 00000000 ffffffff
bc250: IB +166 01ffffff 00000000 00000000 0000000a 0000c3b1 c0004600 00000019 c0011000
bc250: IB +174 00000000 00000000
bc250: IB +176 c0043700 40100500 00002000 00000001 00000000 00000000 c0027600 0000020c
bc250: IB +184 01000400 00000000 c0027600 00000212 602c0000 00000088 c0017600 00000228
bc250: IB +192 00000000 c0017600 00000215 01000000 c0037600 00000207 00000040 00000001
bc250: IB +200 00000001 c0017600 00000242 00001000 c0017600 00000243 00100000 c0031502
bc250: IB +208 00004000 00000001 00000001 00002045 c0055000 60200000 00040000 00000001
bc250: progress before submit previous=8 observed=8 waits=0 signals=1
bc250: SubmitCommand ib 0x20006c000 928 bytes (from 2) c0012800 80000000 80000000 c0001200
bc250: IB +158 c0037600 00000204 00000000 00000000 00000000 c0065800 00000000 ffffffff
bc250: IB +166 01ffffff 00000000 00000000 0000000a 0000c3b1 c0004600 00000019 c0011000
bc250: IB +174 00000000 00000000
bc250: IB +176 c0043700 40100500 00002000 00000001 00000000 00000000 c0027600 0000020c
bc250: IB +184 01000400 00000000 c0027600 00000212 602c0000 00000088 c0017600 00000228
bc250: IB +192 00000000 c0017600 00000215 01000000 c0037600 00000207 00000040 00000001
bc250: IB +200 00000001 c0017600 00000242 00001000 c0017600 00000243 00100000 c0031502
bc250: IB +208 00004000 00000001 00000001 00002045 c0055000 60200000 00040000 00000001
allocation handle=0x40000e00
allocation handle=0x40000e80
allocation handle=0x40000f00
allocation handle=0x40000f80
allocation handle=0x40001000
bc250: progress before submit previous=9 observed=9 waits=0 signals=1
bc250: SubmitCommand ib 0x20006c000 928 bytes (from 2) c0012800 80000000 80000000 c0001200
bc250: IB +158 c0037600 00000204 00000000 00000000 00000000 c0065800 00000000 ffffffff
bc250: IB +166 01ffffff 00000000 00000000 0000000a 0000c3b1 c0004600 00000019 c0011000
bc250: IB +174 00000000 00000000
bc250: IB +176 c0043700 40100500 00002000 00000001 00000000 00000000 c0027600 0000020c
bc250: IB +184 01000400 00000000 c0027600 00000212 602c0000 0000008a c0017600 00000228
bc250: IB +192 00000000 c0017600 00000215 01000000 c0037600 00000207 00000040 00000001
bc250: IB +200 00000001 c0017600 00000242 00001000 c0027600 00000243 00100000 40400000
bc250: IB +208 c0031502 00004000 00000001 00000001 00002045 c0055000 60200000 00040000
bc250: progress before submit previous=10 observed=10 waits=0 signals=1
bc250: SubmitCommand ib 0x20006c000 928 bytes (from 2) c0012800 80000000 80000000 c0001200
bc250: IB +158 c0037600 00000204 00000000 00000000 00000000 c0065800 00000000 ffffffff
bc250: IB +166 01ffffff 00000000 00000000 0000000a 0000c3b1 c0004600 00000019 c0011000
bc250: IB +174 00000000 00000000
bc250: IB +176 c0043700 40100500 00002000 00000001 00000000 00000000 c0027600 0000020c
bc250: IB +184 01000400 00000000 c0027600 00000212 602c0000 0000008a c0017600 00000228
bc250: IB +192 00000000 c0017600 00000215 01000000 c0037600 00000207 00000040 00000001
bc250: IB +200 00000001 c0017600 00000242 00001000 c0027600 00000243 00100000 40400000
bc250: IB +208 c0031502 00004000 00000001 00000001 00002045 c0055000 60200000 00040000
bc250: progress before submit previous=11 observed=11 waits=0 signals=1
bc250: SubmitCommand ib 0x20006c000 928 bytes (from 2) c0012800 80000000 80000000 c0001200
bc250: IB +158 c0037600 00000204 00000000 00000000 00000000 c0065800 00000000 ffffffff
bc250: IB +166 01ffffff 00000000 00000000 0000000a 0000c3b1 c0004600 00000019 c0011000
bc250: IB +174 00000000 00000000
bc250: IB +176 c0043700 40100500 00002000 00000001 00000000 00000000 c0027600 0000020c
bc250: IB +184 01000400 00000000 c0027600 00000212 602c0000 0000008a c0017600 00000228
bc250: IB +192 00000000 c0017600 00000215 01000000 c0037600 00000207 00000040 00000001
bc250: IB +200 00000001 c0017600 00000242 00001000 c0027600 00000243 00100000 40400000
bc250: IB +208 c0031502 00004000 00000001 00000001 00002045 c0055000 60200000 00040000
allocation handle=0x40001080
allocation handle=0x40001100
allocation handle=0x40001180
allocation handle=0x40001200
allocation handle=0x40001280
bc250: progress before submit previous=12 observed=12 waits=0 signals=1
bc250: SubmitCommand ib 0x20006c000 928 bytes (from 2) c0012800 80000000 80000000 c0001200
bc250: IB +158 c0037600 00000204 00000000 00000000 00000000 c0065800 00000000 ffffffff
bc250: IB +166 01ffffff 00000000 00000000 0000000a 0000c3b1 c0004600 00000019 c0011000
bc250: IB +174 00000000 00000000
bc250: IB +176 c0043700 40100500 00002000 00000001 00000000 00000000 c0027600 0000020c
bc250: IB +184 01000400 00000000 c0027600 00000212 602c0001 00000988 c0017600 00000228
bc250: IB +192 00000000 c0017600 00000215 01000000 c0037600 00000207 00000008 00000008
bc250: IB +200 00000001 c0017600 00000242 00001000 c0017600 00000243 00000100 c0031502
bc250: IB +208 00000020 00000020 00000001 00002045 c0055000 60200000 00040000 00000001
bc250: progress before submit previous=13 observed=13 waits=0 signals=1
bc250: SubmitCommand ib 0x20006c000 928 bytes (from 2) c0012800 80000000 80000000 c0001200
bc250: IB +158 c0037600 00000204 00000000 00000000 00000000 c0065800 00000000 ffffffff
bc250: IB +166 01ffffff 00000000 00000000 0000000a 0000c3b1 c0004600 00000019 c0011000
bc250: IB +174 00000000 00000000
bc250: IB +176 c0043700 40100500 00002000 00000001 00000000 00000000 c0027600 0000020c
bc250: IB +184 01000400 00000000 c0027600 00000212 602c0001 00000988 c0017600 00000228
bc250: IB +192 00000000 c0017600 00000215 01000000 c0037600 00000207 00000008 00000008
bc250: IB +200 00000001 c0017600 00000242 00001000 c0017600 00000243 00000100 c0031502
bc250: IB +208 00000020 00000020 00000001 00002045 c0055000 60200000 00040000 00000001
bc250: progress before submit previous=14 observed=14 waits=0 signals=1
bc250: SubmitCommand ib 0x20006c000 928 bytes (from 2) c0012800 80000000 80000000 c0001200
bc250: IB +158 c0037600 00000204 00000000 00000000 00000000 c0065800 00000000 ffffffff
bc250: IB +166 01ffffff 00000000 00000000 0000000a 0000c3b1 c0004600 00000019 c0011000
bc250: IB +174 00000000 00000000
bc250: IB +176 c0043700 40100500 00002000 00000001 00000000 00000000 c0027600 0000020c
bc250: IB +184 01000400 00000000 c0027600 00000212 602c0001 00000988 c0017600 00000228
bc250: IB +192 00000000 c0017600 00000215 01000000 c0037600 00000207 00000008 00000008
bc250: IB +200 00000001 c0017600 00000242 00001000 c0017600 00000243 00000100 c0031502
bc250: IB +208 00000020 00000020 00000001 00002045 c0055000 60200000 00040000 00000001
allocation handle=0x40001300
allocation handle=0x40001380
allocation handle=0x40001400
allocation handle=0x40001480
allocation handle=0x40001500
bc250: progress before submit previous=15 observed=15 waits=0 signals=1
bc250: SubmitCommand ib 0x20006c000 928 bytes (from 2) c0012800 80000000 80000000 c0001200
bc250: IB +158 c0037600 00000204 00000000 00000000 00000000 c0065800 00000000 ffffffff
bc250: IB +166 01ffffff 00000000 00000000 0000000a 0000c3b1 c0004600 00000019 c0011000
bc250: IB +174 00000000 00000000
bc250: IB +176 c0043700 40100500 00002000 00000001 00000000 00000000 c0027600 0000020c
bc250: IB +184 01000400 00000000 c0027600 00000212 402c0005 00008988 c0017600 00000228
bc250: IB +192 00000000 c0017600 00000215 01000000 c0037600 00000207 00000008 00000008
bc250: IB +200 00000001 c0017600 00000242 00001000 c0017600 00000243 00000100 c0031502
bc250: IB +208 00000020 00000020 00000001 00002045 c0055000 60200000 00040000 00000001
bc250: progress before submit previous=16 observed=16 waits=0 signals=1
bc250: SubmitCommand ib 0x20006c000 928 bytes (from 2) c0012800 80000000 80000000 c0001200
bc250: IB +158 c0037600 00000204 00000000 00000000 00000000 c0065800 00000000 ffffffff
bc250: IB +166 01ffffff 00000000 00000000 0000000a 0000c3b1 c0004600 00000019 c0011000
bc250: IB +174 00000000 00000000
bc250: IB +176 c0043700 40100500 00002000 00000001 00000000 00000000 c0027600 0000020c
bc250: IB +184 01000400 00000000 c0027600 00000212 402c0005 00008988 c0017600 00000228
bc250: IB +192 00000000 c0017600 00000215 01000000 c0037600 00000207 00000008 00000008
bc250: IB +200 00000001 c0017600 00000242 00001000 c0017600 00000243 00000100 c0031502
bc250: IB +208 00000020 00000020 00000001 00002045 c0055000 60200000 00040000 00000001
bc250: progress before submit previous=17 observed=17 waits=0 signals=1
bc250: SubmitCommand ib 0x20006c000 928 bytes (from 2) c0012800 80000000 80000000 c0001200
bc250: IB +158 c0037600 00000204 00000000 00000000 00000000 c0065800 00000000 ffffffff
bc250: IB +166 01ffffff 00000000 00000000 0000000a 0000c3b1 c0004600 00000019 c0011000
bc250: IB +174 00000000 00000000
bc250: IB +176 c0043700 40100500 00002000 00000001 00000000 00000000 c0027600 0000020c
bc250: IB +184 01000400 00000000 c0027600 00000212 402c0005 00008988 c0017600 00000228
bc250: IB +192 00000000 c0017600 00000215 01000000 c0037600 00000207 00000008 00000008
bc250: IB +200 00000001 c0017600 00000242 00001000 c0017600 00000243 00000100 c0031502
bc250: IB +208 00000020 00000020 00000001 00002045 c0055000 60200000 00040000 00000001
allocation handle=0x40001580
allocation handle=0x40001600
allocation handle=0x40001680
allocation handle=0x40001700
allocation handle=0x40001780
allocation handle=0x40001800
allocation handle=0x40001880
allocation handle=0x40001900
allocation handle=0x40001980
bc250: progress before submit previous=18 observed=18 waits=0 signals=1
bc250: SubmitCommand ib 0x20006c000 1120 bytes (from 2) c0012800 80000000 80000000 c0001200
bc250: IB +158 c0037600 00000204 00000000 00000000 00000000 c0065800 00000000 ffffffff
bc250: IB +166 01ffffff 00000000 00000000 0000000a 0000c3b1 c0004600 00000019 c0011000
bc250: IB +174 00000000 00000000
bc250: IB +176 c0043700 40100500 00002000 00000001 00000000 00000000 c0027600 0000020c
bc250: IB +184 01000400 00000000 c0027600 00000212 602c0002 0000008c c0017600 00000228
bc250: IB +192 00000000 c0017600 00000215 01000000 c0037600 00000207 00000040 00000001
bc250: IB +200 00000001 c0017600 00000242 00001000 c0037600 00000243 00000400 00000040
bc250: IB +208 00000080 c0031502 00000800 00000001 00000001 00002045 c0055000 60200000
bc250: IB +216 00040000 00000001 00040000 00000001 80000140 c0027600 0000020c 01000402
bc250: IB +224 00000000 c0027600 00000212 602c0001 0000008c c0017600 00000228 00000000
bc250: IB +232 c0017600 00000215 01000000 c0037600 00000207 00000040 00000001 00000001
bc250: progress before submit previous=19 observed=19 waits=0 signals=1
bc250: SubmitCommand ib 0x20006c000 1120 bytes (from 2) c0012800 80000000 80000000 c0001200
bc250: IB +158 c0037600 00000204 00000000 00000000 00000000 c0065800 00000000 ffffffff
bc250: IB +166 01ffffff 00000000 00000000 0000000a 0000c3b1 c0004600 00000019 c0011000
bc250: IB +174 00000000 00000000
bc250: IB +176 c0043700 40100500 00002000 00000001 00000000 00000000 c0027600 0000020c
bc250: IB +184 01000400 00000000 c0027600 00000212 602c0002 0000008c c0017600 00000228
bc250: IB +192 00000000 c0017600 00000215 01000000 c0037600 00000207 00000040 00000001
bc250: IB +200 00000001 c0017600 00000242 00001000 c0037600 00000243 00000400 00000040
bc250: IB +208 00000080 c0031502 00000800 00000001 00000001 00002045 c0055000 60200000
bc250: IB +216 00040000 00000001 00040000 00000001 80000140 c0027600 0000020c 01000402
bc250: IB +224 00000000 c0027600 00000212 602c0001 0000008c c0017600 00000228 00000000
bc250: IB +232 c0017600 00000215 01000000 c0037600 00000207 00000040 00000001 00000001
bc250: progress before submit previous=20 observed=20 waits=0 signals=1
bc250: SubmitCommand ib 0x20006c000 1120 bytes (from 2) c0012800 80000000 80000000 c0001200
bc250: IB +158 c0037600 00000204 00000000 00000000 00000000 c0065800 00000000 ffffffff
bc250: IB +166 01ffffff 00000000 00000000 0000000a 0000c3b1 c0004600 00000019 c0011000
bc250: IB +174 00000000 00000000
bc250: IB +176 c0043700 40100500 00002000 00000001 00000000 00000000 c0027600 0000020c
bc250: IB +184 01000400 00000000 c0027600 00000212 602c0002 0000008c c0017600 00000228
bc250: IB +192 00000000 c0017600 00000215 01000000 c0037600 00000207 00000040 00000001
bc250: IB +200 00000001 c0017600 00000242 00001000 c0037600 00000243 00000400 00000040
bc250: IB +208 00000080 c0031502 00000800 00000001 00000001 00002045 c0055000 60200000
bc250: IB +216 00040000 00000001 00040000 00000001 80000140 c0027600 0000020c 01000402
bc250: IB +224 00000000 c0027600 00000212 602c0001 0000008c c0017600 00000228 00000000
bc250: IB +232 c0017600 00000215 01000000 c0037600 00000207 00000040 00000001 00000001
allocation handle=0x40001a00
allocation handle=0x40001a80
allocation handle=0x40001b00
allocation handle=0x40001b80
allocation handle=0x40001c00
bc250: progress before submit previous=21 observed=21 waits=0 signals=1
bc250: SubmitCommand ib 0x20006c000 1120 bytes (from 2) c0012800 80000000 80000000 c0001200
bc250: IB +158 c0037600 00000204 00000000 00000000 00000000 c0065800 00000000 ffffffff
bc250: IB +166 01ffffff 00000000 00000000 0000000a 0000c3b1 c0004600 00000019 c0011000
bc250: IB +174 00000000 00000000
bc250: IB +176 c0043700 40100500 00002000 00000001 00000000 00000000 c0027600 0000020c
bc250: IB +184 01000400 00000000 c0027600 00000212 402c0000 0000808a c0017600 00000228
bc250: IB +192 00000000 c0017600 00000215 01000000 c0037600 00000207 00000040 00000001
bc250: IB +200 00000001 c0017600 00000242 00001000 c0027600 00000243 00100000 00000400
bc250: IB +208 c0031502 00000400 00000001 00000001 00002045 c0055000 60200000 00040000
bc250: IB +216 00000001 00040000 00000001 800001a0 c0027600 0000020c 01000403 00000000
bc250: IB +224 c0027600 00000212 402c0000 00008008 c0017600 00000228 00000000 c0017600
bc250: IB +232 00000215 01000000 c0037600 00000207 00000040 00000001 00000001 c0017600
bc250: progress before submit previous=22 observed=22 waits=0 signals=1
bc250: SubmitCommand ib 0x20006c000 1120 bytes (from 2) c0012800 80000000 80000000 c0001200
bc250: IB +158 c0037600 00000204 00000000 00000000 00000000 c0065800 00000000 ffffffff
bc250: IB +166 01ffffff 00000000 00000000 0000000a 0000c3b1 c0004600 00000019 c0011000
bc250: IB +174 00000000 00000000
bc250: IB +176 c0043700 40100500 00002000 00000001 00000000 00000000 c0027600 0000020c
bc250: IB +184 01000400 00000000 c0027600 00000212 402c0000 0000808a c0017600 00000228
bc250: IB +192 00000000 c0017600 00000215 01000000 c0037600 00000207 00000040 00000001
bc250: IB +200 00000001 c0017600 00000242 00001000 c0027600 00000243 00100000 00000400
bc250: IB +208 c0031502 00000400 00000001 00000001 00002045 c0055000 60200000 00040000
bc250: IB +216 00000001 00040000 00000001 800001a0 c0027600 0000020c 01000403 00000000
bc250: IB +224 c0027600 00000212 402c0000 00008008 c0017600 00000228 00000000 c0017600
bc250: IB +232 00000215 01000000 c0037600 00000207 00000040 00000001 00000001 c0017600
bc250: progress before submit previous=23 observed=23 waits=0 signals=1
bc250: SubmitCommand ib 0x20006c000 1120 bytes (from 2) c0012800 80000000 80000000 c0001200
bc250: IB +158 c0037600 00000204 00000000 00000000 00000000 c0065800 00000000 ffffffff
bc250: IB +166 01ffffff 00000000 00000000 0000000a 0000c3b1 c0004600 00000019 c0011000
bc250: IB +174 00000000 00000000
bc250: IB +176 c0043700 40100500 00002000 00000001 00000000 00000000 c0027600 0000020c
bc250: IB +184 01000400 00000000 c0027600 00000212 402c0000 0000808a c0017600 00000228
bc250: IB +192 00000000 c0017600 00000215 01000000 c0037600 00000207 00000040 00000001
bc250: IB +200 00000001 c0017600 00000242 00001000 c0027600 00000243 00100000 00000400
bc250: IB +208 c0031502 00000400 00000001 00000001 00002045 c0055000 60200000 00040000
bc250: IB +216 00000001 00040000 00000001 800001a0 c0027600 0000020c 01000403 00000000
bc250: IB +224 c0027600 00000212 402c0000 00008008 c0017600 00000228 00000000 c0017600
bc250: IB +232 00000215 01000000 c0037600 00000207 00000040 00000001 00000001 c0017600
