compile
  Generowanie kodu...
  Trwa kompilowanie...
  Generowanie kodu...
  Generowanie kodu...
  Generowanie kodu...
link
stack budget
bc250kmd.sys: 448 functions with unwind data, largest fixed frame 3992 bytes
  warn    3992 bytes  rva 0x0166F0  GfxPagingBuildUpdate
  warn    2248 bytes  rva 0x015730  GfxPagingBuildAperture
  warn    2120 bytes  rva 0x026F10  VidMmCommitPagingAperture
  warn    1240 bytes  rva 0x0316C0  WddmSubmitUmdImpl
catalog
  ........................
  Signability test complete.
  Errors:
  None
  Warnings:
  None
  Catalog generation complete.
  P:\bc-250\scratch\build\bc250kmd-0799\package\bc250kmd.cat
sign
  Done Adding Additional Store
  Successfully signed: P:\bc-250\scratch\build\bc250kmd-0799\package\bc250kmd.sys
  Done Adding Additional Store
  Successfully signed: P:\bc-250\scratch\build\bc250kmd-0799\package\bc250kmd.cat
      792  bc250-lab-test.cer
     2407  bc250kmd.cat
     7572  bc250kmd.inf
   309648  bc250kmd.sys
umd package
  bc250kmd.inf generated: 9 lines enabled, 1 commented out, DriverVer = 09/23/2026,0.7.99.1
  .........................
  Signability test complete.
  Errors:
  None
  Warnings:
  None
  Catalog generation complete.
  P:\bc-250\scratch\build\bc250kmd-0799\package-umd\bc250kmd.cat
  Done Adding Additional Store
  Successfully signed: P:\bc-250\scratch\build\bc250kmd-0799\package-umd\bc250kmd.cat
umd package: P:\bc-250\scratch\build\bc250kmd-0799\package-umd
      792  bc250-lab-test.cer
     2839  bc250kmd.cat
     7520  bc250kmd.inf
   309648  bc250kmd.sys
     4096  bc250umd.dll
  6B271C001A0747EE02142AF2E8C3432BD0E8B2056A2678EBFAB3C77916ABE8B9  package\bc250kmd.sys
  6B271C001A0747EE02142AF2E8C3432BD0E8B2056A2678EBFAB3C77916ABE8B9  package-umd\bc250kmd.sys
