bc250kmd 0x00070072 log snapshot: 44 lines, 0 lost to the wrap, 0 dropped above DISPATCH_LEVEL
     0      0.008 stage 10
     1      0.010 gate: EnableFullWddm 1 (one shot: closed again on disk)
     2      0.012 stage 20
     3      0.122 stage 30
     4      0.126 stage 31
     5      0.128 stage 32
     6      0.128 post display 1920x1200 pitch 7680 format 22 target 2424833
     7      0.128 stage 33
     8      0.130 stage 34
     9      0.130 interrupt resource 1: message, vector 0x80, flags 0x3
    10      0.130 mmio: BAR5 at 0xFE800000 mapped, writes off, dcn writes off, vidpn flip off
    11      0.132 vram: 0x270000000 + 0x200000000, MC 0xF400000000, BAR0 0xC0000000 + 0x10000000, writes allowed
    12      0.132 fb sample mapped: phys 0xC0000000 first 0x00000000 mid 0x00000000
    13      0.132 fb sample physical: 0x270000000 first 0x00000000 mid 0x00000000
    14      0.132 gart: ready, dummy page at 0x26FFFA000
    15      0.132 psp: ready
    16      0.132 gpumem: ready, doorbells at 0xD0000000
    17      0.132 gfx: ready, GPU submission allowed, paging node allowed
    18      0.132 ih: ready
    19      0.136 vidmm: logical paging state 515 tables, 1031 slots, 4767344 bytes reserved
    20      0.141 vidmm: table segment 3 at physical 0x45E150000 + 0xFEB0000, host memory below 0x270000000, updates are WRITTEN
    21      0.141 startup: entering interrupt connection
    22      0.143 startup: entering firmware preparation
    23      0.147 gfx: RLC before-gart-initialization CNTL 0x00000000 read 0x00000000 STATUS2 0x00000008 read 0x00000000
    24      0.147 startup: entering GART initialization
    25      0.161 gart: startup startup-after-gfxhub-enable sample 0x00000000 fault 0x00000000
    26      0.161 gfx: RLC startup-after-gfxhub-enable CNTL 0x00000000 read 0x00000000 STATUS2 0x00000008 read 0x00000000
    27      0.161 gart: startup startup-after-mmhub-enable sample 0x00000000 fault 0x00000000
    28      0.161 gfx: RLC startup-after-mmhub-enable CNTL 0x00000000 read 0x00000000 STATUS2 0x00000008 read 0x00000000
    29      0.161 gart: startup startup-after-fault-defaults sample 0x00000000 fault 0x00000000
    30      0.161 gfx: RLC startup-after-fault-defaults CNTL 0x00000000 read 0x00000000 STATUS2 0x00000008 read 0x00000000
    31      0.161 gart: startup startup-after-mmhub-flush sample 0x00000000 fault 0x00000000
    32      0.161 gfx: RLC startup-after-mmhub-flush CNTL 0x00000000 read 0x00000000 STATUS2 0x00000008 read 0x00000000
    33      0.161 gart: startup after-invalidate-request sample 0x00F80001 fault 0x00000000
    34      0.161 gfx: RLC after-invalidate-request CNTL 0x00000000 read 0x00000000 STATUS2 0x01000008 read 0x00000000
    35      0.161 gart: startup after-invalidate-request-read sample 0x00F80001 fault 0x00000000
    36      0.161 gfx: RLC after-invalidate-request-read CNTL 0x00000000 read 0x00000000 STATUS2 0x01000008 read 0x00000000
    37      0.161 gart: startup after-invalidate-ack sample 0x00000001 fault 0x00000000
    38      0.161 gfx: RLC after-invalidate-ack CNTL 0x00000000 read 0x00000000 STATUS2 0x01000008 read 0x00000000
    39      0.161 gart: startup startup-after-gfxhub-flush sample 0x00000000 fault 0x00000000
    40      0.161 gfx: RLC startup-after-gfxhub-flush CNTL 0x00000000 read 0x00000000 STATUS2 0x01000008 read 0x00000000
    41      0.161 gart: op 1 -> 0x00000000 (-), result 0, 285 writes, fault offset 0x00000
    42      0.161 gfx: RLC before-psp CNTL 0x00000000 read 0x00000000 STATUS2 0x01000008 read 0x00000000
    43      0.161 startup: entering PSP initialization
