bc250kmd 0x00070072 log snapshot: 135 lines, 0 lost to the wrap, 0 dropped above DISPATCH_LEVEL
     0      0.002 stage 10
     1      0.004 gate: EnableFullWddm 1 (one shot: closed again on disk)
     2      0.004 stage 20
     3      0.072 stage 30
     4      0.072 stage 31
     5      0.074 stage 32
     6      0.074 post display 1920x1200 pitch 7680 format 22 target 2424833
     7      0.074 stage 33
     8      0.074 stage 34
     9      0.074 interrupt resource 1: message, vector 0x80, flags 0x3
    10      0.074 mmio: BAR5 at 0xFE800000 mapped, writes off, dcn writes off, vidpn flip off
    11      0.074 vram: 0x270000000 + 0x200000000, MC 0xF400000000, BAR0 0xC0000000 + 0x10000000, writes allowed
    12      0.074 fb sample mapped: phys 0xC0000000 first 0x00000000 mid 0x00000000
    13      0.074 fb sample physical: 0x270000000 first 0x00000000 mid 0x00000000
    14      0.074 gart: ready, dummy page at 0x26FFFA000
    15      0.074 psp: ready
    16      0.074 gpumem: ready, doorbells at 0xD0000000
    17      0.074 gfx: ready, GPU submission allowed, paging node allowed
    18      0.074 ih: ready
    19      0.076 vidmm: logical paging state 515 tables, 1031 slots, 4767344 bytes reserved
    20      0.078 vidmm: table segment 3 at physical 0x45E150000 + 0xFEB0000, host memory below 0x270000000, updates are WRITTEN
    21      0.078 startup: entering interrupt connection
    22      0.080 startup: entering firmware preparation
    23      0.084 gfx: RLC before-gart-initialization CNTL 0x00000000 read 0x00000000 STATUS2 0x00000008 read 0x00000000
    24      0.084 startup: entering GART initialization
    25      0.095 gart: startup startup-after-gfxhub-enable sample 0x00000000 fault 0x00000000
    26      0.095 gfx: RLC startup-after-gfxhub-enable CNTL 0x00000000 read 0x00000000 STATUS2 0x00000008 read 0x00000000
    27      0.097 gart: startup startup-after-mmhub-enable sample 0x00000000 fault 0x00000000
    28      0.097 gfx: RLC startup-after-mmhub-enable CNTL 0x00000000 read 0x00000000 STATUS2 0x00000008 read 0x00000000
    29      0.097 gart: startup startup-after-fault-defaults sample 0x00000000 fault 0x00000000
    30      0.097 gfx: RLC startup-after-fault-defaults CNTL 0x00000000 read 0x00000000 STATUS2 0x00000008 read 0x00000000
    31      0.097 gart: startup startup-after-mmhub-flush sample 0x00000000 fault 0x00000000
    32      0.097 gfx: RLC startup-after-mmhub-flush CNTL 0x00000000 read 0x00000000 STATUS2 0x00000008 read 0x00000000
    33      0.097 gart: startup after-invalidate-request sample 0x00F80001 fault 0x00000000
    34      0.097 gfx: RLC after-invalidate-request CNTL 0x00000000 read 0x00000000 STATUS2 0x00000008 read 0x00000000
    35      0.097 gart: startup after-invalidate-request-read sample 0x00F80001 fault 0x00000000
    36      0.097 gfx: RLC after-invalidate-request-read CNTL 0x00000000 read 0x00000000 STATUS2 0x00000008 read 0x00000000
    37      0.097 gart: startup after-invalidate-ack sample 0x00000001 fault 0x00000000
    38      0.097 gfx: RLC after-invalidate-ack CNTL 0x00000000 read 0x00000000 STATUS2 0x00000008 read 0x00000000
    39      0.097 gart: startup startup-after-gfxhub-flush sample 0x00000000 fault 0x00000000
    40      0.097 gfx: RLC startup-after-gfxhub-flush CNTL 0x00000000 read 0x00000000 STATUS2 0x00000008 read 0x00000000
    41      0.097 gart: op 1 -> 0x00000000 (-), result 0, 285 writes, fault offset 0x00000
    42      0.097 gfx: RLC before-psp CNTL 0x00000000 read 0x00000000 STATUS2 0x00000008 read 0x00000000
    43      0.097 startup: entering PSP initialization
    44      0.168 amdgpu[0]: reserve 0x400000 from 0xf5ff800000 for PSP TMR

    45      0.168 psp: command 1 (id 5, type 0, 4194304 bytes): rc 0, status 0x0, 262 us, in TMR at 0x0
    46      0.170 psp: command 2 (id 6, type 9, 33536 bytes): rc 0, status 0x0, 1906 us, in TMR at 0x0
    47      0.172 psp: command 3 (id 6, type 10, 33536 bytes): rc 0, status 0x0, 1906 us, in TMR at 0x0
    48      0.178 psp: command 4 (id 6, type 3, 263040 bytes): rc 0, status 0x0, 5879 us, in TMR at 0xF5FF842000
    49      0.182 psp: command 5 (id 6, type 2, 263168 bytes): rc 0, status 0x0, 5867 us, in TMR at 0xF5FF883000
    50      0.188 psp: command 6 (id 6, type 1, 263168 bytes): rc 0, status 0x0, 5905 us, in TMR at 0xF5FF8C4000
    51      0.194 psp: command 7 (id 6, type 4, 267440 bytes): rc 0, status 0x0, 5955 us, in TMR at 0xF5FF800000
    52      0.194 psp: command 8 (id 6, type 5, 896 bytes): rc 0, status 0x0, 130 us, in TMR at 0x0
    53      0.200 psp: command 9 (id 6, type 4, 267440 bytes): rc 0, status 0x0, 5954 us, in TMR at 0xF5FF800000
    54      0.200 psp: command 10 (id 6, type 6, 896 bytes): rc 0, status 0x0, 130 us, in TMR at 0x0
    55      0.202 psp: command 11 (id 6, type 8, 25088 bytes): rc 0, status 0x0, 1737 us, in TMR at 0x0
    56      0.202 psp: op 1 -> 0x00000000, result 0, 15 writes, 11 of 11 commands
    57      0.202 gfx: RLC after-psp CNTL 0x00000001 read 0x00000000 STATUS2 0x01000008 read 0x00000000
    58      0.202 startup: entering IH initialization
    59      0.204 ih: init: rc 0, 20 writes
    60      0.204 ih: op 1 -> 0x00000000, result 0, 21 writes; 0 interrupt routine calls, 0 ours, 0 DPCs, 0 vectors; status idle 1 input_idle 1 bif_interrupt_line 0
    61      0.204 startup: entering GFX initialization
    62      0.206 startup: entering GFX stage 1
    63      0.210 gfx: stage 1 (doorbell aperture): rc 0, 73 writes so far, 1 us
    64      0.210 gfx: op 1 to stage 1 -> 0x00000000, result 0, 73 writes, 0 doorbells
    65      0.210 startup: entering GFX stage 2
    66      0.212 gfx: stage 2 (golden registers): rc 0, 34 writes so far, 25 us
    67      0.212 gfx: op 1 to stage 2 -> 0x00000000, result 0, 34 writes, 0 doorbells
    68      0.212 startup: entering GFX stage 3
    69      0.214 gfx: stage 3 (GRBM CAM probe): rc 0, 3 writes so far, 2 us
    70      0.214 gfx: op 1 to stage 3 -> 0x00000000, result 0, 3 writes, 0 doorbells
    71      0.214 startup: entering GFX stage 4
    72      0.216 gfx: stage 4 (constants): rc 0, 157 writes so far, 62 us
    73      0.216 gfx: op 1 to stage 4 -> 0x00000000, result 0, 157 writes, 0 doorbells
    74      0.216 startup: entering GFX stage 5
    75      0.218 gfx: stage 5 (RLC): rc 0, 8 writes so far, 134 us
    76      0.218 gfx: op 1 to stage 5 -> 0x00000000, result 0, 8 writes, 0 doorbells
    77      0.218 startup: entering GFX stage 6
    78      0.220 startup: entering CP step 1
    79      0.220 startup: CP1 checkpoint acquire-paging-lock
    80      0.222 startup: CP1 checkpoint acquire-gart-lock
    81      0.222 startup: CP1 checkpoint locks-acquired
    82      0.224 amdgpu[0]: CP resume kiq-init begin

    83      0.224 startup: CP1 checkpoint scheduler
    84      0.224 startup: CP1 checkpoint scheduler-read
    85      0.226 startup: CP1 checkpoint scheduler-write
    86      0.226 startup: CP1 checkpoint scheduler-done
    87      0.228 startup: CP1 checkpoint clear-mqd
    88      0.228 startup: CP1 checkpoint select-queue
    89      0.230 startup: CP1 checkpoint build-mqd
    90      0.230 startup: CP1 checkpoint disable-wptr-poll
    91      0.230 startup: CP1 checkpoint read-active
    92      0.232 startup: CP1 checkpoint program-hqd
    93      0.232 startup: CP1 checkpoint activate-hqd
    94      0.234 startup: CP1 checkpoint restore-selection
    95      0.234 startup: CP1 checkpoint complete
    96      0.236 amdgpu[0]: CP resume kiq-init end result=0

    97      0.236 gfx: CP step 1: rc 0, 27 writes, 11815 us
    98      0.236 gfx: op 1 to stage 6 -> 0x00000000, result 0, 27 writes, 0 doorbells
    99      0.236 startup: CP step 1 returned 0x00000000 result 0
   100      0.236 startup: entering CP step 2
   101      0.238 amdgpu[0]: CP resume compute-unhalt begin

   102      0.238 amdgpu[0]: CP resume compute-unhalt end

   103      0.238 amdgpu[0]: CP resume kcq-init ring=0 begin

   104      0.238 amdgpu[0]: CP resume kcq-init ring=0 end result=0

   105      0.238 amdgpu[0]: CP resume kcq-init ring=1 begin

   106      0.238 amdgpu[0]: CP resume kcq-init ring=1 end result=0

   107      0.238 amdgpu[0]: CP resume kcq-init ring=2 begin

   108      0.238 amdgpu[0]: CP resume kcq-init ring=2 end result=0

   109      0.238 amdgpu[0]: CP resume kcq-init ring=3 begin

   110      0.238 amdgpu[0]: CP resume kcq-init ring=3 end result=0

   111      0.238 amdgpu[0]: CP resume kcq-init ring=4 begin

   112      0.238 amdgpu[0]: CP resume kcq-init ring=4 end result=0

   113      0.238 amdgpu[0]: CP resume kcq-init ring=5 begin

   114      0.238 amdgpu[0]: CP resume kcq-init ring=5 end result=0

   115      0.238 amdgpu[0]: CP resume kcq-init ring=6 begin

   116      0.238 amdgpu[0]: CP resume kcq-init ring=6 end result=0

   117      0.238 amdgpu[0]: CP resume kcq-init ring=7 begin

   118      0.238 amdgpu[0]: CP resume kcq-init ring=7 end result=0

   119      0.238 gfx: CP step 2: rc 0, 17 writes, 231 us
   120      0.238 gfx: op 1 to stage 6 -> 0x00000000, result 0, 17 writes, 0 doorbells
   121      0.238 startup: CP step 2 returned 0x00000000 result 0
   122      0.238 startup: entering CP step 3
   123      0.240 amdgpu[0]: CP resume kcq-enable begin

   124      0.240 amdgpu[0]: CP resume kcq-enable end result=0

   125      0.240 gfx: CP step 3: rc 0, 1 writes, 46 us
   126      0.240 gfx: op 1 to stage 6 -> 0x00000000, result 0, 1 writes, 2 doorbells
   127      0.240 startup: CP step 3 returned 0x00000000 result 0
   128      0.240 startup: entering CP step 4
   129      0.242 amdgpu[0]: CP resume kgq-init ring=0 begin

   130      0.242 amdgpu[0]: CP resume kgq-init ring=0 end result=0

   131      0.242 gfx: CP step 4: rc 0, 4 writes, 30 us
   132      0.242 gfx: op 1 to stage 6 -> 0x00000000, result 0, 4 writes, 0 doorbells
   133      0.242 startup: CP step 4 returned 0x00000000 result 0
   134      0.242 startup: entering CP step 5
