

LastStage         : 61
StageHistory      : 10 20 30 31 32 33 34 35 39 50 60 61 
UnconfirmedStarts : 2
KeepStatus        : 0
KeepLog           : 1
EnableFullWddm    : 0



snapshot=ring-20260924-091611-963.log
bc250kmd 0x0007007C log snapshot: 90 lines, 0 lost to the wrap, 0 dropped above DISPATCH_LEVEL
     0      0.002 stage 10
     1      0.004 gate: EnableFullWddm 1 (one shot: closed again on disk)
     2      0.004 stage 20
     3      0.114 stage 30
     4      0.116 stage 31
     5      0.118 stage 32
     6      0.118 post display 1920x1200 pitch 7680 format 22 target 2424833
     7      0.118 stage 33
     8      0.120 stage 34
     9      0.120 interrupt resource 1: message, vector 0x70, flags 0x3
    10      0.122 mmio: BAR5 at 0xFE800000 mapped, writes off, dcn writes off, vidpn flip off
    11      0.122 vram: 0x270000000 + 0x200000000, MC 0xF400000000, BAR0 0xC0000000 + 0x10000000, writes allowed
    12      0.122 fb sample mapped: phys 0xC0000000 first 0x00000000 mid 0x00000000
    13      0.122 fb sample physical: 0x270000000 first 0x00000000 mid 0x00000000
    14      0.122 gart: ready, dummy page at 0x26FFFA000
    15      0.122 psp: ready
    16      0.122 gpumem: ready, doorbells at 0xD0000000
    17      0.122 gfx: ready, GPU submission allowed, paging node allowed
    18      0.122 ih: ready
    19      0.124 vidmm: logical paging state 515 tables, 1031 slots, 4767344 bytes reserved
    20      0.130 vidmm: table segment 3 at physical 0x45E150000 + 0xFEB0000, host memory below 0x270000000, updates are WRITTEN
    21      0.130 startup: entering interrupt connection
    22      0.133 startup: entering firmware preparation
    23      0.136 gfx: CP_ME_CNTL 0x15000000, CP_MEC_CNTL 0x50000000, SDMA0/1_F32_CNTL 0x1 0x1
    24      0.136 gfx: unpublished translation bootstrap entered with engines halted
    25      0.136 gfx: RLC before-gart-initialization CNTL 0x00000000 read 0x00000000 STATUS2 0x00000008 read 0x00000000
    26      0.136 startup: entering GART initialization
    27      0.150 gart: startup startup-after-gfxhub-enable sample 0x00000000 fault 0x00000000
    28      0.150 gfx: RLC startup-after-gfxhub-enable CNTL 0x00000000 read 0x00000000 STATUS2 0x00000008 read 0x00000000
    29      0.150 gart: startup startup-after-mmhub-enable sample 0x00000000 fault 0x00000000
    30      0.150 gfx: RLC startup-after-mmhub-enable CNTL 0x00000000 read 0x00000000 STATUS2 0x00000008 read 0x00000000
    31      0.150 gart: startup startup-after-fault-defaults sample 0x00000000 fault 0x00000000
    32      0.150 gfx: RLC startup-after-fault-defaults CNTL 0x00000000 read 0x00000000 STATUS2 0x00000008 read 0x00000000
    33      0.150 gart: startup bootstrap-after-mmhub-flush sample 0x00000000 fault 0x00000000
    34      0.150 gfx: RLC bootstrap-after-mmhub-flush CNTL 0x00000000 read 0x00000000 STATUS2 0x00000008 read 0x00000000
    35      0.150 gart: op 1 -> 0x00000000 (-), result 0, 284 writes, fault offset 0x00000
    36      0.150 gfx: RLC before-psp CNTL 0x00000000 read 0x00000000 STATUS2 0x00000008 read 0x00000000
    37      0.150 startup: entering PSP initialization
    38      0.204 gfx: RLC before-psp-ring-create CNTL 0x00000000 read 0x00000000 STATUS2 0x00000008 read 0x00000000
    39      0.225 gfx: RLC after-psp-ring-create CNTL 0x00000000 read 0x00000000 STATUS2 0x00000008 read 0x00000000
    40      0.225 amdgpu[0]: reserve 0x400000 from 0xf5ff800000 for PSP TMR

    41      0.225 psp: command 1 (id 5, type 0, 4194304 bytes): rc 0, status 0x0, 268 us, in TMR at 0x0
    42      0.225 gfx: RLC after-psp-command CNTL 0x00000000 read 0x00000000 STATUS2 0x00000008 read 0x00000000
    43      0.227 psp: command 2 (id 6, type 9, 33536 bytes): rc 0, status 0x0, 1907 us, in TMR at 0x0
    44      0.227 gfx: RLC after-psp-command CNTL 0x00000000 read 0x00000000 STATUS2 0x01000008 read 0x00000000
    45      0.229 psp: command 3 (id 6, type 10, 33536 bytes): rc 0, status 0x0, 1940 us, in TMR at 0x0
    46      0.229 gfx: RLC after-psp-command CNTL 0x00000000 read 0x00000000 STATUS2 0x01000008 read 0x00000000
    47      0.235 psp: command 4 (id 6, type 3, 263040 bytes): rc 0, status 0x0, 5897 us, in TMR at 0xF5FF842000
    48      0.235 gfx: RLC after-psp-command CNTL 0x00000000 read 0x00000000 STATUS2 0x01000008 read 0x00000000
    49      0.241 psp: command 5 (id 6, type 2, 263168 bytes): rc 0, status 0x0, 5912 us, in TMR at 0xF5FF883000
    50      0.241 gfx: RLC after-psp-command CNTL 0x00000000 read 0x00000000 STATUS2 0x01000008 read 0x00000000
    51      0.247 psp: command 6 (id 6, type 1, 263168 bytes): rc 0, status 0x0, 5919 us, in TMR at 0xF5FF8C4000
    52      0.247 gfx: RLC after-psp-command CNTL 0x00000000 read 0x00000000 STATUS2 0x01000008 read 0x00000000
    53      0.253 psp: command 7 (id 6, type 4, 267440 bytes): rc 0, status 0x0, 5963 us, in TMR at 0xF5FF800000
    54      0.253 gfx: RLC after-psp-command CNTL 0x00000000 read 0x00000000 STATUS2 0x01000008 read 0x00000000
    55      0.253 psp: command 8 (id 6, type 5, 896 bytes): rc 0, status 0x0, 130 us, in TMR at 0x0
    56      0.253 gfx: RLC after-psp-command CNTL 0x00000000 read 0x00000000 STATUS2 0x01000008 read 0x00000000
    57      0.259 psp: command 9 (id 6, type 4, 267440 bytes): rc 0, status 0x0, 6013 us, in TMR at 0xF5FF800000
    58      0.259 gfx: RLC after-psp-command CNTL 0x00000000 read 0x00000000 STATUS2 0x01000008 read 0x00000000
    59      0.259 psp: command 10 (id 6, type 6, 896 bytes): rc 0, status 0x0, 130 us, in TMR at 0x0
    60      0.259 gfx: RLC after-psp-command CNTL 0x00000000 read 0x00000000 STATUS2 0x01000008 read 0x00000000
    61      0.261 psp: command 11 (id 6, type 8, 25088 bytes): rc 0, status 0x0, 1697 us, in TMR at 0x0
    62      0.261 gfx: RLC after-psp-command CNTL 0x00000000 read 0x00000000 STATUS2 0x01000008 read 0x00000000
    63      0.261 psp: op 1 -> 0x00000000, result 0, 15 writes, 11 of 11 commands
    64      0.261 gfx: RLC after-psp CNTL 0x00000000 read 0x00000000 STATUS2 0x01000008 read 0x00000000
    65      0.261 startup: entering IH initialization
    66      0.263 ih: init: rc 0, 18 writes
    67      0.263 ih: op 1 -> 0x00000000, result 0, 19 writes; 0 interrupt routine calls, 0 ours, 0 DPCs, 0 vectors; status idle 1 input_idle 1 bif_interrupt_line 0
    68      0.263 startup: entering GFX initialization
    69      0.267 startup: entering GFX stage 1
    70      0.273 gfx: stage 1 (doorbell aperture): rc 0, 49 writes so far, 2 us
    71      0.273 gfx: op 1 to stage 1 -> 0x00000000, result 0, 49 writes, 0 doorbells
    72      0.275 startup: entering GFX stage 2
    73      0.279 gfx: stage 2 (golden registers): rc 0, 34 writes so far, 25 us
    74      0.279 gfx: op 1 to stage 2 -> 0x00000000, result 0, 34 writes, 0 doorbells
    75      0.281 startup: entering GFX stage 3
    76      0.283 gfx: stage 3 (GRBM CAM probe): rc 0, 3 writes so far, 4 us
    77      0.283 gfx: op 1 to stage 3 -> 0x00000000, result 0, 3 writes, 0 doorbells
    78      0.285 startup: entering GFX stage 4
    79      0.289 gfx: stage 4 (constants): rc 0, 157 writes so far, 63 us
    80      0.289 gfx: op 1 to stage 4 -> 0x00000000, result 0, 157 writes, 0 doorbells
    81      0.291 startup: entering GFX stage 5
    82      0.293 startup: RLC boundary acquire-paging-lock
    83      0.295 startup: RLC boundary acquire-gart-lock
    84      0.299 startup: RLC boundary locks-acquired
    85      0.301 startup: RLC boundary before-rlc-resume
    86      0.303 startup: RLC boundary after-rlc-resume
    87      0.307 startup: RLC boundary before-gfx-visibility
    88      0.309 gpumem: GFXHUB after-invalidate-request sample 0x00F80001 fault 0x00000000
    89      0.311 startup: visibility observer returned after-invalidate-request
snapshot=ring-20260924-091611-961.log
bc250kmd 0x0007007C log snapshot: 89 lines, 0 lost to the wrap, 0 dropped above DISPATCH_LEVEL
     0      0.002 stage 10
     1      0.004 gate: EnableFullWddm 1 (one shot: closed again on disk)
     2      0.004 stage 20
     3      0.114 stage 30
     4      0.116 stage 31
     5      0.118 stage 32
     6      0.118 post display 1920x1200 pitch 7680 format 22 target 2424833
     7      0.118 stage 33
     8      0.120 stage 34
     9      0.120 interrupt resource 1: message, vector 0x70, flags 0x3
    10      0.122 mmio: BAR5 at 0xFE800000 mapped, writes off, dcn writes off, vidpn flip off
    11      0.122 vram: 0x270000000 + 0x200000000, MC 0xF400000000, BAR0 0xC0000000 + 0x10000000, writes allowed
    12      0.122 fb sample mapped: phys 0xC0000000 first 0x00000000 mid 0x00000000
    13      0.122 fb sample physical: 0x270000000 first 0x00000000 mid 0x00000000
    14      0.122 gart: ready, dummy page at 0x26FFFA000
    15      0.122 psp: ready
    16      0.122 gpumem: ready, doorbells at 0xD0000000
    17      0.122 gfx: ready, GPU submission allowed, paging node allowed
    18      0.122 ih: ready
    19      0.124 vidmm: logical paging state 515 tables, 1031 slots, 4767344 bytes reserved
    20      0.130 vidmm: table segment 3 at physical 0x45E150000 + 0xFEB0000, host memory below 0x270000000, updates are WRITTEN
    21      0.130 startup: entering interrupt connection
    22      0.133 startup: entering firmware preparation
    23      0.136 gfx: CP_ME_CNTL 0x15000000, CP_MEC_CNTL 0x50000000, SDMA0/1_F32_CNTL 0x1 0x1
    24      0.136 gfx: unpublished translation bootstrap entered with engines halted
    25      0.136 gfx: RLC before-gart-initialization CNTL 0x00000000 read 0x00000000 STATUS2 0x00000008 read 0x00000000
    26      0.136 startup: entering GART initialization
    27      0.150 gart: startup startup-after-gfxhub-enable sample 0x00000000 fault 0x00000000
    28      0.150 gfx: RLC startup-after-gfxhub-enable CNTL 0x00000000 read 0x00000000 STATUS2 0x00000008 read 0x00000000
    29      0.150 gart: startup startup-after-mmhub-enable sample 0x00000000 fault 0x00000000
    30      0.150 gfx: RLC startup-after-mmhub-enable CNTL 0x00000000 read 0x00000000 STATUS2 0x00000008 read 0x00000000
    31      0.150 gart: startup startup-after-fault-defaults sample 0x00000000 fault 0x00000000
    32      0.150 gfx: RLC startup-after-fault-defaults CNTL 0x00000000 read 0x00000000 STATUS2 0x00000008 read 0x00000000
    33      0.150 gart: startup bootstrap-after-mmhub-flush sample 0x00000000 fault 0x00000000
    34      0.150 gfx: RLC bootstrap-after-mmhub-flush CNTL 0x00000000 read 0x00000000 STATUS2 0x00000008 read 0x00000000
    35      0.150 gart: op 1 -> 0x00000000 (-), result 0, 284 writes, fault offset 0x00000
    36      0.150 gfx: RLC before-psp CNTL 0x00000000 read 0x00000000 STATUS2 0x00000008 read 0x00000000
    37      0.150 startup: entering PSP initialization
    38      0.204 gfx: RLC before-psp-ring-create CNTL 0x00000000 read 0x00000000 STATUS2 0x00000008 read 0x00000000
    39      0.225 gfx: RLC after-psp-ring-create CNTL 0x00000000 read 0x00000000 STATUS2 0x00000008 read 0x00000000
    40      0.225 amdgpu[0]: reserve 0x400000 from 0xf5ff800000 for PSP TMR

    41      0.225 psp: command 1 (id 5, type 0, 4194304 bytes): rc 0, status 0x0, 268 us, in TMR at 0x0
    42      0.225 gfx: RLC after-psp-command CNTL 0x00000000 read 0x00000000 STATUS2 0x00000008 read 0x00000000
    43      0.227 psp: command 2 (id 6, type 9, 33536 bytes): rc 0, status 0x0, 1907 us, in TMR at 0x0
    44      0.227 gfx: RLC after-psp-command CNTL 0x00000000 read 0x00000000 STATUS2 0x01000008 read 0x00000000
    45      0.229 psp: command 3 (id 6, type 10, 33536 bytes): rc 0, status 0x0, 1940 us, in TMR at 0x0
    46      0.229 gfx: RLC after-psp-command CNTL 0x00000000 read 0x00000000 STATUS2 0x01000008 read 0x00000000
    47      0.235 psp: command 4 (id 6, type 3, 263040 bytes): rc 0, status 0x0, 5897 us, in TMR at 0xF5FF842000
    48      0.235 gfx: RLC after-psp-command CNTL 0x00000000 read 0x00000000 STATUS2 0x01000008 read 0x00000000
    49      0.241 psp: command 5 (id 6, type 2, 263168 bytes): rc 0, status 0x0, 5912 us, in TMR at 0xF5FF883000
    50      0.241 gfx: RLC after-psp-command CNTL 0x00000000 read 0x00000000 STATUS2 0x01000008 read 0x00000000
    51      0.247 psp: command 6 (id 6, type 1, 263168 bytes): rc 0, status 0x0, 5919 us, in TMR at 0xF5FF8C4000
    52      0.247 gfx: RLC after-psp-command CNTL 0x00000000 read 0x00000000 STATUS2 0x01000008 read 0x00000000
    53      0.253 psp: command 7 (id 6, type 4, 267440 bytes): rc 0, status 0x0, 5963 us, in TMR at 0xF5FF800000
    54      0.253 gfx: RLC after-psp-command CNTL 0x00000000 read 0x00000000 STATUS2 0x01000008 read 0x00000000
    55      0.253 psp: command 8 (id 6, type 5, 896 bytes): rc 0, status 0x0, 130 us, in TMR at 0x0
    56      0.253 gfx: RLC after-psp-command CNTL 0x00000000 read 0x00000000 STATUS2 0x01000008 read 0x00000000
    57      0.259 psp: command 9 (id 6, type 4, 267440 bytes): rc 0, status 0x0, 6013 us, in TMR at 0xF5FF800000
    58      0.259 gfx: RLC after-psp-command CNTL 0x00000000 read 0x00000000 STATUS2 0x01000008 read 0x00000000
    59      0.259 psp: command 10 (id 6, type 6, 896 bytes): rc 0, status 0x0, 130 us, in TMR at 0x0
    60      0.259 gfx: RLC after-psp-command CNTL 0x00000000 read 0x00000000 STATUS2 0x01000008 read 0x00000000
    61      0.261 psp: command 11 (id 6, type 8, 25088 bytes): rc 0, status 0x0, 1697 us, in TMR at 0x0
    62      0.261 gfx: RLC after-psp-command CNTL 0x00000000 read 0x00000000 STATUS2 0x01000008 read 0x00000000
    63      0.261 psp: op 1 -> 0x00000000, result 0, 15 writes, 11 of 11 commands
    64      0.261 gfx: RLC after-psp CNTL 0x00000000 read 0x00000000 STATUS2 0x01000008 read 0x00000000
    65      0.261 startup: entering IH initialization
    66      0.263 ih: init: rc 0, 18 writes
    67      0.263 ih: op 1 -> 0x00000000, result 0, 19 writes; 0 interrupt routine calls, 0 ours, 0 DPCs, 0 vectors; status idle 1 input_idle 1 bif_interrupt_line 0
    68      0.263 startup: entering GFX initialization
    69      0.267 startup: entering GFX stage 1
    70      0.273 gfx: stage 1 (doorbell aperture): rc 0, 49 writes so far, 2 us
    71      0.273 gfx: op 1 to stage 1 -> 0x00000000, result 0, 49 writes, 0 doorbells
    72      0.275 startup: entering GFX stage 2
    73      0.279 gfx: stage 2 (golden registers): rc 0, 34 writes so far, 25 us
    74      0.279 gfx: op 1 to stage 2 -> 0x00000000, result 0, 34 writes, 0 doorbells
    75      0.281 startup: entering GFX stage 3
    76      0.283 gfx: stage 3 (GRBM CAM probe): rc 0, 3 writes so far, 4 us
    77      0.283 gfx: op 1 to stage 3 -> 0x00000000, result 0, 3 writes, 0 doorbells
    78      0.285 startup: entering GFX stage 4
    79      0.289 gfx: stage 4 (constants): rc 0, 157 writes so far, 63 us
    80      0.289 gfx: op 1 to stage 4 -> 0x00000000, result 0, 157 writes, 0 doorbells
    81      0.291 startup: entering GFX stage 5
    82      0.293 startup: RLC boundary acquire-paging-lock
    83      0.295 startup: RLC boundary acquire-gart-lock
    84      0.299 startup: RLC boundary locks-acquired
    85      0.301 startup: RLC boundary before-rlc-resume
    86      0.303 startup: RLC boundary after-rlc-resume
    87      0.307 startup: RLC boundary before-gfx-visibility
    88      0.309 gpumem: GFXHUB after-invalidate-request sample 0x00F80001 fault 0x00000000
# adapter    BC-250 GPU (bc250kmd, display-only, lab build)
# hardware   PCI\VEN_1002&DEV_13FE&SUBSYS_00001022&REV_00
[interface identity redacted]
D3DKMTOpenAdapterFromDeviceName -> 0x00000000 STATUS_SUCCESS
# adapter    handle 0x40000000 luid 00000000-00009066
D3DKMTEscape(D3DKMT_ESCAPE_DRIVERPRIVATE, BC250_ESCAPE_GET_INFO) -> 0x00000000 STATUS_SUCCESS
version      0x0007007C (milestone 7 revision 124)
last stage   61 first present done
mode         1920x1200 pitch 7680 format 22 (display-only)
presents     314
counters     blits 0, flips 0 (the full table's own present counters; both stay 0 in display-only mode)
gates        mmio open, mmio writes off, vram open, vram writes on, gart open, psp open, gfx open, ih open
info_exit=0
boot=2026-09-24T11:17:48
