RESIDENCY PROBE bytes=65536 heap=2 cycles=3
D3DKMTEnumAdapters2 (count)        0x00000000  STATUS_SUCCESS
    34 adapter(s)
D3DKMTEnumAdapters2                0x00000000  STATUS_SUCCESS
  adapter 0: LUID 00000000:001EB711  NumOfSources 1
    AdapterString "Microsoft Basic Display Adapter"  ChipType ""
    UmdFileName   "bc250umd.dll"
    ^ selected
  adapter 1: LUID 00000000:00008F5D  NumOfSources 0
    UmdFileName   "d3d10warp.dll"
D3DKMTOpenAdapterFromLuid          0x00000000  STATUS_SUCCESS
    hAdapter 0x40000080 for LUID 00000000:001EB711
QueryAdapterInfo GPUMMU_CAPS       0x00000000  STATUS_SUCCESS
    VirtualAddressBitCount 48, flags 0x00000000 (ReadOnly 0, NoExecute 0, CacheCoherent 0)
QueryAdapterInfo NODEMETADATA 0    0x00000000  STATUS_SUCCESS
    node 0: EngineType 1 "BC-250 GFX" GpuMmu 1 IoMmu 0 flags 0x00000000
QueryAdapterInfo DRIVERVERSION     0x00000000  STATUS_SUCCESS
    KMT_DRIVERVERSION 2000 (2000 = WDDM 2.0)
QueryAdapterInfo WDDM_2_0_CAPS     0x00000000  STATUS_SUCCESS
    WDDM_2_0_CAPS 0x00000003 (GpuMmuSupported 1, IoMmuSupported 0)
D3DKMTCreateDevice                 0x00000000  STATUS_SUCCESS
    hDevice 0x400000C0
D3DKMTCreatePagingQueue            0x00000000  STATUS_SUCCESS
    hPagingQueue 0x40000140 hSyncObject 0x40000100 fence CPU VA 000001BE11690000, current value 7000
CreateAllocation2 BC2A [preserved] 0x00000000  STATUS_SUCCESS
    mapping 16 page(s) of 0x10000 bytes at base 0x0000000000000000
D3DKMTMapGpuVirtualAddress [preserved] 0x00000103  STATUS_PENDING
    VirtualAddress 0x0000000000010000 (asked 0x0000000000000000, honoured), PagingFenceValue 7001
    paging fence for MapGpuVirtualAddress reached 7001 (waited for 7001)
D3DKMTMakeResident [preserved]     0x00000103  STATUS_PENDING
    NumAllocations back 1, PagingFenceValue 7002, NumBytesToTrim 0
    STATUS_PENDING: the fence below is the completion
    paging fence for MakeResident reached 7002 (waited for 7002)
D3DKMTLock2 [preserved]            0x00000000  STATUS_SUCCESS
    locked at CPU VA 000001BE116A0000
PATTERN preserved bytes=65536 write=1 mismatches=0 word_hash=07F45B187613E325
D3DKMTUnlock2 [preserved]          0x00000000  STATUS_SUCCESS
QueryAllocationResidency [preserved] 0x00000000  STATUS_SUCCESS
RESIDENCY initial value=1
CYCLE 1 BEGIN
Evict                              0x00000000  STATUS_SUCCESS
QueryAllocationResidency [preserved] 0x00000000  STATUS_SUCCESS
RESIDENCY after-evict value=2
FAIL: eviction was not witnessed
-- teardown
D3DKMTFreeGpuVirtualAddress [preserved] 0x00000000  STATUS_SUCCESS
D3DKMTDestroyAllocation2 [preserved] 0x00000000  STATUS_SUCCESS
D3DKMTDestroyPagingQueue           0x00000000  STATUS_SUCCESS
D3DKMTDestroyDevice                0x00000000  STATUS_SUCCESS
D3DKMTCloseAdapter                 0x00000000  STATUS_SUCCESS
RESIDENCY_RESULT FAIL (CPU readback; GPU paging requires separate evidence)
