bc250kmd 0x00070071 log snapshot: 42 lines, 0 lost to the wrap, 0 dropped above DISPATCH_LEVEL
     0      0.000 stage 10
     1      0.002 gate: EnableFullWddm 1 (one shot: closed again on disk)
     2      0.002 stage 20
     3      0.070 stage 30
     4      0.072 stage 31
     5      0.072 stage 32
     6      0.072 post display 1920x1200 pitch 7680 format 22 target 2424833
     7      0.072 stage 33
     8      0.074 stage 34
     9      0.074 interrupt resource 1: message, vector 0x80, flags 0x3
    10      0.074 mmio: BAR5 at 0xFE800000 mapped, writes off, dcn writes off, vidpn flip off
    11      0.074 vram: 0x270000000 + 0x200000000, MC 0xF400000000, BAR0 0xC0000000 + 0x10000000, writes allowed
    12      0.074 fb sample mapped: phys 0xC0000000 first 0x00000000 mid 0x00000000
    13      0.074 fb sample physical: 0x270000000 first 0x00000000 mid 0x00000000
    14      0.074 gart: ready, dummy page at 0x26FFFA000
    15      0.074 psp: ready
    16      0.074 gpumem: ready, doorbells at 0xD0000000
    17      0.074 gfx: ready, GPU submission allowed, paging node allowed
    18      0.074 ih: ready
    19      0.076 vidmm: logical paging state 515 tables, 1031 slots, 4767344 bytes reserved
    20      0.076 vidmm: table segment 3 at physical 0x45E150000 + 0xFEB0000, host memory below 0x270000000, updates are WRITTEN
    21      0.076 startup: entering interrupt connection
    22      0.078 startup: entering firmware preparation
    23      0.082 startup: entering GART initialization
    24      0.096 gart: op 1 -> 0x00000000 (-), result 0, 285 writes, fault offset 0x00000
    25      0.096 gfx: RLC before-psp CNTL 0x00000000 read 0x00000000 STATUS2 0x00000008 read 0x00000000
    26      0.096 startup: entering PSP initialization
    27      0.167 amdgpu[0]: reserve 0x400000 from 0xf5ff800000 for PSP TMR

    28      0.167 psp: command 1 (id 5, type 0, 4194304 bytes): rc 0, status 0x0, 262 us, in TMR at 0x0
    29      0.169 psp: command 2 (id 6, type 9, 33536 bytes): rc 0, status 0x0, 1914 us, in TMR at 0x0
    30      0.171 psp: command 3 (id 6, type 10, 33536 bytes): rc 0, status 0x0, 1911 us, in TMR at 0x0
    31      0.177 psp: command 4 (id 6, type 3, 263040 bytes): rc 0, status 0x0, 5879 us, in TMR at 0xF5FF842000
    32      0.181 psp: command 5 (id 6, type 2, 263168 bytes): rc 0, status 0x0, 5899 us, in TMR at 0xF5FF883000
    33      0.187 psp: command 6 (id 6, type 1, 263168 bytes): rc 0, status 0x0, 5904 us, in TMR at 0xF5FF8C4000
    34      0.193 psp: command 7 (id 6, type 4, 267440 bytes): rc 0, status 0x0, 5940 us, in TMR at 0xF5FF800000
    35      0.193 psp: command 8 (id 6, type 5, 896 bytes): rc 0, status 0x0, 130 us, in TMR at 0x0
    36      0.199 psp: command 9 (id 6, type 4, 267440 bytes): rc 0, status 0x0, 5990 us, in TMR at 0xF5FF800000
    37      0.201 psp: command 10 (id 6, type 6, 896 bytes): rc 0, status 0x0, 130 us, in TMR at 0x0
    38      0.201 psp: command 11 (id 6, type 8, 25088 bytes): rc 0, status 0x0, 1737 us, in TMR at 0x0
    39      0.201 psp: op 1 -> 0x00000000, result 0, 15 writes, 11 of 11 commands
    40      0.201 gfx: RLC after-psp CNTL 0x00000001 read 0x00000000 STATUS2 0x00000008 read 0x00000000
    41      0.201 startup: entering IH initialization
