**********************************************************************
** Visual Studio 2022 Developer Command Prompt v17.14.21
** Copyright (c) 2025 Microsoft Corporation
**********************************************************************
[vcvarsall.bat] Environment initialized for: 'x64'
Directory already configured.

Just run your build command (e.g. ninja) and Meson will regenerate as necessary.
Run "meson setup --reconfigure" to force Meson to regenerate.

If build failures persist, run "meson setup --wipe" to rebuild from scratch
using the same options as passed when configuring the build.
ninja: Entering directory `P:\BC-250\bc250-win\experiments\E34-native-d3d-zink\..\..\..\scratch\m13-native-zink-build'
[1/13] Compiling C++ object src/gallium/frontends/d3d10umd/libd3d10umd.a.p/Adapter.cpp.obj
[2/13] Compiling C++ object src/gallium/frontends/d3d10umd/libd3d10umd.a.p/InputAssembly.cpp.obj
[3/13] Compiling C++ object src/gallium/frontends/d3d10umd/libd3d10umd.a.p/Format.cpp.obj
[4/13] Compiling C++ object src/gallium/frontends/d3d10umd/libd3d10umd.a.p/Rasterizer.cpp.obj
[5/13] Compiling C++ object src/gallium/frontends/d3d10umd/libd3d10umd.a.p/Draw.cpp.obj
[6/13] Compiling C++ object src/gallium/frontends/d3d10umd/libd3d10umd.a.p/Query.cpp.obj
[7/13] Compiling C++ object src/gallium/frontends/d3d10umd/libd3d10umd.a.p/OutputMerger.cpp.obj
[8/13] Compiling C++ object src/gallium/frontends/d3d10umd/libd3d10umd.a.p/Shader.cpp.obj
[9/13] Compiling C++ object src/gallium/frontends/d3d10umd/libd3d10umd.a.p/Resource.cpp.obj
[10/13] Compiling C++ object src/gallium/frontends/d3d10umd/libd3d10umd.a.p/DxgiFns.cpp.obj
[11/13] Compiling C++ object src/gallium/frontends/d3d10umd/libd3d10umd.a.p/Device.cpp.obj
[12/13] Linking static target src/gallium/frontends/d3d10umd/libd3d10umd.a
[13/13] Linking target src/gallium/targets/d3d10umd/bc250d3d_zink.dll
   Trwa tworzenie biblioteki src\gallium\targets/d3d10umd\bc250d3d_zink.lib i obiektu src\gallium\targets/d3d10umd\bc250d3d_zink.exp

**********************************************************************
** Visual Studio 2022 Developer Command Prompt v17.14.21
** Copyright (c) 2025 Microsoft Corporation
**********************************************************************
[vcvarsall.bat] Environment initialized for: 'x64'
kmd-commands PASS 0.44s
kmd-contract PASS 0.36s
radv-contract PASS 0.23s
umd-contract PASS 0.23s
blob-abi PASS 0.7s
surface-control PASS 0.22s
kmd-analysis PASS 0.6s
umd-analysis PASS 4.25s
