compile
  Generowanie kodu...
  Trwa kompilowanie...
  Generowanie kodu...
  Generowanie kodu...
  Generowanie kodu...
link
stack budget
bc250kmd.sys: 510 functions with unwind data, largest fixed frame 3992 bytes
  warn    3992 bytes  rva 0x0195D0  GfxPagingBuildUpdate
  warn    2248 bytes  rva 0x018190  GfxPagingBuildAperture
  warn    2120 bytes  rva 0x02F560  VidMmCommitPagingAperture
  warn    1240 bytes  rva 0x03BAF0  WddmSubmitUmdImpl
catalog
  ........................
  Signability test complete.
  Errors:
  None
  Warnings:
  None
  Catalog generation complete.
  P:\bc-250\scratch\build\paging-borrowed-queue-dev\package\bc250kmd.cat
sign
  Done Adding Additional Store
  Successfully signed: P:\bc-250\scratch\build\paging-borrowed-queue-dev\package\bc250kmd.sys
  Done Adding Additional Store
  Successfully signed: P:\bc-250\scratch\build\paging-borrowed-queue-dev\package\bc250kmd.cat
      792  bc250-lab-test.cer
     2407  bc250kmd.cat
     7684  bc250kmd.inf
   360336  bc250kmd.sys
umd package
  bc250kmd.inf generated: 9 lines enabled, 1 commented out, DriverVer = 09/24/2026,0.7.132.1
  .........................
  Signability test complete.
  Errors:
  None
  Warnings:
  None
  Catalog generation complete.
  P:\bc-250\scratch\build\paging-borrowed-queue-dev\package-umd\bc250kmd.cat
  Done Adding Additional Store
  Successfully signed: P:\bc-250\scratch\build\paging-borrowed-queue-dev\package-umd\bc250kmd.cat
umd package: P:\bc-250\scratch\build\paging-borrowed-queue-dev\package-umd
      792  bc250-lab-test.cer
     2839  bc250kmd.cat
     7632  bc250kmd.inf
   360336  bc250kmd.sys
     4096  bc250umd.dll
  51ED64099A6180937AD098D0A74A136D06BAE6ED648CFEA8485613D6D9D448D6  package\bc250kmd.sys
  51ED64099A6180937AD098D0A74A136D06BAE6ED648CFEA8485613D6D9D448D6  package-umd\bc250kmd.sys
