compile
  Generowanie kodu...
  Trwa kompilowanie...
  Generowanie kodu...
  Generowanie kodu...
  Generowanie kodu...
link
stack budget
bc250kmd.sys: 514 functions with unwind data, largest fixed frame 3992 bytes
  warn    3992 bytes  rva 0x019A80  GfxPagingBuildUpdate
  warn    2248 bytes  rva 0x018640  GfxPagingBuildAperture
  warn    2120 bytes  rva 0x02FBC0  VidMmCommitPagingAperture
  warn    1240 bytes  rva 0x03C5B0  WddmSubmitUmdImpl
catalog
  ........................
  Signability test complete.
  Errors:
  None
  Warnings:
  None
  Catalog generation complete.
  P:\bc-250\scratch\build\bc250kmd-07135-v2\package\bc250kmd.cat
sign
  Done Adding Additional Store
  Successfully signed: P:\bc-250\scratch\build\bc250kmd-07135-v2\package\bc250kmd.sys
  Done Adding Additional Store
  Successfully signed: P:\bc-250\scratch\build\bc250kmd-07135-v2\package\bc250kmd.cat
      792  bc250-lab-test.cer
     2407  bc250kmd.cat
     7684  bc250kmd.inf
   364432  bc250kmd.sys
umd package
  bc250kmd.inf generated: 9 lines enabled, 1 commented out, DriverVer = 09/24/2026,0.7.135.1
  .........................
  Signability test complete.
  Errors:
  None
  Warnings:
  None
  Catalog generation complete.
  P:\bc-250\scratch\build\bc250kmd-07135-v2\package-umd\bc250kmd.cat
  Done Adding Additional Store
  Successfully signed: P:\bc-250\scratch\build\bc250kmd-07135-v2\package-umd\bc250kmd.cat
umd package: P:\bc-250\scratch\build\bc250kmd-07135-v2\package-umd
      792  bc250-lab-test.cer
     2839  bc250kmd.cat
     7632  bc250kmd.inf
   364432  bc250kmd.sys
     4096  bc250umd.dll
  3B82B87F13B9592E3CB82D3F3D226C6ABADAA886B3EFAEE4BF1090D0F7BDE979  package\bc250kmd.sys
  3B82B87F13B9592E3CB82D3F3D226C6ABADAA886B3EFAEE4BF1090D0F7BDE979  package-umd\bc250kmd.sys
