compile
  Generowanie kodu...
  Trwa kompilowanie...
  Generowanie kodu...
  Generowanie kodu...
  Generowanie kodu...
link
stack budget
bc250kmd.sys: 540 functions with unwind data, largest fixed frame 3992 bytes
  warn    3992 bytes  rva 0x01AF60  GfxPagingBuildUpdate
  warn    2248 bytes  rva 0x019B20  GfxPagingBuildAperture
  warn    2120 bytes  rva 0x031D70  VidMmCommitPagingAperture
  warn    1240 bytes  rva 0x03EB60  WddmSubmitUmdImpl
catalog
  ........................
  Signability test complete.
  Errors:
  None
  Warnings:
  None
  Catalog generation complete.
  P:\bc-250\scratch\build\bd018\kmd\package\bc250kmd.cat
sign
  Done Adding Additional Store
  Successfully signed: P:\bc-250\scratch\build\bd018\kmd\package\bc250kmd.sys
  Done Adding Additional Store
  Successfully signed: P:\bc-250\scratch\build\bd018\kmd\package\bc250kmd.cat
      792  bc250-lab-test.cer
     2407  bc250kmd.cat
     7684  bc250kmd.inf
   375696  bc250kmd.sys
  CBAAE8D2343C4221D551FA62B3BDCCFF15DD3EA4D49D6575C5A245CE11B06309  package\bc250kmd.sys
