compile
source capture: d7846ec37cf0ba2885591f9027bfb34650ee8ef9 clean=True
**********************************************************************
** Visual Studio 2022 Developer Command Prompt v17.14.21
** Copyright (c) 2025 Microsoft Corporation
**********************************************************************
[vcvarsall.bat] Environment initialized for: 'x64'
kmd-commands PASS 0.63s
kmd-contract PASS 0.36s
radv-contract PASS 0.24s
umd-contract PASS 0.25s
blit-plan PASS 0.86s
gfx-copy PASS 0.84s
gfx-blt PASS 0.88s
blob-abi PASS 0.94s
surface-control PASS 0.25s
kmd-analysis PASS 0.57s
umd-analysis PASS 3.25s
  Generowanie kodu...
  Trwa kompilowanie...
  Generowanie kodu...
  Generowanie kodu...
  Generowanie kodu...
link
stack budget
bc250kmd.sys: 581 functions with unwind data, largest fixed frame 3992 bytes
  warn    3992 bytes  rva 0x01CD20  GfxPagingBuildUpdate
  warn    2248 bytes  rva 0x01B8E0  GfxPagingBuildAperture
  warn    2120 bytes  rva 0x036A20  VidMmCommitPagingAperture
  warn    1240 bytes  rva 0x044AF0  WddmSubmitUmdImpl
catalog
  ........................
  Signability test complete.
  Errors:
  None
  Warnings:
  None
  Catalog generation complete.
  P:\bc-250\scratch\g0-hosted\kmd154-final002\package\bc250kmd.cat
sign
  Done Adding Additional Store
  Successfully signed: P:\bc-250\scratch\g0-hosted\kmd154-final002\package\bc250kmd.sys
  Done Adding Additional Store
  Successfully signed: P:\bc-250\scratch\g0-hosted\kmd154-final002\package\bc250kmd.cat
      792  bc250-lab-test.cer
     2407  bc250kmd.cat
     7684  bc250kmd.inf
   405392  bc250kmd.sys
umd package
  bc250kmd.inf generated: 9 lines enabled, 1 commented out, DriverVer = 09/27/2026,0.7.154.1
  .........................
  Signability test complete.
  Errors:
  None
  Warnings:
  None
  Catalog generation complete.
  P:\bc-250\scratch\g0-hosted\kmd154-final002\package-umd\bc250kmd.cat
  Done Adding Additional Store
  Successfully signed: P:\bc-250\scratch\g0-hosted\kmd154-final002\package-umd\bc250kmd.cat
umd package: P:\bc-250\scratch\g0-hosted\kmd154-final002\package-umd
      792  bc250-lab-test.cer
     2839  bc250kmd.cat
     7632  bc250kmd.inf
   405392  bc250kmd.sys
     4096  bc250umd.dll
  2D36B7C745C8FD0AF7A3D228A0BEF5BCFF82495945F60592960DD50C6950D2FF  package\bc250kmd.sys
  2D36B7C745C8FD0AF7A3D228A0BEF5BCFF82495945F60592960DD50C6950D2FF  package-umd\bc250kmd.sys
source/artifact manifest written; source eligible=True
