Testing 1 devices

Backend 1/1: CPU
  Device description: AMD BC-250
  Device memory: 7911 MB (4811 MB free)

  CPY(type_src=f16,type_dst=f32,ne_src=[256,2,3,4],permute_src=[0,2,1,3],permute_dst=[0,0,0,0],_src_transpose=0): [1;32mOK[0m
  CPY(type_src=f16,type_dst=f16,ne_src=[256,2,3,4],permute_src=[0,2,1,3],permute_dst=[0,0,0,0],_src_transpose=0): [1;32mOK[0m
  CPY(type_src=f32,type_dst=f32,ne_src=[256,2,3,4],permute_src=[0,2,1,3],permute_dst=[0,0,0,0],_src_transpose=0): [1;32mOK[0m
  CPY(type_src=f32,type_dst=f16,ne_src=[256,2,3,4],permute_src=[0,2,1,3],permute_dst=[0,0,0,0],_src_transpose=0): [1;32mOK[0m
  CPY(type_src=f32,type_dst=f32,ne_src=[256,2,3,4],permute_src=[0,2,1,3],permute_dst=[0,0,0,0],_src_transpose=0): [1;32mOK[0m
  CPY(type_src=f16,type_dst=f32,ne_src=[256,2,3,4],permute_src=[0,2,1,3],permute_dst=[0,0,0,0],_src_transpose=0): [1;32mOK[0m
  CPY(type_src=f16,type_dst=f16,ne_src=[256,2,3,4],permute_src=[1,0,2,3],permute_dst=[0,0,0,0],_src_transpose=0): [1;32mOK[0m
  CPY(type_src=f16,type_dst=f32,ne_src=[256,2,3,4],permute_src=[1,0,2,3],permute_dst=[0,0,0,0],_src_transpose=0): [1;32mOK[0m
  CPY(type_src=f32,type_dst=f16,ne_src=[256,2,3,4],permute_src=[1,0,2,3],permute_dst=[0,0,0,0],_src_transpose=0): [1;32mOK[0m
  CPY(type_src=f32,type_dst=f32,ne_src=[256,2,3,4],permute_src=[1,0,2,3],permute_dst=[0,0,0,0],_src_transpose=0): [1;32mOK[0m
  MUL_MAT(type_a=f32,type_b=f32,m=16,n=1,k=256,bs=[1,1],nr=[1,1],per=[0,1,2,3],k_v=0,o=1): [1;32mOK[0m
  MUL_MAT(type_a=f16,type_b=f32,m=16,n=1,k=256,bs=[1,1],nr=[1,1],per=[0,1,2,3],k_v=0,o=1): [1;32mOK[0m
  MUL_MAT(type_a=f32,type_b=f32,m=16,n=1,k=256,bs=[1,1],nr=[1,1],per=[0,1,2,3],k_v=0,o=1): [1;32mOK[0m
  MUL_MAT(type_a=f32,type_b=f32,m=16,n=16,k=256,bs=[1,1],nr=[1,1],per=[0,1,2,3],k_v=0,o=1): [1;32mOK[0m
  MUL_MAT(type_a=f16,type_b=f32,m=16,n=1,k=256,bs=[1,1],nr=[1,1],per=[0,1,2,3],k_v=0,o=1): [1;32mOK[0m
  MUL_MAT(type_a=f16,type_b=f32,m=16,n=16,k=256,bs=[1,1],nr=[1,1],per=[0,1,2,3],k_v=0,o=1): [1;32mOK[0m
  SOFT_MAX(type=f32,ne=[16,2,32,1],mask=0,sinks=0,m_prec=f32,nr23=[1,1],scale=0.100000,max_bias=0.000000,inplace=1): [1;32mOK[0m
  SOFT_MAX(type=f32,ne=[16,2,32,1],mask=0,sinks=0,m_prec=f16,nr23=[1,1],scale=0.100000,max_bias=0.000000,inplace=1): [1;32mOK[0m
  SOFT_MAX(type=f32,ne=[16,2,32,1],mask=0,sinks=1,m_prec=f32,nr23=[1,1],scale=0.100000,max_bias=0.000000,inplace=1): [1;32mOK[0m
  SOFT_MAX(type=f32,ne=[16,2,32,1],mask=0,sinks=1,m_prec=f16,nr23=[1,1],scale=0.100000,max_bias=0.000000,inplace=1): [1;32mOK[0m
  SOFT_MAX(type=f32,ne=[16,2,32,1],mask=1,sinks=0,m_prec=f32,nr23=[1,1],scale=0.100000,max_bias=0.000000,inplace=1): [1;32mOK[0m
  SOFT_MAX(type=f32,ne=[16,2,32,1],mask=1,sinks=0,m_prec=f16,nr23=[1,1],scale=0.100000,max_bias=0.000000,inplace=1): [1;32mOK[0m
  SOFT_MAX(type=f32,ne=[16,2,32,1],mask=1,sinks=1,m_prec=f32,nr23=[1,1],scale=0.100000,max_bias=0.000000,inplace=1): [1;32mOK[0m
  SOFT_MAX(type=f32,ne=[16,2,32,1],mask=1,sinks=1,m_prec=f16,nr23=[1,1],scale=0.100000,max_bias=0.000000,inplace=1): [1;32mOK[0m
  SOFT_MAX(type=f32,ne=[16,2,32,1],mask=1,sinks=1,m_prec=f32,nr23=[1,1],scale=0.100000,max_bias=0.000000,inplace=0): [1;32mOK[0m
  SOFT_MAX(type=f32,ne=[16,2,32,1],mask=1,sinks=0,m_prec=f16,nr23=[1,1],scale=0.100000,max_bias=0.000000,inplace=0): [1;32mOK[0m
  SOFT_MAX(type=f32,ne=[16,2,32,1],mask=0,sinks=1,m_prec=f32,nr23=[1,1],scale=0.100000,max_bias=0.000000,inplace=0): [1;32mOK[0m
  27/27 tests passed
  Backend CPU: [1;32mOK[0m
1/1 backends passed
[1;32mOK[0m
