1528:warn:openvr_instance_extensions: Failed to open VR registry key, status 2.
1528:warn:openxr_vulkan_extensions: wineopenxr.dll is missing required symbols.
1528:info:vkd3d_instance_apply_application_workarounds: Detected game witcher3.exe, adding 2 configs, removing 0 configs.
1528:info:vkd3d_instance_apply_application_workarounds: Detected game witcher3.exe, adding shader quirks for specific shaders.
1528:info:vkd3d_instance_deduce_config_flags_from_environment: shader_cache is used, global_pipeline_cache is enforced.
1528:info:vkd3d_config_flags_init_once: VKD3D_CONFIG=''.
1528:info:vkd3d_get_vk_version: vkd3d-proton - applicationVersion: 3.1.0.
1528:info:vkd3d_instance_init: vkd3d-proton - build: 472989aabdcf3e3.
1528:warn:openvr_device_extensions: Failed to open VR registry key, status 2.
1528:warn:openxr_vulkan_extensions: wineopenxr.dll is missing required symbols.
1528:info:vkd3d_physical_device_info_init_maint9: Implementation supports eliding QFOT for non-compressed optimal images.
1528:warn:vkd3d_init_depth_stencil_formats: Mapping VK_FORMAT_D24_UNORM_S8_UINT to VK_FORMAT_D32_SFLOAT_S8_UINT.
1528:info:vkd3d_memory_info_decide_hvv_usage: Topology: No more than 1 device local heap, HVV access is viable.
1528:info:vkd3d_memory_info_upload_hvv_memory_properties: Topology: largest device local heap is too small (8406929408 bytes) for effective ReBAR.
1528:info:vkd3d_bindless_state_get_bindless_flags: Enabling fast paths for advanced ExecuteIndirect() graphics and compute (EXT_dgc).
1528:info:vkd3d_bindless_state_get_bindless_flags: Device supports VK_EXT_mutable_descriptor_type.
1528:info:vkd3d_bindless_state_get_bindless_flags: Device supports ultra-fast path for descriptor copies.
1528:info:vkd3d_bindless_state_get_bindless_flags: Device supports packed metadata path for descriptor copies.
1528:info:vkd3d_bindless_state_add_binding: Device supports VK_EXT_descriptor_buffer!
1528:info:vkd3d_bindless_state_add_binding: Device supports VK_EXT_descriptor_buffer!
1528:info:vkd3d_bindless_state_add_binding: Device supports VK_EXT_descriptor_buffer!
1528:info:d3d12_device_caps_init_shader_model: Enabling support for SM 6.6.
1528:info:d3d12_device_caps_init_shader_model: Enabling support for SM 6.7.
1528:info:d3d12_device_caps_init_shader_model: Enabling support for SM 6.8.
1528:fixme:d3d12_device_caps_init_feature_options1: TotalLaneCount = 1536, may be inaccurate.
1528:info:d3d12_device_determine_ray_tracing_tier: DXR support enabled.
1528:info:d3d12_device_determine_ray_tracing_tier: DXR 1.1 support enabled.
1528:info:vkd3d_pipeline_library_init_disk_cache: Remapping VKD3D_SHADER_CACHE to: C:\BC250\m12\witcher3-dx12-005\vkd3d-cache\vkd3d-proton.witcher3.exe.cache.
1528:info:vkd3d_pipeline_library_init_disk_cache: Attempting to load disk cache from: C:\BC250\m12\witcher3-dx12-005\vkd3d-cache\vkd3d-proton.witcher3.exe.cache.
2cfc:info:vkd3d_pipeline_library_disk_thread_main: Performing async setup of stream archive ...
2cfc:info:vkd3d_pipeline_library_disk_cache_merge: No write cache exists. No need to merge any disk caches.
2cfc:info:vkd3d_pipeline_library_disk_cache_initial_setup: Merging pipeline libraries took 0.189 ms.
2cfc:info:vkd3d_pipeline_library_disk_cache_initial_setup: Failed to map read-only cache: C:\BC250\m12\witcher3-dx12-005\vkd3d-cache\vkd3d-proton.witcher3.exe.cache.
2cfc:info:vkd3d_pipeline_library_disk_thread_main: Done performing async setup of stream archive.
1528:warn:openvr_instance_extensions: Failed to open VR registry key, status 2.
1528:warn:openxr_vulkan_extensions: wineopenxr.dll is missing required symbols.
1528:info:vkd3d_get_vk_version: vkd3d-proton - applicationVersion: 3.1.0.
1528:info:vkd3d_instance_init: vkd3d-proton - build: 472989aabdcf3e3.
1528:warn:openvr_device_extensions: Failed to open VR registry key, status 2.
1528:warn:openxr_vulkan_extensions: wineopenxr.dll is missing required symbols.
1528:info:vkd3d_physical_device_info_init_maint9: Implementation supports eliding QFOT for non-compressed optimal images.
1528:warn:vkd3d_init_depth_stencil_formats: Mapping VK_FORMAT_D24_UNORM_S8_UINT to VK_FORMAT_D32_SFLOAT_S8_UINT.
1528:info:vkd3d_memory_info_decide_hvv_usage: Topology: No more than 1 device local heap, HVV access is viable.
1528:info:vkd3d_memory_info_upload_hvv_memory_properties: Topology: largest device local heap is too small (8406929408 bytes) for effective ReBAR.
1528:info:vkd3d_bindless_state_get_bindless_flags: Enabling fast paths for advanced ExecuteIndirect() graphics and compute (EXT_dgc).
1528:info:vkd3d_bindless_state_get_bindless_flags: Device supports VK_EXT_mutable_descriptor_type.
1528:info:vkd3d_bindless_state_get_bindless_flags: Device supports ultra-fast path for descriptor copies.
1528:info:vkd3d_bindless_state_get_bindless_flags: Device supports packed metadata path for descriptor copies.
1528:info:vkd3d_bindless_state_add_binding: Device supports VK_EXT_descriptor_buffer!
1528:info:vkd3d_bindless_state_add_binding: Device supports VK_EXT_descriptor_buffer!
1528:info:vkd3d_bindless_state_add_binding: Device supports VK_EXT_descriptor_buffer!
1528:info:d3d12_device_caps_init_shader_model: Enabling support for SM 6.6.
1528:info:d3d12_device_caps_init_shader_model: Enabling support for SM 6.7.
1528:info:d3d12_device_caps_init_shader_model: Enabling support for SM 6.8.
1528:fixme:d3d12_device_caps_init_feature_options1: TotalLaneCount = 1536, may be inaccurate.
1528:info:d3d12_device_determine_ray_tracing_tier: DXR support enabled.
1528:info:d3d12_device_determine_ray_tracing_tier: DXR 1.1 support enabled.
1528:info:vkd3d_pipeline_library_init_disk_cache: Remapping VKD3D_SHADER_CACHE to: C:\BC250\m12\witcher3-dx12-005\vkd3d-cache\vkd3d-proton.witcher3.exe.cache.
1528:info:vkd3d_pipeline_library_init_disk_cache: Attempting to load disk cache from: C:\BC250\m12\witcher3-dx12-005\vkd3d-cache\vkd3d-proton.witcher3.exe.cache.
07ac:info:vkd3d_pipeline_library_disk_thread_main: Performing async setup of stream archive ...
07ac:info:vkd3d_pipeline_library_disk_cache_merge: No write cache exists. No need to merge any disk caches.
07ac:info:vkd3d_pipeline_library_disk_cache_initial_setup: Merging pipeline libraries took 0.133 ms.
07ac:info:vkd3d_pipeline_library_disk_cache_initial_setup: Failed to map read-only cache: C:\BC250\m12\witcher3-dx12-005\vkd3d-cache\vkd3d-proton.witcher3.exe.cache.
07ac:info:vkd3d_pipeline_library_disk_thread_main: Done performing async setup of stream archive.
1528:warn:d3d12core_GetDebugInterface: Returning DXGI_ERROR_SDK_COMPONENT_MISSING.
1528:warn:openvr_instance_extensions: Failed to open VR registry key, status 2.
1528:warn:openxr_vulkan_extensions: wineopenxr.dll is missing required symbols.
1528:info:vkd3d_get_vk_version: vkd3d-proton - applicationVersion: 3.1.0.
1528:info:vkd3d_instance_init: vkd3d-proton - build: 472989aabdcf3e3.
1528:warn:openvr_device_extensions: Failed to open VR registry key, status 2.
1528:warn:openxr_vulkan_extensions: wineopenxr.dll is missing required symbols.
1528:info:vkd3d_physical_device_info_init_maint9: Implementation supports eliding QFOT for non-compressed optimal images.
1528:warn:vkd3d_init_depth_stencil_formats: Mapping VK_FORMAT_D24_UNORM_S8_UINT to VK_FORMAT_D32_SFLOAT_S8_UINT.
1528:info:vkd3d_memory_info_decide_hvv_usage: Topology: No more than 1 device local heap, HVV access is viable.
1528:info:vkd3d_memory_info_upload_hvv_memory_properties: Topology: largest device local heap is too small (8406929408 bytes) for effective ReBAR.
1528:info:vkd3d_bindless_state_get_bindless_flags: Enabling fast paths for advanced ExecuteIndirect() graphics and compute (EXT_dgc).
1528:info:vkd3d_bindless_state_get_bindless_flags: Device supports VK_EXT_mutable_descriptor_type.
1528:info:vkd3d_bindless_state_get_bindless_flags: Device supports ultra-fast path for descriptor copies.
1528:info:vkd3d_bindless_state_get_bindless_flags: Device supports packed metadata path for descriptor copies.
1528:info:vkd3d_bindless_state_add_binding: Device supports VK_EXT_descriptor_buffer!
1528:info:vkd3d_bindless_state_add_binding: Device supports VK_EXT_descriptor_buffer!
1528:info:vkd3d_bindless_state_add_binding: Device supports VK_EXT_descriptor_buffer!
1528:info:d3d12_device_caps_init_shader_model: Enabling support for SM 6.6.
1528:info:d3d12_device_caps_init_shader_model: Enabling support for SM 6.7.
1528:info:d3d12_device_caps_init_shader_model: Enabling support for SM 6.8.
1528:fixme:d3d12_device_caps_init_feature_options1: TotalLaneCount = 1536, may be inaccurate.
1528:info:d3d12_device_determine_ray_tracing_tier: DXR support enabled.
1528:info:d3d12_device_determine_ray_tracing_tier: DXR 1.1 support enabled.
1528:info:vkd3d_pipeline_library_init_disk_cache: Remapping VKD3D_SHADER_CACHE to: C:\BC250\m12\witcher3-dx12-005\vkd3d-cache\vkd3d-proton.witcher3.exe.cache.
1528:info:vkd3d_pipeline_library_init_disk_cache: Attempting to load disk cache from: C:\BC250\m12\witcher3-dx12-005\vkd3d-cache\vkd3d-proton.witcher3.exe.cache.
20b0:info:vkd3d_pipeline_library_disk_thread_main: Performing async setup of stream archive ...
20b0:info:vkd3d_pipeline_library_disk_cache_merge: No write cache exists. No need to merge any disk caches.
20b0:info:vkd3d_pipeline_library_disk_cache_initial_setup: Merging pipeline libraries took 0.209 ms.
20b0:info:vkd3d_pipeline_library_disk_cache_initial_setup: Failed to map read-only cache: C:\BC250\m12\witcher3-dx12-005\vkd3d-cache\vkd3d-proton.witcher3.exe.cache.
20b0:info:vkd3d_pipeline_library_disk_thread_main: Done performing async setup of stream archive.
1528:warn:openvr_instance_extensions: Failed to open VR registry key, status 2.
1528:warn:openxr_vulkan_extensions: wineopenxr.dll is missing required symbols.
1528:info:vkd3d_get_vk_version: vkd3d-proton - applicationVersion: 3.1.0.
1528:info:vkd3d_instance_init: vkd3d-proton - build: 472989aabdcf3e3.
1528:warn:openvr_device_extensions: Failed to open VR registry key, status 2.
1528:warn:openxr_vulkan_extensions: wineopenxr.dll is missing required symbols.
1528:info:vkd3d_physical_device_info_init_maint9: Implementation supports eliding QFOT for non-compressed optimal images.
1528:warn:vkd3d_init_depth_stencil_formats: Mapping VK_FORMAT_D24_UNORM_S8_UINT to VK_FORMAT_D32_SFLOAT_S8_UINT.
1528:info:vkd3d_memory_info_decide_hvv_usage: Topology: No more than 1 device local heap, HVV access is viable.
1528:info:vkd3d_memory_info_upload_hvv_memory_properties: Topology: largest device local heap is too small (8406929408 bytes) for effective ReBAR.
1528:info:vkd3d_bindless_state_get_bindless_flags: Enabling fast paths for advanced ExecuteIndirect() graphics and compute (EXT_dgc).
1528:info:vkd3d_bindless_state_get_bindless_flags: Device supports VK_EXT_mutable_descriptor_type.
1528:info:vkd3d_bindless_state_get_bindless_flags: Device supports ultra-fast path for descriptor copies.
1528:info:vkd3d_bindless_state_get_bindless_flags: Device supports packed metadata path for descriptor copies.
1528:info:vkd3d_bindless_state_add_binding: Device supports VK_EXT_descriptor_buffer!
1528:info:vkd3d_bindless_state_add_binding: Device supports VK_EXT_descriptor_buffer!
1528:info:vkd3d_bindless_state_add_binding: Device supports VK_EXT_descriptor_buffer!
1528:info:d3d12_device_caps_init_shader_model: Enabling support for SM 6.6.
1528:info:d3d12_device_caps_init_shader_model: Enabling support for SM 6.7.
1528:info:d3d12_device_caps_init_shader_model: Enabling support for SM 6.8.
1528:fixme:d3d12_device_caps_init_feature_options1: TotalLaneCount = 1536, may be inaccurate.
1528:info:d3d12_device_determine_ray_tracing_tier: DXR support enabled.
1528:info:d3d12_device_determine_ray_tracing_tier: DXR 1.1 support enabled.
1528:info:vkd3d_pipeline_library_init_disk_cache: Remapping VKD3D_SHADER_CACHE to: C:\BC250\m12\witcher3-dx12-005\vkd3d-cache\vkd3d-proton.witcher3.exe.cache.
1528:info:vkd3d_pipeline_library_init_disk_cache: Attempting to load disk cache from: C:\BC250\m12\witcher3-dx12-005\vkd3d-cache\vkd3d-proton.witcher3.exe.cache.
1528:warn:d3d12_device_CheckFeatureSupport: Assuming device does not support tile based rendering.
1aec:info:vkd3d_pipeline_library_disk_thread_main: Performing async setup of stream archive ...
1aec:info:vkd3d_pipeline_library_disk_cache_merge: No write cache exists. No need to merge any disk caches.
1aec:info:vkd3d_pipeline_library_disk_cache_initial_setup: Merging pipeline libraries took 0.210 ms.
1aec:info:vkd3d_pipeline_library_disk_cache_initial_setup: Failed to map read-only cache: C:\BC250\m12\witcher3-dx12-005\vkd3d-cache\vkd3d-proton.witcher3.exe.cache.
1aec:info:vkd3d_pipeline_library_disk_thread_main: Done performing async setup of stream archive.
1528:warn:d3d12_device_CheckFeatureSupport: Assuming device does not support tile based rendering.
1528:fixme:d3d12_command_queue_init: Ignoring priority 0x64.
1528:warn:d3d12_state_object_find_association: Conflicting local root signatures defined for same export, using NULL local root signature.
1528:warn:d3d12_state_object_find_association: Conflicting local root signatures defined for same export, using NULL local root signature.
1528:warn:d3d12_state_object_find_association: Conflicting local root signatures defined for same export, using NULL local root signature.
1528:warn:d3d12_state_object_find_association: Conflicting local root signatures defined for same export, using NULL local root signature.
1528:warn:d3d12_state_object_find_association: Conflicting local root signatures defined for same export, using NULL local root signature.
1528:warn:d3d12_state_object_find_association: Conflicting local root signatures defined for same export, using NULL local root signature.
1528:warn:d3d12_state_object_find_association: Conflicting local root signatures defined for same export, using NULL local root signature.
1528:warn:d3d12_state_object_find_association: Conflicting local root signatures defined for same export, using NULL local root signature.
1528:warn:d3d12_device_QueryInterface: {db6f6ddb-ac77-4e88-8253-819df9bbf140} not implemented, returning E_NOINTERFACE.
1528:info:dxgi_vk_swap_chain_init: Creating swapchain (1920 x 1200), BufferCount = 3.
1528:info:dxgi_vk_swap_chain_init_sync_objects: Ensure maximum latency of 3 frames with KHR_present_wait.
1528:info:dxgi_vk_swap_chain_init_sleep_state: Timer interval is 0.5 ms.
1aec:info:vkd3d_pipeline_library_disk_thread_main: Pipeline cache marked dirty. Flush is scheduled.
1040:warn:d3d12_pipeline_state_init_graphics_create_info: DSV format is DXGI_FORMAT_UNKNOWN.
0f30:info:dxgi_vk_swap_chain_recreate_swapchain_in_present_task: Got 3 swapchain images.
0f30:info:dxgi_vk_swap_chain_recreate_swapchain_in_present_task: Got 3 swapchain images.
1aec:info:vkd3d_pipeline_library_disk_thread_main: Flushing disk cache (wakeup counter since last flush = 19). It seems like application has stopped creating new PSOs for the time being.
1aec:info:vkd3d_pipeline_library_disk_thread_main: Pipeline cache marked dirty. Flush is scheduled.
1aec:info:vkd3d_pipeline_library_disk_thread_main: Flushing disk cache (wakeup counter since last flush = 17). It seems like application has stopped creating new PSOs for the time being.
1aec:info:vkd3d_pipeline_library_disk_thread_main: Pipeline cache marked dirty. Flush is scheduled.
0d58:info:d3d12_command_queue_execute: Enabling staggered submissions for command queue 000001F582C5E410, queue family 0.
3034:warn:d3d12_pipeline_state_init_graphics_create_info: DSV format is DXGI_FORMAT_UNKNOWN.
0f30:info:d3d12_command_queue_execute: Enabling staggered submissions for command queue 000001F580ECDCB0, queue family 0.
3034:warn:d3d12_pipeline_state_init_graphics_create_info: DSV format is DXGI_FORMAT_UNKNOWN.
1ce4:warn:d3d12_pipeline_state_init_graphics_create_info: DSV format is DXGI_FORMAT_UNKNOWN.
0f30:info:d3d12_command_queue_execute: Disabling staggered submissions for command queue 000001F580ECDCB0, queue family 0.
0f30:info:d3d12_command_queue_execute: Enabling staggered submissions for command queue 000001F580ECDCB0, queue family 0.
1aec:info:vkd3d_pipeline_library_disk_thread_main: Flushing disk cache (wakeup counter since last flush = 203). It seems like application has stopped creating new PSOs for the time being.
1aec:info:vkd3d_pipeline_library_disk_thread_main: Pipeline cache marked dirty. Flush is scheduled.
1aec:info:vkd3d_pipeline_library_disk_thread_main: Flushing disk cache (wakeup counter since last flush = 2). It seems like application has stopped creating new PSOs for the time being.
1aec:info:vkd3d_pipeline_library_disk_thread_main: Pipeline cache marked dirty. Flush is scheduled.
1aec:info:vkd3d_pipeline_library_disk_thread_main: Flushing disk cache (wakeup counter since last flush = 10). It seems like application has stopped creating new PSOs for the time being.
1aec:info:vkd3d_pipeline_library_disk_thread_main: Pipeline cache marked dirty. Flush is scheduled.
1aec:info:vkd3d_pipeline_library_disk_thread_main: Flushing disk cache (wakeup counter since last flush = 28). It seems like application has stopped creating new PSOs for the time being.
