log          15892 lines since this driver load, 14868 lost to the wrap, 7 dropped above DISPATCH_LEVEL; ring 1024 lines of which the first 256 are kept; table FULL WDDM (the gate was open at DriverEntry)
     0      0.002 stage 10
     1      0.002 gate: EnableFullWddm 2
     2      0.004 stage 20
     3      0.134 stage 30
     4      0.136 guard: count 0 -> 1 flushed, durable required 1
     5      0.136 stage 31
     6      0.138 stage 32
     7      0.138 post display 1920x1200 pitch 7680 format 22 target 2424833
     8      0.140 stage 33
     9      0.140 stage 34
    10      0.140 interrupt resource 1: message, vector 0x80, flags 0x3
    11      0.140 mmio: BAR5 at 0xFE800000 mapped, writes off, dcn writes allowed, vidpn flip allowed
    12      0.140 smu: native owner start status 0x00000000
    13      0.140 vram: 0x270000000 + 0x200000000, MC 0xF400000000, BAR0 0xC0000000 + 0x10000000, writes allowed
    14      0.140 fb sample mapped: phys 0xC0000000 first 0x00000000 mid 0x00000000
    15      0.140 fb sample physical: 0x270000000 first 0x00000000 mid 0x00000000
    16      0.140 gart: ready, dummy page at 0x26FFFA000
    17      0.140 psp: ready
    18      0.140 gpumem: ready, doorbells at 0xD0000000
    19      0.142 gfx: ready, GPU submission allowed, paging node allowed
    20      0.142 ih: ready
    21      0.146 vidmm: logical paging state 515 tables, 1031 slots, 4767344 bytes reserved
    22      0.152 vidmm: table segment 3 at physical 0x45E150000 + 0xFEB0000, host memory below 0x270000000, updates are WRITTEN
    23      0.152 startup: entering interrupt connection
    24      0.156 startup: entering firmware preparation
    25      0.166 startup: entering native clock preparation
    26      0.168 startup: clock status 0x00000000 ready 1 request 1000MHz/820mV initial 1000MHz/VID116 observed 1000MHz/VID116 temp 67500mc staged 0
    27      0.172 gfx: CP_ME_CNTL 0x15000000, CP_MEC_CNTL 0x50000000, SDMA0/1_F32_CNTL 0x1 0x1
    28      0.172 gfx: unpublished translation bootstrap entered with engines halted
    29      0.172 gfx: RLC before-gart-initialization CNTL 0x00000000 read 0x00000000 STATUS2 0x00000008 read 0x00000000
    30      0.172 gfx: GRBM before-gart-initialization STATUS 0x00003028 read 0x00000000
    31      0.172 startup: entering GART initialization
    32      0.186 gart: startup startup-after-gfxhub-enable sample 0x00000000 fault 0x00000000
    33      0.186 gfx: RLC startup-after-gfxhub-enable CNTL 0x00000000 read 0x00000000 STATUS2 0x00000008 read 0x00000000
    34      0.186 gfx: GRBM startup-after-gfxhub-enable STATUS 0x00003028 read 0x00000000
    35      0.186 gart: startup startup-after-mmhub-enable sample 0x00000000 fault 0x00000000
    36      0.186 gfx: RLC startup-after-mmhub-enable CNTL 0x00000000 read 0x00000000 STATUS2 0x00000008 read 0x00000000
    37      0.186 gfx: GRBM startup-after-mmhub-enable STATUS 0x00003028 read 0x00000000
    38      0.186 gart: startup startup-after-fault-defaults sample 0x00000000 fault 0x00000000
    39      0.186 gfx: RLC startup-after-fault-defaults CNTL 0x00000000 read 0x00000000 STATUS2 0x00000008 read 0x00000000
    40      0.186 gfx: GRBM startup-after-fault-defaults STATUS 0x00003028 read 0x00000000
    41      0.186 gart: startup bootstrap-after-mmhub-flush sample 0x00000000 fault 0x00000000
    42      0.186 gfx: RLC bootstrap-after-mmhub-flush CNTL 0x00000000 read 0x00000000 STATUS2 0x00000008 read 0x00000000
    43      0.186 gfx: GRBM bootstrap-after-mmhub-flush STATUS 0x00003028 read 0x00000000
    44      0.186 gart: op 1 -> 0x00000000 (-), result 0, 284 writes, fault offset 0x00000
    45      0.186 gfx: RLC before-psp CNTL 0x00000000 read 0x00000000 STATUS2 0x00000008 read 0x00000000
    46      0.186 gfx: GRBM before-psp STATUS 0x00003028 read 0x00000000
    47      0.186 startup: entering PSP initialization
    48      0.238 gfx: RLC before-psp-ring-create CNTL 0x00000000 read 0x00000000 STATUS2 0x00000008 read 0x00000000
    49      0.238 gfx: GRBM before-psp-ring-create STATUS 0x00003028 read 0x00000000
    50      0.260 gfx: RLC after-psp-ring-create CNTL 0x00000000 read 0x00000000 STATUS2 0x00000008 read 0x00000000
    51      0.260 gfx: GRBM after-psp-ring-create STATUS 0x00003028 read 0x00000000
    52      0.260 amdgpu[0]: reserve 0x400000 from 0xf5ff800000 for PSP TMR

    53      0.260 psp: command 1 (id 5, type 0, 4194304 bytes): rc 0, status 0x0, 269 us, in TMR at 0x0
    54      0.260 gfx: RLC after-psp-command CNTL 0x00000000 read 0x00000000 STATUS2 0x00000008 read 0x00000000
    55      0.260 gfx: GRBM after-psp-command STATUS 0x00003028 read 0x00000000
    56      0.262 psp: command 2 (id 6, type 9, 33536 bytes): rc 0, status 0x0, 1914 us, in TMR at 0x0
    57      0.262 gfx: RLC after-psp-command CNTL 0x00000000 read 0x00000000 STATUS2 0x01000008 read 0x00000000
    58      0.262 gfx: GRBM after-psp-command STATUS 0x00003028 read 0x00000000
    59      0.264 psp: command 3 (id 6, type 10, 33536 bytes): rc 0, status 0x0, 1904 us, in TMR at 0x0
    60      0.264 gfx: RLC after-psp-command CNTL 0x00000000 read 0x00000000 STATUS2 0x01000008 read 0x00000000
    61      0.264 gfx: GRBM after-psp-command STATUS 0x00003028 read 0x00000000
    62      0.270 psp: command 4 (id 6, type 3, 263040 bytes): rc 0, status 0x0, 5923 us, in TMR at 0xF5FF842000
    63      0.270 gfx: RLC after-psp-command CNTL 0x00000000 read 0x00000000 STATUS2 0x01000008 read 0x00000000
    64      0.270 gfx: GRBM after-psp-command STATUS 0x00003028 read 0x00000000
    65      0.276 psp: command 5 (id 6, type 2, 263168 bytes): rc 0, status 0x0, 5916 us, in TMR at 0xF5FF883000
    66      0.276 gfx: RLC after-psp-command CNTL 0x00000000 read 0x00000000 STATUS2 0x01000008 read 0x00000000
    67      0.276 gfx: GRBM after-psp-command STATUS 0x00003028 read 0x00000000
    68      0.282 psp: command 6 (id 6, type 1, 263168 bytes): rc 0, status 0x0, 5912 us, in TMR at 0xF5FF8C4000
    69      0.282 gfx: RLC after-psp-command CNTL 0x00000000 read 0x00000000 STATUS2 0x01000008 read 0x00000000
    70      0.282 gfx: GRBM after-psp-command STATUS 0x00003028 read 0x00000000
    71      0.288 psp: command 7 (id 6, type 4, 267440 bytes): rc 0, status 0x0, 5990 us, in TMR at 0xF5FF800000
    72      0.288 gfx: RLC after-psp-command CNTL 0x00000000 read 0x00000000 STATUS2 0x01000008 read 0x00000000
    73      0.288 gfx: GRBM after-psp-command STATUS 0x00003028 read 0x00000000
    74      0.288 psp: command 8 (id 6, type 5, 896 bytes): rc 0, status 0x0, 130 us, in TMR at 0x0
    75      0.288 gfx: RLC after-psp-command CNTL 0x00000000 read 0x00000000 STATUS2 0x01000008 read 0x00000000
    76      0.288 gfx: GRBM after-psp-command STATUS 0x00003028 read 0x00000000
    77      0.294 psp: command 9 (id 6, type 4, 267440 bytes): rc 0, status 0x0, 5962 us, in TMR at 0xF5FF800000
    78      0.294 gfx: RLC after-psp-command CNTL 0x00000000 read 0x00000000 STATUS2 0x01000008 read 0x00000000
    79      0.294 gfx: GRBM after-psp-command STATUS 0x00003028 read 0x00000000
    80      0.294 psp: command 10 (id 6, type 6, 896 bytes): rc 0, status 0x0, 130 us, in TMR at 0x0
    81      0.294 gfx: RLC after-psp-command CNTL 0x00000000 read 0x00000000 STATUS2 0x01000008 read 0x00000000
    82      0.294 gfx: GRBM after-psp-command STATUS 0x00003028 read 0x00000000
    83      0.296 psp: command 11 (id 6, type 8, 25088 bytes): rc 0, status 0x0, 1739 us, in TMR at 0x0
    84      0.296 gfx: RLC after-psp-command CNTL 0x00000000 read 0x00000000 STATUS2 0x01000008 read 0x00000000
    85      0.296 gfx: GRBM after-psp-command STATUS 0x00003028 read 0x00000000
    86      0.296 psp: op 1 -> 0x00000000, result 0, 15 writes, 11 of 11 commands
    87      0.296 gfx: RLC after-psp CNTL 0x00000000 read 0x00000000 STATUS2 0x01000008 read 0x00000000
    88      0.296 gfx: GRBM after-psp STATUS 0x00003028 read 0x00000000
    89      0.296 startup: entering IH initialization
    90      0.300 ih: init: rc 0, 18 writes
    91      0.300 ih: op 1 -> 0x00000000, result 0, 19 writes; 0 interrupt routine calls, 0 ours, 0 DPCs, 0 vectors; status idle 1 input_idle 1 bif_interrupt_line 0
    92      0.300 startup: entering GFX initialization
    93      0.302 startup: entering GFX stage 1
    94      0.304 gfx: RLC startup policy pp_gfxoff 0
    95      0.306 gfx: stage 1 (doorbell aperture): rc 0, 49 writes so far, 1 us
    96      0.306 gfx: op 1 to stage 1 -> 0x00000000, result 0, 49 writes, 0 doorbells
    97      0.310 startup: entering GFX stage 2
    98      0.312 gfx: stage 2 (golden registers): rc 0, 34 writes so far, 26 us
    99      0.312 gfx: op 1 to stage 2 -> 0x00000000, result 0, 34 writes, 0 doorbells
   100      0.316 startup: entering GFX stage 3
   101      0.318 gfx: stage 3 (GRBM CAM probe): rc 0, 3 writes so far, 4 us
   102      0.318 gfx: op 1 to stage 3 -> 0x00000000, result 0, 3 writes, 0 doorbells
   103      0.320 startup: entering GFX stage 4
   104      0.324 gfx: stage 4 (constants): rc 0, 157 writes so far, 62 us
   105      0.324 gfx: op 1 to stage 4 -> 0x00000000, result 0, 157 writes, 0 doorbells
   106      0.326 startup: entering GFX stage 5
   107      0.330 startup: RLC boundary acquire-paging-lock
   108      0.332 startup: RLC boundary acquire-gart-lock
   109      0.334 startup: RLC boundary locks-acquired
   110      0.338 startup: RLC boundary before-rlc-resume
   111      0.340 startup: RLC boundary after-rlc-resume
   112      0.344 startup: RLC boundary before-gfx-visibility
   113      0.346 gpumem: GFXHUB after-invalidate-request sample 0x00F80001 fault 0x00000000
   114      0.348 startup: visibility observer returned after-invalidate-request
   115      0.352 gpumem: GFXHUB after-invalidate-request-read sample 0x00F80001 fault 0x00000000
   116      0.354 startup: visibility observer returned after-invalidate-request-read
   117      0.356 gpumem: GFXHUB after-invalidate-ack sample 0x00000001 fault 0x00000000
   118      0.360 startup: visibility observer returned after-invalidate-ack
   119      0.362 startup: visibility GFX returned 0, entering MMHUB
   120      0.364 startup: visibility MMHUB returned 0
   121      0.366 gpumem: startup GFX translations committed after RLC, before CP
   122      0.370 gfx: RLC after-bootstrap-translation-commit CNTL 0x00000001 read 0x00000000 STATUS2 0x00000008 read 0x00000000
   123      0.370 gfx: GRBM after-bootstrap-translation-commit STATUS 0x00003028 read 0x00000000
   124      0.370 startup: visibility publication observer returned
   125      0.372 startup: RLC boundary after-gfx-visibility
   126      0.376 gfx: stage 5 (RLC): rc 0, 11 writes so far, 39190 us
   127      0.376 gfx: op 1 to stage 5 -> 0x00000000, result 0, 11 writes, 0 doorbells
   128      0.380 startup: entering GFX stage 6
   129      0.384 startup: entering CP step 1
   130      0.386 startup: CP1 checkpoint acquire-paging-lock
   131      0.388 startup: CP1 checkpoint acquire-gart-lock
   132      0.392 startup: CP1 checkpoint locks-acquired
   133      0.394 amdgpu[0]: CP resume kiq-init begin

   134      0.394 startup: CP1 checkpoint scheduler
   135      0.396 startup: CP1 checkpoint scheduler-read
   136      0.400 startup: CP1 checkpoint scheduler-write
   137      0.402 startup: CP1 checkpoint scheduler-done
   138      0.404 startup: CP1 checkpoint clear-mqd
   139      0.408 startup: CP1 checkpoint select-queue
   140      0.410 startup: CP1 checkpoint build-mqd
   141      0.412 startup: CP1 checkpoint disable-wptr-poll
   142      0.416 startup: CP1 checkpoint read-active
   143      0.418 startup: CP1 checkpoint program-hqd
   144      0.422 startup: CP1 checkpoint activate-hqd
   145      0.424 startup: CP1 checkpoint restore-selection
   146      0.426 startup: CP1 checkpoint complete
   147      0.430 amdgpu[0]: CP resume kiq-init end result=0

   148      0.430 gfx: CP step 1: rc 0, 27 writes, 35731 us
   149      0.430 gfx: op 1 to stage 6 -> 0x00000000, result 0, 27 writes, 0 doorbells
   150      0.430 startup: CP step 1 returned 0x00000000 result 0
   151      0.432 startup: entering CP step 2
   152      0.436 amdgpu[0]: CP resume compute-unhalt begin

   153      0.436 amdgpu[0]: CP resume compute-unhalt end

   154      0.436 amdgpu[0]: CP resume kcq-init ring=0 begin

   155      0.436 amdgpu[0]: CP resume kcq-init ring=0 end result=0

   156      0.436 amdgpu[0]: CP resume kcq-init ring=1 begin

   157      0.436 amdgpu[0]: CP resume kcq-init ring=1 end result=0

   158      0.436 amdgpu[0]: CP resume kcq-init ring=2 begin

   159      0.436 amdgpu[0]: CP resume kcq-init ring=2 end result=0

   160      0.436 amdgpu[0]: CP resume kcq-init ring=3 begin

   161      0.436 amdgpu[0]: CP resume kcq-init ring=3 end result=0

   162      0.436 amdgpu[0]: CP resume kcq-init ring=4 begin

   163      0.436 amdgpu[0]: CP resume kcq-init ring=4 end result=0

   164      0.436 amdgpu[0]: CP resume kcq-init ring=5 begin

   165      0.436 amdgpu[0]: CP resume kcq-init ring=5 end result=0

   166      0.436 amdgpu[0]: CP resume kcq-init ring=6 begin

   167      0.436 amdgpu[0]: CP resume kcq-init ring=6 end result=0

   168      0.436 amdgpu[0]: CP resume kcq-init ring=7 begin

   169      0.436 amdgpu[0]: CP resume kcq-init ring=7 end result=0

   170      0.436 gfx: CP step 2: rc 0, 17 writes, 335 us
   171      0.436 gfx: op 1 to stage 6 -> 0x00000000, result 0, 17 writes, 0 doorbells
   172      0.436 startup: CP step 2 returned 0x00000000 result 0
   173      0.440 startup: entering CP step 3
   174      0.444 amdgpu[0]: CP resume kcq-enable begin

   175      0.444 amdgpu[0]: CP resume kcq-enable end result=0

   176      0.444 gfx: CP step 3: rc 0, 1 writes, 80 us
   177      0.444 gfx: op 1 to stage 6 -> 0x00000000, result 0, 1 writes, 2 doorbells
   178      0.444 startup: CP step 3 returned 0x00000000 result 0
   179      0.446 startup: entering CP step 4
   180      0.450 amdgpu[0]: CP resume kgq-init ring=0 begin

   181      0.450 amdgpu[0]: CP resume kgq-init ring=0 end result=0

   182      0.450 gfx: CP step 4: rc 0, 4 writes, 37 us
   183      0.450 gfx: op 1 to stage 6 -> 0x00000000, result 0, 4 writes, 0 doorbells
   184      0.450 startup: CP step 4 returned 0x00000000 result 0
   185      0.452 startup: entering CP step 5
   186      0.456 amdgpu[0]: CP resume kgq-enable begin

   187      0.456 amdgpu[0]: CP resume kgq-enable end result=0

   188      0.456 gfx: CP step 5: rc 0, 1 writes, 33 us
   189      0.456 gfx: op 1 to stage 6 -> 0x00000000, result 0, 1 writes, 2 doorbells
   190      0.456 startup: CP step 5 returned 0x00000000 result 0
   191      0.458 startup: entering CP step 6
   192      0.462 amdgpu[0]: CP resume gfx-start begin

   193      0.462 amdgpu[0]: CP resume gfx-start end result=0

   194      0.462 gfx: CP step 6: rc 0, 3 writes, 34 us
   195      0.462 gfx: op 1 to stage 6 -> 0x00000000, result 0, 3 writes, 1 doorbells
   196      0.462 startup: CP step 6 returned 0x00000000 result 0
   197      0.464 startup: entering CP step 7
   198      0.468 amdgpu[0]: CP resume gfx-test ring=0 begin

   199      0.468 amdgpu[0]: CP resume gfx-test ring=0 end result=0

   200      0.468 gfx: CP step 7: rc 0, 1 writes, 45 us
   201      0.468 gfx: op 1 to stage 6 -> 0x00000000, result 0, 1 writes, 1 doorbells
   202      0.468 startup: CP step 7 returned 0x00000000 result 0
   203      0.472 startup: entering CP step 8
   204      0.474 amdgpu[0]: CP resume compute-test ring=0 begin

   205      0.474 amdgpu[0]: CP resume compute-test ring=0 end result=0

   206      0.474 amdgpu[0]: CP resume compute-test ring=1 begin

   207      0.474 amdgpu[0]: CP resume compute-test ring=1 end result=0

   208      0.474 amdgpu[0]: CP resume compute-test ring=2 begin

   209      0.474 amdgpu[0]: CP resume compute-test ring=2 end result=0

   210      0.474 amdgpu[0]: CP resume compute-test ring=3 begin

   211      0.474 amdgpu[0]: CP resume compute-test ring=3 end result=0

   212      0.474 amdgpu[0]: CP resume compute-test ring=4 begin

   213      0.474 amdgpu[0]: CP resume compute-test ring=4 end result=0

   214      0.474 amdgpu[0]: CP resume compute-test ring=5 begin

   215      0.474 amdgpu[0]: CP resume compute-test ring=5 end result=0

   216      0.474 amdgpu[0]: CP resume compute-test ring=6 begin

   217      0.474 amdgpu[0]: CP resume compute-test ring=6 end result=0

   218      0.474 amdgpu[0]: CP resume compute-test ring=7 begin

   219      0.474 amdgpu[0]: CP resume compute-test ring=7 end result=0

   220      0.474 gfx: CP step 8: rc 0, 8 writes, 164 us
   221      0.474 gfx: op 1 to stage 6 -> 0x00000000, result 0, 8 writes, 8 doorbells
   222      0.474 startup: CP step 8 returned 0x00000000 result 0
   223      0.482 startup: entering GFX stage 7
   224      0.484 gfx: stage 7 (SDMA): rc 0, 93 writes so far, 116 us
   225      0.484 gfx: op 1 to stage 7 -> 0x00000000, result 0, 93 writes, 2 doorbells
   226      0.488 startup: entering GFX stage 8
   227      0.490 gfx: stage 8 (interrupt sources): rc 0, 35 writes so far, 24 us
   228      0.490 gfx: paging node ready, SDMA0 doorbell 0x200, per-buffer private commands
   229      0.490 gfx: op 1 to stage 8 -> 0x00000000, result 0, 35 writes, 0 doorbells
   230      0.494 startup: SDMA control 0 command 16 bytes 4096 begin
   231      0.500 gfx: sdmacopy 4096 bytes -> 0x00000000, result 0, matched 1, first mismatch at 0x0 (got 0x00 want 0x00), 12 us
   232      0.500 startup: SDMA control 0 status 0 NT 0x00000000 result 0 fence 1/1 compare 4096 matched 1
   233      0.502 startup: SDMA control 1 command 18 bytes 4096 begin
   234      0.506 gfx: sdmaib buffer 0x564000 length 16 DWORD VMID0 CSA0
   235      0.508 gfx: sdmaib 4096 bytes -> 0x00000000, result 0, matched 1, first mismatch at 0x0 (got 0x00 want 0x00), 12 us
   236      0.508 startup: SDMA control 1 status 0 NT 0x00000000 result 0 fence 2/2 compare 4096 matched 1
   237      0.512 startup: SDMA control 2 command 18 bytes 65536 begin
   238      0.516 gfx: sdmaib buffer 0x564000 length 16 DWORD VMID0 CSA0
   239      0.536 gfx: sdmaib 65536 bytes -> 0x00000000, result 0, matched 1, first mismatch at 0x0 (got 0x00 want 0x00), 22 us
   240      0.536 startup: SDMA control 2 status 0 NT 0x00000000 result 0 fence 3/3 compare 65536 matched 1
   241      0.540 startup: SDMA control 3 command 16 bytes 65536 begin
   242      0.566 gfx: sdmacopy 65536 bytes -> 0x00000000, result 0, matched 1, first mismatch at 0x0 (got 0x00 want 0x00), 13 us
   243      0.566 startup: SDMA control 3 status 0 NT 0x00000000 result 0 fence 4/4 compare 65536 matched 1
   244      0.570 startup: SDMA VMID2 translated control begin
   245      0.574 gfx: sdmava root PA0x46E02C000 IB PA0x26FF94000 system PA0x26FF91000 source PA0x46E00C000 VA0x40000000 CSA0x40003000 VMID2
   246      0.574 gfx: sdmava trial0 sourceVRAM fence5/5 compared4096 status0x00000000
   247      0.574 gfx: sdmava trial1 sourcesystem-remap fence6/6 compared4096 status0x00000000
   248      0.574 gfx: sdmava end status0x00000000 result0 fault0x0
   249      0.576 startup: both engines ready
   250      0.580 startup: attempted 0x1F completed 0x1F status 0x00000000 ready 1 unwind 0 quarantine 0
   251      0.580 wddm: GPU initialized before adapter admission
   252      0.580 wddm: callbacks sync 1 notify 1 queuedpc 1 notifydpc 1, interface 312 of 312 bytes
   253      0.580 stage 35
   254      0.582 stage 39
   255      0.582 wddm: display QueryChildRelations call 1 detail 0x38 -> 0x00000000
 15124    705.303 wddm summary: CloseAllocation                    11  first at 549
 15125    705.303 wddm summary: BuildPagingBuffer                4243  first at 277
 15126    705.303 wddm summary: SubmitCommandVirtual             2126  first at 320
 15127    705.303 wddm summary: PreemptCommand                      1  first at 4491
 15128    705.303 wddm summary: Present                           931  first at 686
 15129    705.303 wddm summary: SetVidPnSourceAddress             934  first at 403
 15130    705.303 wddm summary: ControlInterrupt                    7  first at 409
 15131    705.303 wddm summary: ---- QueryAdapterInfo types: type, count, first log line ----
 15132    705.303 wddm summary: adapter info type   1       1  first at 257
 15133    705.303 wddm summary: adapter info type  15       1  first at 258
 15134    705.303 wddm summary: adapter info type  47       1  first at 259
 15135    705.303 wddm summary: adapter info type  13       1  first at 260
 15136    705.303 wddm summary: adapter info type  14       4  first at 261
 15137    705.303 wddm summary: adapter info type  11       2  first at 268
 15138    705.303 wddm summary: adapter info type  10       1  first at 270
 15139    705.303 wddm summary: adapter info type  16       1  first at 270
 15140    705.303 wddm summary: capture plans reserved 0 heap 0
 15141    705.303 wddm summary: capture context peaks plans 0 reserved-bytes 0
 15142    705.303 wddm summary: ---- BuildPagingBuffer operations: operation, count, first log line ----
 15143    705.303 wddm summary: paging operation  11    4104  first at 277
 15144    705.303 wddm summary: paging operation  12     115  first at 334
 15145    705.303 wddm summary: paging operation   9      12  first at 353
 15146    705.303 wddm summary: paging operation   2       3  first at 544
 15147    705.303 wddm summary: paging operation   8       9  first at 565
 15148    705.303 wddm summary: objects created/destroyed: dev 9/2 ctx 7/2 proc 6/2 alloc 16/11, 36 alive
 15149    705.303 wddm summary: allocations opened/closed: 18/11 calls
 15150    705.303 wddm summary: submissions 0 physical + 2126 virtual, 1 preemptions, last completed fence 1870
 15151    705.303 wddm summary: node 0 hardware: 256 submitted, 256 completed, 0 timeouts, 0 refused
 15152    705.303 wddm summary: umd: 6 allocs (0 refused), 1 contexts, 256 submits on the ring, 0 not run
 15153    705.303 wddm profile: umd calls 256, elapsed ticks 190881, QPC frequency 10000000
 15154    705.303 wddm profile: probe enabled 0, calls 0, elapsed ticks 0 (included in umd)
 15155    705.303 wddm summary: node 1 (paging, open): 1870 hardware submitted, 1870 completed, 0 timeouts, 0 refused
 15156    705.303 wddm: paging OS-private queue admissions=1870 (no submit allocation)
 15157    705.303 wddm summary: SubmitCommandVirtual by node: 0: 256, 1: 1870, 0 private-buffer refusals
 15158    705.303 wddm summary: paging DMA VA nonzero 3214 zero 1029, mapping observations 8
 15159    705.303 wddm summary: native DMA transfers 9 fills 12 bytes 763248640
 15160    705.303 wddm summary: native DMA exact disjoint checks 9
 15161    705.303 wddm summary: DMA mapping matches 8/8 last VA0x400000 root0x45E150000 PA0x1CD121000 CPU_PA0x1CD121000
 15162    705.303 wddm summary: BuildPagingBuffer: 9 transfers, 12 fills, 763248640 bytes, 1513 insufficient-buffer
 15163    705.303 wddm summary: aperture map batches 0, unmap batches 0
 15164    705.303 wddm summary: paging TLB invalidations 112, PTE update batches 3068
 15165    705.303 wddm summary: paging unsupported (not ready/no root/no translation/system memory/not contiguous) 0/0/0/0/0
 15166    705.303 wddm summary: presents 931, flips 932 of 934 address calls (931 arrived above DISPATCH_LEVEL)
 15167    705.303 wddm summary: blit gate open, 0 blits, 0 skips, 0 sources translated contiguous
 15168    705.303 wddm summary: blit destination: 0 to the flipped surface, 0 to the POST framebuffer (0 a failed-mapping fallback), 0 scanout remaps (0 failed), last blit 0 row
 15169    705.303 wddm summary: widest blit 0 rows
 15170    705.303 wddm summary: last blit reading 0, 0x0 pitch 0, 0 rectangles, source physical 0x0
 15171    705.303 wddm summary: vsync enabled, 0 ticks, 42226 reported to dxgkrnl
 15172    705.303 wddm summary: visibility calls 5 source 0x00000000 requested 1 status 0x00000000 current 1
 15173    705.303 wddm summary: display mode 1 blanked 0 write 1 commit calls 1 power-transition 0 powered-off 0
 15174    705.303 wddm visibility: true 3 false 2 failures 0 first-true 0x00000000 last-true 0x00000000 QPC 10000000
 15175    705.303 wddm visibility event: 1 src 0 req 1 status 00000000 visible 1 blank 0 qpc 29829462446..29829462564
 15176    705.303 wddm visibility event: 2 src 0 req 0 status 00000000 visible 0 blank 1 qpc 29837710899..29837711064
 15177    705.303 wddm visibility event: 3 src 0 req 0 status 00000000 visible 0 blank 1 qpc 29837842449..29837842800
 15178    705.303 wddm visibility event: 4 src 0 req 1 status 00000000 visible 1 blank 0 qpc 29838512661..29838512798
 15179    705.303 wddm visibility event: 5 src 0 req 1 status 00000000 visible 1 blank 0 qpc 29838890051..29838890218
 15180    705.303 wddm summary: dcn lock acknowledgement timeouts 0
 15181    705.303 wddm summary: vidpn flip open: 932 hardware flips, 0 refused, 1 hardware vsyncs armed 42244 acked 0 refused 0 completion-deferred 0 old-buffer-reports
 15182    705.303 wddm summary: no TDR (ResetEngine, ResetFromTimeout and RestartFromTimeout were never called)
 15183    705.303 wddm summary: CollectDbgInfo called 0 time(s) since the driver was loaded
 15184    705.303 vidmm summary: level 0: 1026 calls, 262688 entries, 544 valid
 15185    705.303 vidmm summary: level 1: 2 calls, 1024 entries, 512 valid
 15186    705.303 vidmm summary: level 2: 1 calls, 512 entries, 2 valid
 15187    705.303 vidmm summary: level 3: 1 calls, 512 entries, 1 valid
 15188    705.303 vidmm summary: PTE encoding level 0 segment 0 coherent 2 noncoherent 213868 snoop mismatches 0
 15189    705.303 vidmm summary: PTE encoding level 0 segment 1 coherent 0 noncoherent 642556 snoop mismatches 0
 15190    705.303 vidmm summary: PTE encoding level 0 segment 3 coherent 0 noncoherent 512 snoop mismatches 0
 15191    705.303 vidmm summary: PTE encoding level 1 segment 3 coherent 0 noncoherent 1058 snoop mismatches 0
 15192    705.303 vidmm summary: PTE encoding level 2 segment 3 coherent 0 noncoherent 10 snoop mismatches 0
 15193    705.303 vidmm summary: PTE encoding level 3 segment 3 coherent 0 noncoherent 9 snoop mismatches 0
 15194    705.303 vidmm summary: 1030 cpu-virtual calls, 0 gpu-physical calls
 15195    705.305 vidmm summary: 264736 entries written (EnableGpuVa open), 0 refused, 0 bad calls, 2 roots
 15196    710.424 wddm summary: ---- DDI calls: name, count, first log line ----
 15197    710.424 wddm summary: QueryAdapterInfo                   12  first at 257
 15198    710.424 wddm summary: GetNodeMetadata                     2  first at 265
 15199    710.424 wddm summary: CreateDevice                        9  first at 272
 15200    710.424 wddm summary: DestroyDevice                       2  first at 425
 15201    710.424 wddm summary: CreateContext                       7  first at 275
 15202    710.424 wddm summary: DestroyContext                      2  first at 424
 15203    710.424 wddm summary: CreateProcess                       6  first at 271
 15204    710.424 wddm summary: DestroyProcess                      2  first at 426
 15205    710.424 wddm summary: SetRootPageTable                    2  first at 298
 15206    710.424 wddm summary: CreateAllocation                   16  first at 343
 15207    710.424 wddm summary: DestroyAllocation                  11  first at 550
 15208    710.424 wddm summary: DescribeAllocation                941  first at 372
 15209    710.424 wddm summary: GetStandardAllocationDriverData      4  first at 341
 15210    710.424 wddm summary: OpenAllocation                     18  first at 345
 15211    710.424 wddm summary: CloseAllocation                    11  first at 549
 15212    710.424 wddm summary: BuildPagingBuffer                4243  first at 277
 15213    710.424 wddm summary: SubmitCommandVirtual             2126  first at 320
 15214    710.424 wddm summary: PreemptCommand                      1  first at 4491
 15215    710.424 wddm summary: Present                           936  first at 686
 15216    710.424 wddm summary: SetVidPnSourceAddress             939  first at 403
 15217    710.424 wddm summary: ControlInterrupt                    7  first at 409
 15218    710.424 wddm summary: ---- QueryAdapterInfo types: type, count, first log line ----
 15219    710.424 wddm summary: adapter info type   1       1  first at 257
 15220    710.424 wddm summary: adapter info type  15       1  first at 258
 15221    710.424 wddm summary: adapter info type  47       1  first at 259
 15222    710.424 wddm summary: adapter info type  13       1  first at 260
 15223    710.424 wddm summary: adapter info type  14       4  first at 261
 15224    710.424 wddm summary: adapter info type  11       2  first at 268
 15225    710.424 wddm summary: adapter info type  10       1  first at 270
 15226    710.424 wddm summary: adapter info type  16       1  first at 270
 15227    710.424 wddm summary: capture plans reserved 0 heap 0
 15228    710.424 wddm summary: capture context peaks plans 0 reserved-bytes 0
 15229    710.424 wddm summary: ---- BuildPagingBuffer operations: operation, count, first log line ----
 15230    710.424 wddm summary: paging operation  11    4104  first at 277
 15231    710.424 wddm summary: paging operation  12     115  first at 334
 15232    710.424 wddm summary: paging operation   9      12  first at 353
 15233    710.424 wddm summary: paging operation   2       3  first at 544
 15234    710.424 wddm summary: paging operation   8       9  first at 565
 15235    710.424 wddm summary: objects created/destroyed: dev 9/2 ctx 7/2 proc 6/2 alloc 16/11, 36 alive
 15236    710.424 wddm summary: allocations opened/closed: 18/11 calls
 15237    710.424 wddm summary: submissions 0 physical + 2126 virtual, 1 preemptions, last completed fence 1870
 15238    710.424 wddm summary: node 0 hardware: 256 submitted, 256 completed, 0 timeouts, 0 refused
 15239    710.424 wddm summary: umd: 6 allocs (0 refused), 1 contexts, 256 submits on the ring, 0 not run
 15240    710.424 wddm profile: umd calls 256, elapsed ticks 190881, QPC frequency 10000000
 15241    710.424 wddm profile: probe enabled 0, calls 0, elapsed ticks 0 (included in umd)
 15242    710.424 wddm summary: node 1 (paging, open): 1870 hardware submitted, 1870 completed, 0 timeouts, 0 refused
 15243    710.424 wddm: paging OS-private queue admissions=1870 (no submit allocation)
 15244    710.424 wddm summary: SubmitCommandVirtual by node: 0: 256, 1: 1870, 0 private-buffer refusals
 15245    710.424 wddm summary: paging DMA VA nonzero 3214 zero 1029, mapping observations 8
 15246    710.424 wddm summary: native DMA transfers 9 fills 12 bytes 763248640
 15247    710.424 wddm summary: native DMA exact disjoint checks 9
 15248    710.424 wddm summary: DMA mapping matches 8/8 last VA0x400000 root0x45E150000 PA0x1CD121000 CPU_PA0x1CD121000
 15249    710.424 wddm summary: BuildPagingBuffer: 9 transfers, 12 fills, 763248640 bytes, 1513 insufficient-buffer
 15250    710.424 wddm summary: aperture map batches 0, unmap batches 0
 15251    710.424 wddm summary: paging TLB invalidations 112, PTE update batches 3068
 15252    710.424 wddm summary: paging unsupported (not ready/no root/no translation/system memory/not contiguous) 0/0/0/0/0
 15253    710.424 wddm summary: presents 936, flips 937 of 939 address calls (936 arrived above DISPATCH_LEVEL)
 15254    710.424 wddm summary: blit gate open, 0 blits, 0 skips, 0 sources translated contiguous
 15255    710.424 wddm summary: blit destination: 0 to the flipped surface, 0 to the POST framebuffer (0 a failed-mapping fallback), 0 scanout remaps (0 failed), last blit 0 row
 15256    710.424 wddm summary: widest blit 0 rows
 15257    710.424 wddm summary: last blit reading 0, 0x0 pitch 0, 0 rectangles, source physical 0x0
 15258    710.424 wddm summary: vsync enabled, 0 ticks, 42533 reported to dxgkrnl
 15259    710.424 wddm summary: visibility calls 5 source 0x00000000 requested 1 status 0x00000000 current 1
 15260    710.424 wddm summary: display mode 1 blanked 0 write 1 commit calls 1 power-transition 0 powered-off 0
 15261    710.424 wddm visibility: true 3 false 2 failures 0 first-true 0x00000000 last-true 0x00000000 QPC 10000000
 15262    710.424 wddm visibility event: 1 src 0 req 1 status 00000000 visible 1 blank 0 qpc 29829462446..29829462564
 15263    710.424 wddm visibility event: 2 src 0 req 0 status 00000000 visible 0 blank 1 qpc 29837710899..29837711064
 15264    710.424 wddm visibility event: 3 src 0 req 0 status 00000000 visible 0 blank 1 qpc 29837842449..29837842800
 15265    710.424 wddm visibility event: 4 src 0 req 1 status 00000000 visible 1 blank 0 qpc 29838512661..29838512798
 15266    710.424 wddm visibility event: 5 src 0 req 1 status 00000000 visible 1 blank 0 qpc 29838890051..29838890218
 15267    710.424 wddm summary: dcn lock acknowledgement timeouts 0
 15268    710.424 wddm summary: vidpn flip open: 937 hardware flips, 0 refused, 1 hardware vsyncs armed 42551 acked 0 refused 0 completion-deferred 0 old-buffer-reports
 15269    710.424 wddm summary: no TDR (ResetEngine, ResetFromTimeout and RestartFromTimeout were never called)
 15270    710.424 wddm summary: CollectDbgInfo called 0 time(s) since the driver was loaded
 15271    710.424 vidmm summary: level 0: 1026 calls, 262688 entries, 544 valid
 15272    710.424 vidmm summary: level 1: 2 calls, 1024 entries, 512 valid
 15273    710.424 vidmm summary: level 2: 1 calls, 512 entries, 2 valid
 15274    710.424 vidmm summary: level 3: 1 calls, 512 entries, 1 valid
 15275    710.424 vidmm summary: PTE encoding level 0 segment 0 coherent 2 noncoherent 213868 snoop mismatches 0
 15276    710.424 vidmm summary: PTE encoding level 0 segment 1 coherent 0 noncoherent 642556 snoop mismatches 0
 15277    710.424 vidmm summary: PTE encoding level 0 segment 3 coherent 0 noncoherent 512 snoop mismatches 0
 15278    710.424 vidmm summary: PTE encoding level 1 segment 3 coherent 0 noncoherent 1058 snoop mismatches 0
 15279    710.424 vidmm summary: PTE encoding level 2 segment 3 coherent 0 noncoherent 10 snoop mismatches 0
 15280    710.424 vidmm summary: PTE encoding level 3 segment 3 coherent 0 noncoherent 9 snoop mismatches 0
 15281    710.424 vidmm summary: 1030 cpu-virtual calls, 0 gpu-physical calls
 15282    710.424 vidmm summary: 264736 entries written (EnableGpuVa open), 0 refused, 0 bad calls, 2 roots
 15283    715.552 wddm summary: ---- DDI calls: name, count, first log line ----
 15284    715.552 wddm summary: QueryAdapterInfo                   12  first at 257
 15285    715.552 wddm summary: GetNodeMetadata                     2  first at 265
 15286    715.552 wddm summary: CreateDevice                        9  first at 272
 15287    715.552 wddm summary: DestroyDevice                       2  first at 425
 15288    715.552 wddm summary: CreateContext                       7  first at 275
 15289    715.552 wddm summary: DestroyContext                      2  first at 424
 15290    715.552 wddm summary: CreateProcess                       6  first at 271
 15291    715.552 wddm summary: DestroyProcess                      2  first at 426
 15292    715.552 wddm summary: SetRootPageTable                    2  first at 298
 15293    715.552 wddm summary: CreateAllocation                   16  first at 343
 15294    715.552 wddm summary: DestroyAllocation                  11  first at 550
 15295    715.552 wddm summary: DescribeAllocation                948  first at 372
 15296    715.552 wddm summary: GetStandardAllocationDriverData      4  first at 341
 15297    715.552 wddm summary: OpenAllocation                     18  first at 345
 15298    715.552 wddm summary: CloseAllocation                    11  first at 549
 15299    715.552 wddm summary: BuildPagingBuffer                4243  first at 277
 15300    715.552 wddm summary: SubmitCommandVirtual             2126  first at 320
 15301    715.552 wddm summary: PreemptCommand                      1  first at 4491
 15302    715.552 wddm summary: Present                           943  first at 686
 15303    715.552 wddm summary: SetVidPnSourceAddress             946  first at 403
 15304    715.552 wddm summary: ControlInterrupt                    7  first at 409
 15305    715.552 wddm summary: ---- QueryAdapterInfo types: type, count, first log line ----
 15306    715.552 wddm summary: adapter info type   1       1  first at 257
 15307    715.552 wddm summary: adapter info type  15       1  first at 258
 15308    715.552 wddm summary: adapter info type  47       1  first at 259
 15309    715.552 wddm summary: adapter info type  13       1  first at 260
 15310    715.552 wddm summary: adapter info type  14       4  first at 261
 15311    715.552 wddm summary: adapter info type  11       2  first at 268
 15312    715.552 wddm summary: adapter info type  10       1  first at 270
 15313    715.552 wddm summary: adapter info type  16       1  first at 270
 15314    715.552 wddm summary: capture plans reserved 0 heap 0
 15315    715.552 wddm summary: capture context peaks plans 0 reserved-bytes 0
 15316    715.552 wddm summary: ---- BuildPagingBuffer operations: operation, count, first log line ----
 15317    715.552 wddm summary: paging operation  11    4104  first at 277
 15318    715.552 wddm summary: paging operation  12     115  first at 334
 15319    715.552 wddm summary: paging operation   9      12  first at 353
 15320    715.552 wddm summary: paging operation   2       3  first at 544
 15321    715.552 wddm summary: paging operation   8       9  first at 565
 15322    715.552 wddm summary: objects created/destroyed: dev 9/2 ctx 7/2 proc 6/2 alloc 16/11, 36 alive
 15323    715.552 wddm summary: allocations opened/closed: 18/11 calls
 15324    715.552 wddm summary: submissions 0 physical + 2126 virtual, 1 preemptions, last completed fence 1870
 15325    715.552 wddm summary: node 0 hardware: 256 submitted, 256 completed, 0 timeouts, 0 refused
 15326    715.552 wddm summary: umd: 6 allocs (0 refused), 1 contexts, 256 submits on the ring, 0 not run
 15327    715.552 wddm profile: umd calls 256, elapsed ticks 190881, QPC frequency 10000000
 15328    715.552 wddm profile: probe enabled 0, calls 0, elapsed ticks 0 (included in umd)
 15329    715.552 wddm summary: node 1 (paging, open): 1870 hardware submitted, 1870 completed, 0 timeouts, 0 refused
 15330    715.552 wddm: paging OS-private queue admissions=1870 (no submit allocation)
 15331    715.552 wddm summary: SubmitCommandVirtual by node: 0: 256, 1: 1870, 0 private-buffer refusals
 15332    715.552 wddm summary: paging DMA VA nonzero 3214 zero 1029, mapping observations 8
 15333    715.552 wddm summary: native DMA transfers 9 fills 12 bytes 763248640
 15334    715.552 wddm summary: native DMA exact disjoint checks 9
 15335    715.552 wddm summary: DMA mapping matches 8/8 last VA0x400000 root0x45E150000 PA0x1CD121000 CPU_PA0x1CD121000
 15336    715.552 wddm summary: BuildPagingBuffer: 9 transfers, 12 fills, 763248640 bytes, 1513 insufficient-buffer
 15337    715.552 wddm summary: aperture map batches 0, unmap batches 0
 15338    715.552 wddm summary: paging TLB invalidations 112, PTE update batches 3068
 15339    715.552 wddm summary: paging unsupported (not ready/no root/no translation/system memory/not contiguous) 0/0/0/0/0
 15340    715.552 wddm summary: presents 943, flips 944 of 946 address calls (943 arrived above DISPATCH_LEVEL)
 15341    715.552 wddm summary: blit gate open, 0 blits, 0 skips, 0 sources translated contiguous
 15342    715.552 wddm summary: blit destination: 0 to the flipped surface, 0 to the POST framebuffer (0 a failed-mapping fallback), 0 scanout remaps (0 failed), last blit 0 row
 15343    715.552 wddm summary: widest blit 0 rows
 15344    715.552 wddm summary: last blit reading 0, 0x0 pitch 0, 0 rectangles, source physical 0x0
 15345    715.552 wddm summary: vsync enabled, 0 ticks, 42840 reported to dxgkrnl
 15346    715.552 wddm summary: visibility calls 5 source 0x00000000 requested 1 status 0x00000000 current 1
 15347    715.552 wddm summary: display mode 1 blanked 0 write 1 commit calls 1 power-transition 0 powered-off 0
 15348    715.552 wddm visibility: true 3 false 2 failures 0 first-true 0x00000000 last-true 0x00000000 QPC 10000000
 15349    715.552 wddm visibility event: 1 src 0 req 1 status 00000000 visible 1 blank 0 qpc 29829462446..29829462564
 15350    715.552 wddm visibility event: 2 src 0 req 0 status 00000000 visible 0 blank 1 qpc 29837710899..29837711064
 15351    715.552 wddm visibility event: 3 src 0 req 0 status 00000000 visible 0 blank 1 qpc 29837842449..29837842800
 15352    715.552 wddm visibility event: 4 src 0 req 1 status 00000000 visible 1 blank 0 qpc 29838512661..29838512798
 15353    715.552 wddm visibility event: 5 src 0 req 1 status 00000000 visible 1 blank 0 qpc 29838890051..29838890218
 15354    715.552 wddm summary: dcn lock acknowledgement timeouts 0
 15355    715.552 wddm summary: vidpn flip open: 944 hardware flips, 0 refused, 1 hardware vsyncs armed 42858 acked 0 refused 0 completion-deferred 0 old-buffer-reports
 15356    715.552 wddm summary: no TDR (ResetEngine, ResetFromTimeout and RestartFromTimeout were never called)
 15357    715.552 wddm summary: CollectDbgInfo called 0 time(s) since the driver was loaded
 15358    715.552 vidmm summary: level 0: 1026 calls, 262688 entries, 544 valid
 15359    715.552 vidmm summary: level 1: 2 calls, 1024 entries, 512 valid
 15360    715.552 vidmm summary: level 2: 1 calls, 512 entries, 2 valid
 15361    715.552 vidmm summary: level 3: 1 calls, 512 entries, 1 valid
 15362    715.554 vidmm summary: PTE encoding level 0 segment 0 coherent 2 noncoherent 213868 snoop mismatches 0
 15363    715.554 vidmm summary: PTE encoding level 0 segment 1 coherent 0 noncoherent 642556 snoop mismatches 0
 15364    715.554 vidmm summary: PTE encoding level 0 segment 3 coherent 0 noncoherent 512 snoop mismatches 0
 15365    715.554 vidmm summary: PTE encoding level 1 segment 3 coherent 0 noncoherent 1058 snoop mismatches 0
 15366    715.554 vidmm summary: PTE encoding level 2 segment 3 coherent 0 noncoherent 10 snoop mismatches 0
 15367    715.554 vidmm summary: PTE encoding level 3 segment 3 coherent 0 noncoherent 9 snoop mismatches 0
 15368    715.554 vidmm summary: 1030 cpu-virtual calls, 0 gpu-physical calls
 15369    715.554 vidmm summary: 264736 entries written (EnableGpuVa open), 0 refused, 0 bad calls, 2 roots
 15370    720.671 wddm summary: ---- DDI calls: name, count, first log line ----
 15371    720.671 wddm summary: QueryAdapterInfo                   12  first at 257
 15372    720.671 wddm summary: GetNodeMetadata                     2  first at 265
 15373    720.671 wddm summary: CreateDevice                        9  first at 272
 15374    720.671 wddm summary: DestroyDevice                       2  first at 425
 15375    720.671 wddm summary: CreateContext                       7  first at 275
 15376    720.671 wddm summary: DestroyContext                      2  first at 424
 15377    720.671 wddm summary: CreateProcess                       6  first at 271
 15378    720.671 wddm summary: DestroyProcess                      2  first at 426
 15379    720.671 wddm summary: SetRootPageTable                    2  first at 298
 15380    720.671 wddm summary: CreateAllocation                   16  first at 343
 15381    720.671 wddm summary: DestroyAllocation                  11  first at 550
 15382    720.671 wddm summary: DescribeAllocation                954  first at 372
 15383    720.671 wddm summary: GetStandardAllocationDriverData      4  first at 341
 15384    720.671 wddm summary: OpenAllocation                     18  first at 345
 15385    720.671 wddm summary: CloseAllocation                    11  first at 549
 15386    720.671 wddm summary: BuildPagingBuffer                4243  first at 277
 15387    720.671 wddm summary: SubmitCommandVirtual             2126  first at 320
 15388    720.671 wddm summary: PreemptCommand                      1  first at 4491
 15389    720.671 wddm summary: Present                           949  first at 686
 15390    720.671 wddm summary: SetVidPnSourceAddress             952  first at 403
 15391    720.671 wddm summary: ControlInterrupt                    7  first at 409
 15392    720.671 wddm summary: ---- QueryAdapterInfo types: type, count, first log line ----
 15393    720.671 wddm summary: adapter info type   1       1  first at 257
 15394    720.671 wddm summary: adapter info type  15       1  first at 258
 15395    720.671 wddm summary: adapter info type  47       1  first at 259
 15396    720.671 wddm summary: adapter info type  13       1  first at 260
 15397    720.671 wddm summary: adapter info type  14       4  first at 261
 15398    720.671 wddm summary: adapter info type  11       2  first at 268
 15399    720.671 wddm summary: adapter info type  10       1  first at 270
 15400    720.671 wddm summary: adapter info type  16       1  first at 270
 15401    720.671 wddm summary: capture plans reserved 0 heap 0
 15402    720.671 wddm summary: capture context peaks plans 0 reserved-bytes 0
 15403    720.671 wddm summary: ---- BuildPagingBuffer operations: operation, count, first log line ----
 15404    720.671 wddm summary: paging operation  11    4104  first at 277
 15405    720.671 wddm summary: paging operation  12     115  first at 334
 15406    720.671 wddm summary: paging operation   9      12  first at 353
 15407    720.671 wddm summary: paging operation   2       3  first at 544
 15408    720.671 wddm summary: paging operation   8       9  first at 565
 15409    720.671 wddm summary: objects created/destroyed: dev 9/2 ctx 7/2 proc 6/2 alloc 16/11, 36 alive
 15410    720.671 wddm summary: allocations opened/closed: 18/11 calls
 15411    720.671 wddm summary: submissions 0 physical + 2126 virtual, 1 preemptions, last completed fence 1870
 15412    720.671 wddm summary: node 0 hardware: 256 submitted, 256 completed, 0 timeouts, 0 refused
 15413    720.671 wddm summary: umd: 6 allocs (0 refused), 1 contexts, 256 submits on the ring, 0 not run
 15414    720.671 wddm profile: umd calls 256, elapsed ticks 190881, QPC frequency 10000000
 15415    720.671 wddm profile: probe enabled 0, calls 0, elapsed ticks 0 (included in umd)
 15416    720.671 wddm summary: node 1 (paging, open): 1870 hardware submitted, 1870 completed, 0 timeouts, 0 refused
 15417    720.671 wddm: paging OS-private queue admissions=1870 (no submit allocation)
 15418    720.671 wddm summary: SubmitCommandVirtual by node: 0: 256, 1: 1870, 0 private-buffer refusals
 15419    720.671 wddm summary: paging DMA VA nonzero 3214 zero 1029, mapping observations 8
 15420    720.671 wddm summary: native DMA transfers 9 fills 12 bytes 763248640
 15421    720.671 wddm summary: native DMA exact disjoint checks 9
 15422    720.671 wddm summary: DMA mapping matches 8/8 last VA0x400000 root0x45E150000 PA0x1CD121000 CPU_PA0x1CD121000
 15423    720.671 wddm summary: BuildPagingBuffer: 9 transfers, 12 fills, 763248640 bytes, 1513 insufficient-buffer
 15424    720.671 wddm summary: aperture map batches 0, unmap batches 0
 15425    720.671 wddm summary: paging TLB invalidations 112, PTE update batches 3068
 15426    720.671 wddm summary: paging unsupported (not ready/no root/no translation/system memory/not contiguous) 0/0/0/0/0
 15427    720.671 wddm summary: presents 949, flips 950 of 952 address calls (949 arrived above DISPATCH_LEVEL)
 15428    720.671 wddm summary: blit gate open, 0 blits, 0 skips, 0 sources translated contiguous
 15429    720.671 wddm summary: blit destination: 0 to the flipped surface, 0 to the POST framebuffer (0 a failed-mapping fallback), 0 scanout remaps (0 failed), last blit 0 row
 15430    720.671 wddm summary: widest blit 0 rows
 15431    720.671 wddm summary: last blit reading 0, 0x0 pitch 0, 0 rectangles, source physical 0x0
 15432    720.671 wddm summary: vsync enabled, 0 ticks, 43147 reported to dxgkrnl
 15433    720.671 wddm summary: visibility calls 5 source 0x00000000 requested 1 status 0x00000000 current 1
 15434    720.671 wddm summary: display mode 1 blanked 0 write 1 commit calls 1 power-transition 0 powered-off 0
 15435    720.671 wddm visibility: true 3 false 2 failures 0 first-true 0x00000000 last-true 0x00000000 QPC 10000000
 15436    720.671 wddm visibility event: 1 src 0 req 1 status 00000000 visible 1 blank 0 qpc 29829462446..29829462564
 15437    720.671 wddm visibility event: 2 src 0 req 0 status 00000000 visible 0 blank 1 qpc 29837710899..29837711064
 15438    720.671 wddm visibility event: 3 src 0 req 0 status 00000000 visible 0 blank 1 qpc 29837842449..29837842800
 15439    720.671 wddm visibility event: 4 src 0 req 1 status 00000000 visible 1 blank 0 qpc 29838512661..29838512798
 15440    720.671 wddm visibility event: 5 src 0 req 1 status 00000000 visible 1 blank 0 qpc 29838890051..29838890218
 15441    720.671 wddm summary: dcn lock acknowledgement timeouts 0
 15442    720.671 wddm summary: vidpn flip open: 950 hardware flips, 0 refused, 1 hardware vsyncs armed 43165 acked 0 refused 0 completion-deferred 0 old-buffer-reports
 15443    720.671 wddm summary: no TDR (ResetEngine, ResetFromTimeout and RestartFromTimeout were never called)
 15444    720.671 wddm summary: CollectDbgInfo called 0 time(s) since the driver was loaded
 15445    720.671 vidmm summary: level 0: 1026 calls, 262688 entries, 544 valid
 15446    720.671 vidmm summary: level 1: 2 calls, 1024 entries, 512 valid
 15447    720.671 vidmm summary: level 2: 1 calls, 512 entries, 2 valid
 15448    720.671 vidmm summary: level 3: 1 calls, 512 entries, 1 valid
 15449    720.671 vidmm summary: PTE encoding level 0 segment 0 coherent 2 noncoherent 213868 snoop mismatches 0
 15450    720.671 vidmm summary: PTE encoding level 0 segment 1 coherent 0 noncoherent 642556 snoop mismatches 0
 15451    720.671 vidmm summary: PTE encoding level 0 segment 3 coherent 0 noncoherent 512 snoop mismatches 0
 15452    720.671 vidmm summary: PTE encoding level 1 segment 3 coherent 0 noncoherent 1058 snoop mismatches 0
 15453    720.671 vidmm summary: PTE encoding level 2 segment 3 coherent 0 noncoherent 10 snoop mismatches 0
 15454    720.671 vidmm summary: PTE encoding level 3 segment 3 coherent 0 noncoherent 9 snoop mismatches 0
 15455    720.671 vidmm summary: 1030 cpu-virtual calls, 0 gpu-physical calls
 15456    720.671 vidmm summary: 264736 entries written (EnableGpuVa open), 0 refused, 0 bad calls, 2 roots
 15457    725.803 wddm summary: ---- DDI calls: name, count, first log line ----
 15458    725.803 wddm summary: QueryAdapterInfo                   12  first at 257
 15459    725.803 wddm summary: GetNodeMetadata                     2  first at 265
 15460    725.803 wddm summary: CreateDevice                        9  first at 272
 15461    725.803 wddm summary: DestroyDevice                       2  first at 425
 15462    725.803 wddm summary: CreateContext                       7  first at 275
 15463    725.803 wddm summary: DestroyContext                      2  first at 424
 15464    725.803 wddm summary: CreateProcess                       6  first at 271
 15465    725.803 wddm summary: DestroyProcess                      2  first at 426
 15466    725.803 wddm summary: SetRootPageTable                    2  first at 298
 15467    725.803 wddm summary: CreateAllocation                   16  first at 343
 15468    725.803 wddm summary: DestroyAllocation                  11  first at 550
 15469    725.803 wddm summary: DescribeAllocation                963  first at 372
 15470    725.803 wddm summary: GetStandardAllocationDriverData      4  first at 341
 15471    725.803 wddm summary: OpenAllocation                     18  first at 345
 15472    725.803 wddm summary: CloseAllocation                    11  first at 549
 15473    725.803 wddm summary: BuildPagingBuffer                4243  first at 277
 15474    725.803 wddm summary: SubmitCommandVirtual             2126  first at 320
 15475    725.803 wddm summary: PreemptCommand                      1  first at 4491
 15476    725.803 wddm summary: Present                           958  first at 686
 15477    725.803 wddm summary: SetVidPnSourceAddress             961  first at 403
 15478    725.803 wddm summary: ControlInterrupt                    7  first at 409
 15479    725.803 wddm summary: ---- QueryAdapterInfo types: type, count, first log line ----
 15480    725.803 wddm summary: adapter info type   1       1  first at 257
 15481    725.803 wddm summary: adapter info type  15       1  first at 258
 15482    725.803 wddm summary: adapter info type  47       1  first at 259
 15483    725.803 wddm summary: adapter info type  13       1  first at 260
 15484    725.803 wddm summary: adapter info type  14       4  first at 261
 15485    725.803 wddm summary: adapter info type  11       2  first at 268
 15486    725.803 wddm summary: adapter info type  10       1  first at 270
 15487    725.803 wddm summary: adapter info type  16       1  first at 270
 15488    725.803 wddm summary: capture plans reserved 0 heap 0
 15489    725.803 wddm summary: capture context peaks plans 0 reserved-bytes 0
 15490    725.803 wddm summary: ---- BuildPagingBuffer operations: operation, count, first log line ----
 15491    725.803 wddm summary: paging operation  11    4104  first at 277
 15492    725.803 wddm summary: paging operation  12     115  first at 334
 15493    725.803 wddm summary: paging operation   9      12  first at 353
 15494    725.803 wddm summary: paging operation   2       3  first at 544
 15495    725.803 wddm summary: paging operation   8       9  first at 565
 15496    725.803 wddm summary: objects created/destroyed: dev 9/2 ctx 7/2 proc 6/2 alloc 16/11, 36 alive
 15497    725.803 wddm summary: allocations opened/closed: 18/11 calls
 15498    725.803 wddm summary: submissions 0 physical + 2126 virtual, 1 preemptions, last completed fence 1870
 15499    725.803 wddm summary: node 0 hardware: 256 submitted, 256 completed, 0 timeouts, 0 refused
 15500    725.803 wddm summary: umd: 6 allocs (0 refused), 1 contexts, 256 submits on the ring, 0 not run
 15501    725.805 wddm profile: umd calls 256, elapsed ticks 190881, QPC frequency 10000000
 15502    725.805 wddm profile: probe enabled 0, calls 0, elapsed ticks 0 (included in umd)
 15503    725.805 wddm summary: node 1 (paging, open): 1870 hardware submitted, 1870 completed, 0 timeouts, 0 refused
 15504    725.805 wddm: paging OS-private queue admissions=1870 (no submit allocation)
 15505    725.805 wddm summary: SubmitCommandVirtual by node: 0: 256, 1: 1870, 0 private-buffer refusals
 15506    725.805 wddm summary: paging DMA VA nonzero 3214 zero 1029, mapping observations 8
 15507    725.805 wddm summary: native DMA transfers 9 fills 12 bytes 763248640
 15508    725.805 wddm summary: native DMA exact disjoint checks 9
 15509    725.805 wddm summary: DMA mapping matches 8/8 last VA0x400000 root0x45E150000 PA0x1CD121000 CPU_PA0x1CD121000
 15510    725.805 wddm summary: BuildPagingBuffer: 9 transfers, 12 fills, 763248640 bytes, 1513 insufficient-buffer
 15511    725.805 wddm summary: aperture map batches 0, unmap batches 0
 15512    725.805 wddm summary: paging TLB invalidations 112, PTE update batches 3068
 15513    725.805 wddm summary: paging unsupported (not ready/no root/no translation/system memory/not contiguous) 0/0/0/0/0
 15514    725.805 wddm summary: presents 958, flips 959 of 961 address calls (958 arrived above DISPATCH_LEVEL)
 15515    725.805 wddm summary: blit gate open, 0 blits, 0 skips, 0 sources translated contiguous
 15516    725.805 wddm summary: blit destination: 0 to the flipped surface, 0 to the POST framebuffer (0 a failed-mapping fallback), 0 scanout remaps (0 failed), last blit 0 row
 15517    725.805 wddm summary: widest blit 0 rows
 15518    725.805 wddm summary: last blit reading 0, 0x0 pitch 0, 0 rectangles, source physical 0x0
 15519    725.805 wddm summary: vsync enabled, 0 ticks, 43455 reported to dxgkrnl
 15520    725.805 wddm summary: visibility calls 5 source 0x00000000 requested 1 status 0x00000000 current 1
 15521    725.805 wddm summary: display mode 1 blanked 0 write 1 commit calls 1 power-transition 0 powered-off 0
 15522    725.805 wddm visibility: true 3 false 2 failures 0 first-true 0x00000000 last-true 0x00000000 QPC 10000000
 15523    725.805 wddm visibility event: 1 src 0 req 1 status 00000000 visible 1 blank 0 qpc 29829462446..29829462564
 15524    725.805 wddm visibility event: 2 src 0 req 0 status 00000000 visible 0 blank 1 qpc 29837710899..29837711064
 15525    725.805 wddm visibility event: 3 src 0 req 0 status 00000000 visible 0 blank 1 qpc 29837842449..29837842800
 15526    725.805 wddm visibility event: 4 src 0 req 1 status 00000000 visible 1 blank 0 qpc 29838512661..29838512798
 15527    725.805 wddm visibility event: 5 src 0 req 1 status 00000000 visible 1 blank 0 qpc 29838890051..29838890218
 15528    725.805 wddm summary: dcn lock acknowledgement timeouts 0
 15529    725.805 wddm summary: vidpn flip open: 959 hardware flips, 0 refused, 1 hardware vsyncs armed 43473 acked 0 refused 0 completion-deferred 0 old-buffer-reports
 15530    725.805 wddm summary: no TDR (ResetEngine, ResetFromTimeout and RestartFromTimeout were never called)
 15531    725.805 wddm summary: CollectDbgInfo called 0 time(s) since the driver was loaded
 15532    725.805 vidmm summary: level 0: 1026 calls, 262688 entries, 544 valid
 15533    725.805 vidmm summary: level 1: 2 calls, 1024 entries, 512 valid
 15534    725.805 vidmm summary: level 2: 1 calls, 512 entries, 2 valid
 15535    725.805 vidmm summary: level 3: 1 calls, 512 entries, 1 valid
 15536    725.805 vidmm summary: PTE encoding level 0 segment 0 coherent 2 noncoherent 213868 snoop mismatches 0
 15537    725.805 vidmm summary: PTE encoding level 0 segment 1 coherent 0 noncoherent 642556 snoop mismatches 0
 15538    725.805 vidmm summary: PTE encoding level 0 segment 3 coherent 0 noncoherent 512 snoop mismatches 0
 15539    725.805 vidmm summary: PTE encoding level 1 segment 3 coherent 0 noncoherent 1058 snoop mismatches 0
 15540    725.805 vidmm summary: PTE encoding level 2 segment 3 coherent 0 noncoherent 10 snoop mismatches 0
 15541    725.805 vidmm summary: PTE encoding level 3 segment 3 coherent 0 noncoherent 9 snoop mismatches 0
 15542    725.805 vidmm summary: 1030 cpu-virtual calls, 0 gpu-physical calls
 15543    725.805 vidmm summary: 264736 entries written (EnableGpuVa open), 0 refused, 0 bad calls, 2 roots
 15544    730.921 wddm summary: ---- DDI calls: name, count, first log line ----
 15545    730.921 wddm summary: QueryAdapterInfo                   12  first at 257
 15546    730.921 wddm summary: GetNodeMetadata                     2  first at 265
 15547    730.921 wddm summary: CreateDevice                        9  first at 272
 15548    730.921 wddm summary: DestroyDevice                       2  first at 425
 15549    730.923 wddm summary: CreateContext                       7  first at 275
 15550    730.923 wddm summary: DestroyContext                      2  first at 424
 15551    730.923 wddm summary: CreateProcess                       6  first at 271
 15552    730.923 wddm summary: DestroyProcess                      2  first at 426
 15553    730.923 wddm summary: SetRootPageTable                    2  first at 298
 15554    730.923 wddm summary: CreateAllocation                   16  first at 343
 15555    730.923 wddm summary: DestroyAllocation                  11  first at 550
 15556    730.923 wddm summary: DescribeAllocation                970  first at 372
 15557    730.923 wddm summary: GetStandardAllocationDriverData      4  first at 341
 15558    730.923 wddm summary: OpenAllocation                     18  first at 345
 15559    730.923 wddm summary: CloseAllocation                    11  first at 549
 15560    730.923 wddm summary: BuildPagingBuffer                4243  first at 277
 15561    730.923 wddm summary: SubmitCommandVirtual             2126  first at 320
 15562    730.923 wddm summary: PreemptCommand                      1  first at 4491
 15563    730.923 wddm summary: Present                           965  first at 686
 15564    730.923 wddm summary: SetVidPnSourceAddress             968  first at 403
 15565    730.923 wddm summary: ControlInterrupt                    7  first at 409
 15566    730.923 wddm summary: ---- QueryAdapterInfo types: type, count, first log line ----
 15567    730.923 wddm summary: adapter info type   1       1  first at 257
 15568    730.923 wddm summary: adapter info type  15       1  first at 258
 15569    730.923 wddm summary: adapter info type  47       1  first at 259
 15570    730.923 wddm summary: adapter info type  13       1  first at 260
 15571    730.923 wddm summary: adapter info type  14       4  first at 261
 15572    730.923 wddm summary: adapter info type  11       2  first at 268
 15573    730.923 wddm summary: adapter info type  10       1  first at 270
 15574    730.923 wddm summary: adapter info type  16       1  first at 270
 15575    730.923 wddm summary: capture plans reserved 0 heap 0
 15576    730.923 wddm summary: capture context peaks plans 0 reserved-bytes 0
 15577    730.923 wddm summary: ---- BuildPagingBuffer operations: operation, count, first log line ----
 15578    730.923 wddm summary: paging operation  11    4104  first at 277
 15579    730.923 wddm summary: paging operation  12     115  first at 334
 15580    730.923 wddm summary: paging operation   9      12  first at 353
 15581    730.923 wddm summary: paging operation   2       3  first at 544
 15582    730.923 wddm summary: paging operation   8       9  first at 565
 15583    730.923 wddm summary: objects created/destroyed: dev 9/2 ctx 7/2 proc 6/2 alloc 16/11, 36 alive
 15584    730.923 wddm summary: allocations opened/closed: 18/11 calls
 15585    730.923 wddm summary: submissions 0 physical + 2126 virtual, 1 preemptions, last completed fence 1870
 15586    730.923 wddm summary: node 0 hardware: 256 submitted, 256 completed, 0 timeouts, 0 refused
 15587    730.923 wddm summary: umd: 6 allocs (0 refused), 1 contexts, 256 submits on the ring, 0 not run
 15588    730.923 wddm profile: umd calls 256, elapsed ticks 190881, QPC frequency 10000000
 15589    730.923 wddm profile: probe enabled 0, calls 0, elapsed ticks 0 (included in umd)
 15590    730.923 wddm summary: node 1 (paging, open): 1870 hardware submitted, 1870 completed, 0 timeouts, 0 refused
 15591    730.923 wddm: paging OS-private queue admissions=1870 (no submit allocation)
 15592    730.923 wddm summary: SubmitCommandVirtual by node: 0: 256, 1: 1870, 0 private-buffer refusals
 15593    730.923 wddm summary: paging DMA VA nonzero 3214 zero 1029, mapping observations 8
 15594    730.923 wddm summary: native DMA transfers 9 fills 12 bytes 763248640
 15595    730.923 wddm summary: native DMA exact disjoint checks 9
 15596    730.923 wddm summary: DMA mapping matches 8/8 last VA0x400000 root0x45E150000 PA0x1CD121000 CPU_PA0x1CD121000
 15597    730.923 wddm summary: BuildPagingBuffer: 9 transfers, 12 fills, 763248640 bytes, 1513 insufficient-buffer
 15598    730.923 wddm summary: aperture map batches 0, unmap batches 0
 15599    730.923 wddm summary: paging TLB invalidations 112, PTE update batches 3068
 15600    730.923 wddm summary: paging unsupported (not ready/no root/no translation/system memory/not contiguous) 0/0/0/0/0
 15601    730.923 wddm summary: presents 965, flips 966 of 968 address calls (965 arrived above DISPATCH_LEVEL)
 15602    730.923 wddm summary: blit gate open, 0 blits, 0 skips, 0 sources translated contiguous
 15603    730.923 wddm summary: blit destination: 0 to the flipped surface, 0 to the POST framebuffer (0 a failed-mapping fallback), 0 scanout remaps (0 failed), last blit 0 row
 15604    730.923 wddm summary: widest blit 0 rows
 15605    730.923 wddm summary: last blit reading 0, 0x0 pitch 0, 0 rectangles, source physical 0x0
 15606    730.923 wddm summary: vsync enabled, 0 ticks, 43762 reported to dxgkrnl
 15607    730.923 wddm summary: visibility calls 5 source 0x00000000 requested 1 status 0x00000000 current 1
 15608    730.923 wddm summary: display mode 1 blanked 0 write 1 commit calls 1 power-transition 0 powered-off 0
 15609    730.923 wddm visibility: true 3 false 2 failures 0 first-true 0x00000000 last-true 0x00000000 QPC 10000000
 15610    730.923 wddm visibility event: 1 src 0 req 1 status 00000000 visible 1 blank 0 qpc 29829462446..29829462564
 15611    730.923 wddm visibility event: 2 src 0 req 0 status 00000000 visible 0 blank 1 qpc 29837710899..29837711064
 15612    730.923 wddm visibility event: 3 src 0 req 0 status 00000000 visible 0 blank 1 qpc 29837842449..29837842800
 15613    730.923 wddm visibility event: 4 src 0 req 1 status 00000000 visible 1 blank 0 qpc 29838512661..29838512798
 15614    730.923 wddm visibility event: 5 src 0 req 1 status 00000000 visible 1 blank 0 qpc 29838890051..29838890218
 15615    730.923 wddm summary: dcn lock acknowledgement timeouts 0
 15616    730.923 wddm summary: vidpn flip open: 966 hardware flips, 0 refused, 1 hardware vsyncs armed 43780 acked 0 refused 0 completion-deferred 0 old-buffer-reports
 15617    730.923 wddm summary: no TDR (ResetEngine, ResetFromTimeout and RestartFromTimeout were never called)
 15618    730.923 wddm summary: CollectDbgInfo called 0 time(s) since the driver was loaded
 15619    730.923 vidmm summary: level 0: 1026 calls, 262688 entries, 544 valid
 15620    730.923 vidmm summary: level 1: 2 calls, 1024 entries, 512 valid
 15621    730.923 vidmm summary: level 2: 1 calls, 512 entries, 2 valid
 15622    730.923 vidmm summary: level 3: 1 calls, 512 entries, 1 valid
 15623    730.923 vidmm summary: PTE encoding level 0 segment 0 coherent 2 noncoherent 213868 snoop mismatches 0
 15624    730.923 vidmm summary: PTE encoding level 0 segment 1 coherent 0 noncoherent 642556 snoop mismatches 0
 15625    730.923 vidmm summary: PTE encoding level 0 segment 3 coherent 0 noncoherent 512 snoop mismatches 0
 15626    730.923 vidmm summary: PTE encoding level 1 segment 3 coherent 0 noncoherent 1058 snoop mismatches 0
 15627    730.923 vidmm summary: PTE encoding level 2 segment 3 coherent 0 noncoherent 10 snoop mismatches 0
 15628    730.923 vidmm summary: PTE encoding level 3 segment 3 coherent 0 noncoherent 9 snoop mismatches 0
 15629    730.923 vidmm summary: 1030 cpu-virtual calls, 0 gpu-physical calls
 15630    730.923 vidmm summary: 264736 entries written (EnableGpuVa open), 0 refused, 0 bad calls, 2 roots
 15631    736.040 wddm summary: ---- DDI calls: name, count, first log line ----
 15632    736.040 wddm summary: QueryAdapterInfo                   12  first at 257
 15633    736.040 wddm summary: GetNodeMetadata                     2  first at 265
 15634    736.040 wddm summary: CreateDevice                        9  first at 272
 15635    736.040 wddm summary: DestroyDevice                       2  first at 425
 15636    736.040 wddm summary: CreateContext                       7  first at 275
 15637    736.040 wddm summary: DestroyContext                      2  first at 424
 15638    736.040 wddm summary: CreateProcess                       6  first at 271
 15639    736.040 wddm summary: DestroyProcess                      2  first at 426
 15640    736.040 wddm summary: SetRootPageTable                    2  first at 298
 15641    736.040 wddm summary: CreateAllocation                   16  first at 343
 15642    736.040 wddm summary: DestroyAllocation                  11  first at 550
 15643    736.040 wddm summary: DescribeAllocation                976  first at 372
 15644    736.040 wddm summary: GetStandardAllocationDriverData      4  first at 341
 15645    736.040 wddm summary: OpenAllocation                     18  first at 345
 15646    736.040 wddm summary: CloseAllocation                    11  first at 549
 15647    736.040 wddm summary: BuildPagingBuffer                4243  first at 277
 15648    736.040 wddm summary: SubmitCommandVirtual             2126  first at 320
 15649    736.040 wddm summary: PreemptCommand                      1  first at 4491
 15650    736.040 wddm summary: Present                           971  first at 686
 15651    736.040 wddm summary: SetVidPnSourceAddress             974  first at 403
 15652    736.040 wddm summary: ControlInterrupt                    7  first at 409
 15653    736.040 wddm summary: ---- QueryAdapterInfo types: type, count, first log line ----
 15654    736.040 wddm summary: adapter info type   1       1  first at 257
 15655    736.040 wddm summary: adapter info type  15       1  first at 258
 15656    736.040 wddm summary: adapter info type  47       1  first at 259
 15657    736.040 wddm summary: adapter info type  13       1  first at 260
 15658    736.040 wddm summary: adapter info type  14       4  first at 261
 15659    736.040 wddm summary: adapter info type  11       2  first at 268
 15660    736.040 wddm summary: adapter info type  10       1  first at 270
 15661    736.040 wddm summary: adapter info type  16       1  first at 270
 15662    736.040 wddm summary: capture plans reserved 0 heap 0
 15663    736.040 wddm summary: capture context peaks plans 0 reserved-bytes 0
 15664    736.040 wddm summary: ---- BuildPagingBuffer operations: operation, count, first log line ----
 15665    736.040 wddm summary: paging operation  11    4104  first at 277
 15666    736.040 wddm summary: paging operation  12     115  first at 334
 15667    736.040 wddm summary: paging operation   9      12  first at 353
 15668    736.040 wddm summary: paging operation   2       3  first at 544
 15669    736.040 wddm summary: paging operation   8       9  first at 565
 15670    736.040 wddm summary: objects created/destroyed: dev 9/2 ctx 7/2 proc 6/2 alloc 16/11, 36 alive
 15671    736.040 wddm summary: allocations opened/closed: 18/11 calls
 15672    736.040 wddm summary: submissions 0 physical + 2126 virtual, 1 preemptions, last completed fence 1870
 15673    736.040 wddm summary: node 0 hardware: 256 submitted, 256 completed, 0 timeouts, 0 refused
 15674    736.040 wddm summary: umd: 6 allocs (0 refused), 1 contexts, 256 submits on the ring, 0 not run
 15675    736.040 wddm profile: umd calls 256, elapsed ticks 190881, QPC frequency 10000000
 15676    736.040 wddm profile: probe enabled 0, calls 0, elapsed ticks 0 (included in umd)
 15677    736.040 wddm summary: node 1 (paging, open): 1870 hardware submitted, 1870 completed, 0 timeouts, 0 refused
 15678    736.040 wddm: paging OS-private queue admissions=1870 (no submit allocation)
 15679    736.040 wddm summary: SubmitCommandVirtual by node: 0: 256, 1: 1870, 0 private-buffer refusals
 15680    736.040 wddm summary: paging DMA VA nonzero 3214 zero 1029, mapping observations 8
 15681    736.040 wddm summary: native DMA transfers 9 fills 12 bytes 763248640
 15682    736.040 wddm summary: native DMA exact disjoint checks 9
 15683    736.040 wddm summary: DMA mapping matches 8/8 last VA0x400000 root0x45E150000 PA0x1CD121000 CPU_PA0x1CD121000
 15684    736.040 wddm summary: BuildPagingBuffer: 9 transfers, 12 fills, 763248640 bytes, 1513 insufficient-buffer
 15685    736.040 wddm summary: aperture map batches 0, unmap batches 0
 15686    736.040 wddm summary: paging TLB invalidations 112, PTE update batches 3068
 15687    736.040 wddm summary: paging unsupported (not ready/no root/no translation/system memory/not contiguous) 0/0/0/0/0
 15688    736.040 wddm summary: presents 971, flips 972 of 974 address calls (971 arrived above DISPATCH_LEVEL)
 15689    736.040 wddm summary: blit gate open, 0 blits, 0 skips, 0 sources translated contiguous
 15690    736.040 wddm summary: blit destination: 0 to the flipped surface, 0 to the POST framebuffer (0 a failed-mapping fallback), 0 scanout remaps (0 failed), last blit 0 row
 15691    736.040 wddm summary: widest blit 0 rows
 15692    736.040 wddm summary: last blit reading 0, 0x0 pitch 0, 0 rectangles, source physical 0x0
 15693    736.040 wddm summary: vsync enabled, 0 ticks, 44069 reported to dxgkrnl
 15694    736.040 wddm summary: visibility calls 5 source 0x00000000 requested 1 status 0x00000000 current 1
 15695    736.040 wddm summary: display mode 1 blanked 0 write 1 commit calls 1 power-transition 0 powered-off 0
 15696    736.040 wddm visibility: true 3 false 2 failures 0 first-true 0x00000000 last-true 0x00000000 QPC 10000000
 15697    736.040 wddm visibility event: 1 src 0 req 1 status 00000000 visible 1 blank 0 qpc 29829462446..29829462564
 15698    736.040 wddm visibility event: 2 src 0 req 0 status 00000000 visible 0 blank 1 qpc 29837710899..29837711064
 15699    736.040 wddm visibility event: 3 src 0 req 0 status 00000000 visible 0 blank 1 qpc 29837842449..29837842800
 15700    736.040 wddm visibility event: 4 src 0 req 1 status 00000000 visible 1 blank 0 qpc 29838512661..29838512798
 15701    736.040 wddm visibility event: 5 src 0 req 1 status 00000000 visible 1 blank 0 qpc 29838890051..29838890218
 15702    736.040 wddm summary: dcn lock acknowledgement timeouts 0
 15703    736.040 wddm summary: vidpn flip open: 972 hardware flips, 0 refused, 1 hardware vsyncs armed 44087 acked 0 refused 0 completion-deferred 0 old-buffer-reports
 15704    736.040 wddm summary: no TDR (ResetEngine, ResetFromTimeout and RestartFromTimeout were never called)
 15705    736.040 wddm summary: CollectDbgInfo called 0 time(s) since the driver was loaded
 15706    736.040 vidmm summary: level 0: 1026 calls, 262688 entries, 544 valid
 15707    736.040 vidmm summary: level 1: 2 calls, 1024 entries, 512 valid
 15708    736.040 vidmm summary: level 2: 1 calls, 512 entries, 2 valid
 15709    736.040 vidmm summary: level 3: 1 calls, 512 entries, 1 valid
 15710    736.040 vidmm summary: PTE encoding level 0 segment 0 coherent 2 noncoherent 213868 snoop mismatches 0
 15711    736.040 vidmm summary: PTE encoding level 0 segment 1 coherent 0 noncoherent 642556 snoop mismatches 0
 15712    736.040 vidmm summary: PTE encoding level 0 segment 3 coherent 0 noncoherent 512 snoop mismatches 0
 15713    736.040 vidmm summary: PTE encoding level 1 segment 3 coherent 0 noncoherent 1058 snoop mismatches 0
 15714    736.040 vidmm summary: PTE encoding level 2 segment 3 coherent 0 noncoherent 10 snoop mismatches 0
 15715    736.040 vidmm summary: PTE encoding level 3 segment 3 coherent 0 noncoherent 9 snoop mismatches 0
 15716    736.040 vidmm summary: 1030 cpu-virtual calls, 0 gpu-physical calls
 15717    736.040 vidmm summary: 264736 entries written (EnableGpuVa open), 0 refused, 0 bad calls, 2 roots
 15718    741.157 wddm summary: ---- DDI calls: name, count, first log line ----
 15719    741.157 wddm summary: QueryAdapterInfo                   12  first at 257
 15720    741.157 wddm summary: GetNodeMetadata                     2  first at 265
 15721    741.157 wddm summary: CreateDevice                        9  first at 272
 15722    741.157 wddm summary: DestroyDevice                       2  first at 425
 15723    741.157 wddm summary: CreateContext                       7  first at 275
 15724    741.157 wddm summary: DestroyContext                      2  first at 424
 15725    741.157 wddm summary: CreateProcess                       6  first at 271
 15726    741.157 wddm summary: DestroyProcess                      2  first at 426
 15727    741.157 wddm summary: SetRootPageTable                    2  first at 298
 15728    741.157 wddm summary: CreateAllocation                   16  first at 343
 15729    741.157 wddm summary: DestroyAllocation                  11  first at 550
 15730    741.157 wddm summary: DescribeAllocation                981  first at 372
 15731    741.157 wddm summary: GetStandardAllocationDriverData      4  first at 341
 15732    741.157 wddm summary: OpenAllocation                     18  first at 345
 15733    741.157 wddm summary: CloseAllocation                    11  first at 549
 15734    741.157 wddm summary: BuildPagingBuffer                4243  first at 277
 15735    741.157 wddm summary: SubmitCommandVirtual             2126  first at 320
 15736    741.157 wddm summary: PreemptCommand                      1  first at 4491
 15737    741.157 wddm summary: Present                           976  first at 686
 15738    741.157 wddm summary: SetVidPnSourceAddress             979  first at 403
 15739    741.157 wddm summary: ControlInterrupt                    7  first at 409
 15740    741.157 wddm summary: ---- QueryAdapterInfo types: type, count, first log line ----
 15741    741.157 wddm summary: adapter info type   1       1  first at 257
 15742    741.157 wddm summary: adapter info type  15       1  first at 258
 15743    741.157 wddm summary: adapter info type  47       1  first at 259
 15744    741.157 wddm summary: adapter info type  13       1  first at 260
 15745    741.157 wddm summary: adapter info type  14       4  first at 261
 15746    741.157 wddm summary: adapter info type  11       2  first at 268
 15747    741.157 wddm summary: adapter info type  10       1  first at 270
 15748    741.157 wddm summary: adapter info type  16       1  first at 270
 15749    741.157 wddm summary: capture plans reserved 0 heap 0
 15750    741.157 wddm summary: capture context peaks plans 0 reserved-bytes 0
 15751    741.157 wddm summary: ---- BuildPagingBuffer operations: operation, count, first log line ----
 15752    741.157 wddm summary: paging operation  11    4104  first at 277
 15753    741.157 wddm summary: paging operation  12     115  first at 334
 15754    741.157 wddm summary: paging operation   9      12  first at 353
 15755    741.157 wddm summary: paging operation   2       3  first at 544
 15756    741.157 wddm summary: paging operation   8       9  first at 565
 15757    741.157 wddm summary: objects created/destroyed: dev 9/2 ctx 7/2 proc 6/2 alloc 16/11, 36 alive
 15758    741.157 wddm summary: allocations opened/closed: 18/11 calls
 15759    741.157 wddm summary: submissions 0 physical + 2126 virtual, 1 preemptions, last completed fence 1870
 15760    741.157 wddm summary: node 0 hardware: 256 submitted, 256 completed, 0 timeouts, 0 refused
 15761    741.157 wddm summary: umd: 6 allocs (0 refused), 1 contexts, 256 submits on the ring, 0 not run
 15762    741.157 wddm profile: umd calls 256, elapsed ticks 190881, QPC frequency 10000000
 15763    741.157 wddm profile: probe enabled 0, calls 0, elapsed ticks 0 (included in umd)
 15764    741.157 wddm summary: node 1 (paging, open): 1870 hardware submitted, 1870 completed, 0 timeouts, 0 refused
 15765    741.157 wddm: paging OS-private queue admissions=1870 (no submit allocation)
 15766    741.157 wddm summary: SubmitCommandVirtual by node: 0: 256, 1: 1870, 0 private-buffer refusals
 15767    741.157 wddm summary: paging DMA VA nonzero 3214 zero 1029, mapping observations 8
 15768    741.157 wddm summary: native DMA transfers 9 fills 12 bytes 763248640
 15769    741.157 wddm summary: native DMA exact disjoint checks 9
 15770    741.157 wddm summary: DMA mapping matches 8/8 last VA0x400000 root0x45E150000 PA0x1CD121000 CPU_PA0x1CD121000
 15771    741.157 wddm summary: BuildPagingBuffer: 9 transfers, 12 fills, 763248640 bytes, 1513 insufficient-buffer
 15772    741.157 wddm summary: aperture map batches 0, unmap batches 0
 15773    741.157 wddm summary: paging TLB invalidations 112, PTE update batches 3068
 15774    741.157 wddm summary: paging unsupported (not ready/no root/no translation/system memory/not contiguous) 0/0/0/0/0
 15775    741.157 wddm summary: presents 976, flips 977 of 979 address calls (976 arrived above DISPATCH_LEVEL)
 15776    741.157 wddm summary: blit gate open, 0 blits, 0 skips, 0 sources translated contiguous
 15777    741.157 wddm summary: blit destination: 0 to the flipped surface, 0 to the POST framebuffer (0 a failed-mapping fallback), 0 scanout remaps (0 failed), last blit 0 row
 15778    741.157 wddm summary: widest blit 0 rows
 15779    741.157 wddm summary: last blit reading 0, 0x0 pitch 0, 0 rectangles, source physical 0x0
 15780    741.157 wddm summary: vsync enabled, 0 ticks, 44375 reported to dxgkrnl
 15781    741.157 wddm summary: visibility calls 5 source 0x00000000 requested 1 status 0x00000000 current 1
 15782    741.157 wddm summary: display mode 1 blanked 0 write 1 commit calls 1 power-transition 0 powered-off 0
 15783    741.157 wddm visibility: true 3 false 2 failures 0 first-true 0x00000000 last-true 0x00000000 QPC 10000000
 15784    741.157 wddm visibility event: 1 src 0 req 1 status 00000000 visible 1 blank 0 qpc 29829462446..29829462564
 15785    741.157 wddm visibility event: 2 src 0 req 0 status 00000000 visible 0 blank 1 qpc 29837710899..29837711064
 15786    741.157 wddm visibility event: 3 src 0 req 0 status 00000000 visible 0 blank 1 qpc 29837842449..29837842800
 15787    741.157 wddm visibility event: 4 src 0 req 1 status 00000000 visible 1 blank 0 qpc 29838512661..29838512798
 15788    741.157 wddm visibility event: 5 src 0 req 1 status 00000000 visible 1 blank 0 qpc 29838890051..29838890218
 15789    741.157 wddm summary: dcn lock acknowledgement timeouts 0
 15790    741.157 wddm summary: vidpn flip open: 977 hardware flips, 0 refused, 1 hardware vsyncs armed 44393 acked 0 refused 0 completion-deferred 0 old-buffer-reports
 15791    741.157 wddm summary: no TDR (ResetEngine, ResetFromTimeout and RestartFromTimeout were never called)
 15792    741.157 wddm summary: CollectDbgInfo called 0 time(s) since the driver was loaded
 15793    741.157 vidmm summary: level 0: 1026 calls, 262688 entries, 544 valid
 15794    741.157 vidmm summary: level 1: 2 calls, 1024 entries, 512 valid
 15795    741.157 vidmm summary: level 2: 1 calls, 512 entries, 2 valid
 15796    741.157 vidmm summary: level 3: 1 calls, 512 entries, 1 valid
 15797    741.157 vidmm summary: PTE encoding level 0 segment 0 coherent 2 noncoherent 213868 snoop mismatches 0
 15798    741.157 vidmm summary: PTE encoding level 0 segment 1 coherent 0 noncoherent 642556 snoop mismatches 0
 15799    741.157 vidmm summary: PTE encoding level 0 segment 3 coherent 0 noncoherent 512 snoop mismatches 0
 15800    741.157 vidmm summary: PTE encoding level 1 segment 3 coherent 0 noncoherent 1058 snoop mismatches 0
 15801    741.157 vidmm summary: PTE encoding level 2 segment 3 coherent 0 noncoherent 10 snoop mismatches 0
 15802    741.157 vidmm summary: PTE encoding level 3 segment 3 coherent 0 noncoherent 9 snoop mismatches 0
 15803    741.157 vidmm summary: 1030 cpu-virtual calls, 0 gpu-physical calls
 15804    741.157 vidmm summary: 264736 entries written (EnableGpuVa open), 0 refused, 0 bad calls, 2 roots
 15805    746.281 wddm summary: ---- DDI calls: name, count, first log line ----
 15806    746.281 wddm summary: QueryAdapterInfo                   12  first at 257
 15807    746.281 wddm summary: GetNodeMetadata                     2  first at 265
 15808    746.281 wddm summary: CreateDevice                        9  first at 272
 15809    746.281 wddm summary: DestroyDevice                       2  first at 425
 15810    746.281 wddm summary: CreateContext                       7  first at 275
 15811    746.281 wddm summary: DestroyContext                      2  first at 424
 15812    746.281 wddm summary: CreateProcess                       6  first at 271
 15813    746.281 wddm summary: DestroyProcess                      2  first at 426
 15814    746.281 wddm summary: SetRootPageTable                    2  first at 298
 15815    746.281 wddm summary: CreateAllocation                   16  first at 343
 15816    746.281 wddm summary: DestroyAllocation                  11  first at 550
 15817    746.281 wddm summary: DescribeAllocation                987  first at 372
 15818    746.281 wddm summary: GetStandardAllocationDriverData      4  first at 341
 15819    746.281 wddm summary: OpenAllocation                     18  first at 345
 15820    746.281 wddm summary: CloseAllocation                    11  first at 549
 15821    746.281 wddm summary: BuildPagingBuffer                4243  first at 277
 15822    746.281 wddm summary: SubmitCommandVirtual             2126  first at 320
 15823    746.281 wddm summary: PreemptCommand                      1  first at 4491
 15824    746.281 wddm summary: Present                           982  first at 686
 15825    746.281 wddm summary: SetVidPnSourceAddress             985  first at 403
 15826    746.281 wddm summary: ControlInterrupt                    7  first at 409
 15827    746.281 wddm summary: ---- QueryAdapterInfo types: type, count, first log line ----
 15828    746.281 wddm summary: adapter info type   1       1  first at 257
 15829    746.281 wddm summary: adapter info type  15       1  first at 258
 15830    746.281 wddm summary: adapter info type  47       1  first at 259
 15831    746.281 wddm summary: adapter info type  13       1  first at 260
 15832    746.281 wddm summary: adapter info type  14       4  first at 261
 15833    746.281 wddm summary: adapter info type  11       2  first at 268
 15834    746.281 wddm summary: adapter info type  10       1  first at 270
 15835    746.281 wddm summary: adapter info type  16       1  first at 270
 15836    746.281 wddm summary: capture plans reserved 0 heap 0
 15837    746.281 wddm summary: capture context peaks plans 0 reserved-bytes 0
 15838    746.281 wddm summary: ---- BuildPagingBuffer operations: operation, count, first log line ----
 15839    746.281 wddm summary: paging operation  11    4104  first at 277
 15840    746.281 wddm summary: paging operation  12     115  first at 334
 15841    746.281 wddm summary: paging operation   9      12  first at 353
 15842    746.281 wddm summary: paging operation   2       3  first at 544
 15843    746.281 wddm summary: paging operation   8       9  first at 565
 15844    746.281 wddm summary: objects created/destroyed: dev 9/2 ctx 7/2 proc 6/2 alloc 16/11, 36 alive
 15845    746.281 wddm summary: allocations opened/closed: 18/11 calls
 15846    746.281 wddm summary: submissions 0 physical + 2126 virtual, 1 preemptions, last completed fence 1870
 15847    746.281 wddm summary: node 0 hardware: 256 submitted, 256 completed, 0 timeouts, 0 refused
 15848    746.283 wddm summary: umd: 6 allocs (0 refused), 1 contexts, 256 submits on the ring, 0 not run
 15849    746.283 wddm profile: umd calls 256, elapsed ticks 190881, QPC frequency 10000000
 15850    746.283 wddm profile: probe enabled 0, calls 0, elapsed ticks 0 (included in umd)
 15851    746.283 wddm summary: node 1 (paging, open): 1870 hardware submitted, 1870 completed, 0 timeouts, 0 refused
 15852    746.283 wddm: paging OS-private queue admissions=1870 (no submit allocation)
 15853    746.283 wddm summary: SubmitCommandVirtual by node: 0: 256, 1: 1870, 0 private-buffer refusals
 15854    746.283 wddm summary: paging DMA VA nonzero 3214 zero 1029, mapping observations 8
 15855    746.283 wddm summary: native DMA transfers 9 fills 12 bytes 763248640
 15856    746.283 wddm summary: native DMA exact disjoint checks 9
 15857    746.283 wddm summary: DMA mapping matches 8/8 last VA0x400000 root0x45E150000 PA0x1CD121000 CPU_PA0x1CD121000
 15858    746.283 wddm summary: BuildPagingBuffer: 9 transfers, 12 fills, 763248640 bytes, 1513 insufficient-buffer
 15859    746.283 wddm summary: aperture map batches 0, unmap batches 0
 15860    746.283 wddm summary: paging TLB invalidations 112, PTE update batches 3068
 15861    746.283 wddm summary: paging unsupported (not ready/no root/no translation/system memory/not contiguous) 0/0/0/0/0
 15862    746.283 wddm summary: presents 982, flips 983 of 985 address calls (982 arrived above DISPATCH_LEVEL)
 15863    746.283 wddm summary: blit gate open, 0 blits, 0 skips, 0 sources translated contiguous
 15864    746.283 wddm summary: blit destination: 0 to the flipped surface, 0 to the POST framebuffer (0 a failed-mapping fallback), 0 scanout remaps (0 failed), last blit 0 row
 15865    746.283 wddm summary: widest blit 0 rows
 15866    746.283 wddm summary: last blit reading 0, 0x0 pitch 0, 0 rectangles, source physical 0x0
 15867    746.283 wddm summary: vsync enabled, 0 ticks, 44683 reported to dxgkrnl
 15868    746.283 wddm summary: visibility calls 5 source 0x00000000 requested 1 status 0x00000000 current 1
 15869    746.283 wddm summary: display mode 1 blanked 0 write 1 commit calls 1 power-transition 0 powered-off 0
 15870    746.283 wddm visibility: true 3 false 2 failures 0 first-true 0x00000000 last-true 0x00000000 QPC 10000000
 15871    746.283 wddm visibility event: 1 src 0 req 1 status 00000000 visible 1 blank 0 qpc 29829462446..29829462564
 15872    746.283 wddm visibility event: 2 src 0 req 0 status 00000000 visible 0 blank 1 qpc 29837710899..29837711064
 15873    746.283 wddm visibility event: 3 src 0 req 0 status 00000000 visible 0 blank 1 qpc 29837842449..29837842800
 15874    746.283 wddm visibility event: 4 src 0 req 1 status 00000000 visible 1 blank 0 qpc 29838512661..29838512798
 15875    746.283 wddm visibility event: 5 src 0 req 1 status 00000000 visible 1 blank 0 qpc 29838890051..29838890218
 15876    746.283 wddm summary: dcn lock acknowledgement timeouts 0
 15877    746.283 wddm summary: vidpn flip open: 983 hardware flips, 0 refused, 1 hardware vsyncs armed 44701 acked 0 refused 0 completion-deferred 0 old-buffer-reports
 15878    746.283 wddm summary: no TDR (ResetEngine, ResetFromTimeout and RestartFromTimeout were never called)
 15879    746.283 wddm summary: CollectDbgInfo called 0 time(s) since the driver was loaded
 15880    746.283 vidmm summary: level 0: 1026 calls, 262688 entries, 544 valid
 15881    746.283 vidmm summary: level 1: 2 calls, 1024 entries, 512 valid
 15882    746.283 vidmm summary: level 2: 1 calls, 512 entries, 2 valid
 15883    746.283 vidmm summary: level 3: 1 calls, 512 entries, 1 valid
 15884    746.283 vidmm summary: PTE encoding level 0 segment 0 coherent 2 noncoherent 213868 snoop mismatches 0
 15885    746.283 vidmm summary: PTE encoding level 0 segment 1 coherent 0 noncoherent 642556 snoop mismatches 0
 15886    746.283 vidmm summary: PTE encoding level 0 segment 3 coherent 0 noncoherent 512 snoop mismatches 0
 15887    746.283 vidmm summary: PTE encoding level 1 segment 3 coherent 0 noncoherent 1058 snoop mismatches 0
 15888    746.283 vidmm summary: PTE encoding level 2 segment 3 coherent 0 noncoherent 10 snoop mismatches 0
 15889    746.283 vidmm summary: PTE encoding level 3 segment 3 coherent 0 noncoherent 9 snoop mismatches 0
 15890    746.283 vidmm summary: 1030 cpu-virtual calls, 0 gpu-physical calls
 15891    746.283 vidmm summary: 264736 entries written (EnableGpuVa open), 0 refused, 0 bad calls, 2 roots
             1024 lines printed
