compile
  Generowanie kodu...
  Trwa kompilowanie...
  Generowanie kodu...
  Generowanie kodu...
  Generowanie kodu...
link
stack budget
bc250kmd.sys: 568 functions with unwind data, largest fixed frame 3992 bytes
  warn    3992 bytes  rva 0x01B8D0  GfxPagingBuildUpdate
  warn    2248 bytes  rva 0x01A490  GfxPagingBuildAperture
  warn    2120 bytes  rva 0x034A60  VidMmCommitPagingAperture
  warn    1240 bytes  rva 0x041BA0  WddmSubmitUmdImpl
catalog
  ........................
  Signability test complete.
  Errors:
  None
  Warnings:
  None
  Catalog generation complete.
  P:\bc-250\scratch\build\preemption-boundary-dev\package\bc250kmd.cat
sign
  Done Adding Additional Store
  Successfully signed: P:\bc-250\scratch\build\preemption-boundary-dev\package\bc250kmd.sys
  Done Adding Additional Store
  Successfully signed: P:\bc-250\scratch\build\preemption-boundary-dev\package\bc250kmd.cat
      792  bc250-lab-test.cer
     2407  bc250kmd.cat
     7684  bc250kmd.inf
   391568  bc250kmd.sys
  2AE8FFB9336F6F25D3712A3CDABC03617D491B8814922788C44609102962B2D3  package\bc250kmd.sys
