log          5884 lines since this driver load, 4860 lost to the wrap, 7 dropped above DISPATCH_LEVEL; ring 1024 lines of which the first 256 are kept; table FULL WDDM (the gate was open at DriverEntry)
     0      0.000 stage 10
     1      0.000 gate: EnableFullWddm 1 (one shot: closed again on disk)
     2      0.000 stage 20
     3      0.078 stage 30
     4      0.078 stage 31
     5      0.078 stage 32
     6      0.078 post display 1920x1200 pitch 7680 format 22 target 2424833
     7      0.078 stage 33
     8      0.078 stage 34
     9      0.078 interrupt resource 1: message, vector 0x70, flags 0x3
    10      0.078 mmio: BAR5 at 0xFE800000 mapped, writes off, dcn writes allowed, vidpn flip allowed
    11      0.078 vram: 0x270000000 + 0x200000000, MC 0xF400000000, BAR0 0xC0000000 + 0x10000000, writes allowed
    12      0.078 fb sample mapped: phys 0xC0000000 first 0x00000000 mid 0x00000000
    13      0.078 fb sample physical: 0x270000000 first 0x00000000 mid 0x00000000
    14      0.078 gart: ready, dummy page at 0x26FFFA000
    15      0.078 psp: ready
    16      0.078 gpumem: ready, doorbells at 0xD0000000
    17      0.078 gfx: ready, GPU submission allowed, paging node allowed
    18      0.078 ih: ready
    19      0.078 vidmm: logical paging state 515 tables, 1031 slots, 4767344 bytes reserved
    20      0.093 vidmm: table segment 3 at physical 0x45E150000 + 0xFEB0000, host memory below 0x270000000, updates are WRITTEN
    21      0.093 startup: entering interrupt connection
    22      0.093 startup: entering firmware preparation
    23      0.101 gfx: CP_ME_CNTL 0x15000000, CP_MEC_CNTL 0x50000000, SDMA0/1_F32_CNTL 0x1 0x1
    24      0.101 gfx: unpublished translation bootstrap entered with engines halted
    25      0.101 gfx: RLC before-gart-initialization CNTL 0x00000000 read 0x00000000 STATUS2 0x00000008 read 0x00000000
    26      0.101 gfx: GRBM before-gart-initialization STATUS 0x00003028 read 0x00000000
    27      0.101 startup: entering GART initialization
    28      0.121 gart: startup startup-after-gfxhub-enable sample 0x00000000 fault 0x00000000
    29      0.121 gfx: RLC startup-after-gfxhub-enable CNTL 0x00000000 read 0x00000000 STATUS2 0x00000008 read 0x00000000
    30      0.121 gfx: GRBM startup-after-gfxhub-enable STATUS 0x00003028 read 0x00000000
    31      0.122 gart: startup startup-after-mmhub-enable sample 0x00000000 fault 0x00000000
    32      0.122 gfx: RLC startup-after-mmhub-enable CNTL 0x00000000 read 0x00000000 STATUS2 0x00000008 read 0x00000000
    33      0.122 gfx: GRBM startup-after-mmhub-enable STATUS 0x00003028 read 0x00000000
    34      0.122 gart: startup startup-after-fault-defaults sample 0x00000000 fault 0x00000000
    35      0.122 gfx: RLC startup-after-fault-defaults CNTL 0x00000000 read 0x00000000 STATUS2 0x00000008 read 0x00000000
    36      0.122 gfx: GRBM startup-after-fault-defaults STATUS 0x00003028 read 0x00000000
    37      0.122 gart: startup bootstrap-after-mmhub-flush sample 0x00000000 fault 0x00000000
    38      0.122 gfx: RLC bootstrap-after-mmhub-flush CNTL 0x00000000 read 0x00000000 STATUS2 0x00000008 read 0x00000000
    39      0.122 gfx: GRBM bootstrap-after-mmhub-flush STATUS 0x00003028 read 0x00000000
    40      0.122 gart: op 1 -> 0x00000000 (-), result 0, 284 writes, fault offset 0x00000
    41      0.122 gfx: RLC before-psp CNTL 0x00000000 read 0x00000000 STATUS2 0x00000008 read 0x00000000
    42      0.122 gfx: GRBM before-psp STATUS 0x00003028 read 0x00000000
    43      0.122 startup: entering PSP initialization
    44      0.168 gfx: RLC before-psp-ring-create CNTL 0x00000000 read 0x00000000 STATUS2 0x00000008 read 0x00000000
    45      0.168 gfx: GRBM before-psp-ring-create STATUS 0x00003028 read 0x00000000
    46      0.199 gfx: RLC after-psp-ring-create CNTL 0x00000000 read 0x00000000 STATUS2 0x00000008 read 0x00000000
    47      0.199 gfx: GRBM after-psp-ring-create STATUS 0x00003028 read 0x00000000
    48      0.199 amdgpu[0]: reserve 0x400000 from 0xf5ff800000 for PSP TMR

    49      0.199 psp: command 1 (id 5, type 0, 4194304 bytes): rc 0, status 0x0, 253 us, in TMR at 0x0
    50      0.199 gfx: RLC after-psp-command CNTL 0x00000000 read 0x00000000 STATUS2 0x00000008 read 0x00000000
    51      0.199 gfx: GRBM after-psp-command STATUS 0x00003028 read 0x00000000
    52      0.199 psp: command 2 (id 6, type 9, 33536 bytes): rc 0, status 0x0, 1906 us, in TMR at 0x0
    53      0.199 gfx: RLC after-psp-command CNTL 0x00000000 read 0x00000000 STATUS2 0x00000008 read 0x00000000
    54      0.199 gfx: GRBM after-psp-command STATUS 0x00003028 read 0x00000000
    55      0.199 psp: command 3 (id 6, type 10, 33536 bytes): rc 0, status 0x0, 1958 us, in TMR at 0x0
    56      0.199 gfx: RLC after-psp-command CNTL 0x00000000 read 0x00000000 STATUS2 0x00000008 read 0x00000000
    57      0.199 gfx: GRBM after-psp-command STATUS 0x00003028 read 0x00000000
    58      0.199 psp: command 4 (id 6, type 3, 263040 bytes): rc 0, status 0x0, 5880 us, in TMR at 0xF5FF842000
    59      0.199 gfx: RLC after-psp-command CNTL 0x00000000 read 0x00000000 STATUS2 0x00000008 read 0x00000000
    60      0.199 gfx: GRBM after-psp-command STATUS 0x00003028 read 0x00000000
    61      0.215 psp: command 5 (id 6, type 2, 263168 bytes): rc 0, status 0x0, 5875 us, in TMR at 0xF5FF883000
    62      0.215 gfx: RLC after-psp-command CNTL 0x00000000 read 0x00000000 STATUS2 0x00000008 read 0x00000000
    63      0.215 gfx: GRBM after-psp-command STATUS 0x00003028 read 0x00000000
    64      0.215 psp: command 6 (id 6, type 1, 263168 bytes): rc 0, status 0x0, 5908 us, in TMR at 0xF5FF8C4000
    65      0.215 gfx: RLC after-psp-command CNTL 0x00000000 read 0x00000000 STATUS2 0x00000008 read 0x00000000
    66      0.215 gfx: GRBM after-psp-command STATUS 0x00003028 read 0x00000000
    67      0.215 psp: command 7 (id 6, type 4, 267440 bytes): rc 0, status 0x0, 6004 us, in TMR at 0xF5FF800000
    68      0.215 gfx: RLC after-psp-command CNTL 0x00000000 read 0x00000000 STATUS2 0x00000008 read 0x00000000
    69      0.215 gfx: GRBM after-psp-command STATUS 0x00003028 read 0x00000000
    70      0.215 psp: command 8 (id 6, type 5, 896 bytes): rc 0, status 0x0, 130 us, in TMR at 0x0
    71      0.215 gfx: RLC after-psp-command CNTL 0x00000000 read 0x00000000 STATUS2 0x00000008 read 0x00000000
    72      0.215 gfx: GRBM after-psp-command STATUS 0x00003028 read 0x00000000
    73      0.230 psp: command 9 (id 6, type 4, 267440 bytes): rc 0, status 0x0, 5954 us, in TMR at 0xF5FF800000
    74      0.230 gfx: RLC after-psp-command CNTL 0x00000000 read 0x00000000 STATUS2 0x00000008 read 0x00000000
    75      0.230 gfx: GRBM after-psp-command STATUS 0x00003028 read 0x00000000
    76      0.230 psp: command 10 (id 6, type 6, 896 bytes): rc 0, status 0x0, 130 us, in TMR at 0x0
    77      0.230 gfx: RLC after-psp-command CNTL 0x00000000 read 0x00000000 STATUS2 0x00000008 read 0x00000000
    78      0.230 gfx: GRBM after-psp-command STATUS 0x00003028 read 0x00000000
    79      0.230 psp: command 11 (id 6, type 8, 25088 bytes): rc 0, status 0x0, 1686 us, in TMR at 0x0
    80      0.230 gfx: RLC after-psp-command CNTL 0x00000001 read 0x00000000 STATUS2 0x01000008 read 0x00000000
    81      0.230 gfx: GRBM after-psp-command STATUS 0x00003028 read 0x00000000
    82      0.230 psp: op 1 -> 0x00000000, result 0, 15 writes, 11 of 11 commands
    83      0.230 gfx: RLC after-psp CNTL 0x00000001 read 0x00000000 STATUS2 0x01000008 read 0x00000000
    84      0.230 gfx: GRBM after-psp STATUS 0x00003028 read 0x00000000
    85      0.230 startup: entering IH initialization
    86      0.230 ih: init: rc 0, 18 writes
    87      0.230 ih: op 1 -> 0x00000000, result 0, 19 writes; 0 interrupt routine calls, 0 ours, 0 DPCs, 0 vectors; status idle 1 input_idle 1 bif_interrupt_line 0
    88      0.230 startup: entering GFX initialization
    89      0.230 startup: entering GFX stage 1
    90      0.230 gfx: RLC startup policy pp_gfxoff 0
    91      0.230 gfx: stage 1 (doorbell aperture): rc 0, 49 writes so far, 1 us
    92      0.230 gfx: op 1 to stage 1 -> 0x00000000, result 0, 49 writes, 0 doorbells
    93      0.230 startup: entering GFX stage 2
    94      0.246 gfx: stage 2 (golden registers): rc 0, 34 writes so far, 25 us
    95      0.246 gfx: op 1 to stage 2 -> 0x00000000, result 0, 34 writes, 0 doorbells
    96      0.246 startup: entering GFX stage 3
    97      0.246 gfx: stage 3 (GRBM CAM probe): rc 0, 3 writes so far, 3 us
    98      0.246 gfx: op 1 to stage 3 -> 0x00000000, result 0, 3 writes, 0 doorbells
    99      0.246 startup: entering GFX stage 4
   100      0.246 gfx: stage 4 (constants): rc 0, 157 writes so far, 58 us
   101      0.246 gfx: op 1 to stage 4 -> 0x00000000, result 0, 157 writes, 0 doorbells
   102      0.246 startup: entering GFX stage 5
   103      0.246 startup: RLC boundary acquire-paging-lock
   104      0.246 startup: RLC boundary acquire-gart-lock
   105      0.246 startup: RLC boundary locks-acquired
   106      0.246 startup: RLC boundary before-rlc-resume
   107      0.246 startup: RLC boundary after-rlc-resume
   108      0.246 startup: RLC boundary before-gfx-visibility
   109      0.246 gpumem: GFXHUB after-invalidate-request sample 0x00F80001 fault 0x00000000
   110      0.246 startup: visibility observer returned after-invalidate-request
   111      0.246 gpumem: GFXHUB after-invalidate-request-read sample 0x00F80001 fault 0x00000000
   112      0.246 startup: visibility observer returned after-invalidate-request-read
   113      0.246 gpumem: GFXHUB after-invalidate-ack sample 0x00000001 fault 0x00000000
   114      0.262 startup: visibility observer returned after-invalidate-ack
   115      0.262 startup: visibility GFX returned 0, entering MMHUB
   116      0.262 startup: visibility MMHUB returned 0
   117      0.262 gpumem: startup GFX translations committed after RLC, before CP
   118      0.262 gfx: RLC after-bootstrap-translation-commit CNTL 0x00000001 read 0x00000000 STATUS2 0x00000008 read 0x00000000
   119      0.262 gfx: GRBM after-bootstrap-translation-commit STATUS 0x00003028 read 0x00000000
   120      0.262 startup: visibility publication observer returned
   121      0.262 startup: RLC boundary after-gfx-visibility
   122      0.262 gfx: stage 5 (RLC): rc 0, 12 writes so far, 13029 us
   123      0.262 gfx: op 1 to stage 5 -> 0x00000000, result 0, 12 writes, 0 doorbells
   124      0.262 startup: entering GFX stage 6
   125      0.262 startup: entering CP step 1
   126      0.262 startup: CP1 checkpoint acquire-paging-lock
   127      0.262 startup: CP1 checkpoint acquire-gart-lock
   128      0.262 startup: CP1 checkpoint locks-acquired
   129      0.262 amdgpu[0]: CP resume kiq-init begin

   130      0.262 startup: CP1 checkpoint scheduler
   131      0.262 startup: CP1 checkpoint scheduler-read
   132      0.262 startup: CP1 checkpoint scheduler-write
   133      0.262 startup: CP1 checkpoint scheduler-done
   134      0.262 startup: CP1 checkpoint clear-mqd
   135      0.262 startup: CP1 checkpoint select-queue
   136      0.277 startup: CP1 checkpoint build-mqd
   137      0.277 startup: CP1 checkpoint disable-wptr-poll
   138      0.277 startup: CP1 checkpoint read-active
   139      0.277 startup: CP1 checkpoint program-hqd
   140      0.277 startup: CP1 checkpoint activate-hqd
   141      0.277 startup: CP1 checkpoint restore-selection
   142      0.277 startup: CP1 checkpoint complete
   143      0.277 amdgpu[0]: CP resume kiq-init end result=0

   144      0.277 gfx: CP step 1: rc 0, 27 writes, 11517 us
   145      0.277 gfx: op 1 to stage 6 -> 0x00000000, result 0, 27 writes, 0 doorbells
   146      0.277 startup: CP step 1 returned 0x00000000 result 0
   147      0.277 startup: entering CP step 2
   148      0.277 amdgpu[0]: CP resume compute-unhalt begin

   149      0.277 amdgpu[0]: CP resume compute-unhalt end

   150      0.277 amdgpu[0]: CP resume kcq-init ring=0 begin

   151      0.277 amdgpu[0]: CP resume kcq-init ring=0 end result=0

   152      0.277 amdgpu[0]: CP resume kcq-init ring=1 begin

   153      0.277 amdgpu[0]: CP resume kcq-init ring=1 end result=0

   154      0.277 amdgpu[0]: CP resume kcq-init ring=2 begin

   155      0.277 amdgpu[0]: CP resume kcq-init ring=2 end result=0

   156      0.277 amdgpu[0]: CP resume kcq-init ring=3 begin

   157      0.277 amdgpu[0]: CP resume kcq-init ring=3 end result=0

   158      0.277 amdgpu[0]: CP resume kcq-init ring=4 begin

   159      0.277 amdgpu[0]: CP resume kcq-init ring=4 end result=0

   160      0.277 amdgpu[0]: CP resume kcq-init ring=5 begin

   161      0.277 amdgpu[0]: CP resume kcq-init ring=5 end result=0

   162      0.277 amdgpu[0]: CP resume kcq-init ring=6 begin

   163      0.277 amdgpu[0]: CP resume kcq-init ring=6 end result=0

   164      0.277 amdgpu[0]: CP resume kcq-init ring=7 begin

   165      0.277 amdgpu[0]: CP resume kcq-init ring=7 end result=0

   166      0.277 gfx: CP step 2: rc 0, 17 writes, 231 us
   167      0.277 gfx: op 1 to stage 6 -> 0x00000000, result 0, 17 writes, 0 doorbells
   168      0.277 startup: CP step 2 returned 0x00000000 result 0
   169      0.277 startup: entering CP step 3
   170      0.277 amdgpu[0]: CP resume kcq-enable begin

   171      0.277 amdgpu[0]: CP resume kcq-enable end result=0

   172      0.277 gfx: CP step 3: rc 0, 1 writes, 45 us
   173      0.277 gfx: op 1 to stage 6 -> 0x00000000, result 0, 1 writes, 2 doorbells
   174      0.277 startup: CP step 3 returned 0x00000000 result 0
   175      0.277 startup: entering CP step 4
   176      0.277 amdgpu[0]: CP resume kgq-init ring=0 begin

   177      0.277 amdgpu[0]: CP resume kgq-init ring=0 end result=0

   178      0.277 gfx: CP step 4: rc 0, 4 writes, 22 us
   179      0.277 gfx: op 1 to stage 6 -> 0x00000000, result 0, 4 writes, 0 doorbells
   180      0.277 startup: CP step 4 returned 0x00000000 result 0
   181      0.277 startup: entering CP step 5
   182      0.277 amdgpu[0]: CP resume kgq-enable begin

   183      0.277 amdgpu[0]: CP resume kgq-enable end result=0

   184      0.277 gfx: CP step 5: rc 0, 1 writes, 17 us
   185      0.277 gfx: op 1 to stage 6 -> 0x00000000, result 0, 1 writes, 2 doorbells
   186      0.277 startup: CP step 5 returned 0x00000000 result 0
   187      0.277 startup: entering CP step 6
   188      0.293 amdgpu[0]: CP resume gfx-start begin

   189      0.293 amdgpu[0]: CP resume gfx-start end result=0

   190      0.293 gfx: CP step 6: rc 0, 3 writes, 20 us
   191      0.293 gfx: op 1 to stage 6 -> 0x00000000, result 0, 3 writes, 1 doorbells
   192      0.293 startup: CP step 6 returned 0x00000000 result 0
   193      0.293 startup: entering CP step 7
   194      0.293 amdgpu[0]: CP resume gfx-test ring=0 begin

   195      0.293 amdgpu[0]: CP resume gfx-test ring=0 end result=0

   196      0.293 gfx: CP step 7: rc 0, 1 writes, 10 us
   197      0.293 gfx: op 1 to stage 6 -> 0x00000000, result 0, 1 writes, 1 doorbells
   198      0.293 startup: CP step 7 returned 0x00000000 result 0
   199      0.293 startup: entering CP step 8
   200      0.293 amdgpu[0]: CP resume compute-test ring=0 begin

   201      0.293 amdgpu[0]: CP resume compute-test ring=0 end result=0

   202      0.293 amdgpu[0]: CP resume compute-test ring=1 begin

   203      0.293 amdgpu[0]: CP resume compute-test ring=1 end result=0

   204      0.293 amdgpu[0]: CP resume compute-test ring=2 begin

   205      0.293 amdgpu[0]: CP resume compute-test ring=2 end result=0

   206      0.293 amdgpu[0]: CP resume compute-test ring=3 begin

   207      0.293 amdgpu[0]: CP resume compute-test ring=3 end result=0

   208      0.293 amdgpu[0]: CP resume compute-test ring=4 begin

   209      0.293 amdgpu[0]: CP resume compute-test ring=4 end result=0

   210      0.293 amdgpu[0]: CP resume compute-test ring=5 begin

   211      0.293 amdgpu[0]: CP resume compute-test ring=5 end result=0

   212      0.293 amdgpu[0]: CP resume compute-test ring=6 begin

   213      0.293 amdgpu[0]: CP resume compute-test ring=6 end result=0

   214      0.293 amdgpu[0]: CP resume compute-test ring=7 begin

   215      0.293 amdgpu[0]: CP resume compute-test ring=7 end result=0

   216      0.293 gfx: CP step 8: rc 0, 8 writes, 62 us
   217      0.293 gfx: op 1 to stage 6 -> 0x00000000, result 0, 8 writes, 8 doorbells
   218      0.293 startup: CP step 8 returned 0x00000000 result 0
   219      0.293 startup: entering GFX stage 7
   220      0.293 gfx: stage 7 (SDMA): rc 0, 93 writes so far, 87 us
   221      0.293 gfx: op 1 to stage 7 -> 0x00000000, result 0, 93 writes, 2 doorbells
   222      0.293 startup: entering GFX stage 8
   223      0.293 gfx: stage 8 (interrupt sources): rc 0, 35 writes so far, 22 us
   224      0.293 gfx: paging node ready, SDMA0 doorbell 0x200, per-buffer private commands
   225      0.293 gfx: op 1 to stage 8 -> 0x00000000, result 0, 35 writes, 0 doorbells
   226      0.293 startup: SDMA control 0 command 16 bytes 4096 begin
   227      0.293 gfx: sdmacopy 4096 bytes -> 0x00000000, result 0, matched 1, first mismatch at 0x0 (got 0x00 want 0x00), 11 us
   228      0.293 startup: SDMA control 0 status 0 NT 0x00000000 result 0 fence 1/1 compare 4096 matched 1
   229      0.293 startup: SDMA control 1 command 18 bytes 4096 begin
   230      0.293 gfx: sdmaib buffer 0x564000 length 16 DWORD VMID0 CSA0
   231      0.309 gfx: sdmaib 4096 bytes -> 0x00000000, result 0, matched 1, first mismatch at 0x0 (got 0x00 want 0x00), 11 us
   232      0.309 startup: SDMA control 1 status 0 NT 0x00000000 result 0 fence 2/2 compare 4096 matched 1
   233      0.309 startup: SDMA control 2 command 18 bytes 65536 begin
   234      0.309 gfx: sdmaib buffer 0x564000 length 16 DWORD VMID0 CSA0
   235      0.324 gfx: sdmaib 65536 bytes -> 0x00000000, result 0, matched 1, first mismatch at 0x0 (got 0x00 want 0x00), 11 us
   236      0.324 startup: SDMA control 2 status 0 NT 0x00000000 result 0 fence 3/3 compare 65536 matched 1
   237      0.324 startup: SDMA control 3 command 16 bytes 65536 begin
   238      0.355 gfx: sdmacopy 65536 bytes -> 0x00000000, result 0, matched 1, first mismatch at 0x0 (got 0x00 want 0x00), 12 us
   239      0.355 startup: SDMA control 3 status 0 NT 0x00000000 result 0 fence 4/4 compare 65536 matched 1
   240      0.355 startup: SDMA VMID2 translated control begin
   241      0.355 gfx: sdmava root PA0x46E02C000 IB PA0x26FF95000 system PA0x26FF92000 source PA0x46E00C000 VA0x40000000 CSA0x40003000 VMID2
   242      0.355 gfx: sdmava trial0 sourceVRAM fence5/5 compared4096 status0x00000000
   243      0.355 gfx: sdmava trial1 sourcesystem-remap fence6/6 compared4096 status0x00000000
   244      0.355 gfx: sdmava end status0x00000000 result0 fault0x0
   245      0.355 startup: both engines ready
   246      0.355 startup: attempted 0xF completed 0xF status 0x00000000 ready 1 unwind 0 quarantine 0
   247      0.355 wddm: GPU initialized before adapter admission
   248      0.355 wddm: callbacks sync 1 notify 1 queuedpc 1 notifydpc 1, interface 312 of 312 bytes
   249      0.355 stage 35
   250      0.355 stage 39
   251      0.355 wddm: display QueryChildRelations call 1 detail 0x38 -> 0x00000000
   252      0.355 wddm: DRIVERCAPS into 576 bytes: wddm 8192 sched 0x45 mm 0x60 flip 0x12 slots 0 tdr 1 dflip 1 rot 1
   253      0.355 wddm: QueryAdapterInfo type 1 in 0 out 576 -> 0x00000000
   254      0.355 wddm: QueryAdapterInfo type 15 in 4 out 20 -> 0xC00000BB
   255      0.355 wddm: QueryAdapterInfo type 47 in 0 out 4 -> 0xC00000BB
  5116    302.527 wddm summary: paging operation   9       8  first at 349
  5117    302.527 wddm summary: paging operation   2       2  first at 534
  5118    302.527 wddm summary: paging operation   8       2  first at 555
  5119    302.527 wddm summary: objects created/destroyed: dev 8/1 ctx 6/1 proc 5/1 alloc 10/5, 36 alive
  5120    302.527 wddm summary: allocations opened/closed: 12/5 calls
  5121    302.527 wddm summary: submissions 0 physical + 276 virtual, 0 preemptions, last completed fence 276
  5122    302.527 wddm summary: node 0 hardware: 0 submitted, 0 completed, 0 timeouts, 0 refused
  5123    302.527 wddm summary: umd: 0 allocs (0 refused), 0 contexts, 0 submits on the ring, 0 not run
  5124    302.527 wddm profile: umd calls 0, elapsed ticks 0, QPC frequency 10000000
  5125    302.527 wddm profile: probe enabled 0, calls 0, elapsed ticks 0 (included in umd)
  5126    302.527 wddm summary: node 1 (paging, open): 276 hardware submitted, 276 completed, 0 timeouts, 0 refused
  5127    302.527 wddm: paging OS-private queue admissions=276 (no submit allocation)
  5128    302.527 wddm summary: SubmitCommandVirtual by node: 0: 0, 1: 276, 0 private-buffer refusals
  5129    302.527 wddm summary: paging DMA VA nonzero 490 zero 1029, mapping observations 8
  5130    302.527 wddm summary: native DMA transfers 2 fills 8 bytes 92160000
  5131    302.527 wddm summary: native DMA exact disjoint checks 2
  5132    302.527 wddm summary: DMA mapping matches 8/8 last VA0x400000 root0x45E150000 PA0x1B692F000 CPU_PA0x1B692F000
  5133    302.527 wddm summary: BuildPagingBuffer: 2 transfers, 8 fills, 92160000 bytes, 187 insufficient-buffer
  5134    302.527 wddm summary: aperture map batches 0, unmap batches 0
  5135    302.527 wddm summary: paging TLB invalidations 55, PTE update batches 418
  5136    302.527 wddm summary: paging unsupported (not ready/no root/no translation/system memory/not contiguous) 0/0/0/0/0
  5137    302.527 wddm summary: presents 443, flips 444 of 446 address calls (443 arrived above DISPATCH_LEVEL)
  5138    302.527 wddm summary: blit gate open, 0 blits, 0 skips, 0 sources translated contiguous
  5139    302.527 wddm summary: blit destination: 0 to the flipped surface, 0 to the POST framebuffer (0 a failed-mapping fallback), 0 scanout remaps (0 failed), last blit 0 row
  5140    302.527 wddm summary: widest blit 0 rows
  5141    302.527 wddm summary: last blit reading 0, 0x0 pitch 0, 0 rectangles, source physical 0x0
  5142    302.527 wddm summary: vsync enabled, 0 ticks, 18092 reported to dxgkrnl
  5143    302.527 wddm summary: dcn lock acknowledgement timeouts 0
  5144    302.527 wddm summary: vidpn flip open: 444 hardware flips, 0 refused, 1 hardware vsyncs armed 18105 acked 0 refused 0 deferred (flip still pending)
  5145    302.527 wddm summary: no TDR (ResetEngine, ResetFromTimeout and RestartFromTimeout were never called)
  5146    302.527 wddm summary: CollectDbgInfo called 0 time(s) since the driver was loaded
  5147    302.527 vidmm summary: level 0: 1026 calls, 262688 entries, 544 valid
  5148    302.527 vidmm summary: level 1: 2 calls, 1024 entries, 512 valid
  5149    302.527 vidmm summary: level 2: 1 calls, 512 entries, 2 valid
  5150    302.527 vidmm summary: level 3: 1 calls, 512 entries, 1 valid
  5151    302.527 vidmm summary: system leaf encoding coherent 0 noncoherent 16684 snoop mismatches 0
  5152    302.527 vidmm summary: 1030 cpu-virtual calls, 0 gpu-physical calls
  5153    302.527 vidmm summary: 264736 entries written (EnableGpuVa open), 0 refused, 0 bad calls, 1 roots
  5154    307.590 wddm summary: ---- DDI calls: name, count, first log line ----
  5155    307.590 wddm summary: QueryAdapterInfo                   12  first at 253
  5156    307.590 wddm summary: GetNodeMetadata                     2  first at 261
  5157    307.590 wddm summary: CreateDevice                        8  first at 268
  5158    307.590 wddm summary: DestroyDevice                       1  first at 418
  5159    307.590 wddm summary: CreateContext                       6  first at 271
  5160    307.590 wddm summary: DestroyContext                      1  first at 417
  5161    307.590 wddm summary: CreateProcess                       5  first at 267
  5162    307.590 wddm summary: DestroyProcess                      1  first at 419
  5163    307.590 wddm summary: SetRootPageTable                    1  first at 294
  5164    307.590 wddm summary: CreateAllocation                   10  first at 339
  5165    307.590 wddm summary: DestroyAllocation                   5  first at 539
  5166    307.590 wddm summary: DescribeAllocation                455  first at 368
  5167    307.590 wddm summary: GetStandardAllocationDriverData      4  first at 337
  5168    307.590 wddm summary: OpenAllocation                     12  first at 341
  5169    307.590 wddm summary: CloseAllocation                     5  first at 538
  5170    307.590 wddm summary: BuildPagingBuffer                1519  first at 273
  5171    307.590 wddm summary: SubmitCommandVirtual              276  first at 317
  5172    307.590 wddm summary: Present                           450  first at 674
  5173    307.590 wddm summary: SetVidPnSourceAddress             453  first at 399
  5174    307.590 wddm summary: ControlInterrupt                    5  first at 404
  5175    307.590 wddm summary: ---- QueryAdapterInfo types: type, count, first log line ----
  5176    307.590 wddm summary: adapter info type   1       1  first at 253
  5177    307.590 wddm summary: adapter info type  15       1  first at 254
  5178    307.590 wddm summary: adapter info type  47       1  first at 255
  5179    307.590 wddm summary: adapter info type  13       1  first at 256
  5180    307.590 wddm summary: adapter info type  14       4  first at 257
  5181    307.590 wddm summary: adapter info type  11       2  first at 264
  5182    307.590 wddm summary: adapter info type  10       1  first at 266
  5183    307.590 wddm summary: adapter info type  16       1  first at 266
  5184    307.590 wddm summary: capture plans reserved 0 heap 0
  5185    307.590 wddm summary: capture context peaks plans 0 reserved-bytes 0
  5186    307.590 wddm summary: ---- BuildPagingBuffer operations: operation, count, first log line ----
  5187    307.590 wddm summary: paging operation  11    1452  first at 273
  5188    307.590 wddm summary: paging operation  12      55  first at 330
  5189    307.590 wddm summary: paging operation   9       8  first at 349
  5190    307.590 wddm summary: paging operation   2       2  first at 534
  5191    307.590 wddm summary: paging operation   8       2  first at 555
  5192    307.590 wddm summary: objects created/destroyed: dev 8/1 ctx 6/1 proc 5/1 alloc 10/5, 36 alive
  5193    307.590 wddm summary: allocations opened/closed: 12/5 calls
  5194    307.590 wddm summary: submissions 0 physical + 276 virtual, 0 preemptions, last completed fence 276
  5195    307.590 wddm summary: node 0 hardware: 0 submitted, 0 completed, 0 timeouts, 0 refused
  5196    307.590 wddm summary: umd: 0 allocs (0 refused), 0 contexts, 0 submits on the ring, 0 not run
  5197    307.590 wddm profile: umd calls 0, elapsed ticks 0, QPC frequency 10000000
  5198    307.590 wddm profile: probe enabled 0, calls 0, elapsed ticks 0 (included in umd)
  5199    307.590 wddm summary: node 1 (paging, open): 276 hardware submitted, 276 completed, 0 timeouts, 0 refused
  5200    307.590 wddm: paging OS-private queue admissions=276 (no submit allocation)
  5201    307.590 wddm summary: SubmitCommandVirtual by node: 0: 0, 1: 276, 0 private-buffer refusals
  5202    307.590 wddm summary: paging DMA VA nonzero 490 zero 1029, mapping observations 8
  5203    307.590 wddm summary: native DMA transfers 2 fills 8 bytes 92160000
  5204    307.590 wddm summary: native DMA exact disjoint checks 2
  5205    307.590 wddm summary: DMA mapping matches 8/8 last VA0x400000 root0x45E150000 PA0x1B692F000 CPU_PA0x1B692F000
  5206    307.590 wddm summary: BuildPagingBuffer: 2 transfers, 8 fills, 92160000 bytes, 187 insufficient-buffer
  5207    307.590 wddm summary: aperture map batches 0, unmap batches 0
  5208    307.590 wddm summary: paging TLB invalidations 55, PTE update batches 418
  5209    307.590 wddm summary: paging unsupported (not ready/no root/no translation/system memory/not contiguous) 0/0/0/0/0
  5210    307.590 wddm summary: presents 450, flips 451 of 453 address calls (450 arrived above DISPATCH_LEVEL)
  5211    307.590 wddm summary: blit gate open, 0 blits, 0 skips, 0 sources translated contiguous
  5212    307.590 wddm summary: blit destination: 0 to the flipped surface, 0 to the POST framebuffer (0 a failed-mapping fallback), 0 scanout remaps (0 failed), last blit 0 row
  5213    307.590 wddm summary: widest blit 0 rows
  5214    307.590 wddm summary: last blit reading 0, 0x0 pitch 0, 0 rectangles, source physical 0x0
  5215    307.590 wddm summary: vsync enabled, 0 ticks, 18395 reported to dxgkrnl
  5216    307.590 wddm summary: dcn lock acknowledgement timeouts 0
  5217    307.590 wddm summary: vidpn flip open: 451 hardware flips, 0 refused, 1 hardware vsyncs armed 18408 acked 0 refused 0 deferred (flip still pending)
  5218    307.590 wddm summary: no TDR (ResetEngine, ResetFromTimeout and RestartFromTimeout were never called)
  5219    307.590 wddm summary: CollectDbgInfo called 0 time(s) since the driver was loaded
  5220    307.590 vidmm summary: level 0: 1026 calls, 262688 entries, 544 valid
  5221    307.590 vidmm summary: level 1: 2 calls, 1024 entries, 512 valid
  5222    307.590 vidmm summary: level 2: 1 calls, 512 entries, 2 valid
  5223    307.590 vidmm summary: level 3: 1 calls, 512 entries, 1 valid
  5224    307.590 vidmm summary: system leaf encoding coherent 0 noncoherent 16684 snoop mismatches 0
  5225    307.590 vidmm summary: 1030 cpu-virtual calls, 0 gpu-physical calls
  5226    307.590 vidmm summary: 264736 entries written (EnableGpuVa open), 0 refused, 0 bad calls, 1 roots
  5227    312.654 wddm summary: ---- DDI calls: name, count, first log line ----
  5228    312.654 wddm summary: QueryAdapterInfo                   12  first at 253
  5229    312.654 wddm summary: GetNodeMetadata                     2  first at 261
  5230    312.654 wddm summary: CreateDevice                        8  first at 268
  5231    312.654 wddm summary: DestroyDevice                       1  first at 418
  5232    312.654 wddm summary: CreateContext                       6  first at 271
  5233    312.654 wddm summary: DestroyContext                      1  first at 417
  5234    312.654 wddm summary: CreateProcess                       5  first at 267
  5235    312.654 wddm summary: DestroyProcess                      1  first at 419
  5236    312.654 wddm summary: SetRootPageTable                    1  first at 294
  5237    312.654 wddm summary: CreateAllocation                   10  first at 339
  5238    312.654 wddm summary: DestroyAllocation                   5  first at 539
  5239    312.654 wddm summary: DescribeAllocation                464  first at 368
  5240    312.654 wddm summary: GetStandardAllocationDriverData      4  first at 337
  5241    312.654 wddm summary: OpenAllocation                     12  first at 341
  5242    312.654 wddm summary: CloseAllocation                     5  first at 538
  5243    312.654 wddm summary: BuildPagingBuffer                1519  first at 273
  5244    312.654 wddm summary: SubmitCommandVirtual              276  first at 317
  5245    312.654 wddm summary: Present                           459  first at 674
  5246    312.654 wddm summary: SetVidPnSourceAddress             462  first at 399
  5247    312.654 wddm summary: ControlInterrupt                    5  first at 404
  5248    312.654 wddm summary: ---- QueryAdapterInfo types: type, count, first log line ----
  5249    312.654 wddm summary: adapter info type   1       1  first at 253
  5250    312.654 wddm summary: adapter info type  15       1  first at 254
  5251    312.654 wddm summary: adapter info type  47       1  first at 255
  5252    312.654 wddm summary: adapter info type  13       1  first at 256
  5253    312.654 wddm summary: adapter info type  14       4  first at 257
  5254    312.654 wddm summary: adapter info type  11       2  first at 264
  5255    312.654 wddm summary: adapter info type  10       1  first at 266
  5256    312.654 wddm summary: adapter info type  16       1  first at 266
  5257    312.654 wddm summary: capture plans reserved 0 heap 0
  5258    312.654 wddm summary: capture context peaks plans 0 reserved-bytes 0
  5259    312.654 wddm summary: ---- BuildPagingBuffer operations: operation, count, first log line ----
  5260    312.654 wddm summary: paging operation  11    1452  first at 273
  5261    312.654 wddm summary: paging operation  12      55  first at 330
  5262    312.654 wddm summary: paging operation   9       8  first at 349
  5263    312.654 wddm summary: paging operation   2       2  first at 534
  5264    312.654 wddm summary: paging operation   8       2  first at 555
  5265    312.654 wddm summary: objects created/destroyed: dev 8/1 ctx 6/1 proc 5/1 alloc 10/5, 36 alive
  5266    312.654 wddm summary: allocations opened/closed: 12/5 calls
  5267    312.654 wddm summary: submissions 0 physical + 276 virtual, 0 preemptions, last completed fence 276
  5268    312.654 wddm summary: node 0 hardware: 0 submitted, 0 completed, 0 timeouts, 0 refused
  5269    312.654 wddm summary: umd: 0 allocs (0 refused), 0 contexts, 0 submits on the ring, 0 not run
  5270    312.654 wddm profile: umd calls 0, elapsed ticks 0, QPC frequency 10000000
  5271    312.654 wddm profile: probe enabled 0, calls 0, elapsed ticks 0 (included in umd)
  5272    312.654 wddm summary: node 1 (paging, open): 276 hardware submitted, 276 completed, 0 timeouts, 0 refused
  5273    312.654 wddm: paging OS-private queue admissions=276 (no submit allocation)
  5274    312.654 wddm summary: SubmitCommandVirtual by node: 0: 0, 1: 276, 0 private-buffer refusals
  5275    312.654 wddm summary: paging DMA VA nonzero 490 zero 1029, mapping observations 8
  5276    312.654 wddm summary: native DMA transfers 2 fills 8 bytes 92160000
  5277    312.654 wddm summary: native DMA exact disjoint checks 2
  5278    312.654 wddm summary: DMA mapping matches 8/8 last VA0x400000 root0x45E150000 PA0x1B692F000 CPU_PA0x1B692F000
  5279    312.654 wddm summary: BuildPagingBuffer: 2 transfers, 8 fills, 92160000 bytes, 187 insufficient-buffer
  5280    312.654 wddm summary: aperture map batches 0, unmap batches 0
  5281    312.654 wddm summary: paging TLB invalidations 55, PTE update batches 418
  5282    312.654 wddm summary: paging unsupported (not ready/no root/no translation/system memory/not contiguous) 0/0/0/0/0
  5283    312.654 wddm summary: presents 459, flips 460 of 462 address calls (459 arrived above DISPATCH_LEVEL)
  5284    312.654 wddm summary: blit gate open, 0 blits, 0 skips, 0 sources translated contiguous
  5285    312.654 wddm summary: blit destination: 0 to the flipped surface, 0 to the POST framebuffer (0 a failed-mapping fallback), 0 scanout remaps (0 failed), last blit 0 row
  5286    312.654 wddm summary: widest blit 0 rows
  5287    312.654 wddm summary: last blit reading 0, 0x0 pitch 0, 0 rectangles, source physical 0x0
  5288    312.654 wddm summary: vsync enabled, 0 ticks, 18699 reported to dxgkrnl
  5289    312.654 wddm summary: dcn lock acknowledgement timeouts 0
  5290    312.654 wddm summary: vidpn flip open: 460 hardware flips, 0 refused, 1 hardware vsyncs armed 18712 acked 0 refused 0 deferred (flip still pending)
  5291    312.654 wddm summary: no TDR (ResetEngine, ResetFromTimeout and RestartFromTimeout were never called)
  5292    312.654 wddm summary: CollectDbgInfo called 0 time(s) since the driver was loaded
  5293    312.654 vidmm summary: level 0: 1026 calls, 262688 entries, 544 valid
  5294    312.654 vidmm summary: level 1: 2 calls, 1024 entries, 512 valid
  5295    312.654 vidmm summary: level 2: 1 calls, 512 entries, 2 valid
  5296    312.654 vidmm summary: level 3: 1 calls, 512 entries, 1 valid
  5297    312.654 vidmm summary: system leaf encoding coherent 0 noncoherent 16684 snoop mismatches 0
  5298    312.654 vidmm summary: 1030 cpu-virtual calls, 0 gpu-physical calls
  5299    312.654 vidmm summary: 264736 entries written (EnableGpuVa open), 0 refused, 0 bad calls, 1 roots
  5300    317.717 wddm summary: ---- DDI calls: name, count, first log line ----
  5301    317.717 wddm summary: QueryAdapterInfo                   12  first at 253
  5302    317.717 wddm summary: GetNodeMetadata                     2  first at 261
  5303    317.717 wddm summary: CreateDevice                        8  first at 268
  5304    317.717 wddm summary: DestroyDevice                       1  first at 418
  5305    317.717 wddm summary: CreateContext                       6  first at 271
  5306    317.717 wddm summary: DestroyContext                      1  first at 417
  5307    317.717 wddm summary: CreateProcess                       5  first at 267
  5308    317.717 wddm summary: DestroyProcess                      1  first at 419
  5309    317.717 wddm summary: SetRootPageTable                    1  first at 294
  5310    317.717 wddm summary: CreateAllocation                   10  first at 339
  5311    317.717 wddm summary: DestroyAllocation                   5  first at 539
  5312    317.717 wddm summary: DescribeAllocation                471  first at 368
  5313    317.717 wddm summary: GetStandardAllocationDriverData      4  first at 337
  5314    317.717 wddm summary: OpenAllocation                     12  first at 341
  5315    317.717 wddm summary: CloseAllocation                     5  first at 538
  5316    317.717 wddm summary: BuildPagingBuffer                1519  first at 273
  5317    317.717 wddm summary: SubmitCommandVirtual              276  first at 317
  5318    317.717 wddm summary: Present                           466  first at 674
  5319    317.717 wddm summary: SetVidPnSourceAddress             469  first at 399
  5320    317.717 wddm summary: ControlInterrupt                    5  first at 404
  5321    317.717 wddm summary: ---- QueryAdapterInfo types: type, count, first log line ----
  5322    317.717 wddm summary: adapter info type   1       1  first at 253
  5323    317.717 wddm summary: adapter info type  15       1  first at 254
  5324    317.717 wddm summary: adapter info type  47       1  first at 255
  5325    317.717 wddm summary: adapter info type  13       1  first at 256
  5326    317.717 wddm summary: adapter info type  14       4  first at 257
  5327    317.717 wddm summary: adapter info type  11       2  first at 264
  5328    317.717 wddm summary: adapter info type  10       1  first at 266
  5329    317.717 wddm summary: adapter info type  16       1  first at 266
  5330    317.717 wddm summary: capture plans reserved 0 heap 0
  5331    317.717 wddm summary: capture context peaks plans 0 reserved-bytes 0
  5332    317.717 wddm summary: ---- BuildPagingBuffer operations: operation, count, first log line ----
  5333    317.717 wddm summary: paging operation  11    1452  first at 273
  5334    317.717 wddm summary: paging operation  12      55  first at 330
  5335    317.717 wddm summary: paging operation   9       8  first at 349
  5336    317.717 wddm summary: paging operation   2       2  first at 534
  5337    317.717 wddm summary: paging operation   8       2  first at 555
  5338    317.717 wddm summary: objects created/destroyed: dev 8/1 ctx 6/1 proc 5/1 alloc 10/5, 36 alive
  5339    317.717 wddm summary: allocations opened/closed: 12/5 calls
  5340    317.717 wddm summary: submissions 0 physical + 276 virtual, 0 preemptions, last completed fence 276
  5341    317.717 wddm summary: node 0 hardware: 0 submitted, 0 completed, 0 timeouts, 0 refused
  5342    317.717 wddm summary: umd: 0 allocs (0 refused), 0 contexts, 0 submits on the ring, 0 not run
  5343    317.717 wddm profile: umd calls 0, elapsed ticks 0, QPC frequency 10000000
  5344    317.717 wddm profile: probe enabled 0, calls 0, elapsed ticks 0 (included in umd)
  5345    317.717 wddm summary: node 1 (paging, open): 276 hardware submitted, 276 completed, 0 timeouts, 0 refused
  5346    317.717 wddm: paging OS-private queue admissions=276 (no submit allocation)
  5347    317.717 wddm summary: SubmitCommandVirtual by node: 0: 0, 1: 276, 0 private-buffer refusals
  5348    317.717 wddm summary: paging DMA VA nonzero 490 zero 1029, mapping observations 8
  5349    317.717 wddm summary: native DMA transfers 2 fills 8 bytes 92160000
  5350    317.717 wddm summary: native DMA exact disjoint checks 2
  5351    317.717 wddm summary: DMA mapping matches 8/8 last VA0x400000 root0x45E150000 PA0x1B692F000 CPU_PA0x1B692F000
  5352    317.717 wddm summary: BuildPagingBuffer: 2 transfers, 8 fills, 92160000 bytes, 187 insufficient-buffer
  5353    317.717 wddm summary: aperture map batches 0, unmap batches 0
  5354    317.717 wddm summary: paging TLB invalidations 55, PTE update batches 418
  5355    317.717 wddm summary: paging unsupported (not ready/no root/no translation/system memory/not contiguous) 0/0/0/0/0
  5356    317.717 wddm summary: presents 466, flips 467 of 469 address calls (466 arrived above DISPATCH_LEVEL)
  5357    317.717 wddm summary: blit gate open, 0 blits, 0 skips, 0 sources translated contiguous
  5358    317.717 wddm summary: blit destination: 0 to the flipped surface, 0 to the POST framebuffer (0 a failed-mapping fallback), 0 scanout remaps (0 failed), last blit 0 row
  5359    317.717 wddm summary: widest blit 0 rows
  5360    317.717 wddm summary: last blit reading 0, 0x0 pitch 0, 0 rectangles, source physical 0x0
  5361    317.717 wddm summary: vsync enabled, 0 ticks, 19002 reported to dxgkrnl
  5362    317.717 wddm summary: dcn lock acknowledgement timeouts 0
  5363    317.717 wddm summary: vidpn flip open: 467 hardware flips, 0 refused, 1 hardware vsyncs armed 19015 acked 0 refused 0 deferred (flip still pending)
  5364    317.717 wddm summary: no TDR (ResetEngine, ResetFromTimeout and RestartFromTimeout were never called)
  5365    317.717 wddm summary: CollectDbgInfo called 0 time(s) since the driver was loaded
  5366    317.717 vidmm summary: level 0: 1026 calls, 262688 entries, 544 valid
  5367    317.717 vidmm summary: level 1: 2 calls, 1024 entries, 512 valid
  5368    317.717 vidmm summary: level 2: 1 calls, 512 entries, 2 valid
  5369    317.717 vidmm summary: level 3: 1 calls, 512 entries, 1 valid
  5370    317.717 vidmm summary: system leaf encoding coherent 0 noncoherent 16684 snoop mismatches 0
  5371    317.717 vidmm summary: 1030 cpu-virtual calls, 0 gpu-physical calls
  5372    317.717 vidmm summary: 264736 entries written (EnableGpuVa open), 0 refused, 0 bad calls, 1 roots
  5373    322.780 wddm summary: ---- DDI calls: name, count, first log line ----
  5374    322.780 wddm summary: QueryAdapterInfo                   12  first at 253
  5375    322.780 wddm summary: GetNodeMetadata                     2  first at 261
  5376    322.780 wddm summary: CreateDevice                        8  first at 268
  5377    322.780 wddm summary: DestroyDevice                       1  first at 418
  5378    322.780 wddm summary: CreateContext                       6  first at 271
  5379    322.780 wddm summary: DestroyContext                      1  first at 417
  5380    322.780 wddm summary: CreateProcess                       5  first at 267
  5381    322.780 wddm summary: DestroyProcess                      1  first at 419
  5382    322.780 wddm summary: SetRootPageTable                    1  first at 294
  5383    322.780 wddm summary: CreateAllocation                   10  first at 339
  5384    322.780 wddm summary: DestroyAllocation                   5  first at 539
  5385    322.780 wddm summary: DescribeAllocation                481  first at 368
  5386    322.780 wddm summary: GetStandardAllocationDriverData      4  first at 337
  5387    322.780 wddm summary: OpenAllocation                     12  first at 341
  5388    322.780 wddm summary: CloseAllocation                     5  first at 538
  5389    322.780 wddm summary: BuildPagingBuffer                1519  first at 273
  5390    322.780 wddm summary: SubmitCommandVirtual              276  first at 317
  5391    322.780 wddm summary: Present                           476  first at 674
  5392    322.780 wddm summary: SetVidPnSourceAddress             479  first at 399
  5393    322.780 wddm summary: ControlInterrupt                    5  first at 404
  5394    322.780 wddm summary: ---- QueryAdapterInfo types: type, count, first log line ----
  5395    322.780 wddm summary: adapter info type   1       1  first at 253
  5396    322.780 wddm summary: adapter info type  15       1  first at 254
  5397    322.780 wddm summary: adapter info type  47       1  first at 255
  5398    322.780 wddm summary: adapter info type  13       1  first at 256
  5399    322.780 wddm summary: adapter info type  14       4  first at 257
  5400    322.780 wddm summary: adapter info type  11       2  first at 264
  5401    322.780 wddm summary: adapter info type  10       1  first at 266
  5402    322.780 wddm summary: adapter info type  16       1  first at 266
  5403    322.780 wddm summary: capture plans reserved 0 heap 0
  5404    322.780 wddm summary: capture context peaks plans 0 reserved-bytes 0
  5405    322.780 wddm summary: ---- BuildPagingBuffer operations: operation, count, first log line ----
  5406    322.780 wddm summary: paging operation  11    1452  first at 273
  5407    322.780 wddm summary: paging operation  12      55  first at 330
  5408    322.780 wddm summary: paging operation   9       8  first at 349
  5409    322.780 wddm summary: paging operation   2       2  first at 534
  5410    322.780 wddm summary: paging operation   8       2  first at 555
  5411    322.780 wddm summary: objects created/destroyed: dev 8/1 ctx 6/1 proc 5/1 alloc 10/5, 36 alive
  5412    322.780 wddm summary: allocations opened/closed: 12/5 calls
  5413    322.780 wddm summary: submissions 0 physical + 276 virtual, 0 preemptions, last completed fence 276
  5414    322.780 wddm summary: node 0 hardware: 0 submitted, 0 completed, 0 timeouts, 0 refused
  5415    322.780 wddm summary: umd: 0 allocs (0 refused), 0 contexts, 0 submits on the ring, 0 not run
  5416    322.780 wddm profile: umd calls 0, elapsed ticks 0, QPC frequency 10000000
  5417    322.780 wddm profile: probe enabled 0, calls 0, elapsed ticks 0 (included in umd)
  5418    322.780 wddm summary: node 1 (paging, open): 276 hardware submitted, 276 completed, 0 timeouts, 0 refused
  5419    322.780 wddm: paging OS-private queue admissions=276 (no submit allocation)
  5420    322.780 wddm summary: SubmitCommandVirtual by node: 0: 0, 1: 276, 0 private-buffer refusals
  5421    322.780 wddm summary: paging DMA VA nonzero 490 zero 1029, mapping observations 8
  5422    322.780 wddm summary: native DMA transfers 2 fills 8 bytes 92160000
  5423    322.780 wddm summary: native DMA exact disjoint checks 2
  5424    322.780 wddm summary: DMA mapping matches 8/8 last VA0x400000 root0x45E150000 PA0x1B692F000 CPU_PA0x1B692F000
  5425    322.780 wddm summary: BuildPagingBuffer: 2 transfers, 8 fills, 92160000 bytes, 187 insufficient-buffer
  5426    322.780 wddm summary: aperture map batches 0, unmap batches 0
  5427    322.780 wddm summary: paging TLB invalidations 55, PTE update batches 418
  5428    322.780 wddm summary: paging unsupported (not ready/no root/no translation/system memory/not contiguous) 0/0/0/0/0
  5429    322.780 wddm summary: presents 476, flips 477 of 479 address calls (476 arrived above DISPATCH_LEVEL)
  5430    322.780 wddm summary: blit gate open, 0 blits, 0 skips, 0 sources translated contiguous
  5431    322.780 wddm summary: blit destination: 0 to the flipped surface, 0 to the POST framebuffer (0 a failed-mapping fallback), 0 scanout remaps (0 failed), last blit 0 row
  5432    322.780 wddm summary: widest blit 0 rows
  5433    322.780 wddm summary: last blit reading 0, 0x0 pitch 0, 0 rectangles, source physical 0x0
  5434    322.780 wddm summary: vsync enabled, 0 ticks, 19306 reported to dxgkrnl
  5435    322.780 wddm summary: dcn lock acknowledgement timeouts 0
  5436    322.780 wddm summary: vidpn flip open: 477 hardware flips, 0 refused, 1 hardware vsyncs armed 19319 acked 0 refused 0 deferred (flip still pending)
  5437    322.780 wddm summary: no TDR (ResetEngine, ResetFromTimeout and RestartFromTimeout were never called)
  5438    322.780 wddm summary: CollectDbgInfo called 0 time(s) since the driver was loaded
  5439    322.780 vidmm summary: level 0: 1026 calls, 262688 entries, 544 valid
  5440    322.780 vidmm summary: level 1: 2 calls, 1024 entries, 512 valid
  5441    322.780 vidmm summary: level 2: 1 calls, 512 entries, 2 valid
  5442    322.780 vidmm summary: level 3: 1 calls, 512 entries, 1 valid
  5443    322.780 vidmm summary: system leaf encoding coherent 0 noncoherent 16684 snoop mismatches 0
  5444    322.780 vidmm summary: 1030 cpu-virtual calls, 0 gpu-physical calls
  5445    322.780 vidmm summary: 264736 entries written (EnableGpuVa open), 0 refused, 0 bad calls, 1 roots
  5446    327.843 wddm summary: ---- DDI calls: name, count, first log line ----
  5447    327.843 wddm summary: QueryAdapterInfo                   12  first at 253
  5448    327.843 wddm summary: GetNodeMetadata                     2  first at 261
  5449    327.843 wddm summary: CreateDevice                        8  first at 268
  5450    327.843 wddm summary: DestroyDevice                       1  first at 418
  5451    327.843 wddm summary: CreateContext                       6  first at 271
  5452    327.843 wddm summary: DestroyContext                      1  first at 417
  5453    327.843 wddm summary: CreateProcess                       5  first at 267
  5454    327.843 wddm summary: DestroyProcess                      1  first at 419
  5455    327.843 wddm summary: SetRootPageTable                    1  first at 294
  5456    327.843 wddm summary: CreateAllocation                   10  first at 339
  5457    327.843 wddm summary: DestroyAllocation                   5  first at 539
  5458    327.843 wddm summary: DescribeAllocation                488  first at 368
  5459    327.843 wddm summary: GetStandardAllocationDriverData      4  first at 337
  5460    327.843 wddm summary: OpenAllocation                     12  first at 341
  5461    327.843 wddm summary: CloseAllocation                     5  first at 538
  5462    327.843 wddm summary: BuildPagingBuffer                1519  first at 273
  5463    327.843 wddm summary: SubmitCommandVirtual              276  first at 317
  5464    327.843 wddm summary: Present                           483  first at 674
  5465    327.843 wddm summary: SetVidPnSourceAddress             486  first at 399
  5466    327.843 wddm summary: ControlInterrupt                    5  first at 404
  5467    327.843 wddm summary: ---- QueryAdapterInfo types: type, count, first log line ----
  5468    327.843 wddm summary: adapter info type   1       1  first at 253
  5469    327.843 wddm summary: adapter info type  15       1  first at 254
  5470    327.843 wddm summary: adapter info type  47       1  first at 255
  5471    327.843 wddm summary: adapter info type  13       1  first at 256
  5472    327.843 wddm summary: adapter info type  14       4  first at 257
  5473    327.843 wddm summary: adapter info type  11       2  first at 264
  5474    327.843 wddm summary: adapter info type  10       1  first at 266
  5475    327.843 wddm summary: adapter info type  16       1  first at 266
  5476    327.843 wddm summary: capture plans reserved 0 heap 0
  5477    327.843 wddm summary: capture context peaks plans 0 reserved-bytes 0
  5478    327.843 wddm summary: ---- BuildPagingBuffer operations: operation, count, first log line ----
  5479    327.843 wddm summary: paging operation  11    1452  first at 273
  5480    327.843 wddm summary: paging operation  12      55  first at 330
  5481    327.843 wddm summary: paging operation   9       8  first at 349
  5482    327.843 wddm summary: paging operation   2       2  first at 534
  5483    327.843 wddm summary: paging operation   8       2  first at 555
  5484    327.843 wddm summary: objects created/destroyed: dev 8/1 ctx 6/1 proc 5/1 alloc 10/5, 36 alive
  5485    327.843 wddm summary: allocations opened/closed: 12/5 calls
  5486    327.843 wddm summary: submissions 0 physical + 276 virtual, 0 preemptions, last completed fence 276
  5487    327.843 wddm summary: node 0 hardware: 0 submitted, 0 completed, 0 timeouts, 0 refused
  5488    327.843 wddm summary: umd: 0 allocs (0 refused), 0 contexts, 0 submits on the ring, 0 not run
  5489    327.843 wddm profile: umd calls 0, elapsed ticks 0, QPC frequency 10000000
  5490    327.843 wddm profile: probe enabled 0, calls 0, elapsed ticks 0 (included in umd)
  5491    327.843 wddm summary: node 1 (paging, open): 276 hardware submitted, 276 completed, 0 timeouts, 0 refused
  5492    327.843 wddm: paging OS-private queue admissions=276 (no submit allocation)
  5493    327.843 wddm summary: SubmitCommandVirtual by node: 0: 0, 1: 276, 0 private-buffer refusals
  5494    327.843 wddm summary: paging DMA VA nonzero 490 zero 1029, mapping observations 8
  5495    327.843 wddm summary: native DMA transfers 2 fills 8 bytes 92160000
  5496    327.843 wddm summary: native DMA exact disjoint checks 2
  5497    327.843 wddm summary: DMA mapping matches 8/8 last VA0x400000 root0x45E150000 PA0x1B692F000 CPU_PA0x1B692F000
  5498    327.843 wddm summary: BuildPagingBuffer: 2 transfers, 8 fills, 92160000 bytes, 187 insufficient-buffer
  5499    327.843 wddm summary: aperture map batches 0, unmap batches 0
  5500    327.843 wddm summary: paging TLB invalidations 55, PTE update batches 418
  5501    327.843 wddm summary: paging unsupported (not ready/no root/no translation/system memory/not contiguous) 0/0/0/0/0
  5502    327.843 wddm summary: presents 483, flips 484 of 486 address calls (483 arrived above DISPATCH_LEVEL)
  5503    327.843 wddm summary: blit gate open, 0 blits, 0 skips, 0 sources translated contiguous
  5504    327.843 wddm summary: blit destination: 0 to the flipped surface, 0 to the POST framebuffer (0 a failed-mapping fallback), 0 scanout remaps (0 failed), last blit 0 row
  5505    327.843 wddm summary: widest blit 0 rows
  5506    327.843 wddm summary: last blit reading 0, 0x0 pitch 0, 0 rectangles, source physical 0x0
  5507    327.843 wddm summary: vsync enabled, 0 ticks, 19610 reported to dxgkrnl
  5508    327.843 wddm summary: dcn lock acknowledgement timeouts 0
  5509    327.843 wddm summary: vidpn flip open: 484 hardware flips, 0 refused, 1 hardware vsyncs armed 19623 acked 0 refused 0 deferred (flip still pending)
  5510    327.843 wddm summary: no TDR (ResetEngine, ResetFromTimeout and RestartFromTimeout were never called)
  5511    327.843 wddm summary: CollectDbgInfo called 0 time(s) since the driver was loaded
  5512    327.843 vidmm summary: level 0: 1026 calls, 262688 entries, 544 valid
  5513    327.843 vidmm summary: level 1: 2 calls, 1024 entries, 512 valid
  5514    327.843 vidmm summary: level 2: 1 calls, 512 entries, 2 valid
  5515    327.843 vidmm summary: level 3: 1 calls, 512 entries, 1 valid
  5516    327.843 vidmm summary: system leaf encoding coherent 0 noncoherent 16684 snoop mismatches 0
  5517    327.843 vidmm summary: 1030 cpu-virtual calls, 0 gpu-physical calls
  5518    327.843 vidmm summary: 264736 entries written (EnableGpuVa open), 0 refused, 0 bad calls, 1 roots
  5519    332.921 wddm summary: ---- DDI calls: name, count, first log line ----
  5520    332.921 wddm summary: QueryAdapterInfo                   12  first at 253
  5521    332.921 wddm summary: GetNodeMetadata                     2  first at 261
  5522    332.921 wddm summary: CreateDevice                        8  first at 268
  5523    332.921 wddm summary: DestroyDevice                       1  first at 418
  5524    332.921 wddm summary: CreateContext                       6  first at 271
  5525    332.921 wddm summary: DestroyContext                      1  first at 417
  5526    332.921 wddm summary: CreateProcess                       5  first at 267
  5527    332.921 wddm summary: DestroyProcess                      1  first at 419
  5528    332.921 wddm summary: SetRootPageTable                    1  first at 294
  5529    332.921 wddm summary: CreateAllocation                   10  first at 339
  5530    332.921 wddm summary: DestroyAllocation                   5  first at 539
  5531    332.921 wddm summary: DescribeAllocation                496  first at 368
  5532    332.921 wddm summary: GetStandardAllocationDriverData      4  first at 337
  5533    332.921 wddm summary: OpenAllocation                     12  first at 341
  5534    332.921 wddm summary: CloseAllocation                     5  first at 538
  5535    332.921 wddm summary: BuildPagingBuffer                1519  first at 273
  5536    332.921 wddm summary: SubmitCommandVirtual              276  first at 317
  5537    332.921 wddm summary: Present                           491  first at 674
  5538    332.921 wddm summary: SetVidPnSourceAddress             494  first at 399
  5539    332.921 wddm summary: ControlInterrupt                    5  first at 404
  5540    332.921 wddm summary: ---- QueryAdapterInfo types: type, count, first log line ----
  5541    332.921 wddm summary: adapter info type   1       1  first at 253
  5542    332.921 wddm summary: adapter info type  15       1  first at 254
  5543    332.921 wddm summary: adapter info type  47       1  first at 255
  5544    332.921 wddm summary: adapter info type  13       1  first at 256
  5545    332.921 wddm summary: adapter info type  14       4  first at 257
  5546    332.921 wddm summary: adapter info type  11       2  first at 264
  5547    332.921 wddm summary: adapter info type  10       1  first at 266
  5548    332.921 wddm summary: adapter info type  16       1  first at 266
  5549    332.921 wddm summary: capture plans reserved 0 heap 0
  5550    332.921 wddm summary: capture context peaks plans 0 reserved-bytes 0
  5551    332.921 wddm summary: ---- BuildPagingBuffer operations: operation, count, first log line ----
  5552    332.921 wddm summary: paging operation  11    1452  first at 273
  5553    332.921 wddm summary: paging operation  12      55  first at 330
  5554    332.921 wddm summary: paging operation   9       8  first at 349
  5555    332.921 wddm summary: paging operation   2       2  first at 534
  5556    332.921 wddm summary: paging operation   8       2  first at 555
  5557    332.921 wddm summary: objects created/destroyed: dev 8/1 ctx 6/1 proc 5/1 alloc 10/5, 36 alive
  5558    332.921 wddm summary: allocations opened/closed: 12/5 calls
  5559    332.921 wddm summary: submissions 0 physical + 276 virtual, 0 preemptions, last completed fence 276
  5560    332.921 wddm summary: node 0 hardware: 0 submitted, 0 completed, 0 timeouts, 0 refused
  5561    332.921 wddm summary: umd: 0 allocs (0 refused), 0 contexts, 0 submits on the ring, 0 not run
  5562    332.921 wddm profile: umd calls 0, elapsed ticks 0, QPC frequency 10000000
  5563    332.921 wddm profile: probe enabled 0, calls 0, elapsed ticks 0 (included in umd)
  5564    332.921 wddm summary: node 1 (paging, open): 276 hardware submitted, 276 completed, 0 timeouts, 0 refused
  5565    332.921 wddm: paging OS-private queue admissions=276 (no submit allocation)
  5566    332.921 wddm summary: SubmitCommandVirtual by node: 0: 0, 1: 276, 0 private-buffer refusals
  5567    332.921 wddm summary: paging DMA VA nonzero 490 zero 1029, mapping observations 8
  5568    332.921 wddm summary: native DMA transfers 2 fills 8 bytes 92160000
  5569    332.921 wddm summary: native DMA exact disjoint checks 2
  5570    332.921 wddm summary: DMA mapping matches 8/8 last VA0x400000 root0x45E150000 PA0x1B692F000 CPU_PA0x1B692F000
  5571    332.921 wddm summary: BuildPagingBuffer: 2 transfers, 8 fills, 92160000 bytes, 187 insufficient-buffer
  5572    332.921 wddm summary: aperture map batches 0, unmap batches 0
  5573    332.921 wddm summary: paging TLB invalidations 55, PTE update batches 418
  5574    332.921 wddm summary: paging unsupported (not ready/no root/no translation/system memory/not contiguous) 0/0/0/0/0
  5575    332.921 wddm summary: presents 491, flips 492 of 494 address calls (491 arrived above DISPATCH_LEVEL)
  5576    332.921 wddm summary: blit gate open, 0 blits, 0 skips, 0 sources translated contiguous
  5577    332.921 wddm summary: blit destination: 0 to the flipped surface, 0 to the POST framebuffer (0 a failed-mapping fallback), 0 scanout remaps (0 failed), last blit 0 row
  5578    332.921 wddm summary: widest blit 0 rows
  5579    332.921 wddm summary: last blit reading 0, 0x0 pitch 0, 0 rectangles, source physical 0x0
  5580    332.921 wddm summary: vsync enabled, 0 ticks, 19914 reported to dxgkrnl
  5581    332.921 wddm summary: dcn lock acknowledgement timeouts 0
  5582    332.921 wddm summary: vidpn flip open: 492 hardware flips, 0 refused, 1 hardware vsyncs armed 19927 acked 0 refused 0 deferred (flip still pending)
  5583    332.921 wddm summary: no TDR (ResetEngine, ResetFromTimeout and RestartFromTimeout were never called)
  5584    332.921 wddm summary: CollectDbgInfo called 0 time(s) since the driver was loaded
  5585    332.921 vidmm summary: level 0: 1026 calls, 262688 entries, 544 valid
  5586    332.921 vidmm summary: level 1: 2 calls, 1024 entries, 512 valid
  5587    332.921 vidmm summary: level 2: 1 calls, 512 entries, 2 valid
  5588    332.921 vidmm summary: level 3: 1 calls, 512 entries, 1 valid
  5589    332.921 vidmm summary: system leaf encoding coherent 0 noncoherent 16684 snoop mismatches 0
  5590    332.921 vidmm summary: 1030 cpu-virtual calls, 0 gpu-physical calls
  5591    332.921 vidmm summary: 264736 entries written (EnableGpuVa open), 0 refused, 0 bad calls, 1 roots
  5592    337.988 wddm summary: ---- DDI calls: name, count, first log line ----
  5593    337.988 wddm summary: QueryAdapterInfo                   12  first at 253
  5594    337.988 wddm summary: GetNodeMetadata                     2  first at 261
  5595    337.988 wddm summary: CreateDevice                        8  first at 268
  5596    337.988 wddm summary: DestroyDevice                       1  first at 418
  5597    337.988 wddm summary: CreateContext                       6  first at 271
  5598    337.988 wddm summary: DestroyContext                      1  first at 417
  5599    337.988 wddm summary: CreateProcess                       5  first at 267
  5600    337.988 wddm summary: DestroyProcess                      1  first at 419
  5601    337.988 wddm summary: SetRootPageTable                    1  first at 294
  5602    337.988 wddm summary: CreateAllocation                   10  first at 339
  5603    337.988 wddm summary: DestroyAllocation                   5  first at 539
  5604    337.988 wddm summary: DescribeAllocation                503  first at 368
  5605    337.988 wddm summary: GetStandardAllocationDriverData      4  first at 337
  5606    337.988 wddm summary: OpenAllocation                     12  first at 341
  5607    337.988 wddm summary: CloseAllocation                     5  first at 538
  5608    337.988 wddm summary: BuildPagingBuffer                1519  first at 273
  5609    337.988 wddm summary: SubmitCommandVirtual              276  first at 317
  5610    337.988 wddm summary: Present                           498  first at 674
  5611    337.988 wddm summary: SetVidPnSourceAddress             501  first at 399
  5612    337.988 wddm summary: ControlInterrupt                    5  first at 404
  5613    337.988 wddm summary: ---- QueryAdapterInfo types: type, count, first log line ----
  5614    337.988 wddm summary: adapter info type   1       1  first at 253
  5615    337.988 wddm summary: adapter info type  15       1  first at 254
  5616    337.988 wddm summary: adapter info type  47       1  first at 255
  5617    337.988 wddm summary: adapter info type  13       1  first at 256
  5618    337.988 wddm summary: adapter info type  14       4  first at 257
  5619    337.988 wddm summary: adapter info type  11       2  first at 264
  5620    337.988 wddm summary: adapter info type  10       1  first at 266
  5621    337.988 wddm summary: adapter info type  16       1  first at 266
  5622    337.988 wddm summary: capture plans reserved 0 heap 0
  5623    337.988 wddm summary: capture context peaks plans 0 reserved-bytes 0
  5624    337.988 wddm summary: ---- BuildPagingBuffer operations: operation, count, first log line ----
  5625    337.988 wddm summary: paging operation  11    1452  first at 273
  5626    337.988 wddm summary: paging operation  12      55  first at 330
  5627    337.988 wddm summary: paging operation   9       8  first at 349
  5628    337.988 wddm summary: paging operation   2       2  first at 534
  5629    337.988 wddm summary: paging operation   8       2  first at 555
  5630    337.988 wddm summary: objects created/destroyed: dev 8/1 ctx 6/1 proc 5/1 alloc 10/5, 36 alive
  5631    337.988 wddm summary: allocations opened/closed: 12/5 calls
  5632    337.988 wddm summary: submissions 0 physical + 276 virtual, 0 preemptions, last completed fence 276
  5633    337.988 wddm summary: node 0 hardware: 0 submitted, 0 completed, 0 timeouts, 0 refused
  5634    337.988 wddm summary: umd: 0 allocs (0 refused), 0 contexts, 0 submits on the ring, 0 not run
  5635    337.988 wddm profile: umd calls 0, elapsed ticks 0, QPC frequency 10000000
  5636    337.988 wddm profile: probe enabled 0, calls 0, elapsed ticks 0 (included in umd)
  5637    337.988 wddm summary: node 1 (paging, open): 276 hardware submitted, 276 completed, 0 timeouts, 0 refused
  5638    337.988 wddm: paging OS-private queue admissions=276 (no submit allocation)
  5639    337.988 wddm summary: SubmitCommandVirtual by node: 0: 0, 1: 276, 0 private-buffer refusals
  5640    337.988 wddm summary: paging DMA VA nonzero 490 zero 1029, mapping observations 8
  5641    337.988 wddm summary: native DMA transfers 2 fills 8 bytes 92160000
  5642    337.988 wddm summary: native DMA exact disjoint checks 2
  5643    337.988 wddm summary: DMA mapping matches 8/8 last VA0x400000 root0x45E150000 PA0x1B692F000 CPU_PA0x1B692F000
  5644    337.988 wddm summary: BuildPagingBuffer: 2 transfers, 8 fills, 92160000 bytes, 187 insufficient-buffer
  5645    337.988 wddm summary: aperture map batches 0, unmap batches 0
  5646    337.988 wddm summary: paging TLB invalidations 55, PTE update batches 418
  5647    337.988 wddm summary: paging unsupported (not ready/no root/no translation/system memory/not contiguous) 0/0/0/0/0
  5648    337.988 wddm summary: presents 498, flips 499 of 501 address calls (498 arrived above DISPATCH_LEVEL)
  5649    337.988 wddm summary: blit gate open, 0 blits, 0 skips, 0 sources translated contiguous
  5650    337.988 wddm summary: blit destination: 0 to the flipped surface, 0 to the POST framebuffer (0 a failed-mapping fallback), 0 scanout remaps (0 failed), last blit 0 row
  5651    337.988 wddm summary: widest blit 0 rows
  5652    337.988 wddm summary: last blit reading 0, 0x0 pitch 0, 0 rectangles, source physical 0x0
  5653    337.988 wddm summary: vsync enabled, 0 ticks, 20217 reported to dxgkrnl
  5654    337.988 wddm summary: dcn lock acknowledgement timeouts 0
  5655    337.988 wddm summary: vidpn flip open: 499 hardware flips, 0 refused, 1 hardware vsyncs armed 20230 acked 0 refused 0 deferred (flip still pending)
  5656    337.988 wddm summary: no TDR (ResetEngine, ResetFromTimeout and RestartFromTimeout were never called)
  5657    337.988 wddm summary: CollectDbgInfo called 0 time(s) since the driver was loaded
  5658    337.988 vidmm summary: level 0: 1026 calls, 262688 entries, 544 valid
  5659    337.988 vidmm summary: level 1: 2 calls, 1024 entries, 512 valid
  5660    337.988 vidmm summary: level 2: 1 calls, 512 entries, 2 valid
  5661    337.988 vidmm summary: level 3: 1 calls, 512 entries, 1 valid
  5662    337.988 vidmm summary: system leaf encoding coherent 0 noncoherent 16684 snoop mismatches 0
  5663    337.988 vidmm summary: 1030 cpu-virtual calls, 0 gpu-physical calls
  5664    337.988 vidmm summary: 264736 entries written (EnableGpuVa open), 0 refused, 0 bad calls, 1 roots
  5665    343.048 wddm summary: ---- DDI calls: name, count, first log line ----
  5666    343.048 wddm summary: QueryAdapterInfo                   12  first at 253
  5667    343.048 wddm summary: GetNodeMetadata                     2  first at 261
  5668    343.048 wddm summary: CreateDevice                        8  first at 268
  5669    343.048 wddm summary: DestroyDevice                       1  first at 418
  5670    343.048 wddm summary: CreateContext                       6  first at 271
  5671    343.048 wddm summary: DestroyContext                      1  first at 417
  5672    343.048 wddm summary: CreateProcess                       5  first at 267
  5673    343.048 wddm summary: DestroyProcess                      1  first at 419
  5674    343.048 wddm summary: SetRootPageTable                    1  first at 294
  5675    343.048 wddm summary: CreateAllocation                   10  first at 339
  5676    343.048 wddm summary: DestroyAllocation                   5  first at 539
  5677    343.048 wddm summary: DescribeAllocation                512  first at 368
  5678    343.048 wddm summary: GetStandardAllocationDriverData      4  first at 337
  5679    343.048 wddm summary: OpenAllocation                     12  first at 341
  5680    343.048 wddm summary: CloseAllocation                     5  first at 538
  5681    343.048 wddm summary: BuildPagingBuffer                1519  first at 273
  5682    343.048 wddm summary: SubmitCommandVirtual              276  first at 317
  5683    343.048 wddm summary: Present                           507  first at 674
  5684    343.048 wddm summary: SetVidPnSourceAddress             510  first at 399
  5685    343.048 wddm summary: ControlInterrupt                    5  first at 404
  5686    343.048 wddm summary: ---- QueryAdapterInfo types: type, count, first log line ----
  5687    343.048 wddm summary: adapter info type   1       1  first at 253
  5688    343.048 wddm summary: adapter info type  15       1  first at 254
  5689    343.048 wddm summary: adapter info type  47       1  first at 255
  5690    343.048 wddm summary: adapter info type  13       1  first at 256
  5691    343.048 wddm summary: adapter info type  14       4  first at 257
  5692    343.048 wddm summary: adapter info type  11       2  first at 264
  5693    343.048 wddm summary: adapter info type  10       1  first at 266
  5694    343.048 wddm summary: adapter info type  16       1  first at 266
  5695    343.048 wddm summary: capture plans reserved 0 heap 0
  5696    343.048 wddm summary: capture context peaks plans 0 reserved-bytes 0
  5697    343.048 wddm summary: ---- BuildPagingBuffer operations: operation, count, first log line ----
  5698    343.048 wddm summary: paging operation  11    1452  first at 273
  5699    343.048 wddm summary: paging operation  12      55  first at 330
  5700    343.048 wddm summary: paging operation   9       8  first at 349
  5701    343.048 wddm summary: paging operation   2       2  first at 534
  5702    343.048 wddm summary: paging operation   8       2  first at 555
  5703    343.048 wddm summary: objects created/destroyed: dev 8/1 ctx 6/1 proc 5/1 alloc 10/5, 36 alive
  5704    343.048 wddm summary: allocations opened/closed: 12/5 calls
  5705    343.048 wddm summary: submissions 0 physical + 276 virtual, 0 preemptions, last completed fence 276
  5706    343.048 wddm summary: node 0 hardware: 0 submitted, 0 completed, 0 timeouts, 0 refused
  5707    343.048 wddm summary: umd: 0 allocs (0 refused), 0 contexts, 0 submits on the ring, 0 not run
  5708    343.048 wddm profile: umd calls 0, elapsed ticks 0, QPC frequency 10000000
  5709    343.048 wddm profile: probe enabled 0, calls 0, elapsed ticks 0 (included in umd)
  5710    343.048 wddm summary: node 1 (paging, open): 276 hardware submitted, 276 completed, 0 timeouts, 0 refused
  5711    343.048 wddm: paging OS-private queue admissions=276 (no submit allocation)
  5712    343.048 wddm summary: SubmitCommandVirtual by node: 0: 0, 1: 276, 0 private-buffer refusals
  5713    343.048 wddm summary: paging DMA VA nonzero 490 zero 1029, mapping observations 8
  5714    343.048 wddm summary: native DMA transfers 2 fills 8 bytes 92160000
  5715    343.048 wddm summary: native DMA exact disjoint checks 2
  5716    343.048 wddm summary: DMA mapping matches 8/8 last VA0x400000 root0x45E150000 PA0x1B692F000 CPU_PA0x1B692F000
  5717    343.048 wddm summary: BuildPagingBuffer: 2 transfers, 8 fills, 92160000 bytes, 187 insufficient-buffer
  5718    343.048 wddm summary: aperture map batches 0, unmap batches 0
  5719    343.048 wddm summary: paging TLB invalidations 55, PTE update batches 418
  5720    343.048 wddm summary: paging unsupported (not ready/no root/no translation/system memory/not contiguous) 0/0/0/0/0
  5721    343.048 wddm summary: presents 507, flips 508 of 510 address calls (507 arrived above DISPATCH_LEVEL)
  5722    343.048 wddm summary: blit gate open, 0 blits, 0 skips, 0 sources translated contiguous
  5723    343.048 wddm summary: blit destination: 0 to the flipped surface, 0 to the POST framebuffer (0 a failed-mapping fallback), 0 scanout remaps (0 failed), last blit 0 row
  5724    343.048 wddm summary: widest blit 0 rows
  5725    343.048 wddm summary: last blit reading 0, 0x0 pitch 0, 0 rectangles, source physical 0x0
  5726    343.048 wddm summary: vsync enabled, 0 ticks, 20521 reported to dxgkrnl
  5727    343.048 wddm summary: dcn lock acknowledgement timeouts 0
  5728    343.048 wddm summary: vidpn flip open: 508 hardware flips, 0 refused, 1 hardware vsyncs armed 20534 acked 0 refused 0 deferred (flip still pending)
  5729    343.048 wddm summary: no TDR (ResetEngine, ResetFromTimeout and RestartFromTimeout were never called)
  5730    343.048 wddm summary: CollectDbgInfo called 0 time(s) since the driver was loaded
  5731    343.048 vidmm summary: level 0: 1026 calls, 262688 entries, 544 valid
  5732    343.048 vidmm summary: level 1: 2 calls, 1024 entries, 512 valid
  5733    343.048 vidmm summary: level 2: 1 calls, 512 entries, 2 valid
  5734    343.048 vidmm summary: level 3: 1 calls, 512 entries, 1 valid
  5735    343.048 vidmm summary: system leaf encoding coherent 0 noncoherent 16684 snoop mismatches 0
  5736    343.048 vidmm summary: 1030 cpu-virtual calls, 0 gpu-physical calls
  5737    343.048 vidmm summary: 264736 entries written (EnableGpuVa open), 0 refused, 0 bad calls, 1 roots
  5738    348.111 wddm summary: ---- DDI calls: name, count, first log line ----
  5739    348.111 wddm summary: QueryAdapterInfo                   12  first at 253
  5740    348.111 wddm summary: GetNodeMetadata                     2  first at 261
  5741    348.111 wddm summary: CreateDevice                        8  first at 268
  5742    348.111 wddm summary: DestroyDevice                       1  first at 418
  5743    348.111 wddm summary: CreateContext                       6  first at 271
  5744    348.111 wddm summary: DestroyContext                      1  first at 417
  5745    348.111 wddm summary: CreateProcess                       5  first at 267
  5746    348.111 wddm summary: DestroyProcess                      1  first at 419
  5747    348.111 wddm summary: SetRootPageTable                    1  first at 294
  5748    348.111 wddm summary: CreateAllocation                   10  first at 339
  5749    348.111 wddm summary: DestroyAllocation                   5  first at 539
  5750    348.111 wddm summary: DescribeAllocation                519  first at 368
  5751    348.111 wddm summary: GetStandardAllocationDriverData      4  first at 337
  5752    348.111 wddm summary: OpenAllocation                     12  first at 341
  5753    348.111 wddm summary: CloseAllocation                     5  first at 538
  5754    348.111 wddm summary: BuildPagingBuffer                1519  first at 273
  5755    348.111 wddm summary: SubmitCommandVirtual              276  first at 317
  5756    348.111 wddm summary: Present                           514  first at 674
  5757    348.111 wddm summary: SetVidPnSourceAddress             517  first at 399
  5758    348.111 wddm summary: ControlInterrupt                    5  first at 404
  5759    348.111 wddm summary: ---- QueryAdapterInfo types: type, count, first log line ----
  5760    348.111 wddm summary: adapter info type   1       1  first at 253
  5761    348.111 wddm summary: adapter info type  15       1  first at 254
  5762    348.111 wddm summary: adapter info type  47       1  first at 255
  5763    348.111 wddm summary: adapter info type  13       1  first at 256
  5764    348.111 wddm summary: adapter info type  14       4  first at 257
  5765    348.111 wddm summary: adapter info type  11       2  first at 264
  5766    348.111 wddm summary: adapter info type  10       1  first at 266
  5767    348.111 wddm summary: adapter info type  16       1  first at 266
  5768    348.111 wddm summary: capture plans reserved 0 heap 0
  5769    348.111 wddm summary: capture context peaks plans 0 reserved-bytes 0
  5770    348.111 wddm summary: ---- BuildPagingBuffer operations: operation, count, first log line ----
  5771    348.111 wddm summary: paging operation  11    1452  first at 273
  5772    348.111 wddm summary: paging operation  12      55  first at 330
  5773    348.111 wddm summary: paging operation   9       8  first at 349
  5774    348.111 wddm summary: paging operation   2       2  first at 534
  5775    348.111 wddm summary: paging operation   8       2  first at 555
  5776    348.111 wddm summary: objects created/destroyed: dev 8/1 ctx 6/1 proc 5/1 alloc 10/5, 36 alive
  5777    348.111 wddm summary: allocations opened/closed: 12/5 calls
  5778    348.111 wddm summary: submissions 0 physical + 276 virtual, 0 preemptions, last completed fence 276
  5779    348.111 wddm summary: node 0 hardware: 0 submitted, 0 completed, 0 timeouts, 0 refused
  5780    348.111 wddm summary: umd: 0 allocs (0 refused), 0 contexts, 0 submits on the ring, 0 not run
  5781    348.111 wddm profile: umd calls 0, elapsed ticks 0, QPC frequency 10000000
  5782    348.111 wddm profile: probe enabled 0, calls 0, elapsed ticks 0 (included in umd)
  5783    348.111 wddm summary: node 1 (paging, open): 276 hardware submitted, 276 completed, 0 timeouts, 0 refused
  5784    348.111 wddm: paging OS-private queue admissions=276 (no submit allocation)
  5785    348.111 wddm summary: SubmitCommandVirtual by node: 0: 0, 1: 276, 0 private-buffer refusals
  5786    348.111 wddm summary: paging DMA VA nonzero 490 zero 1029, mapping observations 8
  5787    348.111 wddm summary: native DMA transfers 2 fills 8 bytes 92160000
  5788    348.111 wddm summary: native DMA exact disjoint checks 2
  5789    348.111 wddm summary: DMA mapping matches 8/8 last VA0x400000 root0x45E150000 PA0x1B692F000 CPU_PA0x1B692F000
  5790    348.111 wddm summary: BuildPagingBuffer: 2 transfers, 8 fills, 92160000 bytes, 187 insufficient-buffer
  5791    348.111 wddm summary: aperture map batches 0, unmap batches 0
  5792    348.111 wddm summary: paging TLB invalidations 55, PTE update batches 418
  5793    348.111 wddm summary: paging unsupported (not ready/no root/no translation/system memory/not contiguous) 0/0/0/0/0
  5794    348.111 wddm summary: presents 514, flips 515 of 517 address calls (514 arrived above DISPATCH_LEVEL)
  5795    348.111 wddm summary: blit gate open, 0 blits, 0 skips, 0 sources translated contiguous
  5796    348.111 wddm summary: blit destination: 0 to the flipped surface, 0 to the POST framebuffer (0 a failed-mapping fallback), 0 scanout remaps (0 failed), last blit 0 row
  5797    348.111 wddm summary: widest blit 0 rows
  5798    348.111 wddm summary: last blit reading 0, 0x0 pitch 0, 0 rectangles, source physical 0x0
  5799    348.111 wddm summary: vsync enabled, 0 ticks, 20824 reported to dxgkrnl
  5800    348.111 wddm summary: dcn lock acknowledgement timeouts 0
  5801    348.111 wddm summary: vidpn flip open: 515 hardware flips, 0 refused, 1 hardware vsyncs armed 20837 acked 0 refused 0 deferred (flip still pending)
  5802    348.111 wddm summary: no TDR (ResetEngine, ResetFromTimeout and RestartFromTimeout were never called)
  5803    348.111 wddm summary: CollectDbgInfo called 0 time(s) since the driver was loaded
  5804    348.111 vidmm summary: level 0: 1026 calls, 262688 entries, 544 valid
  5805    348.111 vidmm summary: level 1: 2 calls, 1024 entries, 512 valid
  5806    348.111 vidmm summary: level 2: 1 calls, 512 entries, 2 valid
  5807    348.111 vidmm summary: level 3: 1 calls, 512 entries, 1 valid
  5808    348.111 vidmm summary: system leaf encoding coherent 0 noncoherent 16684 snoop mismatches 0
  5809    348.111 vidmm summary: 1030 cpu-virtual calls, 0 gpu-physical calls
  5810    348.111 vidmm summary: 264736 entries written (EnableGpuVa open), 0 refused, 0 bad calls, 1 roots
  5811    351.049 wddm summary: ---- DDI calls: name, count, first log line ----
  5812    351.049 wddm summary: QueryAdapterInfo                   12  first at 253
  5813    351.049 wddm summary: GetNodeMetadata                     2  first at 261
  5814    351.049 wddm summary: CreateDevice                        8  first at 268
  5815    351.049 wddm summary: DestroyDevice                       1  first at 418
  5816    351.049 wddm summary: CreateContext                       6  first at 271
  5817    351.049 wddm summary: DestroyContext                      1  first at 417
  5818    351.049 wddm summary: CreateProcess                       5  first at 267
  5819    351.049 wddm summary: DestroyProcess                      1  first at 419
  5820    351.049 wddm summary: SetRootPageTable                    1  first at 294
  5821    351.049 wddm summary: CreateAllocation                   10  first at 339
  5822    351.049 wddm summary: DestroyAllocation                   5  first at 539
  5823    351.049 wddm summary: DescribeAllocation                524  first at 368
  5824    351.049 wddm summary: GetStandardAllocationDriverData      4  first at 337
  5825    351.049 wddm summary: OpenAllocation                     12  first at 341
  5826    351.049 wddm summary: CloseAllocation                     5  first at 538
  5827    351.049 wddm summary: BuildPagingBuffer                1519  first at 273
  5828    351.049 wddm summary: SubmitCommandVirtual              276  first at 317
  5829    351.049 wddm summary: Present                           519  first at 674
  5830    351.049 wddm summary: SetVidPnSourceAddress             522  first at 399
  5831    351.049 wddm summary: ControlInterrupt                    5  first at 404
  5832    351.049 wddm summary: ---- QueryAdapterInfo types: type, count, first log line ----
  5833    351.049 wddm summary: adapter info type   1       1  first at 253
  5834    351.049 wddm summary: adapter info type  15       1  first at 254
  5835    351.049 wddm summary: adapter info type  47       1  first at 255
  5836    351.049 wddm summary: adapter info type  13       1  first at 256
  5837    351.049 wddm summary: adapter info type  14       4  first at 257
  5838    351.049 wddm summary: adapter info type  11       2  first at 264
  5839    351.049 wddm summary: adapter info type  10       1  first at 266
  5840    351.049 wddm summary: adapter info type  16       1  first at 266
  5841    351.049 wddm summary: capture plans reserved 0 heap 0
  5842    351.049 wddm summary: capture context peaks plans 0 reserved-bytes 0
  5843    351.049 wddm summary: ---- BuildPagingBuffer operations: operation, count, first log line ----
  5844    351.049 wddm summary: paging operation  11    1452  first at 273
  5845    351.049 wddm summary: paging operation  12      55  first at 330
  5846    351.049 wddm summary: paging operation   9       8  first at 349
  5847    351.049 wddm summary: paging operation   2       2  first at 534
  5848    351.049 wddm summary: paging operation   8       2  first at 555
  5849    351.049 wddm summary: objects created/destroyed: dev 8/1 ctx 6/1 proc 5/1 alloc 10/5, 36 alive
  5850    351.049 wddm summary: allocations opened/closed: 12/5 calls
  5851    351.049 wddm summary: submissions 0 physical + 276 virtual, 0 preemptions, last completed fence 276
  5852    351.049 wddm summary: node 0 hardware: 0 submitted, 0 completed, 0 timeouts, 0 refused
  5853    351.049 wddm summary: umd: 0 allocs (0 refused), 0 contexts, 0 submits on the ring, 0 not run
  5854    351.049 wddm profile: umd calls 0, elapsed ticks 0, QPC frequency 10000000
  5855    351.049 wddm profile: probe enabled 0, calls 0, elapsed ticks 0 (included in umd)
  5856    351.049 wddm summary: node 1 (paging, open): 276 hardware submitted, 276 completed, 0 timeouts, 0 refused
  5857    351.049 wddm: paging OS-private queue admissions=276 (no submit allocation)
  5858    351.049 wddm summary: SubmitCommandVirtual by node: 0: 0, 1: 276, 0 private-buffer refusals
  5859    351.049 wddm summary: paging DMA VA nonzero 490 zero 1029, mapping observations 8
  5860    351.049 wddm summary: native DMA transfers 2 fills 8 bytes 92160000
  5861    351.049 wddm summary: native DMA exact disjoint checks 2
  5862    351.049 wddm summary: DMA mapping matches 8/8 last VA0x400000 root0x45E150000 PA0x1B692F000 CPU_PA0x1B692F000
  5863    351.049 wddm summary: BuildPagingBuffer: 2 transfers, 8 fills, 92160000 bytes, 187 insufficient-buffer
  5864    351.049 wddm summary: aperture map batches 0, unmap batches 0
  5865    351.049 wddm summary: paging TLB invalidations 55, PTE update batches 418
  5866    351.049 wddm summary: paging unsupported (not ready/no root/no translation/system memory/not contiguous) 0/0/0/0/0
  5867    351.049 wddm summary: presents 519, flips 520 of 522 address calls (519 arrived above DISPATCH_LEVEL)
  5868    351.049 wddm summary: blit gate open, 0 blits, 0 skips, 0 sources translated contiguous
  5869    351.049 wddm summary: blit destination: 0 to the flipped surface, 0 to the POST framebuffer (0 a failed-mapping fallback), 0 scanout remaps (0 failed), last blit 0 row
  5870    351.049 wddm summary: widest blit 0 rows
  5871    351.049 wddm summary: last blit reading 0, 0x0 pitch 0, 0 rectangles, source physical 0x0
  5872    351.049 wddm summary: vsync enabled, 0 ticks, 21001 reported to dxgkrnl
  5873    351.049 wddm summary: dcn lock acknowledgement timeouts 0
  5874    351.049 wddm summary: vidpn flip open: 520 hardware flips, 0 refused, 1 hardware vsyncs armed 21014 acked 0 refused 0 deferred (flip still pending)
  5875    351.049 wddm summary: no TDR (ResetEngine, ResetFromTimeout and RestartFromTimeout were never called)
  5876    351.049 wddm summary: CollectDbgInfo called 0 time(s) since the driver was loaded
  5877    351.049 vidmm summary: level 0: 1026 calls, 262688 entries, 544 valid
  5878    351.049 vidmm summary: level 1: 2 calls, 1024 entries, 512 valid
  5879    351.049 vidmm summary: level 2: 1 calls, 512 entries, 2 valid
  5880    351.049 vidmm summary: level 3: 1 calls, 512 entries, 1 valid
  5881    351.049 vidmm summary: system leaf encoding coherent 0 noncoherent 16684 snoop mismatches 0
  5882    351.049 vidmm summary: 1030 cpu-virtual calls, 0 gpu-physical calls
  5883    351.049 vidmm summary: 264736 entries written (EnableGpuVa open), 0 refused, 0 bad calls, 1 roots
             1024 lines printed
