log          16101 lines since this driver load, 15077 lost to the wrap, 7 dropped above DISPATCH_LEVEL; ring 1024 lines of which the first 256 are kept; table FULL WDDM (the gate was open at DriverEntry)
     0      0.000 stage 10
     1      0.000 gate: EnableFullWddm 2
     2      0.000 stage 20
     3     31.034 stage 30
     4     31.034 guard: count 0 -> 1 flushed, durable required 1
     5     31.034 stage 31
     6     31.036 stage 32
     7     31.036 post display 1920x1200 pitch 7680 format 22 target 4294967295
     8     31.036 stage 33
     9     31.036 stage 34
    10     31.036 interrupt resource 1: message, vector 0x51, flags 0x3
    11     31.036 mmio: BAR5 at 0xFE800000 mapped, writes off, dcn writes allowed, vidpn flip allowed
    12     31.036 smu: native owner start status 0x00000000
    13     31.036 vram: 0x270000000 + 0x200000000, MC 0xF400000000, BAR0 0xC0000000 + 0x10000000, writes allowed
    14     31.036 fb sample mapped: phys 0xC0000000 first 0x00000000 mid 0x00000000
    15     31.036 fb sample physical: 0x270000000 first 0x00000000 mid 0x00000000
    16     31.036 gart: ready, dummy page at 0x26FFFA000
    17     31.036 psp: ready
    18     31.036 gpumem: ready, doorbells at 0xD0000000
    19     31.036 gfx: ready, GPU submission allowed, paging node allowed
    20     31.036 ih: ready
    21     31.036 wddm: POST display target 4294967295 is not ours, vsync reports name child 0x250001
    22     31.038 vidmm: logical paging state 515 tables, 1031 slots, 4767344 bytes reserved
    23     31.038 vidmm: table segment 3 at physical 0x45E150000 + 0xFEB0000, host memory below 0x270000000, updates are WRITTEN
    24     31.038 startup: entering interrupt connection
    25     31.040 startup: entering firmware preparation
    26     31.046 startup: entering native clock preparation
    27     31.048 startup: clock status 0x00000000 ready 1 request 1000MHz/820mV initial 1500MHz/VID101 observed 1000MHz/VID116 temp 68000mc staged 0
    28     31.050 gfx: CP_ME_CNTL 0x15000000, CP_MEC_CNTL 0x50000000, SDMA0/1_F32_CNTL 0x1 0x1
    29     31.050 gfx: unpublished translation bootstrap entered with engines halted
    30     31.050 gfx: RLC before-gart-initialization CNTL 0x00000000 read 0x00000000 STATUS2 0x00000008 read 0x00000000
    31     31.050 gfx: GRBM before-gart-initialization STATUS 0x00003028 read 0x00000000
    32     31.050 startup: entering GART initialization
    33     31.062 gart: startup startup-after-gfxhub-enable sample 0x00000000 fault 0x00000000
    34     31.062 gfx: RLC startup-after-gfxhub-enable CNTL 0x00000000 read 0x00000000 STATUS2 0x00000008 read 0x00000000
    35     31.062 gfx: GRBM startup-after-gfxhub-enable STATUS 0x00003028 read 0x00000000
    36     31.062 gart: startup startup-after-mmhub-enable sample 0x00000000 fault 0x00000000
    37     31.062 gfx: RLC startup-after-mmhub-enable CNTL 0x00000000 read 0x00000000 STATUS2 0x00000008 read 0x00000000
    38     31.062 gfx: GRBM startup-after-mmhub-enable STATUS 0x00003028 read 0x00000000
    39     31.062 gart: startup startup-after-fault-defaults sample 0x00000000 fault 0x00000000
    40     31.062 gfx: RLC startup-after-fault-defaults CNTL 0x00000000 read 0x00000000 STATUS2 0x00000008 read 0x00000000
    41     31.062 gfx: GRBM startup-after-fault-defaults STATUS 0x00003028 read 0x00000000
    42     31.062 gart: startup bootstrap-after-mmhub-flush sample 0x00000000 fault 0x00000000
    43     31.062 gfx: RLC bootstrap-after-mmhub-flush CNTL 0x00000000 read 0x00000000 STATUS2 0x00000008 read 0x00000000
    44     31.062 gfx: GRBM bootstrap-after-mmhub-flush STATUS 0x00003028 read 0x00000000
    45     31.062 gart: op 1 -> 0x00000000 (-), result 0, 284 writes, fault offset 0x00000
    46     31.062 gfx: RLC before-psp CNTL 0x00000000 read 0x00000000 STATUS2 0x00000008 read 0x00000000
    47     31.062 gfx: GRBM before-psp STATUS 0x00003028 read 0x00000000
    48     31.062 startup: entering PSP initialization
    49     31.109 gfx: RLC before-psp-ring-create CNTL 0x00000000 read 0x00000000 STATUS2 0x00000008 read 0x00000000
    50     31.109 gfx: GRBM before-psp-ring-create STATUS 0x00003028 read 0x00000000
    51     31.131 gfx: RLC after-psp-ring-create CNTL 0x00000000 read 0x00000000 STATUS2 0x00000008 read 0x00000000
    52     31.131 gfx: GRBM after-psp-ring-create STATUS 0x00003028 read 0x00000000
    53     31.131 amdgpu[0]: reserve 0x400000 from 0xf5ff800000 for PSP TMR

    54     31.131 psp: command 1 (id 5, type 0, 4194304 bytes): rc 0, status 0x0, 253 us, in TMR at 0x0
    55     31.131 gfx: RLC after-psp-command CNTL 0x00000000 read 0x00000000 STATUS2 0x00000008 read 0x00000000
    56     31.131 gfx: GRBM after-psp-command STATUS 0x00003028 read 0x00000000
    57     31.133 psp: command 2 (id 6, type 9, 33536 bytes): rc 0, status 0x0, 1953 us, in TMR at 0x0
    58     31.133 gfx: RLC after-psp-command CNTL 0x00000000 read 0x00000000 STATUS2 0x00000008 read 0x00000000
    59     31.133 gfx: GRBM after-psp-command STATUS 0x00003028 read 0x00000000
    60     31.135 psp: command 3 (id 6, type 10, 33536 bytes): rc 0, status 0x0, 1886 us, in TMR at 0x0
    61     31.135 gfx: RLC after-psp-command CNTL 0x00000000 read 0x00000000 STATUS2 0x00000008 read 0x00000000
    62     31.135 gfx: GRBM after-psp-command STATUS 0x00003028 read 0x00000000
    63     31.141 psp: command 4 (id 6, type 3, 263040 bytes): rc 0, status 0x0, 5901 us, in TMR at 0xF5FF842000
    64     31.141 gfx: RLC after-psp-command CNTL 0x00000000 read 0x00000000 STATUS2 0x00000008 read 0x00000000
    65     31.141 gfx: GRBM after-psp-command STATUS 0x00003028 read 0x00000000
    66     31.147 psp: command 5 (id 6, type 2, 263168 bytes): rc 0, status 0x0, 5902 us, in TMR at 0xF5FF883000
    67     31.147 gfx: RLC after-psp-command CNTL 0x00000000 read 0x00000000 STATUS2 0x00000008 read 0x00000000
    68     31.147 gfx: GRBM after-psp-command STATUS 0x00003028 read 0x00000000
    69     31.151 psp: command 6 (id 6, type 1, 263168 bytes): rc 0, status 0x0, 5952 us, in TMR at 0xF5FF8C4000
    70     31.151 gfx: RLC after-psp-command CNTL 0x00000000 read 0x00000000 STATUS2 0x00000008 read 0x00000000
    71     31.151 gfx: GRBM after-psp-command STATUS 0x00003028 read 0x00000000
    72     31.157 psp: command 7 (id 6, type 4, 267440 bytes): rc 0, status 0x0, 6002 us, in TMR at 0xF5FF800000
    73     31.157 gfx: RLC after-psp-command CNTL 0x00000000 read 0x00000000 STATUS2 0x00000008 read 0x00000000
    74     31.157 gfx: GRBM after-psp-command STATUS 0x00003028 read 0x00000000
    75     31.159 psp: command 8 (id 6, type 5, 896 bytes): rc 0, status 0x0, 130 us, in TMR at 0x0
    76     31.159 gfx: RLC after-psp-command CNTL 0x00000000 read 0x00000000 STATUS2 0x00000008 read 0x00000000
    77     31.159 gfx: GRBM after-psp-command STATUS 0x00003028 read 0x00000000
    78     31.165 psp: command 9 (id 6, type 4, 267440 bytes): rc 0, status 0x0, 5952 us, in TMR at 0xF5FF800000
    79     31.165 gfx: RLC after-psp-command CNTL 0x00000000 read 0x00000000 STATUS2 0x00000008 read 0x00000000
    80     31.165 gfx: GRBM after-psp-command STATUS 0x00003028 read 0x00000000
    81     31.165 psp: command 10 (id 6, type 6, 896 bytes): rc 0, status 0x0, 130 us, in TMR at 0x0
    82     31.165 gfx: RLC after-psp-command CNTL 0x00000000 read 0x00000000 STATUS2 0x00000008 read 0x00000000
    83     31.165 gfx: GRBM after-psp-command STATUS 0x00003028 read 0x00000000
    84     31.165 psp: command 11 (id 6, type 8, 25088 bytes): rc 0, status 0x0, 1686 us, in TMR at 0x0
    85     31.165 gfx: RLC after-psp-command CNTL 0x00000001 read 0x00000000 STATUS2 0x01004008 read 0x00000000
    86     31.165 gfx: GRBM after-psp-command STATUS 0x00003028 read 0x00000000
    87     31.165 psp: op 1 -> 0x00000000, result 0, 15 writes, 11 of 11 commands
    88     31.165 gfx: RLC after-psp CNTL 0x00000001 read 0x00000000 STATUS2 0x01004008 read 0x00000000
    89     31.165 gfx: GRBM after-psp STATUS 0x00003028 read 0x00000000
    90     31.165 startup: entering IH initialization
    91     31.221 ih: init: rc 0, 18 writes
    92     31.221 ih: op 1 -> 0x00000000, result 0, 19 writes; 0 interrupt routine calls, 0 ours, 0 DPCs, 0 vectors; status idle 1 input_idle 1 bif_interrupt_line 0
    93     31.221 startup: entering GFX initialization
    94     31.223 startup: entering GFX stage 1
    95     31.223 gfx: RLC startup policy pp_gfxoff 0
    96     31.225 gfx: stage 1 (doorbell aperture): rc 0, 49 writes so far, 2 us
    97     31.225 gfx: op 1 to stage 1 -> 0x00000000, result 0, 49 writes, 0 doorbells
    98     31.225 startup: entering GFX stage 2
    99     31.225 gfx: stage 2 (golden registers): rc 0, 34 writes so far, 25 us
   100     31.225 gfx: op 1 to stage 2 -> 0x00000000, result 0, 34 writes, 0 doorbells
   101     31.227 startup: entering GFX stage 3
   102     31.227 gfx: stage 3 (GRBM CAM probe): rc 0, 3 writes so far, 2 us
   103     31.227 gfx: op 1 to stage 3 -> 0x00000000, result 0, 3 writes, 0 doorbells
   104     31.229 startup: entering GFX stage 4
   105     31.229 gfx: stage 4 (constants): rc 0, 157 writes so far, 59 us
   106     31.229 gfx: op 1 to stage 4 -> 0x00000000, result 0, 157 writes, 0 doorbells
   107     31.231 startup: entering GFX stage 5
   108     31.231 startup: RLC boundary acquire-paging-lock
   109     31.231 startup: RLC boundary acquire-gart-lock
   110     31.233 startup: RLC boundary locks-acquired
   111     31.233 startup: RLC boundary before-rlc-resume
   112     31.235 startup: RLC boundary after-rlc-resume
   113     31.235 startup: RLC boundary before-gfx-visibility
   114     31.235 gpumem: GFXHUB after-invalidate-request sample 0x00F80001 fault 0x00000000
   115     31.237 startup: visibility observer returned after-invalidate-request
   116     31.237 gpumem: GFXHUB after-invalidate-request-read sample 0x00F80001 fault 0x00000000
   117     31.237 startup: visibility observer returned after-invalidate-request-read
   118     31.239 gpumem: GFXHUB after-invalidate-ack sample 0x00000001 fault 0x00000000
   119     31.239 startup: visibility observer returned after-invalidate-ack
   120     31.239 startup: visibility GFX returned 0, entering MMHUB
   121     31.241 startup: visibility MMHUB returned 0
   122     31.241 gpumem: startup GFX translations committed after RLC, before CP
   123     31.243 gfx: RLC after-bootstrap-translation-commit CNTL 0x00000001 read 0x00000000 STATUS2 0x00000008 read 0x00000000
   124     31.243 gfx: GRBM after-bootstrap-translation-commit STATUS 0x00003028 read 0x00000000
   125     31.243 startup: visibility publication observer returned
   126     31.243 startup: RLC boundary after-gfx-visibility
   127     31.243 gfx: stage 5 (RLC): rc 0, 12 writes so far, 10302 us
   128     31.243 gfx: op 1 to stage 5 -> 0x00000000, result 0, 12 writes, 0 doorbells
   129     31.245 startup: entering GFX stage 6
   130     31.245 startup: entering CP step 1
   131     31.247 startup: CP1 checkpoint acquire-paging-lock
   132     31.247 startup: CP1 checkpoint acquire-gart-lock
   133     31.249 startup: CP1 checkpoint locks-acquired
   134     31.249 amdgpu[0]: CP resume kiq-init begin

   135     31.249 startup: CP1 checkpoint scheduler
   136     31.249 startup: CP1 checkpoint scheduler-read
   137     31.251 startup: CP1 checkpoint scheduler-write
   138     31.251 startup: CP1 checkpoint scheduler-done
   139     31.251 startup: CP1 checkpoint clear-mqd
   140     31.253 startup: CP1 checkpoint select-queue
   141     31.253 startup: CP1 checkpoint build-mqd
   142     31.255 startup: CP1 checkpoint disable-wptr-poll
   143     31.255 startup: CP1 checkpoint read-active
   144     31.255 startup: CP1 checkpoint program-hqd
   145     31.257 startup: CP1 checkpoint activate-hqd
   146     31.257 startup: CP1 checkpoint restore-selection
   147     31.259 startup: CP1 checkpoint complete
   148     31.259 amdgpu[0]: CP resume kiq-init end result=0

   149     31.259 gfx: CP step 1: rc 0, 27 writes, 10324 us
   150     31.259 gfx: op 1 to stage 6 -> 0x00000000, result 0, 27 writes, 0 doorbells
   151     31.259 startup: CP step 1 returned 0x00000000 result 0
   152     31.259 startup: entering CP step 2
   153     31.261 amdgpu[0]: CP resume compute-unhalt begin

   154     31.261 amdgpu[0]: CP resume compute-unhalt end

   155     31.261 amdgpu[0]: CP resume kcq-init ring=0 begin

   156     31.261 amdgpu[0]: CP resume kcq-init ring=0 end result=0

   157     31.261 amdgpu[0]: CP resume kcq-init ring=1 begin

   158     31.261 amdgpu[0]: CP resume kcq-init ring=1 end result=0

   159     31.261 amdgpu[0]: CP resume kcq-init ring=2 begin

   160     31.261 amdgpu[0]: CP resume kcq-init ring=2 end result=0

   161     31.261 amdgpu[0]: CP resume kcq-init ring=3 begin

   162     31.261 amdgpu[0]: CP resume kcq-init ring=3 end result=0

   163     31.261 amdgpu[0]: CP resume kcq-init ring=4 begin

   164     31.261 amdgpu[0]: CP resume kcq-init ring=4 end result=0

   165     31.261 amdgpu[0]: CP resume kcq-init ring=5 begin

   166     31.261 amdgpu[0]: CP resume kcq-init ring=5 end result=0

   167     31.261 amdgpu[0]: CP resume kcq-init ring=6 begin

   168     31.261 amdgpu[0]: CP resume kcq-init ring=6 end result=0

   169     31.261 amdgpu[0]: CP resume kcq-init ring=7 begin

   170     31.261 amdgpu[0]: CP resume kcq-init ring=7 end result=0

   171     31.261 gfx: CP step 2: rc 0, 17 writes, 230 us
   172     31.261 gfx: op 1 to stage 6 -> 0x00000000, result 0, 17 writes, 0 doorbells
   173     31.261 startup: CP step 2 returned 0x00000000 result 0
   174     31.261 startup: entering CP step 3
   175     31.263 amdgpu[0]: CP resume kcq-enable begin

   176     31.263 amdgpu[0]: CP resume kcq-enable end result=0

   177     31.263 gfx: CP step 3: rc 0, 1 writes, 46 us
   178     31.263 gfx: op 1 to stage 6 -> 0x00000000, result 0, 1 writes, 2 doorbells
   179     31.263 startup: CP step 3 returned 0x00000000 result 0
   180     31.263 startup: entering CP step 4
   181     31.265 amdgpu[0]: CP resume kgq-init ring=0 begin

   182     31.265 amdgpu[0]: CP resume kgq-init ring=0 end result=0

   183     31.265 gfx: CP step 4: rc 0, 4 writes, 23 us
   184     31.265 gfx: op 1 to stage 6 -> 0x00000000, result 0, 4 writes, 0 doorbells
   185     31.265 startup: CP step 4 returned 0x00000000 result 0
   186     31.265 startup: entering CP step 5
   187     31.265 amdgpu[0]: CP resume kgq-enable begin

   188     31.265 amdgpu[0]: CP resume kgq-enable end result=0

   189     31.265 gfx: CP step 5: rc 0, 1 writes, 17 us
   190     31.265 gfx: op 1 to stage 6 -> 0x00000000, result 0, 1 writes, 2 doorbells
   191     31.265 startup: CP step 5 returned 0x00000000 result 0
   192     31.267 startup: entering CP step 6
   193     31.267 amdgpu[0]: CP resume gfx-start begin

   194     31.267 amdgpu[0]: CP resume gfx-start end result=0

   195     31.267 gfx: CP step 6: rc 0, 3 writes, 19 us
   196     31.267 gfx: op 1 to stage 6 -> 0x00000000, result 0, 3 writes, 1 doorbells
   197     31.267 startup: CP step 6 returned 0x00000000 result 0
   198     31.269 startup: entering CP step 7
   199     31.269 amdgpu[0]: CP resume gfx-test ring=0 begin

   200     31.269 amdgpu[0]: CP resume gfx-test ring=0 end result=0

   201     31.269 gfx: CP step 7: rc 0, 1 writes, 9 us
   202     31.269 gfx: op 1 to stage 6 -> 0x00000000, result 0, 1 writes, 1 doorbells
   203     31.269 startup: CP step 7 returned 0x00000000 result 0
   204     31.269 startup: entering CP step 8
   205     31.271 amdgpu[0]: CP resume compute-test ring=0 begin

   206     31.271 amdgpu[0]: CP resume compute-test ring=0 end result=0

   207     31.271 amdgpu[0]: CP resume compute-test ring=1 begin

   208     31.271 amdgpu[0]: CP resume compute-test ring=1 end result=0

   209     31.271 amdgpu[0]: CP resume compute-test ring=2 begin

   210     31.271 amdgpu[0]: CP resume compute-test ring=2 end result=0

   211     31.271 amdgpu[0]: CP resume compute-test ring=3 begin

   212     31.271 amdgpu[0]: CP resume compute-test ring=3 end result=0

   213     31.271 amdgpu[0]: CP resume compute-test ring=4 begin

   214     31.271 amdgpu[0]: CP resume compute-test ring=4 end result=0

   215     31.271 amdgpu[0]: CP resume compute-test ring=5 begin

   216     31.271 amdgpu[0]: CP resume compute-test ring=5 end result=0

   217     31.271 amdgpu[0]: CP resume compute-test ring=6 begin

   218     31.271 amdgpu[0]: CP resume compute-test ring=6 end result=0

   219     31.271 amdgpu[0]: CP resume compute-test ring=7 begin

   220     31.271 amdgpu[0]: CP resume compute-test ring=7 end result=0

   221     31.271 gfx: CP step 8: rc 0, 8 writes, 68 us
   222     31.271 gfx: op 1 to stage 6 -> 0x00000000, result 0, 8 writes, 8 doorbells
   223     31.271 startup: CP step 8 returned 0x00000000 result 0
   224     31.273 startup: entering GFX stage 7
   225     31.273 gfx: stage 7 (SDMA): rc 0, 93 writes so far, 88 us
   226     31.273 gfx: op 1 to stage 7 -> 0x00000000, result 0, 93 writes, 2 doorbells
   227     31.275 startup: entering GFX stage 8
   228     31.275 gfx: stage 8 (interrupt sources): rc 0, 35 writes so far, 22 us
   229     31.275 gfx: paging node ready, SDMA0 doorbell 0x200, per-buffer private commands
   230     31.275 gfx: op 1 to stage 8 -> 0x00000000, result 0, 35 writes, 0 doorbells
   231     31.275 startup: both engines ready
   232     31.277 startup: attempted 0x1F completed 0x1F status 0x00000000 ready 1 unwind 0 quarantine 0
   233     31.277 wddm: GPU initialized before adapter admission
   234     31.277 wddm: callbacks sync 1 notify 1 queuedpc 1 notifydpc 1, interface 312 of 312 bytes
   235     31.277 stage 35
   236     31.277 stage 39
   237     31.277 wddm: display QueryChildRelations call 1 detail 0x38 -> 0x00000000
   238     31.277 wddm: DRIVERCAPS into 576 bytes: wddm 8192 sched 0x45 mm 0x60 flip 0x12 slots 0 tdr 1 dflip 1 rot 1
   239     31.277 wddm: QueryAdapterInfo type 1 in 0 out 576 -> 0x00000000
   240     31.277 wddm: QueryAdapterInfo type 15 in 4 out 20 -> 0xC00000BB
   241     31.287 wddm: QueryAdapterInfo type 47 in 0 out 4 -> 0xC00000BB
   242     31.287 wddm: QueryAdapterInfo type 13 in 4 out 24 -> 0x00000000
   243     31.287 wddm: QueryAdapterInfo type 14 in 4 out 20 -> 0x00000000
   244     31.287 wddm: QueryAdapterInfo type 14 in 4 out 20 -> 0x00000000
   245     31.287 wddm: QueryAdapterInfo type 14 in 4 out 20 -> 0x00000000
   246     31.287 wddm: QueryAdapterInfo type 14 in 4 out 20 -> 0x00000000
   247     31.287 wddm: GetNodeMetadata node 0 adapter 0
   248     31.287 wddm: GetNodeMetadata node 1 adapter 0
   249     31.287 wddm: QUERYSEGMENT4 pass 1: 3 segment(s)
   250     31.287 wddm: QUERYSEGMENT4 pass 2: 3 segment(s), stride 104, paging buffer segment 2, 65536 bytes
   251     31.287 wddm: segment 1 flags 0x00080404 gpu 0xF4008D0000 cpu 0x2708D0000 size 0x1ED880000
   252     31.287 wddm: QueryAdapterInfo type 16 in 0 out 4 -> 0xC00000BB
   253     31.287 wddm: CreateProcess flags 0x00000001 pasids 1
   254     31.287 wddm: CreateDevice flags 0x00000001 pasid 0
   255     31.287 wddm: CreateDevice flags 0x00000001 pasid 0
 15333    265.448 gfx: paging submit, 1004 ring dwords reserved for buffer at 0x410000, seq 8072
 15334    265.448 gfx: paging submit, 1004 ring dwords reserved for buffer at 0x400000, seq 8073
 15335    265.448 gfx: paging submit, 1004 ring dwords reserved for buffer at 0x410000, seq 8074
 15336    265.448 gfx: paging submit, 1004 ring dwords reserved for buffer at 0x400000, seq 8075
 15337    265.448 gfx: paging submit, 1004 ring dwords reserved for buffer at 0x410000, seq 8076
 15338    265.450 gfx: paging submit, 1004 ring dwords reserved for buffer at 0x400000, seq 8077
 15339    265.450 gfx: paging submit, 1004 ring dwords reserved for buffer at 0x410000, seq 8078
 15340    265.450 gfx: paging submit, 1004 ring dwords reserved for buffer at 0x400000, seq 8079
 15341    265.450 gfx: paging submit, 1004 ring dwords reserved for buffer at 0x410000, seq 8080
 15342    265.450 gfx: paging submit, 1004 ring dwords reserved for buffer at 0x400000, seq 8081
 15343    265.450 gfx: paging submit, 1004 ring dwords reserved for buffer at 0x410000, seq 8082
 15344    265.450 gfx: paging submit, 974 ring dwords reserved for buffer at 0x400000, seq 8083
 15345    265.450 gfx: paging submit, 1002 ring dwords reserved for buffer at 0x410000, seq 8084
 15346    265.450 gfx: paging submit, 1004 ring dwords reserved for buffer at 0x400000, seq 8085
 15347    265.450 gfx: paging submit, 1004 ring dwords reserved for buffer at 0x410000, seq 8086
 15348    265.450 gfx: paging submit, 1004 ring dwords reserved for buffer at 0x400000, seq 8087
 15349    265.450 gfx: paging submit, 1004 ring dwords reserved for buffer at 0x410000, seq 8088
 15350    265.450 gfx: paging submit, 1004 ring dwords reserved for buffer at 0x400000, seq 8089
 15351    265.450 gfx: paging submit, 1004 ring dwords reserved for buffer at 0x410000, seq 8090
 15352    265.450 gfx: paging submit, 1004 ring dwords reserved for buffer at 0x400000, seq 8091
 15353    265.450 gfx: paging submit, 1004 ring dwords reserved for buffer at 0x410000, seq 8092
 15354    265.450 gfx: paging submit, 1004 ring dwords reserved for buffer at 0x400000, seq 8093
 15355    265.450 gfx: paging submit, 1004 ring dwords reserved for buffer at 0x410000, seq 8094
 15356    265.450 gfx: paging submit, 1004 ring dwords reserved for buffer at 0x400000, seq 8095
 15357    265.450 gfx: paging submit, 1004 ring dwords reserved for buffer at 0x410000, seq 8096
 15358    265.450 gfx: paging submit, 1004 ring dwords reserved for buffer at 0x400000, seq 8097
 15359    265.450 gfx: paging submit, 1004 ring dwords reserved for buffer at 0x410000, seq 8098
 15360    265.450 gfx: paging submit, 1004 ring dwords reserved for buffer at 0x400000, seq 8099
 15361    265.450 gfx: paging submit, 1004 ring dwords reserved for buffer at 0x410000, seq 8100
 15362    265.450 gfx: paging submit, 1004 ring dwords reserved for buffer at 0x400000, seq 8101
 15363    265.450 gfx: paging submit, 1004 ring dwords reserved for buffer at 0x410000, seq 8102
 15364    265.450 gfx: paging submit, 1004 ring dwords reserved for buffer at 0x400000, seq 8103
 15365    265.452 gfx: paging submit, 974 ring dwords reserved for buffer at 0x410000, seq 8104
 15366    265.452 gfx: paging submit, 1004 ring dwords reserved for buffer at 0x400000, seq 8105
 15367    265.452 gfx: paging submit, 1004 ring dwords reserved for buffer at 0x410000, seq 8106
 15368    265.452 gfx: paging submit, 1004 ring dwords reserved for buffer at 0x400000, seq 8107
 15369    265.452 gfx: paging submit, 1004 ring dwords reserved for buffer at 0x410000, seq 8108
 15370    265.452 gfx: paging submit, 1004 ring dwords reserved for buffer at 0x400000, seq 8109
 15371    265.452 gfx: paging submit, 1004 ring dwords reserved for buffer at 0x410000, seq 8110
 15372    265.452 gfx: paging submit, 1004 ring dwords reserved for buffer at 0x400000, seq 8111
 15373    265.452 gfx: paging submit, 1004 ring dwords reserved for buffer at 0x410000, seq 8112
 15374    265.452 gfx: paging submit, 1004 ring dwords reserved for buffer at 0x400000, seq 8113
 15375    265.452 gfx: paging submit, 1004 ring dwords reserved for buffer at 0x410000, seq 8114
 15376    265.452 gfx: paging submit, 1004 ring dwords reserved for buffer at 0x400000, seq 8115
 15377    265.452 gfx: paging submit, 1004 ring dwords reserved for buffer at 0x410000, seq 8116
 15378    265.452 gfx: paging submit, 1004 ring dwords reserved for buffer at 0x400000, seq 8117
 15379    265.452 gfx: paging submit, 1004 ring dwords reserved for buffer at 0x410000, seq 8118
 15380    265.452 gfx: paging submit, 1004 ring dwords reserved for buffer at 0x400000, seq 8119
 15381    265.452 gfx: paging submit, 1004 ring dwords reserved for buffer at 0x410000, seq 8120
 15382    265.452 gfx: paging submit, 1004 ring dwords reserved for buffer at 0x400000, seq 8121
 15383    265.452 gfx: paging submit, 1004 ring dwords reserved for buffer at 0x410000, seq 8122
 15384    265.452 gfx: paging submit, 1004 ring dwords reserved for buffer at 0x400000, seq 8123
 15385    265.452 gfx: paging submit, 1004 ring dwords reserved for buffer at 0x410000, seq 8124
 15386    265.452 gfx: paging submit, 974 ring dwords reserved for buffer at 0x400000, seq 8125
 15387    265.452 gfx: paging submit, 1004 ring dwords reserved for buffer at 0x410000, seq 8126
 15388    265.452 gfx: paging submit, 1004 ring dwords reserved for buffer at 0x400000, seq 8127
 15389    265.452 gfx: paging submit, 1004 ring dwords reserved for buffer at 0x410000, seq 8128
 15390    265.452 gfx: paging submit, 1004 ring dwords reserved for buffer at 0x400000, seq 8129
 15391    265.452 gfx: paging submit, 1004 ring dwords reserved for buffer at 0x410000, seq 8130
 15392    265.452 gfx: paging submit, 1004 ring dwords reserved for buffer at 0x400000, seq 8131
 15393    265.454 gfx: paging submit, 1004 ring dwords reserved for buffer at 0x410000, seq 8132
 15394    265.454 gfx: paging submit, 1004 ring dwords reserved for buffer at 0x400000, seq 8133
 15395    265.454 gfx: paging submit, 1004 ring dwords reserved for buffer at 0x410000, seq 8134
 15396    265.454 gfx: paging submit, 1004 ring dwords reserved for buffer at 0x400000, seq 8135
 15397    265.454 gfx: paging submit, 1004 ring dwords reserved for buffer at 0x410000, seq 8136
 15398    265.454 gfx: paging submit, 1004 ring dwords reserved for buffer at 0x400000, seq 8137
 15399    265.454 gfx: paging submit, 1004 ring dwords reserved for buffer at 0x410000, seq 8138
 15400    265.454 gfx: paging submit, 1004 ring dwords reserved for buffer at 0x400000, seq 8139
 15401    265.454 gfx: paging submit, 1004 ring dwords reserved for buffer at 0x410000, seq 8140
 15402    265.454 gfx: paging submit, 1004 ring dwords reserved for buffer at 0x400000, seq 8141
 15403    265.454 gfx: paging submit, 1004 ring dwords reserved for buffer at 0x410000, seq 8142
 15404    265.454 gfx: paging submit, 1004 ring dwords reserved for buffer at 0x400000, seq 8143
 15405    265.454 gfx: paging submit, 1004 ring dwords reserved for buffer at 0x410000, seq 8144
 15406    265.454 gfx: paging submit, 1004 ring dwords reserved for buffer at 0x400000, seq 8145
 15407    265.454 gfx: paging submit, 974 ring dwords reserved for buffer at 0x410000, seq 8146
 15408    265.454 gfx: paging submit, 1004 ring dwords reserved for buffer at 0x400000, seq 8147
 15409    265.454 gfx: paging submit, 1004 ring dwords reserved for buffer at 0x410000, seq 8148
 15410    265.454 gfx: paging submit, 1004 ring dwords reserved for buffer at 0x400000, seq 8149
 15411    265.454 gfx: paging submit, 1004 ring dwords reserved for buffer at 0x410000, seq 8150
 15412    265.454 gfx: paging submit, 1004 ring dwords reserved for buffer at 0x400000, seq 8151
 15413    265.454 gfx: paging submit, 1004 ring dwords reserved for buffer at 0x410000, seq 8152
 15414    265.454 gfx: paging submit, 1004 ring dwords reserved for buffer at 0x400000, seq 8153
 15415    265.454 gfx: paging submit, 1004 ring dwords reserved for buffer at 0x410000, seq 8154
 15416    265.454 gfx: paging submit, 1004 ring dwords reserved for buffer at 0x400000, seq 8155
 15417    265.454 gfx: paging submit, 1004 ring dwords reserved for buffer at 0x410000, seq 8156
 15418    265.454 gfx: paging submit, 1004 ring dwords reserved for buffer at 0x400000, seq 8157
 15419    265.454 gfx: paging submit, 1004 ring dwords reserved for buffer at 0x410000, seq 8158
 15420    265.454 gfx: paging submit, 1004 ring dwords reserved for buffer at 0x400000, seq 8159
 15421    265.456 gfx: paging submit, 1004 ring dwords reserved for buffer at 0x410000, seq 8160
 15422    265.456 gfx: paging submit, 1004 ring dwords reserved for buffer at 0x400000, seq 8161
 15423    265.456 gfx: paging submit, 1004 ring dwords reserved for buffer at 0x410000, seq 8162
 15424    265.456 gfx: paging submit, 1004 ring dwords reserved for buffer at 0x400000, seq 8163
 15425    265.456 gfx: paging submit, 1004 ring dwords reserved for buffer at 0x410000, seq 8164
 15426    265.456 gfx: paging submit, 1004 ring dwords reserved for buffer at 0x400000, seq 8165
 15427    265.456 gfx: paging submit, 1004 ring dwords reserved for buffer at 0x410000, seq 8166
 15428    265.456 gfx: paging submit, 974 ring dwords reserved for buffer at 0x400000, seq 8167
 15429    265.456 gfx: paging submit, 1004 ring dwords reserved for buffer at 0x410000, seq 8168
 15430    265.456 gfx: paging submit, 1004 ring dwords reserved for buffer at 0x400000, seq 8169
 15431    265.456 gfx: paging submit, 1004 ring dwords reserved for buffer at 0x410000, seq 8170
 15432    265.456 gfx: paging submit, 1004 ring dwords reserved for buffer at 0x400000, seq 8171
 15433    265.456 gfx: paging submit, 1004 ring dwords reserved for buffer at 0x410000, seq 8172
 15434    265.456 gfx: paging submit, 1004 ring dwords reserved for buffer at 0x400000, seq 8173
 15435    265.456 gfx: paging submit, 1004 ring dwords reserved for buffer at 0x410000, seq 8174
 15436    265.456 gfx: paging submit, 1004 ring dwords reserved for buffer at 0x400000, seq 8175
 15437    265.456 gfx: paging submit, 1004 ring dwords reserved for buffer at 0x410000, seq 8176
 15438    265.456 gfx: paging submit, 1004 ring dwords reserved for buffer at 0x400000, seq 8177
 15439    265.456 gfx: paging submit, 1004 ring dwords reserved for buffer at 0x410000, seq 8178
 15440    265.456 gfx: paging submit, 1004 ring dwords reserved for buffer at 0x400000, seq 8179
 15441    265.456 gfx: paging submit, 1004 ring dwords reserved for buffer at 0x410000, seq 8180
 15442    265.456 gfx: paging submit, 1004 ring dwords reserved for buffer at 0x400000, seq 8181
 15443    265.456 gfx: paging submit, 1004 ring dwords reserved for buffer at 0x410000, seq 8182
 15444    265.456 gfx: paging submit, 1004 ring dwords reserved for buffer at 0x400000, seq 8183
 15445    265.456 gfx: paging submit, 1004 ring dwords reserved for buffer at 0x410000, seq 8184
 15446    265.456 gfx: paging submit, 1004 ring dwords reserved for buffer at 0x400000, seq 8185
 15447    265.456 gfx: paging submit, 1004 ring dwords reserved for buffer at 0x410000, seq 8186
 15448    265.456 gfx: paging submit, 1004 ring dwords reserved for buffer at 0x400000, seq 8187
 15449    265.456 gfx: paging submit, 974 ring dwords reserved for buffer at 0x410000, seq 8188
 15450    265.458 gfx: paging submit, 1004 ring dwords reserved for buffer at 0x400000, seq 8189
 15451    265.458 gfx: paging submit, 1004 ring dwords reserved for buffer at 0x410000, seq 8190
 15452    265.458 gfx: paging submit, 1004 ring dwords reserved for buffer at 0x400000, seq 8191
 15453    265.458 gfx: paging submit, 1004 ring dwords reserved for buffer at 0x410000, seq 8192
 15454    265.458 gfx: paging submit, 1004 ring dwords reserved for buffer at 0x400000, seq 8193
 15455    265.458 gfx: paging submit, 1004 ring dwords reserved for buffer at 0x410000, seq 8194
 15456    265.458 gfx: paging submit, 1004 ring dwords reserved for buffer at 0x400000, seq 8195
 15457    265.458 gfx: paging submit, 1004 ring dwords reserved for buffer at 0x410000, seq 8196
 15458    265.458 gfx: paging submit, 1004 ring dwords reserved for buffer at 0x400000, seq 8197
 15459    265.458 gfx: paging submit, 1004 ring dwords reserved for buffer at 0x410000, seq 8198
 15460    265.458 gfx: paging submit, 1004 ring dwords reserved for buffer at 0x400000, seq 8199
 15461    265.458 gfx: paging submit, 1004 ring dwords reserved for buffer at 0x410000, seq 8200
 15462    265.458 gfx: paging submit, 1004 ring dwords reserved for buffer at 0x400000, seq 8201
 15463    265.458 gfx: paging submit, 1004 ring dwords reserved for buffer at 0x410000, seq 8202
 15464    265.458 gfx: paging submit, 1004 ring dwords reserved for buffer at 0x400000, seq 8203
 15465    265.458 gfx: paging submit, 1004 ring dwords reserved for buffer at 0x410000, seq 8204
 15466    265.458 gfx: paging submit, 1004 ring dwords reserved for buffer at 0x400000, seq 8205
 15467    265.458 gfx: paging submit, 1004 ring dwords reserved for buffer at 0x410000, seq 8206
 15468    265.458 gfx: paging submit, 1004 ring dwords reserved for buffer at 0x400000, seq 8207
 15469    265.458 gfx: paging submit, 1004 ring dwords reserved for buffer at 0x410000, seq 8208
 15470    265.458 gfx: paging submit, 974 ring dwords reserved for buffer at 0x400000, seq 8209
 15471    265.458 gfx: paging submit, 1004 ring dwords reserved for buffer at 0x410000, seq 8210
 15472    265.458 gfx: paging submit, 1004 ring dwords reserved for buffer at 0x400000, seq 8211
 15473    265.458 gfx: paging submit, 1004 ring dwords reserved for buffer at 0x410000, seq 8212
 15474    265.458 gfx: paging submit, 1004 ring dwords reserved for buffer at 0x400000, seq 8213
 15475    265.458 gfx: paging submit, 1004 ring dwords reserved for buffer at 0x410000, seq 8214
 15476    265.458 gfx: paging submit, 1004 ring dwords reserved for buffer at 0x400000, seq 8215
 15477    265.458 gfx: paging submit, 1004 ring dwords reserved for buffer at 0x410000, seq 8216
 15478    265.460 gfx: paging submit, 1004 ring dwords reserved for buffer at 0x400000, seq 8217
 15479    265.460 gfx: paging submit, 1004 ring dwords reserved for buffer at 0x410000, seq 8218
 15480    265.474 amdgpu[2]: ring alloc of 16 dwords exceeds max_dw 10

 15481    265.474 gfx: paging submit, 667 ring dwords reserved for buffer at 0x400000, seq 8219
 15482    265.490 gfx: paging submit, 930 ring dwords reserved for buffer at 0x410000, seq 8220
 15483    265.492 gfx: paging submit, 1002 ring dwords reserved for buffer at 0x400000, seq 8221
 15484    265.492 gfx: paging submit, 1006 ring dwords reserved for buffer at 0x410000, seq 8222
 15485    265.492 gfx: paging submit, 1006 ring dwords reserved for buffer at 0x400000, seq 8223
 15486    265.492 gfx: paging submit, 1004 ring dwords reserved for buffer at 0x410000, seq 8224
 15487    265.492 gfx: paging submit, 974 ring dwords reserved for buffer at 0x400000, seq 8225
 15488    265.492 gfx: paging submit, 1004 ring dwords reserved for buffer at 0x410000, seq 8226
 15489    265.492 gfx: paging submit, 1004 ring dwords reserved for buffer at 0x400000, seq 8227
 15490    265.492 gfx: paging submit, 1004 ring dwords reserved for buffer at 0x410000, seq 8228
 15491    265.492 gfx: paging submit, 1004 ring dwords reserved for buffer at 0x400000, seq 8229
 15492    265.494 gfx: paging submit, 1004 ring dwords reserved for buffer at 0x410000, seq 8230
 15493    265.494 gfx: paging submit, 1004 ring dwords reserved for buffer at 0x400000, seq 8231
 15494    265.494 gfx: paging submit, 1004 ring dwords reserved for buffer at 0x410000, seq 8232
 15495    265.494 gfx: paging submit, 1004 ring dwords reserved for buffer at 0x400000, seq 8233
 15496    265.494 gfx: paging submit, 1004 ring dwords reserved for buffer at 0x410000, seq 8234
 15497    265.494 gfx: paging submit, 1004 ring dwords reserved for buffer at 0x400000, seq 8235
 15498    265.494 gfx: paging submit, 1004 ring dwords reserved for buffer at 0x410000, seq 8236
 15499    265.494 gfx: paging submit, 1004 ring dwords reserved for buffer at 0x400000, seq 8237
 15500    265.494 gfx: paging submit, 1004 ring dwords reserved for buffer at 0x410000, seq 8238
 15501    265.494 gfx: paging submit, 1004 ring dwords reserved for buffer at 0x400000, seq 8239
 15502    265.494 gfx: paging submit, 1004 ring dwords reserved for buffer at 0x410000, seq 8240
 15503    265.494 gfx: paging submit, 1004 ring dwords reserved for buffer at 0x400000, seq 8241
 15504    265.494 gfx: paging submit, 1004 ring dwords reserved for buffer at 0x410000, seq 8242
 15505    265.494 gfx: paging submit, 1004 ring dwords reserved for buffer at 0x400000, seq 8243
 15506    265.494 gfx: paging submit, 1004 ring dwords reserved for buffer at 0x410000, seq 8244
 15507    265.494 gfx: paging submit, 1004 ring dwords reserved for buffer at 0x400000, seq 8245
 15508    265.494 gfx: paging submit, 974 ring dwords reserved for buffer at 0x410000, seq 8246
 15509    265.494 gfx: paging submit, 1004 ring dwords reserved for buffer at 0x400000, seq 8247
 15510    265.494 gfx: paging submit, 1004 ring dwords reserved for buffer at 0x410000, seq 8248
 15511    265.494 gfx: paging submit, 1004 ring dwords reserved for buffer at 0x400000, seq 8249
 15512    265.494 gfx: paging submit, 1004 ring dwords reserved for buffer at 0x410000, seq 8250
 15513    265.494 gfx: paging submit, 1004 ring dwords reserved for buffer at 0x400000, seq 8251
 15514    265.494 gfx: paging submit, 1004 ring dwords reserved for buffer at 0x410000, seq 8252
 15515    265.494 gfx: paging submit, 1004 ring dwords reserved for buffer at 0x400000, seq 8253
 15516    265.494 gfx: paging submit, 1004 ring dwords reserved for buffer at 0x410000, seq 8254
 15517    265.494 gfx: paging submit, 1004 ring dwords reserved for buffer at 0x400000, seq 8255
 15518    265.494 gfx: paging submit, 1004 ring dwords reserved for buffer at 0x410000, seq 8256
 15519    265.494 gfx: paging submit, 1004 ring dwords reserved for buffer at 0x400000, seq 8257
 15520    265.494 gfx: paging submit, 1004 ring dwords reserved for buffer at 0x410000, seq 8258
 15521    265.494 gfx: paging submit, 1004 ring dwords reserved for buffer at 0x400000, seq 8259
 15522    265.494 gfx: paging submit, 1004 ring dwords reserved for buffer at 0x410000, seq 8260
 15523    265.494 gfx: paging submit, 1004 ring dwords reserved for buffer at 0x400000, seq 8261
 15524    265.494 gfx: paging submit, 1004 ring dwords reserved for buffer at 0x410000, seq 8262
 15525    265.494 gfx: paging submit, 1004 ring dwords reserved for buffer at 0x400000, seq 8263
 15526    265.494 gfx: paging submit, 1004 ring dwords reserved for buffer at 0x410000, seq 8264
 15527    265.494 gfx: paging submit, 1004 ring dwords reserved for buffer at 0x400000, seq 8265
 15528    265.494 gfx: paging submit, 1004 ring dwords reserved for buffer at 0x410000, seq 8266
 15529    265.494 gfx: paging submit, 974 ring dwords reserved for buffer at 0x400000, seq 8267
 15530    265.494 gfx: paging submit, 1004 ring dwords reserved for buffer at 0x410000, seq 8268
 15531    265.494 gfx: paging submit, 1004 ring dwords reserved for buffer at 0x400000, seq 8269
 15532    265.494 gfx: paging submit, 1004 ring dwords reserved for buffer at 0x410000, seq 8270
 15533    265.494 gfx: paging submit, 1004 ring dwords reserved for buffer at 0x400000, seq 8271
 15534    265.494 gfx: paging submit, 1004 ring dwords reserved for buffer at 0x410000, seq 8272
 15535    265.494 gfx: paging submit, 1004 ring dwords reserved for buffer at 0x400000, seq 8273
 15536    265.494 gfx: paging submit, 1004 ring dwords reserved for buffer at 0x410000, seq 8274
 15537    265.494 gfx: paging submit, 1004 ring dwords reserved for buffer at 0x400000, seq 8275
 15538    265.494 gfx: paging submit, 1004 ring dwords reserved for buffer at 0x410000, seq 8276
 15539    265.496 gfx: paging submit, 1004 ring dwords reserved for buffer at 0x400000, seq 8277
 15540    265.496 gfx: paging submit, 1004 ring dwords reserved for buffer at 0x410000, seq 8278
 15541    265.496 gfx: paging submit, 1004 ring dwords reserved for buffer at 0x400000, seq 8279
 15542    265.496 gfx: paging submit, 1004 ring dwords reserved for buffer at 0x410000, seq 8280
 15543    265.496 gfx: paging submit, 1004 ring dwords reserved for buffer at 0x400000, seq 8281
 15544    265.496 gfx: paging submit, 1004 ring dwords reserved for buffer at 0x410000, seq 8282
 15545    265.496 gfx: paging submit, 1004 ring dwords reserved for buffer at 0x400000, seq 8283
 15546    265.496 gfx: paging submit, 1004 ring dwords reserved for buffer at 0x410000, seq 8284
 15547    265.496 gfx: paging submit, 1004 ring dwords reserved for buffer at 0x400000, seq 8285
 15548    265.496 gfx: paging submit, 1004 ring dwords reserved for buffer at 0x410000, seq 8286
 15549    265.496 gfx: paging submit, 1004 ring dwords reserved for buffer at 0x400000, seq 8287
 15550    265.496 gfx: paging submit, 974 ring dwords reserved for buffer at 0x410000, seq 8288
 15551    265.496 gfx: paging submit, 1004 ring dwords reserved for buffer at 0x400000, seq 8289
 15552    265.496 gfx: paging submit, 1004 ring dwords reserved for buffer at 0x410000, seq 8290
 15553    265.496 gfx: paging submit, 1004 ring dwords reserved for buffer at 0x400000, seq 8291
 15554    265.496 gfx: paging submit, 1004 ring dwords reserved for buffer at 0x410000, seq 8292
 15555    265.496 gfx: paging submit, 1004 ring dwords reserved for buffer at 0x400000, seq 8293
 15556    265.496 gfx: paging submit, 1004 ring dwords reserved for buffer at 0x410000, seq 8294
 15557    265.496 gfx: paging submit, 1004 ring dwords reserved for buffer at 0x400000, seq 8295
 15558    265.496 gfx: paging submit, 1004 ring dwords reserved for buffer at 0x410000, seq 8296
 15559    265.496 gfx: paging submit, 1004 ring dwords reserved for buffer at 0x400000, seq 8297
 15560    265.496 gfx: paging submit, 1004 ring dwords reserved for buffer at 0x410000, seq 8298
 15561    265.496 gfx: paging submit, 1004 ring dwords reserved for buffer at 0x400000, seq 8299
 15562    265.496 gfx: paging submit, 1004 ring dwords reserved for buffer at 0x410000, seq 8300
 15563    265.496 gfx: paging submit, 1004 ring dwords reserved for buffer at 0x400000, seq 8301
 15564    265.496 gfx: paging submit, 1004 ring dwords reserved for buffer at 0x410000, seq 8302
 15565    265.496 gfx: paging submit, 1004 ring dwords reserved for buffer at 0x400000, seq 8303
 15566    265.496 gfx: paging submit, 1004 ring dwords reserved for buffer at 0x410000, seq 8304
 15567    265.496 gfx: paging submit, 1004 ring dwords reserved for buffer at 0x400000, seq 8305
 15568    265.496 gfx: paging submit, 1004 ring dwords reserved for buffer at 0x410000, seq 8306
 15569    265.496 gfx: paging submit, 1004 ring dwords reserved for buffer at 0x400000, seq 8307
 15570    265.496 gfx: paging submit, 1004 ring dwords reserved for buffer at 0x410000, seq 8308
 15571    265.496 gfx: paging submit, 974 ring dwords reserved for buffer at 0x400000, seq 8309
 15572    265.496 gfx: paging submit, 1004 ring dwords reserved for buffer at 0x410000, seq 8310
 15573    265.496 gfx: paging submit, 1004 ring dwords reserved for buffer at 0x400000, seq 8311
 15574    265.496 gfx: paging submit, 1004 ring dwords reserved for buffer at 0x410000, seq 8312
 15575    265.496 gfx: paging submit, 1004 ring dwords reserved for buffer at 0x400000, seq 8313
 15576    265.496 gfx: paging submit, 1004 ring dwords reserved for buffer at 0x410000, seq 8314
 15577    265.496 gfx: paging submit, 1004 ring dwords reserved for buffer at 0x400000, seq 8315
 15578    265.496 gfx: paging submit, 1004 ring dwords reserved for buffer at 0x410000, seq 8316
 15579    265.496 gfx: paging submit, 1004 ring dwords reserved for buffer at 0x400000, seq 8317
 15580    265.496 gfx: paging submit, 1004 ring dwords reserved for buffer at 0x410000, seq 8318
 15581    265.496 gfx: paging submit, 1004 ring dwords reserved for buffer at 0x400000, seq 8319
 15582    265.496 gfx: paging submit, 1004 ring dwords reserved for buffer at 0x410000, seq 8320
 15583    265.496 gfx: paging submit, 1004 ring dwords reserved for buffer at 0x400000, seq 8321
 15584    265.496 gfx: paging submit, 1004 ring dwords reserved for buffer at 0x410000, seq 8322
 15585    265.496 gfx: paging submit, 1004 ring dwords reserved for buffer at 0x400000, seq 8323
 15586    265.496 gfx: paging submit, 1004 ring dwords reserved for buffer at 0x410000, seq 8324
 15587    265.496 gfx: paging submit, 1004 ring dwords reserved for buffer at 0x400000, seq 8325
 15588    265.496 gfx: paging submit, 1004 ring dwords reserved for buffer at 0x410000, seq 8326
 15589    265.496 gfx: paging submit, 1004 ring dwords reserved for buffer at 0x400000, seq 8327
 15590    265.496 gfx: paging submit, 1004 ring dwords reserved for buffer at 0x410000, seq 8328
 15591    265.496 gfx: paging submit, 1004 ring dwords reserved for buffer at 0x400000, seq 8329
 15592    265.496 gfx: paging submit, 974 ring dwords reserved for buffer at 0x410000, seq 8330
 15593    265.498 gfx: paging submit, 1004 ring dwords reserved for buffer at 0x400000, seq 8331
 15594    265.498 gfx: paging submit, 1004 ring dwords reserved for buffer at 0x410000, seq 8332
 15595    265.498 gfx: paging submit, 1004 ring dwords reserved for buffer at 0x400000, seq 8333
 15596    265.498 gfx: paging submit, 1004 ring dwords reserved for buffer at 0x410000, seq 8334
 15597    265.498 gfx: paging submit, 1004 ring dwords reserved for buffer at 0x400000, seq 8335
 15598    265.498 gfx: paging submit, 1004 ring dwords reserved for buffer at 0x410000, seq 8336
 15599    265.498 gfx: paging submit, 1004 ring dwords reserved for buffer at 0x400000, seq 8337
 15600    265.498 gfx: paging submit, 1004 ring dwords reserved for buffer at 0x410000, seq 8338
 15601    265.498 gfx: paging submit, 1004 ring dwords reserved for buffer at 0x400000, seq 8339
 15602    265.498 gfx: paging submit, 1004 ring dwords reserved for buffer at 0x410000, seq 8340
 15603    265.498 gfx: paging submit, 1004 ring dwords reserved for buffer at 0x400000, seq 8341
 15604    265.498 gfx: paging submit, 1004 ring dwords reserved for buffer at 0x410000, seq 8342
 15605    265.498 gfx: paging submit, 1004 ring dwords reserved for buffer at 0x400000, seq 8343
 15606    265.498 gfx: paging submit, 1004 ring dwords reserved for buffer at 0x410000, seq 8344
 15607    265.498 gfx: paging submit, 1004 ring dwords reserved for buffer at 0x400000, seq 8345
 15608    265.498 gfx: paging submit, 1004 ring dwords reserved for buffer at 0x410000, seq 8346
 15609    265.498 gfx: paging submit, 1004 ring dwords reserved for buffer at 0x400000, seq 8347
 15610    265.498 gfx: paging submit, 1004 ring dwords reserved for buffer at 0x410000, seq 8348
 15611    265.498 gfx: paging submit, 1004 ring dwords reserved for buffer at 0x400000, seq 8349
 15612    265.498 gfx: paging submit, 1004 ring dwords reserved for buffer at 0x410000, seq 8350
 15613    265.498 gfx: paging submit, 974 ring dwords reserved for buffer at 0x400000, seq 8351
 15614    265.498 gfx: paging submit, 1004 ring dwords reserved for buffer at 0x410000, seq 8352
 15615    265.498 gfx: paging submit, 1004 ring dwords reserved for buffer at 0x400000, seq 8353
 15616    265.498 gfx: paging submit, 1004 ring dwords reserved for buffer at 0x410000, seq 8354
 15617    265.498 gfx: paging submit, 1004 ring dwords reserved for buffer at 0x400000, seq 8355
 15618    265.498 gfx: paging submit, 1004 ring dwords reserved for buffer at 0x410000, seq 8356
 15619    265.498 gfx: paging submit, 1017 ring dwords reserved for buffer at 0x400000, seq 8357
 15620    265.498 gfx: paging submit, 1004 ring dwords reserved for buffer at 0x410000, seq 8358
 15621    265.498 gfx: paging submit, 1004 ring dwords reserved for buffer at 0x400000, seq 8359
 15622    265.498 gfx: paging submit, 1004 ring dwords reserved for buffer at 0x410000, seq 8360
 15623    265.498 gfx: paging submit, 1004 ring dwords reserved for buffer at 0x400000, seq 8361
 15624    265.498 gfx: paging submit, 1004 ring dwords reserved for buffer at 0x410000, seq 8362
 15625    265.498 gfx: paging submit, 1004 ring dwords reserved for buffer at 0x400000, seq 8363
 15626    265.498 gfx: paging submit, 1004 ring dwords reserved for buffer at 0x410000, seq 8364
 15627    265.498 gfx: paging submit, 1004 ring dwords reserved for buffer at 0x400000, seq 8365
 15628    265.498 gfx: paging submit, 1004 ring dwords reserved for buffer at 0x410000, seq 8366
 15629    265.498 gfx: paging submit, 1004 ring dwords reserved for buffer at 0x400000, seq 8367
 15630    265.498 gfx: paging submit, 1004 ring dwords reserved for buffer at 0x410000, seq 8368
 15631    265.498 gfx: paging submit, 1004 ring dwords reserved for buffer at 0x400000, seq 8369
 15632    265.498 gfx: paging submit, 1004 ring dwords reserved for buffer at 0x410000, seq 8370
 15633    265.498 gfx: paging submit, 1004 ring dwords reserved for buffer at 0x400000, seq 8371
 15634    265.498 gfx: paging submit, 974 ring dwords reserved for buffer at 0x410000, seq 8372
 15635    265.498 gfx: paging submit, 1004 ring dwords reserved for buffer at 0x400000, seq 8373
 15636    265.498 gfx: paging submit, 1004 ring dwords reserved for buffer at 0x410000, seq 8374
 15637    265.498 gfx: paging submit, 1004 ring dwords reserved for buffer at 0x400000, seq 8375
 15638    265.498 gfx: paging submit, 1004 ring dwords reserved for buffer at 0x410000, seq 8376
 15639    265.498 gfx: paging submit, 1004 ring dwords reserved for buffer at 0x400000, seq 8377
 15640    265.498 gfx: paging submit, 1004 ring dwords reserved for buffer at 0x410000, seq 8378
 15641    265.498 gfx: paging submit, 1004 ring dwords reserved for buffer at 0x400000, seq 8379
 15642    265.498 gfx: paging submit, 1004 ring dwords reserved for buffer at 0x410000, seq 8380
 15643    265.498 gfx: paging submit, 1004 ring dwords reserved for buffer at 0x400000, seq 8381
 15644    265.498 gfx: paging submit, 1004 ring dwords reserved for buffer at 0x410000, seq 8382
 15645    265.498 gfx: paging submit, 1004 ring dwords reserved for buffer at 0x400000, seq 8383
 15646    265.500 gfx: paging submit, 1004 ring dwords reserved for buffer at 0x410000, seq 8384
 15647    265.500 gfx: paging submit, 1004 ring dwords reserved for buffer at 0x400000, seq 8385
 15648    265.500 gfx: paging submit, 1004 ring dwords reserved for buffer at 0x410000, seq 8386
 15649    265.500 gfx: paging submit, 1004 ring dwords reserved for buffer at 0x400000, seq 8387
 15650    265.500 gfx: paging submit, 1004 ring dwords reserved for buffer at 0x410000, seq 8388
 15651    265.500 gfx: paging submit, 1004 ring dwords reserved for buffer at 0x400000, seq 8389
 15652    265.500 gfx: paging submit, 1004 ring dwords reserved for buffer at 0x410000, seq 8390
 15653    265.500 gfx: paging submit, 1004 ring dwords reserved for buffer at 0x400000, seq 8391
 15654    265.500 gfx: paging submit, 1004 ring dwords reserved for buffer at 0x410000, seq 8392
 15655    265.500 gfx: paging submit, 974 ring dwords reserved for buffer at 0x400000, seq 8393
 15656    265.500 gfx: paging submit, 1004 ring dwords reserved for buffer at 0x410000, seq 8394
 15657    265.500 gfx: paging submit, 1004 ring dwords reserved for buffer at 0x400000, seq 8395
 15658    265.500 gfx: paging submit, 1004 ring dwords reserved for buffer at 0x410000, seq 8396
 15659    265.500 gfx: paging submit, 1004 ring dwords reserved for buffer at 0x400000, seq 8397
 15660    265.500 gfx: paging submit, 1004 ring dwords reserved for buffer at 0x410000, seq 8398
 15661    265.500 gfx: paging submit, 1004 ring dwords reserved for buffer at 0x400000, seq 8399
 15662    265.500 gfx: paging submit, 1004 ring dwords reserved for buffer at 0x410000, seq 8400
 15663    265.500 gfx: paging submit, 1004 ring dwords reserved for buffer at 0x400000, seq 8401
 15664    265.500 gfx: paging submit, 1004 ring dwords reserved for buffer at 0x410000, seq 8402
 15665    265.500 gfx: paging submit, 1004 ring dwords reserved for buffer at 0x400000, seq 8403
 15666    265.500 gfx: paging submit, 1004 ring dwords reserved for buffer at 0x410000, seq 8404
 15667    265.500 gfx: paging submit, 1004 ring dwords reserved for buffer at 0x400000, seq 8405
 15668    265.500 gfx: paging submit, 1004 ring dwords reserved for buffer at 0x410000, seq 8406
 15669    265.500 gfx: paging submit, 1004 ring dwords reserved for buffer at 0x400000, seq 8407
 15670    265.500 gfx: paging submit, 1004 ring dwords reserved for buffer at 0x410000, seq 8408
 15671    265.500 gfx: paging submit, 1004 ring dwords reserved for buffer at 0x400000, seq 8409
 15672    265.500 gfx: paging submit, 1004 ring dwords reserved for buffer at 0x410000, seq 8410
 15673    265.500 gfx: paging submit, 1004 ring dwords reserved for buffer at 0x400000, seq 8411
 15674    265.500 gfx: paging submit, 1004 ring dwords reserved for buffer at 0x410000, seq 8412
 15675    265.500 gfx: paging submit, 1004 ring dwords reserved for buffer at 0x400000, seq 8413
 15676    265.500 gfx: paging submit, 974 ring dwords reserved for buffer at 0x410000, seq 8414
 15677    265.500 gfx: paging submit, 1004 ring dwords reserved for buffer at 0x400000, seq 8415
 15678    265.500 gfx: paging submit, 1004 ring dwords reserved for buffer at 0x410000, seq 8416
 15679    265.500 gfx: paging submit, 1004 ring dwords reserved for buffer at 0x400000, seq 8417
 15680    265.500 gfx: paging submit, 1004 ring dwords reserved for buffer at 0x410000, seq 8418
 15681    265.500 gfx: paging submit, 1004 ring dwords reserved for buffer at 0x400000, seq 8419
 15682    265.500 gfx: paging submit, 1004 ring dwords reserved for buffer at 0x410000, seq 8420
 15683    265.500 gfx: paging submit, 1004 ring dwords reserved for buffer at 0x400000, seq 8421
 15684    265.500 gfx: paging submit, 1004 ring dwords reserved for buffer at 0x410000, seq 8422
 15685    265.500 gfx: paging submit, 1004 ring dwords reserved for buffer at 0x400000, seq 8423
 15686    265.500 gfx: paging submit, 1004 ring dwords reserved for buffer at 0x410000, seq 8424
 15687    265.500 gfx: paging submit, 1004 ring dwords reserved for buffer at 0x400000, seq 8425
 15688    265.500 gfx: paging submit, 1004 ring dwords reserved for buffer at 0x410000, seq 8426
 15689    265.500 gfx: paging submit, 1004 ring dwords reserved for buffer at 0x400000, seq 8427
 15690    265.500 gfx: paging submit, 1004 ring dwords reserved for buffer at 0x410000, seq 8428
 15691    265.500 gfx: paging submit, 1004 ring dwords reserved for buffer at 0x400000, seq 8429
 15692    265.500 gfx: paging submit, 1004 ring dwords reserved for buffer at 0x410000, seq 8430
 15693    265.500 gfx: paging submit, 1004 ring dwords reserved for buffer at 0x400000, seq 8431
 15694    265.500 gfx: paging submit, 1004 ring dwords reserved for buffer at 0x410000, seq 8432
 15695    265.500 gfx: paging submit, 1004 ring dwords reserved for buffer at 0x400000, seq 8433
 15696    265.500 gfx: paging submit, 1004 ring dwords reserved for buffer at 0x410000, seq 8434
 15697    265.500 gfx: paging submit, 974 ring dwords reserved for buffer at 0x400000, seq 8435
 15698    265.500 gfx: paging submit, 1004 ring dwords reserved for buffer at 0x410000, seq 8436
 15699    265.500 gfx: paging submit, 1004 ring dwords reserved for buffer at 0x400000, seq 8437
 15700    265.502 gfx: paging submit, 1004 ring dwords reserved for buffer at 0x410000, seq 8438
 15701    265.502 gfx: paging submit, 1004 ring dwords reserved for buffer at 0x400000, seq 8439
 15702    265.502 gfx: paging submit, 1004 ring dwords reserved for buffer at 0x410000, seq 8440
 15703    265.502 gfx: paging submit, 1004 ring dwords reserved for buffer at 0x400000, seq 8441
 15704    265.502 gfx: paging submit, 1004 ring dwords reserved for buffer at 0x410000, seq 8442
 15705    265.502 gfx: paging submit, 1004 ring dwords reserved for buffer at 0x400000, seq 8443
 15706    265.502 gfx: paging submit, 1004 ring dwords reserved for buffer at 0x410000, seq 8444
 15707    265.502 gfx: paging submit, 1004 ring dwords reserved for buffer at 0x400000, seq 8445
 15708    265.502 gfx: paging submit, 1004 ring dwords reserved for buffer at 0x410000, seq 8446
 15709    265.502 gfx: paging submit, 1004 ring dwords reserved for buffer at 0x400000, seq 8447
 15710    265.502 gfx: paging submit, 1004 ring dwords reserved for buffer at 0x410000, seq 8448
 15711    265.502 gfx: paging submit, 1004 ring dwords reserved for buffer at 0x400000, seq 8449
 15712    265.502 gfx: paging submit, 1004 ring dwords reserved for buffer at 0x410000, seq 8450
 15713    265.502 gfx: paging submit, 1004 ring dwords reserved for buffer at 0x400000, seq 8451
 15714    265.502 gfx: paging submit, 1004 ring dwords reserved for buffer at 0x410000, seq 8452
 15715    265.502 gfx: paging submit, 1004 ring dwords reserved for buffer at 0x400000, seq 8453
 15716    265.502 gfx: paging submit, 1004 ring dwords reserved for buffer at 0x410000, seq 8454
 15717    265.502 gfx: paging submit, 1004 ring dwords reserved for buffer at 0x400000, seq 8455
 15718    265.502 gfx: paging submit, 974 ring dwords reserved for buffer at 0x410000, seq 8456
 15719    265.502 gfx: paging submit, 1004 ring dwords reserved for buffer at 0x400000, seq 8457
 15720    265.502 gfx: paging submit, 1004 ring dwords reserved for buffer at 0x410000, seq 8458
 15721    265.502 gfx: paging submit, 1004 ring dwords reserved for buffer at 0x400000, seq 8459
 15722    265.502 gfx: paging submit, 1004 ring dwords reserved for buffer at 0x410000, seq 8460
 15723    265.502 gfx: paging submit, 1004 ring dwords reserved for buffer at 0x400000, seq 8461
 15724    265.502 gfx: paging submit, 1004 ring dwords reserved for buffer at 0x410000, seq 8462
 15725    265.502 gfx: paging submit, 1004 ring dwords reserved for buffer at 0x400000, seq 8463
 15726    265.502 gfx: paging submit, 1004 ring dwords reserved for buffer at 0x410000, seq 8464
 15727    265.502 gfx: paging submit, 1004 ring dwords reserved for buffer at 0x400000, seq 8465
 15728    265.502 gfx: paging submit, 1004 ring dwords reserved for buffer at 0x410000, seq 8466
 15729    265.502 gfx: paging submit, 1004 ring dwords reserved for buffer at 0x400000, seq 8467
 15730    265.502 gfx: paging submit, 1004 ring dwords reserved for buffer at 0x410000, seq 8468
 15731    265.502 gfx: paging submit, 1004 ring dwords reserved for buffer at 0x400000, seq 8469
 15732    265.502 gfx: paging submit, 1004 ring dwords reserved for buffer at 0x410000, seq 8470
 15733    265.502 gfx: paging submit, 1004 ring dwords reserved for buffer at 0x400000, seq 8471
 15734    265.502 gfx: paging submit, 1004 ring dwords reserved for buffer at 0x410000, seq 8472
 15735    265.502 gfx: paging submit, 1004 ring dwords reserved for buffer at 0x400000, seq 8473
 15736    265.502 gfx: paging submit, 1004 ring dwords reserved for buffer at 0x410000, seq 8474
 15737    265.502 gfx: paging submit, 1004 ring dwords reserved for buffer at 0x400000, seq 8475
 15738    265.502 gfx: paging submit, 1004 ring dwords reserved for buffer at 0x410000, seq 8476
 15739    265.502 gfx: paging submit, 974 ring dwords reserved for buffer at 0x400000, seq 8477
 15740    265.502 gfx: paging submit, 1004 ring dwords reserved for buffer at 0x410000, seq 8478
 15741    265.502 gfx: paging submit, 1004 ring dwords reserved for buffer at 0x400000, seq 8479
 15742    265.502 gfx: paging submit, 1004 ring dwords reserved for buffer at 0x410000, seq 8480
 15743    265.502 gfx: paging submit, 1004 ring dwords reserved for buffer at 0x400000, seq 8481
 15744    265.502 gfx: paging submit, 1004 ring dwords reserved for buffer at 0x410000, seq 8482
 15745    265.502 gfx: paging submit, 1004 ring dwords reserved for buffer at 0x400000, seq 8483
 15746    265.502 gfx: paging submit, 1004 ring dwords reserved for buffer at 0x410000, seq 8484
 15747    265.502 gfx: paging submit, 1004 ring dwords reserved for buffer at 0x400000, seq 8485
 15748    265.502 gfx: paging submit, 1004 ring dwords reserved for buffer at 0x410000, seq 8486
 15749    265.502 gfx: paging submit, 1004 ring dwords reserved for buffer at 0x400000, seq 8487
 15750    265.502 gfx: paging submit, 1004 ring dwords reserved for buffer at 0x410000, seq 8488
 15751    265.502 gfx: paging submit, 1004 ring dwords reserved for buffer at 0x400000, seq 8489
 15752    265.502 gfx: paging submit, 1004 ring dwords reserved for buffer at 0x410000, seq 8490
 15753    265.502 gfx: paging submit, 841 ring dwords reserved for buffer at 0x400000, seq 8491
 15754    265.504 gfx: paging submit, 1004 ring dwords reserved for buffer at 0x410000, seq 8492
 15755    265.504 gfx: paging submit, 1004 ring dwords reserved for buffer at 0x400000, seq 8493
 15756    265.504 gfx: paging submit, 1004 ring dwords reserved for buffer at 0x410000, seq 8494
 15757    265.504 gfx: paging submit, 1004 ring dwords reserved for buffer at 0x400000, seq 8495
 15758    265.504 gfx: paging submit, 1004 ring dwords reserved for buffer at 0x410000, seq 8496
 15759    265.504 gfx: paging submit, 1004 ring dwords reserved for buffer at 0x400000, seq 8497
 15760    265.504 gfx: paging submit, 1004 ring dwords reserved for buffer at 0x410000, seq 8498
 15761    265.504 gfx: paging submit, 1004 ring dwords reserved for buffer at 0x400000, seq 8499
 15762    265.504 gfx: paging submit, 1004 ring dwords reserved for buffer at 0x410000, seq 8500
 15763    265.504 gfx: paging submit, 1004 ring dwords reserved for buffer at 0x400000, seq 8501
 15764    265.504 gfx: paging submit, 1004 ring dwords reserved for buffer at 0x410000, seq 8502
 15765    265.504 gfx: paging submit, 1004 ring dwords reserved for buffer at 0x400000, seq 8503
 15766    265.504 gfx: paging submit, 1004 ring dwords reserved for buffer at 0x410000, seq 8504
 15767    265.504 gfx: paging submit, 1004 ring dwords reserved for buffer at 0x400000, seq 8505
 15768    265.504 gfx: paging submit, 1004 ring dwords reserved for buffer at 0x410000, seq 8506
 15769    265.504 gfx: paging submit, 1004 ring dwords reserved for buffer at 0x400000, seq 8507
 15770    265.504 gfx: paging submit, 1004 ring dwords reserved for buffer at 0x410000, seq 8508
 15771    265.504 gfx: paging submit, 1004 ring dwords reserved for buffer at 0x400000, seq 8509
 15772    265.504 gfx: paging submit, 974 ring dwords reserved for buffer at 0x410000, seq 8510
 15773    265.504 gfx: paging submit, 1002 ring dwords reserved for buffer at 0x400000, seq 8511
 15774    265.504 gfx: paging submit, 1006 ring dwords reserved for buffer at 0x410000, seq 8512
 15775    265.504 gfx: paging submit, 1004 ring dwords reserved for buffer at 0x400000, seq 8513
 15776    265.504 gfx: paging submit, 1004 ring dwords reserved for buffer at 0x410000, seq 8514
 15777    265.504 gfx: paging submit, 1004 ring dwords reserved for buffer at 0x400000, seq 8515
 15778    265.504 gfx: paging submit, 1004 ring dwords reserved for buffer at 0x410000, seq 8516
 15779    265.504 gfx: paging submit, 1004 ring dwords reserved for buffer at 0x400000, seq 8517
 15780    265.504 gfx: paging submit, 1004 ring dwords reserved for buffer at 0x410000, seq 8518
 15781    265.506 gfx: paging submit, 1004 ring dwords reserved for buffer at 0x400000, seq 8519
 15782    265.506 gfx: paging submit, 1004 ring dwords reserved for buffer at 0x410000, seq 8520
 15783    265.506 gfx: paging submit, 1004 ring dwords reserved for buffer at 0x400000, seq 8521
 15784    265.506 gfx: paging submit, 1004 ring dwords reserved for buffer at 0x410000, seq 8522
 15785    265.506 gfx: paging submit, 1004 ring dwords reserved for buffer at 0x400000, seq 8523
 15786    265.506 gfx: paging submit, 1004 ring dwords reserved for buffer at 0x410000, seq 8524
 15787    265.506 gfx: paging submit, 1004 ring dwords reserved for buffer at 0x400000, seq 8525
 15788    265.506 gfx: paging submit, 1004 ring dwords reserved for buffer at 0x410000, seq 8526
 15789    265.506 gfx: paging submit, 1004 ring dwords reserved for buffer at 0x400000, seq 8527
 15790    265.506 gfx: paging submit, 1004 ring dwords reserved for buffer at 0x410000, seq 8528
 15791    265.506 gfx: paging submit, 1004 ring dwords reserved for buffer at 0x400000, seq 8529
 15792    265.506 gfx: paging submit, 1004 ring dwords reserved for buffer at 0x410000, seq 8530
 15793    265.506 gfx: paging submit, 1004 ring dwords reserved for buffer at 0x400000, seq 8531
 15794    265.506 gfx: paging submit, 1004 ring dwords reserved for buffer at 0x410000, seq 8532
 15795    265.506 gfx: paging submit, 1004 ring dwords reserved for buffer at 0x400000, seq 8533
 15796    265.506 gfx: paging submit, 1004 ring dwords reserved for buffer at 0x410000, seq 8534
 15797    265.506 gfx: paging submit, 1004 ring dwords reserved for buffer at 0x400000, seq 8535
 15798    265.506 gfx: paging submit, 1004 ring dwords reserved for buffer at 0x410000, seq 8536
 15799    265.506 gfx: paging submit, 974 ring dwords reserved for buffer at 0x400000, seq 8537
 15800    265.506 gfx: paging submit, 1004 ring dwords reserved for buffer at 0x410000, seq 8538
 15801    265.506 gfx: paging submit, 1004 ring dwords reserved for buffer at 0x400000, seq 8539
 15802    265.506 gfx: paging submit, 1004 ring dwords reserved for buffer at 0x410000, seq 8540
 15803    265.506 gfx: paging submit, 1004 ring dwords reserved for buffer at 0x400000, seq 8541
 15804    265.506 gfx: paging submit, 1004 ring dwords reserved for buffer at 0x410000, seq 8542
 15805    265.506 gfx: paging submit, 1004 ring dwords reserved for buffer at 0x400000, seq 8543
 15806    265.506 gfx: paging submit, 1004 ring dwords reserved for buffer at 0x410000, seq 8544
 15807    265.506 gfx: paging submit, 1004 ring dwords reserved for buffer at 0x400000, seq 8545
 15808    265.506 gfx: paging submit, 1004 ring dwords reserved for buffer at 0x410000, seq 8546
 15809    265.508 gfx: paging submit, 1004 ring dwords reserved for buffer at 0x400000, seq 8547
 15810    265.508 gfx: paging submit, 1004 ring dwords reserved for buffer at 0x410000, seq 8548
 15811    265.508 gfx: paging submit, 1004 ring dwords reserved for buffer at 0x400000, seq 8549
 15812    265.508 gfx: paging submit, 1004 ring dwords reserved for buffer at 0x410000, seq 8550
 15813    265.512 gfx: paging submit, 605 ring dwords reserved for buffer at 0x400000, seq 8551
 15814    265.514 gfx: paging submit, 304 ring dwords reserved for buffer at 0x400B00, seq 8552
 15815    265.514 gfx: paging submit, 1004 ring dwords reserved for buffer at 0x410000, seq 8553
 15816    265.514 gfx: paging submit, 1011 ring dwords reserved for buffer at 0x400000, seq 8554
 15817    265.514 gfx: paging submit, 974 ring dwords reserved for buffer at 0x410000, seq 8555
 15818    265.516 gfx: paging submit, 1006 ring dwords reserved for buffer at 0x400000, seq 8556
 15819    265.516 gfx: paging submit, 1004 ring dwords reserved for buffer at 0x410000, seq 8557
 15820    265.516 gfx: paging submit, 1004 ring dwords reserved for buffer at 0x400000, seq 8558
 15821    265.516 gfx: paging submit, 1004 ring dwords reserved for buffer at 0x410000, seq 8559
 15822    265.516 gfx: paging submit, 1004 ring dwords reserved for buffer at 0x400000, seq 8560
 15823    265.516 gfx: paging submit, 1004 ring dwords reserved for buffer at 0x410000, seq 8561
 15824    265.516 gfx: paging submit, 1004 ring dwords reserved for buffer at 0x400000, seq 8562
 15825    265.516 gfx: paging submit, 1004 ring dwords reserved for buffer at 0x410000, seq 8563
 15826    265.516 gfx: paging submit, 1004 ring dwords reserved for buffer at 0x400000, seq 8564
 15827    265.516 gfx: paging submit, 1004 ring dwords reserved for buffer at 0x410000, seq 8565
 15828    265.516 gfx: paging submit, 1004 ring dwords reserved for buffer at 0x400000, seq 8566
 15829    265.516 gfx: paging submit, 1004 ring dwords reserved for buffer at 0x410000, seq 8567
 15830    265.516 gfx: paging submit, 1004 ring dwords reserved for buffer at 0x400000, seq 8568
 15831    265.516 gfx: paging submit, 1004 ring dwords reserved for buffer at 0x410000, seq 8569
 15832    265.516 gfx: paging submit, 1004 ring dwords reserved for buffer at 0x400000, seq 8570
 15833    265.516 gfx: paging submit, 1004 ring dwords reserved for buffer at 0x410000, seq 8571
 15834    265.516 gfx: paging submit, 1004 ring dwords reserved for buffer at 0x400000, seq 8572
 15835    265.516 gfx: paging submit, 1004 ring dwords reserved for buffer at 0x410000, seq 8573
 15836    265.516 gfx: paging submit, 1004 ring dwords reserved for buffer at 0x400000, seq 8574
 15837    265.516 gfx: paging submit, 974 ring dwords reserved for buffer at 0x410000, seq 8575
 15838    265.516 gfx: paging submit, 1002 ring dwords reserved for buffer at 0x400000, seq 8576
 15839    265.516 gfx: paging submit, 1006 ring dwords reserved for buffer at 0x410000, seq 8577
 15840    265.516 gfx: paging submit, 1004 ring dwords reserved for buffer at 0x400000, seq 8578
 15841    265.516 gfx: paging submit, 1004 ring dwords reserved for buffer at 0x410000, seq 8579
 15842    265.516 gfx: paging submit, 1004 ring dwords reserved for buffer at 0x400000, seq 8580
 15843    265.516 gfx: paging submit, 1004 ring dwords reserved for buffer at 0x410000, seq 8581
 15844    265.516 gfx: paging submit, 1004 ring dwords reserved for buffer at 0x400000, seq 8582
 15845    265.516 gfx: paging submit, 1004 ring dwords reserved for buffer at 0x410000, seq 8583
 15846    265.516 gfx: paging submit, 1004 ring dwords reserved for buffer at 0x400000, seq 8584
 15847    265.516 gfx: paging submit, 1003 ring dwords reserved for buffer at 0x410000, seq 8585
 15848    265.516 gfx: paging submit, 1004 ring dwords reserved for buffer at 0x400000, seq 8586
 15849    265.516 gfx: paging submit, 1004 ring dwords reserved for buffer at 0x410000, seq 8587
 15850    265.516 gfx: paging submit, 1004 ring dwords reserved for buffer at 0x400000, seq 8588
 15851    265.516 gfx: paging submit, 1004 ring dwords reserved for buffer at 0x410000, seq 8589
 15852    265.516 gfx: paging submit, 1004 ring dwords reserved for buffer at 0x400000, seq 8590
 15853    265.516 gfx: paging submit, 1004 ring dwords reserved for buffer at 0x410000, seq 8591
 15854    265.516 gfx: paging submit, 1004 ring dwords reserved for buffer at 0x400000, seq 8592
 15855    265.516 gfx: paging submit, 1004 ring dwords reserved for buffer at 0x410000, seq 8593
 15856    265.516 gfx: paging submit, 1004 ring dwords reserved for buffer at 0x400000, seq 8594
 15857    265.516 gfx: paging submit, 1004 ring dwords reserved for buffer at 0x410000, seq 8595
 15858    265.516 gfx: paging submit, 1004 ring dwords reserved for buffer at 0x400000, seq 8596
 15859    265.516 gfx: paging submit, 1004 ring dwords reserved for buffer at 0x410000, seq 8597
 15860    265.516 gfx: paging submit, 1004 ring dwords reserved for buffer at 0x400000, seq 8598
 15861    265.516 gfx: paging submit, 1004 ring dwords reserved for buffer at 0x410000, seq 8599
 15862    265.516 gfx: paging submit, 1004 ring dwords reserved for buffer at 0x400000, seq 8600
 15863    265.516 gfx: paging submit, 974 ring dwords reserved for buffer at 0x410000, seq 8601
 15864    265.516 gfx: paging submit, 1002 ring dwords reserved for buffer at 0x400000, seq 8602
 15865    265.516 gfx: paging submit, 1006 ring dwords reserved for buffer at 0x410000, seq 8603
 15866    265.518 gfx: paging submit, 1004 ring dwords reserved for buffer at 0x400000, seq 8604
 15867    265.518 gfx: paging submit, 1004 ring dwords reserved for buffer at 0x410000, seq 8605
 15868    265.518 gfx: paging submit, 1004 ring dwords reserved for buffer at 0x400000, seq 8606
 15869    265.518 gfx: paging submit, 1004 ring dwords reserved for buffer at 0x410000, seq 8607
 15870    265.518 gfx: paging submit, 1004 ring dwords reserved for buffer at 0x400000, seq 8608
 15871    265.518 gfx: paging submit, 1004 ring dwords reserved for buffer at 0x410000, seq 8609
 15872    265.518 gfx: paging submit, 1004 ring dwords reserved for buffer at 0x400000, seq 8610
 15873    265.518 gfx: paging submit, 1004 ring dwords reserved for buffer at 0x410000, seq 8611
 15874    265.518 gfx: paging submit, 1004 ring dwords reserved for buffer at 0x400000, seq 8612
 15875    265.518 gfx: paging submit, 1004 ring dwords reserved for buffer at 0x410000, seq 8613
 15876    265.518 gfx: paging submit, 1004 ring dwords reserved for buffer at 0x400000, seq 8614
 15877    265.518 gfx: paging submit, 1004 ring dwords reserved for buffer at 0x410000, seq 8615
 15878    265.518 gfx: paging submit, 587 ring dwords reserved for buffer at 0x400000, seq 8616
 15879    265.518 gfx: paging submit, 15 ring dwords reserved for buffer at 0x40092C, seq 8617
 15880    265.518 gfx: paging submit, 416 ring dwords reserved for buffer at 0x400968, seq 8618
 15881    265.518 gfx: paging submit, 395 ring dwords reserved for buffer at 0x410000, seq 8619
 15882    265.640 gfx: paging submit, 37 ring dwords reserved for buffer at 0x41062C, seq 8620
 15883    265.640 gfx: paging submit, 69 ring dwords reserved for buffer at 0x4106C0, seq 8621
 15884    265.640 gfx: paging submit, 37 ring dwords reserved for buffer at 0x4107D4, seq 8622
 15885    265.640 gfx: paging submit, 69 ring dwords reserved for buffer at 0x410868, seq 8623
 15886    265.640 gfx: paging submit, 37 ring dwords reserved for buffer at 0x41097C, seq 8624
 15887    265.640 gfx: paging submit, 69 ring dwords reserved for buffer at 0x410A10, seq 8625
 15888    265.640 gfx: paging submit, 37 ring dwords reserved for buffer at 0x410B24, seq 8626
 15889    265.640 gfx: paging submit, 69 ring dwords reserved for buffer at 0x410BB8, seq 8627
 15890    265.640 gfx: paging submit, 37 ring dwords reserved for buffer at 0x410CCC, seq 8628
 15891    265.640 gfx: paging submit, 69 ring dwords reserved for buffer at 0x410D60, seq 8629
 15892    265.640 gfx: paging submit, 37 ring dwords reserved for buffer at 0x410E74, seq 8630
 15893    265.640 gfx: paging submit, 48 ring dwords reserved for buffer at 0x410F08, seq 8631
 15894    265.640 gfx: paging submit, 35 ring dwords reserved for buffer at 0x400000, seq 8632
 15895    265.640 gfx: paging submit, 37 ring dwords reserved for buffer at 0x40008C, seq 8633
 15896    265.640 gfx: paging submit, 69 ring dwords reserved for buffer at 0x400120, seq 8634
 15897    265.640 gfx: paging submit, 37 ring dwords reserved for buffer at 0x400234, seq 8635
 15898    265.640 gfx: paging submit, 69 ring dwords reserved for buffer at 0x4002C8, seq 8636
 15899    265.640 gfx: paging submit, 607 ring dwords reserved for buffer at 0x4003DC, seq 8637
 15900    265.640 gfx: paging submit, 15 ring dwords reserved for buffer at 0x400D58, seq 8638
 15901    265.640 gfx: paging submit, 37 ring dwords reserved for buffer at 0x400D94, seq 8639
 15902    265.640 gfx: paging submit, 69 ring dwords reserved for buffer at 0x400E28, seq 8640
 15903    265.640 gfx: paging submit, 32 ring dwords reserved for buffer at 0x400F3C, seq 8641
 15904    265.640 gfx: paging submit, 52 ring dwords reserved for buffer at 0x410000, seq 8642
 15905    265.640 gfx: paging submit, 15 ring dwords reserved for buffer at 0x4100D0, seq 8643
 15906    265.640 gfx: paging submit, 69 ring dwords reserved for buffer at 0x41010C, seq 8644
 15907    265.640 gfx: paging submit, 69 ring dwords reserved for buffer at 0x410220, seq 8645
 15908    265.640 gfx: paging submit, 69 ring dwords reserved for buffer at 0x410334, seq 8646
 15909    265.640 gfx: paging submit, 157 ring dwords reserved for buffer at 0x410448, seq 8647
 15910    265.640 gfx: paging submit, 37 ring dwords reserved for buffer at 0x4106BC, seq 8648
 15911    265.642 gfx: paging submit, 16 ring dwords reserved for buffer at 0x410750, seq 8649
 15912    265.642 gfx: paging submit, 16 ring dwords reserved for buffer at 0x410790, seq 8650
 15913    265.642 gfx: paging submit, 15 ring dwords reserved for buffer at 0x4107D0, seq 8651
 15914    265.642 wddm: BuildPagingBuffer operation 2 segment 0, 63476 bytes free, pass offset 0
 15915    265.642 gfx: paging submit, 16 ring dwords reserved for buffer at 0x41080C, seq 8652
 15916    265.642 gfx: paging submit, 16 ring dwords reserved for buffer at 0x41084C, seq 8653
 15917    265.642 gfx: paging submit, 15 ring dwords reserved for buffer at 0x41088C, seq 8654
 15918    265.642 gfx: paging submit, 16 ring dwords reserved for buffer at 0x4108C8, seq 8655
 15919    265.642 gfx: paging submit, 16 ring dwords reserved for buffer at 0x410908, seq 8656
 15920    265.642 gfx: paging submit, 16 ring dwords reserved for buffer at 0x410948, seq 8657
 15921    266.407 wddm summary: ---- DDI calls: name, count, first log line ----
 15922    266.407 wddm summary: QueryAdapterInfo                   15  first at 239
 15923    266.407 wddm summary: GetNodeMetadata                     2  first at 247
 15924    266.407 wddm summary: CreateDevice                       21  first at 254
 15925    266.407 wddm summary: DestroyDevice                      11  first at 829
 15926    266.407 wddm summary: CreateContext                      19  first at 257
 15927    266.407 wddm summary: DestroyContext                     11  first at 821
 15928    266.407 wddm summary: CreateProcess                      17  first at 253
 15929    266.407 wddm summary: DestroyProcess                     11  first at 830
 15930    266.407 wddm summary: SetRootPageTable                    6  first at 280
 15931    266.407 wddm summary: CreateAllocation                  170  first at 325
 15932    266.407 wddm summary: DestroyAllocation                 259  first at 622
 15933    266.407 wddm summary: DescribeAllocation                351  first at 354
 15934    266.407 wddm summary: GetStandardAllocationDriverData      4  first at 323
 15935    266.407 wddm summary: OpenAllocation                    175  first at 327
 15936    266.407 wddm summary: CloseAllocation                   164  first at 621
 15937    266.407 wddm summary: BuildPagingBuffer               11983  first at 259
 15938    266.407 wddm summary: SubmitCommandVirtual             8705  first at 302
 15939    266.407 wddm summary: Present                           394  first at 392
 15940    266.407 wddm summary: SetVidPnSourceAddress             352  first at 385
 15941    266.407 wddm summary: ControlInterrupt                    3  first at 391
 15942    266.407 wddm summary: ---- QueryAdapterInfo types: type, count, first log line ----
 15943    266.407 wddm summary: adapter info type   1       1  first at 239
 15944    266.407 wddm summary: adapter info type  15       1  first at 240
 15945    266.407 wddm summary: adapter info type  47       1  first at 241
 15946    266.407 wddm summary: adapter info type  13       1  first at 242
 15947    266.407 wddm summary: adapter info type  14       4  first at 243
 15948    266.407 wddm summary: adapter info type  11       2  first at 250
 15949    266.407 wddm summary: adapter info type  10       1  first at 252
 15950    266.407 wddm summary: adapter info type  16       1  first at 252
 15951    266.407 wddm summary: adapter info type   0       3  first at 6704
 15952    266.407 wddm summary: capture plans reserved 0 heap 0
 15953    266.407 wddm summary: capture context peaks plans 0 reserved-bytes 0
 15954    266.407 wddm summary: ---- BuildPagingBuffer operations: operation, count, first log line ----
 15955    266.407 wddm summary: paging operation  11   10872  first at 259
 15956    266.407 wddm summary: paging operation  12     963  first at 316
 15957    266.407 wddm summary: paging operation   9      77  first at 335
 15958    266.407 wddm summary: paging operation   2       4  first at 617
 15959    266.407 wddm summary: paging operation   8      67  first at 637
 15960    266.407 wddm summary: objects created/destroyed: dev 21/11 ctx 19/11 proc 17/11 alloc 170/259, 54 alive
 15961    266.407 wddm summary: allocations opened/closed: 175/164 calls
 15962    266.407 wddm summary: submissions 0 physical + 8705 virtual, 0 preemptions, last completed fence 6047
 15963    266.407 wddm summary: node 0 hardware: 2610 submitted, 2610 completed, 0 timeouts, 0 refused
 15964    266.407 wddm summary: umd: 157 allocs (0 refused), 4 contexts, 2610 submits on the ring, 0 not run
 15965    266.407 wddm profile: umd calls 2610, elapsed ticks 435790, QPC frequency 10000000
 15966    266.407 wddm profile: probe enabled 0, calls 0, elapsed ticks 0 (included in umd)
 15967    266.407 wddm summary: node 1 (paging, open): 6047 hardware submitted, 6047 completed, 0 timeouts, 0 refused
 15968    266.407 wddm: paging OS-private queue admissions=6047 (no submit allocation)
 15969    266.407 wddm summary: SubmitCommandVirtual by node: 0: 2658, 1: 6047, 0 private-buffer refusals
 15970    266.407 wddm summary: paging DMA VA nonzero 10954 zero 1029, mapping observations 8
 15971    266.407 wddm summary: native DMA transfers 65 fills 72 bytes 2381488128
 15972    266.407 wddm summary: native DMA exact disjoint checks 19
 15973    266.407 wddm summary: DMA mapping matches 8/8 last VA0x400000 root0x45E150000 PA0x1204DB000 CPU_PA0x1204DB000
 15974    266.407 wddm summary: BuildPagingBuffer: 65 transfers, 72 fills, 2381488128 bytes, 4554 insufficient-buffer
 15975    266.407 wddm summary: aperture map batches 0, unmap batches 0
 15976    266.407 wddm summary: paging TLB invalidations 953, PTE update batches 9798
 15977    266.407 wddm summary: paging unsupported (not ready/no root/no translation/system memory/not contiguous) 0/0/0/0/0
 15978    266.407 wddm summary: presents 394, flips 347 of 352 address calls (346 arrived above DISPATCH_LEVEL)
 15979    266.407 wddm summary: blit gate open, 48 blits, 0 skips, 48 sources translated contiguous
 15980    266.407 wddm summary: blit destination: 0 to the flipped surface, 0 to the POST framebuffer (0 a failed-mapping fallback), 1 scanout remaps (0 failed), last blit 1200 
 15981    266.407 wddm summary: widest blit 1200 rows
 15982    266.407 wddm summary: last blit reading 3, 1920x1200 pitch 7680, 1 rectangles, source physical 0x27119A000
 15983    266.407 wddm summary: vsync enabled, 0 ticks, 13528 reported to dxgkrnl
 15984    266.407 wddm summary: visibility calls 8 source 0x00000000 requested 1 status 0x00000000 current 1
 15985    266.407 wddm summary: display mode 1 blanked 0 write 1 commit calls 1 power-transition 0 powered-off 0
 15986    266.407 wddm visibility: true 6 false 2 failures 0 first-true 0x00000000 last-true 0x00000000 QPC 10000000
 15987    266.407 wddm visibility event: 1 src 0 req 1 status 00000000 visible 1 blank 0 qpc 610022609..610022649
 15988    266.407 wddm visibility event: 2 src 0 req 1 status 00000000 visible 1 blank 0 qpc 610463937..610463987
 15989    266.407 wddm visibility event: 3 src 0 req 1 status 00000000 visible 1 blank 0 qpc 611015687..611015736
 15990    266.407 wddm visibility event: 4 src 0 req 1 status 00000000 visible 1 blank 0 qpc 709922095..709922247
 15991    266.407 wddm visibility event: 5 src 0 req 0 status 00000000 visible 0 blank 1 qpc 719836350..719836487
 15992    266.407 wddm visibility event: 6 src 0 req 0 status 00000000 visible 0 blank 1 qpc 719934405..719934534
 15993    266.407 wddm visibility event: 7 src 0 req 1 status 00000000 visible 1 blank 0 qpc 720034964..720035018
 15994    266.407 wddm visibility event: 8 src 0 req 1 status 00000000 visible 1 blank 0 qpc 720192436..720192484
 15995    266.407 wddm summary: dcn lock acknowledgement timeouts 0
 15996    266.407 wddm summary: vidpn flip open: 347 hardware flips, 0 refused, 1 hardware vsyncs armed 14087 acked 0 refused 0 completion-deferred 0 old-buffer-reports
 15997    266.407 wddm summary: no TDR (ResetEngine, ResetFromTimeout and RestartFromTimeout were never called)
 15998    266.407 wddm summary: CollectDbgInfo called 0 time(s) since the driver was loaded
 15999    266.407 vidmm summary: level 0: 1026 calls, 262688 entries, 544 valid
 16000    266.407 vidmm summary: level 1: 2 calls, 1024 entries, 512 valid
 16001    266.407 vidmm summary: level 2: 1 calls, 512 entries, 2 valid
 16002    266.407 vidmm summary: level 3: 1 calls, 512 entries, 1 valid
 16003    266.407 vidmm summary: PTE encoding level 0 segment 0 coherent 38280 noncoherent 627856 snoop mismatches 0
 16004    266.407 vidmm summary: PTE encoding level 0 segment 1 coherent 0 noncoherent 1827920 snoop mismatches 0
 16005    266.407 vidmm summary: PTE encoding level 0 segment 3 coherent 0 noncoherent 512 snoop mismatches 0
 16006    266.407 vidmm summary: PTE encoding level 1 segment 3 coherent 0 noncoherent 1962 snoop mismatches 0
 16007    266.407 vidmm summary: PTE encoding level 2 segment 3 coherent 0 noncoherent 36 snoop mismatches 0
 16008    266.407 vidmm summary: PTE encoding level 3 segment 3 coherent 0 noncoherent 19 snoop mismatches 0
 16009    266.407 vidmm summary: 1030 cpu-virtual calls, 0 gpu-physical calls
 16010    266.407 vidmm summary: 264736 entries written (EnableGpuVa open), 0 refused, 0 bad calls, 6 roots
 16011    268.102 wddm summary: ---- DDI calls: name, count, first log line ----
 16012    268.102 wddm summary: QueryAdapterInfo                   15  first at 239
 16013    268.102 wddm summary: GetNodeMetadata                     2  first at 247
 16014    268.102 wddm summary: CreateDevice                       21  first at 254
 16015    268.102 wddm summary: DestroyDevice                      11  first at 829
 16016    268.102 wddm summary: CreateContext                      19  first at 257
 16017    268.102 wddm summary: DestroyContext                     11  first at 821
 16018    268.102 wddm summary: CreateProcess                      17  first at 253
 16019    268.102 wddm summary: DestroyProcess                     11  first at 830
 16020    268.102 wddm summary: SetRootPageTable                    6  first at 280
 16021    268.102 wddm summary: CreateAllocation                  170  first at 325
 16022    268.102 wddm summary: DestroyAllocation                 259  first at 622
 16023    268.102 wddm summary: DescribeAllocation                352  first at 354
 16024    268.102 wddm summary: GetStandardAllocationDriverData      4  first at 323
 16025    268.102 wddm summary: OpenAllocation                    175  first at 327
 16026    268.102 wddm summary: CloseAllocation                   164  first at 621
 16027    268.102 wddm summary: BuildPagingBuffer               11983  first at 259
 16028    268.102 wddm summary: SubmitCommandVirtual             8705  first at 302
 16029    268.102 wddm summary: Present                           395  first at 392
 16030    268.102 wddm summary: SetVidPnSourceAddress             353  first at 385
 16031    268.102 wddm summary: ControlInterrupt                    3  first at 391
 16032    268.102 wddm summary: ---- QueryAdapterInfo types: type, count, first log line ----
 16033    268.102 wddm summary: adapter info type   1       1  first at 239
 16034    268.102 wddm summary: adapter info type  15       1  first at 240
 16035    268.102 wddm summary: adapter info type  47       1  first at 241
 16036    268.102 wddm summary: adapter info type  13       1  first at 242
 16037    268.102 wddm summary: adapter info type  14       4  first at 243
 16038    268.102 wddm summary: adapter info type  11       2  first at 250
 16039    268.102 wddm summary: adapter info type  10       1  first at 252
 16040    268.102 wddm summary: adapter info type  16       1  first at 252
 16041    268.102 wddm summary: adapter info type   0       3  first at 6704
 16042    268.102 wddm summary: capture plans reserved 0 heap 0
 16043    268.102 wddm summary: capture context peaks plans 0 reserved-bytes 0
 16044    268.102 wddm summary: ---- BuildPagingBuffer operations: operation, count, first log line ----
 16045    268.102 wddm summary: paging operation  11   10872  first at 259
 16046    268.102 wddm summary: paging operation  12     963  first at 316
 16047    268.102 wddm summary: paging operation   9      77  first at 335
 16048    268.102 wddm summary: paging operation   2       4  first at 617
 16049    268.102 wddm summary: paging operation   8      67  first at 637
 16050    268.102 wddm summary: objects created/destroyed: dev 21/11 ctx 19/11 proc 17/11 alloc 170/259, 54 alive
 16051    268.102 wddm summary: allocations opened/closed: 175/164 calls
 16052    268.102 wddm summary: submissions 0 physical + 8705 virtual, 0 preemptions, last completed fence 6047
 16053    268.102 wddm summary: node 0 hardware: 2610 submitted, 2610 completed, 0 timeouts, 0 refused
 16054    268.102 wddm summary: umd: 157 allocs (0 refused), 4 contexts, 2610 submits on the ring, 0 not run
 16055    268.102 wddm profile: umd calls 2610, elapsed ticks 435790, QPC frequency 10000000
 16056    268.102 wddm profile: probe enabled 0, calls 0, elapsed ticks 0 (included in umd)
 16057    268.102 wddm summary: node 1 (paging, open): 6047 hardware submitted, 6047 completed, 0 timeouts, 0 refused
 16058    268.102 wddm: paging OS-private queue admissions=6047 (no submit allocation)
 16059    268.102 wddm summary: SubmitCommandVirtual by node: 0: 2658, 1: 6047, 0 private-buffer refusals
 16060    268.102 wddm summary: paging DMA VA nonzero 10954 zero 1029, mapping observations 8
 16061    268.102 wddm summary: native DMA transfers 65 fills 72 bytes 2381488128
 16062    268.102 wddm summary: native DMA exact disjoint checks 19
 16063    268.102 wddm summary: DMA mapping matches 8/8 last VA0x400000 root0x45E150000 PA0x1204DB000 CPU_PA0x1204DB000
 16064    268.102 wddm summary: BuildPagingBuffer: 65 transfers, 72 fills, 2381488128 bytes, 4554 insufficient-buffer
 16065    268.102 wddm summary: aperture map batches 0, unmap batches 0
 16066    268.102 wddm summary: paging TLB invalidations 953, PTE update batches 9798
 16067    268.102 wddm summary: paging unsupported (not ready/no root/no translation/system memory/not contiguous) 0/0/0/0/0
 16068    268.102 wddm summary: presents 395, flips 348 of 353 address calls (347 arrived above DISPATCH_LEVEL)
 16069    268.102 wddm summary: blit gate open, 48 blits, 0 skips, 48 sources translated contiguous
 16070    268.102 wddm summary: blit destination: 0 to the flipped surface, 0 to the POST framebuffer (0 a failed-mapping fallback), 1 scanout remaps (0 failed), last blit 1200 
 16071    268.102 wddm summary: widest blit 1200 rows
 16072    268.102 wddm summary: last blit reading 3, 1920x1200 pitch 7680, 1 rectangles, source physical 0x27119A000
 16073    268.102 wddm summary: vsync enabled, 0 ticks, 13629 reported to dxgkrnl
 16074    268.102 wddm summary: visibility calls 8 source 0x00000000 requested 1 status 0x00000000 current 1
 16075    268.102 wddm summary: display mode 1 blanked 0 write 1 commit calls 1 power-transition 0 powered-off 0
 16076    268.102 wddm visibility: true 6 false 2 failures 0 first-true 0x00000000 last-true 0x00000000 QPC 10000000
 16077    268.102 wddm visibility event: 1 src 0 req 1 status 00000000 visible 1 blank 0 qpc 610022609..610022649
 16078    268.102 wddm visibility event: 2 src 0 req 1 status 00000000 visible 1 blank 0 qpc 610463937..610463987
 16079    268.102 wddm visibility event: 3 src 0 req 1 status 00000000 visible 1 blank 0 qpc 611015687..611015736
 16080    268.102 wddm visibility event: 4 src 0 req 1 status 00000000 visible 1 blank 0 qpc 709922095..709922247
 16081    268.102 wddm visibility event: 5 src 0 req 0 status 00000000 visible 0 blank 1 qpc 719836350..719836487
 16082    268.102 wddm visibility event: 6 src 0 req 0 status 00000000 visible 0 blank 1 qpc 719934405..719934534
 16083    268.102 wddm visibility event: 7 src 0 req 1 status 00000000 visible 1 blank 0 qpc 720034964..720035018
 16084    268.102 wddm visibility event: 8 src 0 req 1 status 00000000 visible 1 blank 0 qpc 720192436..720192484
 16085    268.102 wddm summary: dcn lock acknowledgement timeouts 0
 16086    268.102 wddm summary: vidpn flip open: 348 hardware flips, 0 refused, 1 hardware vsyncs armed 14188 acked 0 refused 0 completion-deferred 0 old-buffer-reports
 16087    268.102 wddm summary: no TDR (ResetEngine, ResetFromTimeout and RestartFromTimeout were never called)
 16088    268.102 wddm summary: CollectDbgInfo called 0 time(s) since the driver was loaded
 16089    268.102 vidmm summary: level 0: 1026 calls, 262688 entries, 544 valid
 16090    268.102 vidmm summary: level 1: 2 calls, 1024 entries, 512 valid
 16091    268.102 vidmm summary: level 2: 1 calls, 512 entries, 2 valid
 16092    268.102 vidmm summary: level 3: 1 calls, 512 entries, 1 valid
 16093    268.102 vidmm summary: PTE encoding level 0 segment 0 coherent 38280 noncoherent 627856 snoop mismatches 0
 16094    268.102 vidmm summary: PTE encoding level 0 segment 1 coherent 0 noncoherent 1827920 snoop mismatches 0
 16095    268.102 vidmm summary: PTE encoding level 0 segment 3 coherent 0 noncoherent 512 snoop mismatches 0
 16096    268.102 vidmm summary: PTE encoding level 1 segment 3 coherent 0 noncoherent 1962 snoop mismatches 0
 16097    268.102 vidmm summary: PTE encoding level 2 segment 3 coherent 0 noncoherent 36 snoop mismatches 0
 16098    268.102 vidmm summary: PTE encoding level 3 segment 3 coherent 0 noncoherent 19 snoop mismatches 0
 16099    268.102 vidmm summary: 1030 cpu-virtual calls, 0 gpu-physical calls
 16100    268.102 vidmm summary: 264736 entries written (EnableGpuVa open), 0 refused, 0 bad calls, 6 roots
             1024 lines printed
