log          5992 lines since this driver load, 4968 lost to the wrap, 7 dropped above DISPATCH_LEVEL; ring 1024 lines of which the first 256 are kept; table FULL WDDM (the gate was open at DriverEntry)
     0      0.000 stage 10
     1      0.000 gate: EnableFullWddm 2
     2      0.000 stage 20
     3     31.034 stage 30
     4     31.034 guard: count 0 -> 1 flushed, durable required 1
     5     31.034 stage 31
     6     31.036 stage 32
     7     31.036 post display 1920x1200 pitch 7680 format 22 target 4294967295
     8     31.036 stage 33
     9     31.036 stage 34
    10     31.036 interrupt resource 1: message, vector 0x51, flags 0x3
    11     31.036 mmio: BAR5 at 0xFE800000 mapped, writes off, dcn writes allowed, vidpn flip allowed
    12     31.036 smu: native owner start status 0x00000000
    13     31.036 vram: 0x270000000 + 0x200000000, MC 0xF400000000, BAR0 0xC0000000 + 0x10000000, writes allowed
    14     31.036 fb sample mapped: phys 0xC0000000 first 0x00000000 mid 0x00000000
    15     31.036 fb sample physical: 0x270000000 first 0x00000000 mid 0x00000000
    16     31.036 gart: ready, dummy page at 0x26FFFA000
    17     31.036 psp: ready
    18     31.036 gpumem: ready, doorbells at 0xD0000000
    19     31.036 gfx: ready, GPU submission allowed, paging node allowed
    20     31.036 ih: ready
    21     31.036 wddm: POST display target 4294967295 is not ours, vsync reports name child 0x250001
    22     31.038 vidmm: logical paging state 515 tables, 1031 slots, 4767344 bytes reserved
    23     31.038 vidmm: table segment 3 at physical 0x45E150000 + 0xFEB0000, host memory below 0x270000000, updates are WRITTEN
    24     31.038 startup: entering interrupt connection
    25     31.040 startup: entering firmware preparation
    26     31.046 startup: entering native clock preparation
    27     31.048 startup: clock status 0x00000000 ready 1 request 1000MHz/820mV initial 1500MHz/VID101 observed 1000MHz/VID116 temp 68000mc staged 0
    28     31.050 gfx: CP_ME_CNTL 0x15000000, CP_MEC_CNTL 0x50000000, SDMA0/1_F32_CNTL 0x1 0x1
    29     31.050 gfx: unpublished translation bootstrap entered with engines halted
    30     31.050 gfx: RLC before-gart-initialization CNTL 0x00000000 read 0x00000000 STATUS2 0x00000008 read 0x00000000
    31     31.050 gfx: GRBM before-gart-initialization STATUS 0x00003028 read 0x00000000
    32     31.050 startup: entering GART initialization
    33     31.062 gart: startup startup-after-gfxhub-enable sample 0x00000000 fault 0x00000000
    34     31.062 gfx: RLC startup-after-gfxhub-enable CNTL 0x00000000 read 0x00000000 STATUS2 0x00000008 read 0x00000000
    35     31.062 gfx: GRBM startup-after-gfxhub-enable STATUS 0x00003028 read 0x00000000
    36     31.062 gart: startup startup-after-mmhub-enable sample 0x00000000 fault 0x00000000
    37     31.062 gfx: RLC startup-after-mmhub-enable CNTL 0x00000000 read 0x00000000 STATUS2 0x00000008 read 0x00000000
    38     31.062 gfx: GRBM startup-after-mmhub-enable STATUS 0x00003028 read 0x00000000
    39     31.062 gart: startup startup-after-fault-defaults sample 0x00000000 fault 0x00000000
    40     31.062 gfx: RLC startup-after-fault-defaults CNTL 0x00000000 read 0x00000000 STATUS2 0x00000008 read 0x00000000
    41     31.062 gfx: GRBM startup-after-fault-defaults STATUS 0x00003028 read 0x00000000
    42     31.062 gart: startup bootstrap-after-mmhub-flush sample 0x00000000 fault 0x00000000
    43     31.062 gfx: RLC bootstrap-after-mmhub-flush CNTL 0x00000000 read 0x00000000 STATUS2 0x00000008 read 0x00000000
    44     31.062 gfx: GRBM bootstrap-after-mmhub-flush STATUS 0x00003028 read 0x00000000
    45     31.062 gart: op 1 -> 0x00000000 (-), result 0, 284 writes, fault offset 0x00000
    46     31.062 gfx: RLC before-psp CNTL 0x00000000 read 0x00000000 STATUS2 0x00000008 read 0x00000000
    47     31.062 gfx: GRBM before-psp STATUS 0x00003028 read 0x00000000
    48     31.062 startup: entering PSP initialization
    49     31.109 gfx: RLC before-psp-ring-create CNTL 0x00000000 read 0x00000000 STATUS2 0x00000008 read 0x00000000
    50     31.109 gfx: GRBM before-psp-ring-create STATUS 0x00003028 read 0x00000000
    51     31.131 gfx: RLC after-psp-ring-create CNTL 0x00000000 read 0x00000000 STATUS2 0x00000008 read 0x00000000
    52     31.131 gfx: GRBM after-psp-ring-create STATUS 0x00003028 read 0x00000000
    53     31.131 amdgpu[0]: reserve 0x400000 from 0xf5ff800000 for PSP TMR

    54     31.131 psp: command 1 (id 5, type 0, 4194304 bytes): rc 0, status 0x0, 253 us, in TMR at 0x0
    55     31.131 gfx: RLC after-psp-command CNTL 0x00000000 read 0x00000000 STATUS2 0x00000008 read 0x00000000
    56     31.131 gfx: GRBM after-psp-command STATUS 0x00003028 read 0x00000000
    57     31.133 psp: command 2 (id 6, type 9, 33536 bytes): rc 0, status 0x0, 1953 us, in TMR at 0x0
    58     31.133 gfx: RLC after-psp-command CNTL 0x00000000 read 0x00000000 STATUS2 0x00000008 read 0x00000000
    59     31.133 gfx: GRBM after-psp-command STATUS 0x00003028 read 0x00000000
    60     31.135 psp: command 3 (id 6, type 10, 33536 bytes): rc 0, status 0x0, 1886 us, in TMR at 0x0
    61     31.135 gfx: RLC after-psp-command CNTL 0x00000000 read 0x00000000 STATUS2 0x00000008 read 0x00000000
    62     31.135 gfx: GRBM after-psp-command STATUS 0x00003028 read 0x00000000
    63     31.141 psp: command 4 (id 6, type 3, 263040 bytes): rc 0, status 0x0, 5901 us, in TMR at 0xF5FF842000
    64     31.141 gfx: RLC after-psp-command CNTL 0x00000000 read 0x00000000 STATUS2 0x00000008 read 0x00000000
    65     31.141 gfx: GRBM after-psp-command STATUS 0x00003028 read 0x00000000
    66     31.147 psp: command 5 (id 6, type 2, 263168 bytes): rc 0, status 0x0, 5902 us, in TMR at 0xF5FF883000
    67     31.147 gfx: RLC after-psp-command CNTL 0x00000000 read 0x00000000 STATUS2 0x00000008 read 0x00000000
    68     31.147 gfx: GRBM after-psp-command STATUS 0x00003028 read 0x00000000
    69     31.151 psp: command 6 (id 6, type 1, 263168 bytes): rc 0, status 0x0, 5952 us, in TMR at 0xF5FF8C4000
    70     31.151 gfx: RLC after-psp-command CNTL 0x00000000 read 0x00000000 STATUS2 0x00000008 read 0x00000000
    71     31.151 gfx: GRBM after-psp-command STATUS 0x00003028 read 0x00000000
    72     31.157 psp: command 7 (id 6, type 4, 267440 bytes): rc 0, status 0x0, 6002 us, in TMR at 0xF5FF800000
    73     31.157 gfx: RLC after-psp-command CNTL 0x00000000 read 0x00000000 STATUS2 0x00000008 read 0x00000000
    74     31.157 gfx: GRBM after-psp-command STATUS 0x00003028 read 0x00000000
    75     31.159 psp: command 8 (id 6, type 5, 896 bytes): rc 0, status 0x0, 130 us, in TMR at 0x0
    76     31.159 gfx: RLC after-psp-command CNTL 0x00000000 read 0x00000000 STATUS2 0x00000008 read 0x00000000
    77     31.159 gfx: GRBM after-psp-command STATUS 0x00003028 read 0x00000000
    78     31.165 psp: command 9 (id 6, type 4, 267440 bytes): rc 0, status 0x0, 5952 us, in TMR at 0xF5FF800000
    79     31.165 gfx: RLC after-psp-command CNTL 0x00000000 read 0x00000000 STATUS2 0x00000008 read 0x00000000
    80     31.165 gfx: GRBM after-psp-command STATUS 0x00003028 read 0x00000000
    81     31.165 psp: command 10 (id 6, type 6, 896 bytes): rc 0, status 0x0, 130 us, in TMR at 0x0
    82     31.165 gfx: RLC after-psp-command CNTL 0x00000000 read 0x00000000 STATUS2 0x00000008 read 0x00000000
    83     31.165 gfx: GRBM after-psp-command STATUS 0x00003028 read 0x00000000
    84     31.165 psp: command 11 (id 6, type 8, 25088 bytes): rc 0, status 0x0, 1686 us, in TMR at 0x0
    85     31.165 gfx: RLC after-psp-command CNTL 0x00000001 read 0x00000000 STATUS2 0x01004008 read 0x00000000
    86     31.165 gfx: GRBM after-psp-command STATUS 0x00003028 read 0x00000000
    87     31.165 psp: op 1 -> 0x00000000, result 0, 15 writes, 11 of 11 commands
    88     31.165 gfx: RLC after-psp CNTL 0x00000001 read 0x00000000 STATUS2 0x01004008 read 0x00000000
    89     31.165 gfx: GRBM after-psp STATUS 0x00003028 read 0x00000000
    90     31.165 startup: entering IH initialization
    91     31.221 ih: init: rc 0, 18 writes
    92     31.221 ih: op 1 -> 0x00000000, result 0, 19 writes; 0 interrupt routine calls, 0 ours, 0 DPCs, 0 vectors; status idle 1 input_idle 1 bif_interrupt_line 0
    93     31.221 startup: entering GFX initialization
    94     31.223 startup: entering GFX stage 1
    95     31.223 gfx: RLC startup policy pp_gfxoff 0
    96     31.225 gfx: stage 1 (doorbell aperture): rc 0, 49 writes so far, 2 us
    97     31.225 gfx: op 1 to stage 1 -> 0x00000000, result 0, 49 writes, 0 doorbells
    98     31.225 startup: entering GFX stage 2
    99     31.225 gfx: stage 2 (golden registers): rc 0, 34 writes so far, 25 us
   100     31.225 gfx: op 1 to stage 2 -> 0x00000000, result 0, 34 writes, 0 doorbells
   101     31.227 startup: entering GFX stage 3
   102     31.227 gfx: stage 3 (GRBM CAM probe): rc 0, 3 writes so far, 2 us
   103     31.227 gfx: op 1 to stage 3 -> 0x00000000, result 0, 3 writes, 0 doorbells
   104     31.229 startup: entering GFX stage 4
   105     31.229 gfx: stage 4 (constants): rc 0, 157 writes so far, 59 us
   106     31.229 gfx: op 1 to stage 4 -> 0x00000000, result 0, 157 writes, 0 doorbells
   107     31.231 startup: entering GFX stage 5
   108     31.231 startup: RLC boundary acquire-paging-lock
   109     31.231 startup: RLC boundary acquire-gart-lock
   110     31.233 startup: RLC boundary locks-acquired
   111     31.233 startup: RLC boundary before-rlc-resume
   112     31.235 startup: RLC boundary after-rlc-resume
   113     31.235 startup: RLC boundary before-gfx-visibility
   114     31.235 gpumem: GFXHUB after-invalidate-request sample 0x00F80001 fault 0x00000000
   115     31.237 startup: visibility observer returned after-invalidate-request
   116     31.237 gpumem: GFXHUB after-invalidate-request-read sample 0x00F80001 fault 0x00000000
   117     31.237 startup: visibility observer returned after-invalidate-request-read
   118     31.239 gpumem: GFXHUB after-invalidate-ack sample 0x00000001 fault 0x00000000
   119     31.239 startup: visibility observer returned after-invalidate-ack
   120     31.239 startup: visibility GFX returned 0, entering MMHUB
   121     31.241 startup: visibility MMHUB returned 0
   122     31.241 gpumem: startup GFX translations committed after RLC, before CP
   123     31.243 gfx: RLC after-bootstrap-translation-commit CNTL 0x00000001 read 0x00000000 STATUS2 0x00000008 read 0x00000000
   124     31.243 gfx: GRBM after-bootstrap-translation-commit STATUS 0x00003028 read 0x00000000
   125     31.243 startup: visibility publication observer returned
   126     31.243 startup: RLC boundary after-gfx-visibility
   127     31.243 gfx: stage 5 (RLC): rc 0, 12 writes so far, 10302 us
   128     31.243 gfx: op 1 to stage 5 -> 0x00000000, result 0, 12 writes, 0 doorbells
   129     31.245 startup: entering GFX stage 6
   130     31.245 startup: entering CP step 1
   131     31.247 startup: CP1 checkpoint acquire-paging-lock
   132     31.247 startup: CP1 checkpoint acquire-gart-lock
   133     31.249 startup: CP1 checkpoint locks-acquired
   134     31.249 amdgpu[0]: CP resume kiq-init begin

   135     31.249 startup: CP1 checkpoint scheduler
   136     31.249 startup: CP1 checkpoint scheduler-read
   137     31.251 startup: CP1 checkpoint scheduler-write
   138     31.251 startup: CP1 checkpoint scheduler-done
   139     31.251 startup: CP1 checkpoint clear-mqd
   140     31.253 startup: CP1 checkpoint select-queue
   141     31.253 startup: CP1 checkpoint build-mqd
   142     31.255 startup: CP1 checkpoint disable-wptr-poll
   143     31.255 startup: CP1 checkpoint read-active
   144     31.255 startup: CP1 checkpoint program-hqd
   145     31.257 startup: CP1 checkpoint activate-hqd
   146     31.257 startup: CP1 checkpoint restore-selection
   147     31.259 startup: CP1 checkpoint complete
   148     31.259 amdgpu[0]: CP resume kiq-init end result=0

   149     31.259 gfx: CP step 1: rc 0, 27 writes, 10324 us
   150     31.259 gfx: op 1 to stage 6 -> 0x00000000, result 0, 27 writes, 0 doorbells
   151     31.259 startup: CP step 1 returned 0x00000000 result 0
   152     31.259 startup: entering CP step 2
   153     31.261 amdgpu[0]: CP resume compute-unhalt begin

   154     31.261 amdgpu[0]: CP resume compute-unhalt end

   155     31.261 amdgpu[0]: CP resume kcq-init ring=0 begin

   156     31.261 amdgpu[0]: CP resume kcq-init ring=0 end result=0

   157     31.261 amdgpu[0]: CP resume kcq-init ring=1 begin

   158     31.261 amdgpu[0]: CP resume kcq-init ring=1 end result=0

   159     31.261 amdgpu[0]: CP resume kcq-init ring=2 begin

   160     31.261 amdgpu[0]: CP resume kcq-init ring=2 end result=0

   161     31.261 amdgpu[0]: CP resume kcq-init ring=3 begin

   162     31.261 amdgpu[0]: CP resume kcq-init ring=3 end result=0

   163     31.261 amdgpu[0]: CP resume kcq-init ring=4 begin

   164     31.261 amdgpu[0]: CP resume kcq-init ring=4 end result=0

   165     31.261 amdgpu[0]: CP resume kcq-init ring=5 begin

   166     31.261 amdgpu[0]: CP resume kcq-init ring=5 end result=0

   167     31.261 amdgpu[0]: CP resume kcq-init ring=6 begin

   168     31.261 amdgpu[0]: CP resume kcq-init ring=6 end result=0

   169     31.261 amdgpu[0]: CP resume kcq-init ring=7 begin

   170     31.261 amdgpu[0]: CP resume kcq-init ring=7 end result=0

   171     31.261 gfx: CP step 2: rc 0, 17 writes, 230 us
   172     31.261 gfx: op 1 to stage 6 -> 0x00000000, result 0, 17 writes, 0 doorbells
   173     31.261 startup: CP step 2 returned 0x00000000 result 0
   174     31.261 startup: entering CP step 3
   175     31.263 amdgpu[0]: CP resume kcq-enable begin

   176     31.263 amdgpu[0]: CP resume kcq-enable end result=0

   177     31.263 gfx: CP step 3: rc 0, 1 writes, 46 us
   178     31.263 gfx: op 1 to stage 6 -> 0x00000000, result 0, 1 writes, 2 doorbells
   179     31.263 startup: CP step 3 returned 0x00000000 result 0
   180     31.263 startup: entering CP step 4
   181     31.265 amdgpu[0]: CP resume kgq-init ring=0 begin

   182     31.265 amdgpu[0]: CP resume kgq-init ring=0 end result=0

   183     31.265 gfx: CP step 4: rc 0, 4 writes, 23 us
   184     31.265 gfx: op 1 to stage 6 -> 0x00000000, result 0, 4 writes, 0 doorbells
   185     31.265 startup: CP step 4 returned 0x00000000 result 0
   186     31.265 startup: entering CP step 5
   187     31.265 amdgpu[0]: CP resume kgq-enable begin

   188     31.265 amdgpu[0]: CP resume kgq-enable end result=0

   189     31.265 gfx: CP step 5: rc 0, 1 writes, 17 us
   190     31.265 gfx: op 1 to stage 6 -> 0x00000000, result 0, 1 writes, 2 doorbells
   191     31.265 startup: CP step 5 returned 0x00000000 result 0
   192     31.267 startup: entering CP step 6
   193     31.267 amdgpu[0]: CP resume gfx-start begin

   194     31.267 amdgpu[0]: CP resume gfx-start end result=0

   195     31.267 gfx: CP step 6: rc 0, 3 writes, 19 us
   196     31.267 gfx: op 1 to stage 6 -> 0x00000000, result 0, 3 writes, 1 doorbells
   197     31.267 startup: CP step 6 returned 0x00000000 result 0
   198     31.269 startup: entering CP step 7
   199     31.269 amdgpu[0]: CP resume gfx-test ring=0 begin

   200     31.269 amdgpu[0]: CP resume gfx-test ring=0 end result=0

   201     31.269 gfx: CP step 7: rc 0, 1 writes, 9 us
   202     31.269 gfx: op 1 to stage 6 -> 0x00000000, result 0, 1 writes, 1 doorbells
   203     31.269 startup: CP step 7 returned 0x00000000 result 0
   204     31.269 startup: entering CP step 8
   205     31.271 amdgpu[0]: CP resume compute-test ring=0 begin

   206     31.271 amdgpu[0]: CP resume compute-test ring=0 end result=0

   207     31.271 amdgpu[0]: CP resume compute-test ring=1 begin

   208     31.271 amdgpu[0]: CP resume compute-test ring=1 end result=0

   209     31.271 amdgpu[0]: CP resume compute-test ring=2 begin

   210     31.271 amdgpu[0]: CP resume compute-test ring=2 end result=0

   211     31.271 amdgpu[0]: CP resume compute-test ring=3 begin

   212     31.271 amdgpu[0]: CP resume compute-test ring=3 end result=0

   213     31.271 amdgpu[0]: CP resume compute-test ring=4 begin

   214     31.271 amdgpu[0]: CP resume compute-test ring=4 end result=0

   215     31.271 amdgpu[0]: CP resume compute-test ring=5 begin

   216     31.271 amdgpu[0]: CP resume compute-test ring=5 end result=0

   217     31.271 amdgpu[0]: CP resume compute-test ring=6 begin

   218     31.271 amdgpu[0]: CP resume compute-test ring=6 end result=0

   219     31.271 amdgpu[0]: CP resume compute-test ring=7 begin

   220     31.271 amdgpu[0]: CP resume compute-test ring=7 end result=0

   221     31.271 gfx: CP step 8: rc 0, 8 writes, 68 us
   222     31.271 gfx: op 1 to stage 6 -> 0x00000000, result 0, 8 writes, 8 doorbells
   223     31.271 startup: CP step 8 returned 0x00000000 result 0
   224     31.273 startup: entering GFX stage 7
   225     31.273 gfx: stage 7 (SDMA): rc 0, 93 writes so far, 88 us
   226     31.273 gfx: op 1 to stage 7 -> 0x00000000, result 0, 93 writes, 2 doorbells
   227     31.275 startup: entering GFX stage 8
   228     31.275 gfx: stage 8 (interrupt sources): rc 0, 35 writes so far, 22 us
   229     31.275 gfx: paging node ready, SDMA0 doorbell 0x200, per-buffer private commands
   230     31.275 gfx: op 1 to stage 8 -> 0x00000000, result 0, 35 writes, 0 doorbells
   231     31.275 startup: both engines ready
   232     31.277 startup: attempted 0x1F completed 0x1F status 0x00000000 ready 1 unwind 0 quarantine 0
   233     31.277 wddm: GPU initialized before adapter admission
   234     31.277 wddm: callbacks sync 1 notify 1 queuedpc 1 notifydpc 1, interface 312 of 312 bytes
   235     31.277 stage 35
   236     31.277 stage 39
   237     31.277 wddm: display QueryChildRelations call 1 detail 0x38 -> 0x00000000
   238     31.277 wddm: DRIVERCAPS into 576 bytes: wddm 8192 sched 0x45 mm 0x60 flip 0x12 slots 0 tdr 1 dflip 1 rot 1
   239     31.277 wddm: QueryAdapterInfo type 1 in 0 out 576 -> 0x00000000
   240     31.277 wddm: QueryAdapterInfo type 15 in 4 out 20 -> 0xC00000BB
   241     31.287 wddm: QueryAdapterInfo type 47 in 0 out 4 -> 0xC00000BB
   242     31.287 wddm: QueryAdapterInfo type 13 in 4 out 24 -> 0x00000000
   243     31.287 wddm: QueryAdapterInfo type 14 in 4 out 20 -> 0x00000000
   244     31.287 wddm: QueryAdapterInfo type 14 in 4 out 20 -> 0x00000000
   245     31.287 wddm: QueryAdapterInfo type 14 in 4 out 20 -> 0x00000000
   246     31.287 wddm: QueryAdapterInfo type 14 in 4 out 20 -> 0x00000000
   247     31.287 wddm: GetNodeMetadata node 0 adapter 0
   248     31.287 wddm: GetNodeMetadata node 1 adapter 0
   249     31.287 wddm: QUERYSEGMENT4 pass 1: 3 segment(s)
   250     31.287 wddm: QUERYSEGMENT4 pass 2: 3 segment(s), stride 104, paging buffer segment 2, 65536 bytes
   251     31.287 wddm: segment 1 flags 0x00080404 gpu 0xF4008D0000 cpu 0x2708D0000 size 0x1ED880000
   252     31.287 wddm: QueryAdapterInfo type 16 in 0 out 4 -> 0xC00000BB
   253     31.287 wddm: CreateProcess flags 0x00000001 pasids 1
   254     31.287 wddm: CreateDevice flags 0x00000001 pasid 0
   255     31.287 wddm: CreateDevice flags 0x00000001 pasid 0
  5224    203.821 gfx: paging submit, 1004 ring dwords reserved for buffer at 0x410000, seq 1657
  5225    203.821 gfx: paging submit, 1004 ring dwords reserved for buffer at 0x400000, seq 1658
  5226    203.821 gfx: paging submit, 1004 ring dwords reserved for buffer at 0x410000, seq 1659
  5227    203.821 gfx: paging submit, 1018 ring dwords reserved for buffer at 0x400000, seq 1660
  5228    203.821 gfx: paging submit, 1004 ring dwords reserved for buffer at 0x410000, seq 1661
  5229    203.821 gfx: paging submit, 1004 ring dwords reserved for buffer at 0x400000, seq 1662
  5230    203.821 gfx: paging submit, 1004 ring dwords reserved for buffer at 0x410000, seq 1663
  5231    203.821 gfx: paging submit, 1004 ring dwords reserved for buffer at 0x400000, seq 1664
  5232    203.821 gfx: paging submit, 974 ring dwords reserved for buffer at 0x410000, seq 1665
  5233    203.821 gfx: paging submit, 1004 ring dwords reserved for buffer at 0x400000, seq 1666
  5234    203.821 gfx: paging submit, 1004 ring dwords reserved for buffer at 0x410000, seq 1667
  5235    203.821 gfx: paging submit, 1004 ring dwords reserved for buffer at 0x400000, seq 1668
  5236    203.821 gfx: paging submit, 1004 ring dwords reserved for buffer at 0x410000, seq 1669
  5237    203.821 gfx: paging submit, 1004 ring dwords reserved for buffer at 0x400000, seq 1670
  5238    203.821 gfx: paging submit, 1004 ring dwords reserved for buffer at 0x410000, seq 1671
  5239    203.821 gfx: paging submit, 1004 ring dwords reserved for buffer at 0x400000, seq 1672
  5240    203.821 gfx: paging submit, 1004 ring dwords reserved for buffer at 0x410000, seq 1673
  5241    203.821 gfx: paging submit, 1004 ring dwords reserved for buffer at 0x400000, seq 1674
  5242    203.823 gfx: paging submit, 1004 ring dwords reserved for buffer at 0x410000, seq 1675
  5243    203.823 gfx: paging submit, 1004 ring dwords reserved for buffer at 0x400000, seq 1676
  5244    203.823 gfx: paging submit, 1004 ring dwords reserved for buffer at 0x410000, seq 1677
  5245    203.823 gfx: paging submit, 1004 ring dwords reserved for buffer at 0x400000, seq 1678
  5246    203.823 gfx: paging submit, 1004 ring dwords reserved for buffer at 0x410000, seq 1679
  5247    203.823 gfx: paging submit, 1004 ring dwords reserved for buffer at 0x400000, seq 1680
  5248    203.823 gfx: paging submit, 1004 ring dwords reserved for buffer at 0x410000, seq 1681
  5249    203.823 gfx: paging submit, 1004 ring dwords reserved for buffer at 0x400000, seq 1682
  5250    203.823 gfx: paging submit, 1004 ring dwords reserved for buffer at 0x410000, seq 1683
  5251    203.823 gfx: paging submit, 1004 ring dwords reserved for buffer at 0x400000, seq 1684
  5252    203.823 gfx: paging submit, 1004 ring dwords reserved for buffer at 0x410000, seq 1685
  5253    203.823 gfx: paging submit, 974 ring dwords reserved for buffer at 0x400000, seq 1686
  5254    203.823 gfx: paging submit, 1004 ring dwords reserved for buffer at 0x410000, seq 1687
  5255    203.823 gfx: paging submit, 1004 ring dwords reserved for buffer at 0x400000, seq 1688
  5256    203.823 gfx: paging submit, 1004 ring dwords reserved for buffer at 0x410000, seq 1689
  5257    203.823 gfx: paging submit, 1004 ring dwords reserved for buffer at 0x400000, seq 1690
  5258    203.823 gfx: paging submit, 1004 ring dwords reserved for buffer at 0x410000, seq 1691
  5259    203.823 gfx: paging submit, 1004 ring dwords reserved for buffer at 0x400000, seq 1692
  5260    203.823 gfx: paging submit, 1004 ring dwords reserved for buffer at 0x410000, seq 1693
  5261    203.829 gfx: paging submit, 523 ring dwords reserved for buffer at 0x400000, seq 1694
  5262    203.831 gfx: paging submit, 139 ring dwords reserved for buffer at 0x4009C0, seq 1695
  5263    203.831 gfx: paging submit, 15 ring dwords reserved for buffer at 0x400BEC, seq 1696
  5264    203.831 gfx: paging submit, 240 ring dwords reserved for buffer at 0x400C28, seq 1697
  5265    203.831 gfx: paging submit, 249 ring dwords reserved for buffer at 0x410000, seq 1698
  5266    203.833 gfx: paging submit, 768 ring dwords reserved for buffer at 0x4103E4, seq 1699
  5267    203.833 gfx: paging submit, 1004 ring dwords reserved for buffer at 0x400000, seq 1700
  5268    203.833 gfx: paging submit, 1004 ring dwords reserved for buffer at 0x410000, seq 1701
  5269    203.833 gfx: paging submit, 1004 ring dwords reserved for buffer at 0x400000, seq 1702
  5270    203.833 gfx: paging submit, 1004 ring dwords reserved for buffer at 0x410000, seq 1703
  5271    203.833 gfx: paging submit, 1004 ring dwords reserved for buffer at 0x400000, seq 1704
  5272    203.833 gfx: paging submit, 1004 ring dwords reserved for buffer at 0x410000, seq 1705
  5273    203.833 gfx: paging submit, 1004 ring dwords reserved for buffer at 0x400000, seq 1706
  5274    203.833 gfx: paging submit, 1004 ring dwords reserved for buffer at 0x410000, seq 1707
  5275    203.833 gfx: paging submit, 1004 ring dwords reserved for buffer at 0x400000, seq 1708
  5276    203.833 gfx: paging submit, 1004 ring dwords reserved for buffer at 0x410000, seq 1709
  5277    203.833 gfx: paging submit, 1004 ring dwords reserved for buffer at 0x400000, seq 1710
  5278    203.833 gfx: paging submit, 1004 ring dwords reserved for buffer at 0x410000, seq 1711
  5279    203.833 gfx: paging submit, 1004 ring dwords reserved for buffer at 0x400000, seq 1712
  5280    203.833 gfx: paging submit, 1004 ring dwords reserved for buffer at 0x410000, seq 1713
  5281    203.833 gfx: paging submit, 1004 ring dwords reserved for buffer at 0x400000, seq 1714
  5282    203.833 gfx: paging submit, 1004 ring dwords reserved for buffer at 0x410000, seq 1715
  5283    203.833 gfx: paging submit, 974 ring dwords reserved for buffer at 0x400000, seq 1716
  5284    203.833 gfx: paging submit, 1002 ring dwords reserved for buffer at 0x410000, seq 1717
  5285    203.833 gfx: paging submit, 1006 ring dwords reserved for buffer at 0x400000, seq 1718
  5286    203.833 gfx: paging submit, 1004 ring dwords reserved for buffer at 0x410000, seq 1719
  5287    203.833 gfx: paging submit, 1004 ring dwords reserved for buffer at 0x400000, seq 1720
  5288    203.833 gfx: paging submit, 1004 ring dwords reserved for buffer at 0x410000, seq 1721
  5289    203.833 gfx: paging submit, 1004 ring dwords reserved for buffer at 0x400000, seq 1722
  5290    203.833 gfx: paging submit, 1004 ring dwords reserved for buffer at 0x410000, seq 1723
  5291    203.833 gfx: paging submit, 1004 ring dwords reserved for buffer at 0x400000, seq 1724
  5292    203.833 gfx: paging submit, 1004 ring dwords reserved for buffer at 0x410000, seq 1725
  5293    203.833 gfx: paging submit, 1004 ring dwords reserved for buffer at 0x400000, seq 1726
  5294    203.833 gfx: paging submit, 1004 ring dwords reserved for buffer at 0x410000, seq 1727
  5295    203.833 gfx: paging submit, 1004 ring dwords reserved for buffer at 0x400000, seq 1728
  5296    203.833 gfx: paging submit, 1004 ring dwords reserved for buffer at 0x410000, seq 1729
  5297    203.833 gfx: paging submit, 1004 ring dwords reserved for buffer at 0x400000, seq 1730
  5298    203.833 gfx: paging submit, 1004 ring dwords reserved for buffer at 0x410000, seq 1731
  5299    203.833 gfx: paging submit, 1017 ring dwords reserved for buffer at 0x400000, seq 1732
  5300    203.833 gfx: paging submit, 1004 ring dwords reserved for buffer at 0x410000, seq 1733
  5301    203.833 gfx: paging submit, 1004 ring dwords reserved for buffer at 0x400000, seq 1734
  5302    203.833 gfx: paging submit, 1004 ring dwords reserved for buffer at 0x410000, seq 1735
  5303    203.833 gfx: paging submit, 1004 ring dwords reserved for buffer at 0x400000, seq 1736
  5304    203.833 gfx: paging submit, 974 ring dwords reserved for buffer at 0x410000, seq 1737
  5305    203.835 gfx: paging submit, 1004 ring dwords reserved for buffer at 0x400000, seq 1738
  5306    203.835 gfx: paging submit, 1004 ring dwords reserved for buffer at 0x410000, seq 1739
  5307    203.835 gfx: paging submit, 1004 ring dwords reserved for buffer at 0x400000, seq 1740
  5308    203.835 gfx: paging submit, 1004 ring dwords reserved for buffer at 0x410000, seq 1741
  5309    203.835 gfx: paging submit, 1004 ring dwords reserved for buffer at 0x400000, seq 1742
  5310    203.835 gfx: paging submit, 1004 ring dwords reserved for buffer at 0x410000, seq 1743
  5311    203.835 gfx: paging submit, 1004 ring dwords reserved for buffer at 0x400000, seq 1744
  5312    203.835 gfx: paging submit, 1004 ring dwords reserved for buffer at 0x410000, seq 1745
  5313    203.835 gfx: paging submit, 1004 ring dwords reserved for buffer at 0x400000, seq 1746
  5314    203.835 gfx: paging submit, 1004 ring dwords reserved for buffer at 0x410000, seq 1747
  5315    203.835 gfx: paging submit, 1004 ring dwords reserved for buffer at 0x400000, seq 1748
  5316    203.835 gfx: paging submit, 1004 ring dwords reserved for buffer at 0x410000, seq 1749
  5317    203.835 gfx: paging submit, 1004 ring dwords reserved for buffer at 0x400000, seq 1750
  5318    203.835 gfx: paging submit, 1004 ring dwords reserved for buffer at 0x410000, seq 1751
  5319    203.835 gfx: paging submit, 1004 ring dwords reserved for buffer at 0x400000, seq 1752
  5320    203.835 gfx: paging submit, 1004 ring dwords reserved for buffer at 0x410000, seq 1753
  5321    203.835 gfx: paging submit, 1004 ring dwords reserved for buffer at 0x400000, seq 1754
  5322    203.835 gfx: paging submit, 1004 ring dwords reserved for buffer at 0x410000, seq 1755
  5323    203.835 gfx: paging submit, 1004 ring dwords reserved for buffer at 0x400000, seq 1756
  5324    203.835 gfx: paging submit, 1004 ring dwords reserved for buffer at 0x410000, seq 1757
  5325    203.835 gfx: paging submit, 974 ring dwords reserved for buffer at 0x400000, seq 1758
  5326    203.835 gfx: paging submit, 1004 ring dwords reserved for buffer at 0x410000, seq 1759
  5327    203.835 gfx: paging submit, 1004 ring dwords reserved for buffer at 0x400000, seq 1760
  5328    203.835 gfx: paging submit, 1004 ring dwords reserved for buffer at 0x410000, seq 1761
  5329    203.835 gfx: paging submit, 1004 ring dwords reserved for buffer at 0x400000, seq 1762
  5330    203.835 gfx: paging submit, 1004 ring dwords reserved for buffer at 0x410000, seq 1763
  5331    203.835 gfx: paging submit, 1004 ring dwords reserved for buffer at 0x400000, seq 1764
  5332    203.835 gfx: paging submit, 1004 ring dwords reserved for buffer at 0x410000, seq 1765
  5333    203.835 gfx: paging submit, 473 ring dwords reserved for buffer at 0x400000, seq 1766
  5334    203.835 gfx: paging submit, 544 ring dwords reserved for buffer at 0x400764, seq 1767
  5335    203.835 gfx: paging submit, 1004 ring dwords reserved for buffer at 0x410000, seq 1768
  5336    203.835 gfx: paging submit, 1004 ring dwords reserved for buffer at 0x400000, seq 1769
  5337    203.835 gfx: paging submit, 1004 ring dwords reserved for buffer at 0x410000, seq 1770
  5338    203.835 gfx: paging submit, 1004 ring dwords reserved for buffer at 0x400000, seq 1771
  5339    203.835 gfx: paging submit, 1004 ring dwords reserved for buffer at 0x410000, seq 1772
  5340    203.835 gfx: paging submit, 1004 ring dwords reserved for buffer at 0x400000, seq 1773
  5341    203.835 gfx: paging submit, 1004 ring dwords reserved for buffer at 0x410000, seq 1774
  5342    203.835 gfx: paging submit, 1004 ring dwords reserved for buffer at 0x400000, seq 1775
  5343    203.835 gfx: paging submit, 1004 ring dwords reserved for buffer at 0x410000, seq 1776
  5344    203.835 gfx: paging submit, 1004 ring dwords reserved for buffer at 0x400000, seq 1777
  5345    203.835 gfx: paging submit, 1004 ring dwords reserved for buffer at 0x410000, seq 1778
  5346    203.835 gfx: paging submit, 1004 ring dwords reserved for buffer at 0x400000, seq 1779
  5347    203.835 gfx: paging submit, 974 ring dwords reserved for buffer at 0x410000, seq 1780
  5348    203.837 gfx: paging submit, 1004 ring dwords reserved for buffer at 0x400000, seq 1781
  5349    203.837 gfx: paging submit, 1004 ring dwords reserved for buffer at 0x410000, seq 1782
  5350    203.837 gfx: paging submit, 1004 ring dwords reserved for buffer at 0x400000, seq 1783
  5351    203.837 gfx: paging submit, 1004 ring dwords reserved for buffer at 0x410000, seq 1784
  5352    203.837 gfx: paging submit, 1004 ring dwords reserved for buffer at 0x400000, seq 1785
  5353    203.837 gfx: paging submit, 1004 ring dwords reserved for buffer at 0x410000, seq 1786
  5354    203.837 gfx: paging submit, 1004 ring dwords reserved for buffer at 0x400000, seq 1787
  5355    203.837 gfx: paging submit, 1004 ring dwords reserved for buffer at 0x410000, seq 1788
  5356    203.837 gfx: paging submit, 1004 ring dwords reserved for buffer at 0x400000, seq 1789
  5357    203.837 gfx: paging submit, 1004 ring dwords reserved for buffer at 0x410000, seq 1790
  5358    203.837 gfx: paging submit, 1004 ring dwords reserved for buffer at 0x400000, seq 1791
  5359    203.837 gfx: paging submit, 1004 ring dwords reserved for buffer at 0x410000, seq 1792
  5360    203.837 gfx: paging submit, 1004 ring dwords reserved for buffer at 0x400000, seq 1793
  5361    203.837 gfx: paging submit, 1004 ring dwords reserved for buffer at 0x410000, seq 1794
  5362    203.837 gfx: paging submit, 1004 ring dwords reserved for buffer at 0x400000, seq 1795
  5363    203.837 gfx: paging submit, 1004 ring dwords reserved for buffer at 0x410000, seq 1796
  5364    203.837 gfx: paging submit, 1004 ring dwords reserved for buffer at 0x400000, seq 1797
  5365    203.837 gfx: paging submit, 1004 ring dwords reserved for buffer at 0x410000, seq 1798
  5366    203.837 gfx: paging submit, 1004 ring dwords reserved for buffer at 0x400000, seq 1799
  5367    203.837 gfx: paging submit, 1004 ring dwords reserved for buffer at 0x410000, seq 1800
  5368    203.839 gfx: paging submit, 109 ring dwords reserved for buffer at 0x400000, seq 1801
  5369    203.843 gfx: paging submit, 460 ring dwords reserved for buffer at 0x4002C0, seq 1802
  5370    203.843 gfx: paging submit, 368 ring dwords reserved for buffer at 0x4009F0, seq 1803
  5371    203.843 gfx: paging submit, 684 ring dwords reserved for buffer at 0x410000, seq 1804
  5372    203.843 gfx: paging submit, 320 ring dwords reserved for buffer at 0x410AB0, seq 1805
  5373    203.843 gfx: paging submit, 1004 ring dwords reserved for buffer at 0x400000, seq 1806
  5374    203.843 gfx: paging submit, 1004 ring dwords reserved for buffer at 0x410000, seq 1807
  5375    203.843 gfx: paging submit, 1004 ring dwords reserved for buffer at 0x400000, seq 1808
  5376    203.843 gfx: paging submit, 1004 ring dwords reserved for buffer at 0x410000, seq 1809
  5377    203.843 gfx: paging submit, 1004 ring dwords reserved for buffer at 0x400000, seq 1810
  5378    203.843 gfx: paging submit, 1004 ring dwords reserved for buffer at 0x410000, seq 1811
  5379    203.843 gfx: paging submit, 1004 ring dwords reserved for buffer at 0x400000, seq 1812
  5380    203.843 gfx: paging submit, 974 ring dwords reserved for buffer at 0x410000, seq 1813
  5381    203.843 gfx: paging submit, 1004 ring dwords reserved for buffer at 0x400000, seq 1814
  5382    203.843 gfx: paging submit, 1004 ring dwords reserved for buffer at 0x410000, seq 1815
  5383    203.843 gfx: paging submit, 1004 ring dwords reserved for buffer at 0x400000, seq 1816
  5384    203.843 gfx: paging submit, 1004 ring dwords reserved for buffer at 0x410000, seq 1817
  5385    203.843 gfx: paging submit, 1004 ring dwords reserved for buffer at 0x400000, seq 1818
  5386    203.843 gfx: paging submit, 1004 ring dwords reserved for buffer at 0x410000, seq 1819
  5387    203.843 gfx: paging submit, 1004 ring dwords reserved for buffer at 0x400000, seq 1820
  5388    203.843 gfx: paging submit, 1004 ring dwords reserved for buffer at 0x410000, seq 1821
  5389    203.843 gfx: paging submit, 1004 ring dwords reserved for buffer at 0x400000, seq 1822
  5390    203.843 gfx: paging submit, 1004 ring dwords reserved for buffer at 0x410000, seq 1823
  5391    203.843 gfx: paging submit, 1004 ring dwords reserved for buffer at 0x400000, seq 1824
  5392    203.843 gfx: paging submit, 1004 ring dwords reserved for buffer at 0x410000, seq 1825
  5393    203.843 gfx: paging submit, 1004 ring dwords reserved for buffer at 0x400000, seq 1826
  5394    203.843 gfx: paging submit, 1004 ring dwords reserved for buffer at 0x410000, seq 1827
  5395    203.843 gfx: paging submit, 1004 ring dwords reserved for buffer at 0x400000, seq 1828
  5396    203.843 gfx: paging submit, 1004 ring dwords reserved for buffer at 0x410000, seq 1829
  5397    203.843 gfx: paging submit, 1004 ring dwords reserved for buffer at 0x400000, seq 1830
  5398    203.843 gfx: paging submit, 1004 ring dwords reserved for buffer at 0x410000, seq 1831
  5399    203.843 gfx: paging submit, 1004 ring dwords reserved for buffer at 0x400000, seq 1832
  5400    203.843 gfx: paging submit, 1004 ring dwords reserved for buffer at 0x410000, seq 1833
  5401    203.843 gfx: paging submit, 974 ring dwords reserved for buffer at 0x400000, seq 1834
  5402    203.843 gfx: paging submit, 1004 ring dwords reserved for buffer at 0x410000, seq 1835
  5403    203.843 gfx: paging submit, 1004 ring dwords reserved for buffer at 0x400000, seq 1836
  5404    203.843 gfx: paging submit, 1004 ring dwords reserved for buffer at 0x410000, seq 1837
  5405    203.843 gfx: paging submit, 1004 ring dwords reserved for buffer at 0x400000, seq 1838
  5406    203.843 gfx: paging submit, 1004 ring dwords reserved for buffer at 0x410000, seq 1839
  5407    203.843 gfx: paging submit, 377 ring dwords reserved for buffer at 0x400000, seq 1840
  5408    203.843 gfx: paging submit, 640 ring dwords reserved for buffer at 0x4005E4, seq 1841
  5409    203.845 gfx: paging submit, 412 ring dwords reserved for buffer at 0x410000, seq 1842
  5410    203.845 gfx: paging submit, 592 ring dwords reserved for buffer at 0x410670, seq 1843
  5411    203.845 gfx: paging submit, 460 ring dwords reserved for buffer at 0x400000, seq 1844
  5412    203.845 gfx: paging submit, 544 ring dwords reserved for buffer at 0x400730, seq 1845
  5413    203.845 gfx: paging submit, 508 ring dwords reserved for buffer at 0x410000, seq 1846
  5414    203.845 gfx: paging submit, 496 ring dwords reserved for buffer at 0x4107F0, seq 1847
  5415    203.845 gfx: paging submit, 556 ring dwords reserved for buffer at 0x400000, seq 1848
  5416    203.845 gfx: paging submit, 448 ring dwords reserved for buffer at 0x4008B0, seq 1849
  5417    203.845 gfx: paging submit, 604 ring dwords reserved for buffer at 0x410000, seq 1850
  5418    203.845 gfx: paging submit, 400 ring dwords reserved for buffer at 0x410970, seq 1851
  5419    203.845 gfx: paging submit, 652 ring dwords reserved for buffer at 0x400000, seq 1852
  5420    203.845 gfx: paging submit, 352 ring dwords reserved for buffer at 0x400A30, seq 1853
  5421    203.845 gfx: paging submit, 700 ring dwords reserved for buffer at 0x410000, seq 1854
  5422    203.845 gfx: paging submit, 304 ring dwords reserved for buffer at 0x410AF0, seq 1855
  5423    203.845 gfx: paging submit, 748 ring dwords reserved for buffer at 0x400000, seq 1856
  5424    203.845 gfx: paging submit, 256 ring dwords reserved for buffer at 0x400BB0, seq 1857
  5425    203.845 gfx: paging submit, 796 ring dwords reserved for buffer at 0x410000, seq 1858
  5426    203.845 gfx: paging submit, 208 ring dwords reserved for buffer at 0x410C70, seq 1859
  5427    203.845 gfx: paging submit, 844 ring dwords reserved for buffer at 0x400000, seq 1860
  5428    203.845 gfx: paging submit, 160 ring dwords reserved for buffer at 0x400D30, seq 1861
  5429    203.845 gfx: paging submit, 892 ring dwords reserved for buffer at 0x410000, seq 1862
  5430    203.845 gfx: paging submit, 112 ring dwords reserved for buffer at 0x410DF0, seq 1863
  5431    203.845 gfx: paging submit, 940 ring dwords reserved for buffer at 0x400000, seq 1864
  5432    203.845 gfx: paging submit, 64 ring dwords reserved for buffer at 0x400EB0, seq 1865
  5433    203.845 gfx: paging submit, 974 ring dwords reserved for buffer at 0x410000, seq 1866
  5434    203.845 gfx: paging submit, 28 ring dwords reserved for buffer at 0x400000, seq 1867
  5435    203.845 gfx: paging submit, 974 ring dwords reserved for buffer at 0x400070, seq 1868
  5436    203.845 gfx: paging submit, 78 ring dwords reserved for buffer at 0x410000, seq 1869
  5437    203.845 gfx: paging submit, 928 ring dwords reserved for buffer at 0x410138, seq 1870
  5438    203.845 gfx: paging submit, 124 ring dwords reserved for buffer at 0x400000, seq 1871
  5439    203.845 gfx: paging submit, 880 ring dwords reserved for buffer at 0x4001F0, seq 1872
  5440    203.845 gfx: paging submit, 172 ring dwords reserved for buffer at 0x410000, seq 1873
  5441    203.845 gfx: paging submit, 832 ring dwords reserved for buffer at 0x4102B0, seq 1874
  5442    203.845 gfx: paging submit, 220 ring dwords reserved for buffer at 0x400000, seq 1875
  5443    203.845 gfx: paging submit, 784 ring dwords reserved for buffer at 0x400370, seq 1876
  5444    203.845 gfx: paging submit, 268 ring dwords reserved for buffer at 0x410000, seq 1877
  5445    203.845 gfx: paging submit, 736 ring dwords reserved for buffer at 0x410430, seq 1878
  5446    203.845 gfx: paging submit, 316 ring dwords reserved for buffer at 0x400000, seq 1879
  5447    203.845 gfx: paging submit, 688 ring dwords reserved for buffer at 0x4004F0, seq 1880
  5448    203.845 gfx: paging submit, 364 ring dwords reserved for buffer at 0x410000, seq 1881
  5449    203.845 gfx: paging submit, 640 ring dwords reserved for buffer at 0x4105B0, seq 1882
  5450    203.845 gfx: paging submit, 412 ring dwords reserved for buffer at 0x400000, seq 1883
  5451    203.845 gfx: paging submit, 592 ring dwords reserved for buffer at 0x400670, seq 1884
  5452    203.845 gfx: paging submit, 460 ring dwords reserved for buffer at 0x410000, seq 1885
  5453    203.845 gfx: paging submit, 544 ring dwords reserved for buffer at 0x410730, seq 1886
  5454    203.845 gfx: paging submit, 508 ring dwords reserved for buffer at 0x400000, seq 1887
  5455    203.845 gfx: paging submit, 496 ring dwords reserved for buffer at 0x4007F0, seq 1888
  5456    203.845 gfx: paging submit, 556 ring dwords reserved for buffer at 0x410000, seq 1889
  5457    203.845 gfx: paging submit, 448 ring dwords reserved for buffer at 0x4108B0, seq 1890
  5458    203.845 gfx: paging submit, 604 ring dwords reserved for buffer at 0x400000, seq 1891
  5459    203.847 gfx: paging submit, 400 ring dwords reserved for buffer at 0x400970, seq 1892
  5460    203.847 gfx: paging submit, 652 ring dwords reserved for buffer at 0x410000, seq 1893
  5461    203.847 gfx: paging submit, 352 ring dwords reserved for buffer at 0x410A30, seq 1894
  5462    203.847 gfx: paging submit, 700 ring dwords reserved for buffer at 0x400000, seq 1895
  5463    203.847 gfx: paging submit, 304 ring dwords reserved for buffer at 0x400AF0, seq 1896
  5464    203.847 gfx: paging submit, 748 ring dwords reserved for buffer at 0x410000, seq 1897
  5465    203.847 gfx: paging submit, 256 ring dwords reserved for buffer at 0x410BB0, seq 1898
  5466    203.847 gfx: paging submit, 796 ring dwords reserved for buffer at 0x400000, seq 1899
  5467    203.847 gfx: paging submit, 208 ring dwords reserved for buffer at 0x400C70, seq 1900
  5468    203.847 gfx: paging submit, 951 ring dwords reserved for buffer at 0x410000, seq 1901
  5469    203.871 gfx: paging submit, 64 ring dwords reserved for buffer at 0x410EDC, seq 1902
  5470    203.871 gfx: paging submit, 503 ring dwords reserved for buffer at 0x400000, seq 1903
  5471    203.871 gfx: paging submit, 15 ring dwords reserved for buffer at 0x4007DC, seq 1904
  5472    203.873 wddm: DestroyAllocation 1 allocations
  5473    203.873 gfx: paging submit, 496 ring dwords reserved for buffer at 0x400818, seq 1905
  5474    203.873 gfx: paging submit, 1004 ring dwords reserved for buffer at 0x410000, seq 1906
  5475    203.873 gfx: paging submit, 1004 ring dwords reserved for buffer at 0x400000, seq 1907
  5476    203.873 gfx: paging submit, 1004 ring dwords reserved for buffer at 0x410000, seq 1908
  5477    203.873 gfx: paging submit, 1004 ring dwords reserved for buffer at 0x400000, seq 1909
  5478    203.873 gfx: paging submit, 1004 ring dwords reserved for buffer at 0x410000, seq 1910
  5479    203.873 gfx: paging submit, 1004 ring dwords reserved for buffer at 0x400000, seq 1911
  5480    203.873 gfx: paging submit, 1004 ring dwords reserved for buffer at 0x410000, seq 1912
  5481    203.873 gfx: paging submit, 1004 ring dwords reserved for buffer at 0x400000, seq 1913
  5482    203.873 gfx: paging submit, 1004 ring dwords reserved for buffer at 0x410000, seq 1914
  5483    203.873 gfx: paging submit, 1004 ring dwords reserved for buffer at 0x400000, seq 1915
  5484    203.873 gfx: paging submit, 1004 ring dwords reserved for buffer at 0x410000, seq 1916
  5485    203.873 gfx: paging submit, 974 ring dwords reserved for buffer at 0x400000, seq 1917
  5486    203.873 gfx: paging submit, 1004 ring dwords reserved for buffer at 0x410000, seq 1918
  5487    203.873 gfx: paging submit, 1004 ring dwords reserved for buffer at 0x400000, seq 1919
  5488    203.873 gfx: paging submit, 1004 ring dwords reserved for buffer at 0x410000, seq 1920
  5489    203.873 gfx: paging submit, 1004 ring dwords reserved for buffer at 0x400000, seq 1921
  5490    203.873 gfx: paging submit, 1004 ring dwords reserved for buffer at 0x410000, seq 1922
  5491    203.873 gfx: paging submit, 1004 ring dwords reserved for buffer at 0x400000, seq 1923
  5492    203.873 gfx: paging submit, 1004 ring dwords reserved for buffer at 0x410000, seq 1924
  5493    203.873 gfx: paging submit, 1004 ring dwords reserved for buffer at 0x400000, seq 1925
  5494    203.873 gfx: paging submit, 1004 ring dwords reserved for buffer at 0x410000, seq 1926
  5495    203.875 gfx: paging submit, 1004 ring dwords reserved for buffer at 0x400000, seq 1927
  5496    203.875 gfx: paging submit, 1004 ring dwords reserved for buffer at 0x410000, seq 1928
  5497    203.875 gfx: paging submit, 1004 ring dwords reserved for buffer at 0x400000, seq 1929
  5498    203.875 gfx: paging submit, 1004 ring dwords reserved for buffer at 0x410000, seq 1930
  5499    203.875 gfx: paging submit, 1004 ring dwords reserved for buffer at 0x400000, seq 1931
  5500    203.875 gfx: paging submit, 1004 ring dwords reserved for buffer at 0x410000, seq 1932
  5501    203.875 gfx: paging submit, 1004 ring dwords reserved for buffer at 0x400000, seq 1933
  5502    203.875 gfx: paging submit, 1004 ring dwords reserved for buffer at 0x410000, seq 1934
  5503    203.875 gfx: paging submit, 1004 ring dwords reserved for buffer at 0x400000, seq 1935
  5504    203.875 gfx: paging submit, 1004 ring dwords reserved for buffer at 0x410000, seq 1936
  5505    203.875 gfx: paging submit, 1004 ring dwords reserved for buffer at 0x400000, seq 1937
  5506    203.875 gfx: paging submit, 974 ring dwords reserved for buffer at 0x410000, seq 1938
  5507    203.875 gfx: paging submit, 1018 ring dwords reserved for buffer at 0x400000, seq 1939
  5508    203.875 gfx: paging submit, 1004 ring dwords reserved for buffer at 0x410000, seq 1940
  5509    203.875 gfx: paging submit, 1004 ring dwords reserved for buffer at 0x400000, seq 1941
  5510    203.875 gfx: paging submit, 1004 ring dwords reserved for buffer at 0x410000, seq 1942
  5511    203.875 gfx: paging submit, 1004 ring dwords reserved for buffer at 0x400000, seq 1943
  5512    203.875 gfx: paging submit, 1004 ring dwords reserved for buffer at 0x410000, seq 1944
  5513    203.875 gfx: paging submit, 1004 ring dwords reserved for buffer at 0x400000, seq 1945
  5514    203.875 gfx: paging submit, 1004 ring dwords reserved for buffer at 0x410000, seq 1946
  5515    203.875 gfx: paging submit, 1004 ring dwords reserved for buffer at 0x400000, seq 1947
  5516    203.875 gfx: paging submit, 1004 ring dwords reserved for buffer at 0x410000, seq 1948
  5517    203.875 gfx: paging submit, 1004 ring dwords reserved for buffer at 0x400000, seq 1949
  5518    203.875 gfx: paging submit, 1004 ring dwords reserved for buffer at 0x410000, seq 1950
  5519    203.875 gfx: paging submit, 1004 ring dwords reserved for buffer at 0x400000, seq 1951
  5520    203.875 gfx: paging submit, 1004 ring dwords reserved for buffer at 0x410000, seq 1952
  5521    203.875 gfx: paging submit, 1004 ring dwords reserved for buffer at 0x400000, seq 1953
  5522    203.875 gfx: paging submit, 1004 ring dwords reserved for buffer at 0x410000, seq 1954
  5523    203.875 gfx: paging submit, 1004 ring dwords reserved for buffer at 0x400000, seq 1955
  5524    203.877 gfx: paging submit, 1004 ring dwords reserved for buffer at 0x410000, seq 1956
  5525    203.877 gfx: paging submit, 1004 ring dwords reserved for buffer at 0x400000, seq 1957
  5526    203.877 gfx: paging submit, 1004 ring dwords reserved for buffer at 0x410000, seq 1958
  5527    203.877 gfx: paging submit, 974 ring dwords reserved for buffer at 0x400000, seq 1959
  5528    203.877 gfx: paging submit, 1004 ring dwords reserved for buffer at 0x410000, seq 1960
  5529    203.877 gfx: paging submit, 1004 ring dwords reserved for buffer at 0x400000, seq 1961
  5530    203.877 gfx: paging submit, 1004 ring dwords reserved for buffer at 0x410000, seq 1962
  5531    203.877 gfx: paging submit, 1004 ring dwords reserved for buffer at 0x400000, seq 1963
  5532    203.877 gfx: paging submit, 1004 ring dwords reserved for buffer at 0x410000, seq 1964
  5533    203.877 gfx: paging submit, 1004 ring dwords reserved for buffer at 0x400000, seq 1965
  5534    203.877 gfx: paging submit, 1004 ring dwords reserved for buffer at 0x410000, seq 1966
  5535    203.877 gfx: paging submit, 1004 ring dwords reserved for buffer at 0x400000, seq 1967
  5536    203.877 gfx: paging submit, 1004 ring dwords reserved for buffer at 0x410000, seq 1968
  5537    203.877 gfx: paging submit, 1004 ring dwords reserved for buffer at 0x400000, seq 1969
  5538    203.877 gfx: paging submit, 1004 ring dwords reserved for buffer at 0x410000, seq 1970
  5539    203.877 gfx: paging submit, 1004 ring dwords reserved for buffer at 0x400000, seq 1971
  5540    203.883 gfx: paging submit, 763 ring dwords reserved for buffer at 0x410000, seq 1972
  5541    203.885 gfx: paging submit, 144 ring dwords reserved for buffer at 0x410D80, seq 1973
  5542    203.885 gfx: paging submit, 1004 ring dwords reserved for buffer at 0x400000, seq 1974
  5543    203.885 gfx: paging submit, 1004 ring dwords reserved for buffer at 0x410000, seq 1975
  5544    203.885 gfx: paging submit, 1004 ring dwords reserved for buffer at 0x400000, seq 1976
  5545    203.885 gfx: paging submit, 974 ring dwords reserved for buffer at 0x410000, seq 1977
  5546    203.885 gfx: paging submit, 1002 ring dwords reserved for buffer at 0x400000, seq 1978
  5547    203.885 gfx: paging submit, 1006 ring dwords reserved for buffer at 0x410000, seq 1979
  5548    203.885 gfx: paging submit, 1004 ring dwords reserved for buffer at 0x400000, seq 1980
  5549    203.885 gfx: paging submit, 1004 ring dwords reserved for buffer at 0x410000, seq 1981
  5550    203.885 gfx: paging submit, 1004 ring dwords reserved for buffer at 0x400000, seq 1982
  5551    203.885 gfx: paging submit, 1004 ring dwords reserved for buffer at 0x410000, seq 1983
  5552    203.885 gfx: paging submit, 1004 ring dwords reserved for buffer at 0x400000, seq 1984
  5553    203.887 gfx: paging submit, 1004 ring dwords reserved for buffer at 0x410000, seq 1985
  5554    203.887 gfx: paging submit, 1004 ring dwords reserved for buffer at 0x400000, seq 1986
  5555    203.887 gfx: paging submit, 1004 ring dwords reserved for buffer at 0x410000, seq 1987
  5556    203.887 gfx: paging submit, 1004 ring dwords reserved for buffer at 0x400000, seq 1988
  5557    203.887 gfx: paging submit, 1004 ring dwords reserved for buffer at 0x410000, seq 1989
  5558    203.887 gfx: paging submit, 1004 ring dwords reserved for buffer at 0x400000, seq 1990
  5559    203.887 gfx: paging submit, 1004 ring dwords reserved for buffer at 0x410000, seq 1991
  5560    203.887 gfx: paging submit, 1004 ring dwords reserved for buffer at 0x400000, seq 1992
  5561    203.887 gfx: paging submit, 1004 ring dwords reserved for buffer at 0x410000, seq 1993
  5562    203.887 gfx: paging submit, 1004 ring dwords reserved for buffer at 0x400000, seq 1994
  5563    203.887 gfx: paging submit, 1004 ring dwords reserved for buffer at 0x410000, seq 1995
  5564    203.887 gfx: paging submit, 1004 ring dwords reserved for buffer at 0x400000, seq 1996
  5565    203.887 gfx: paging submit, 1004 ring dwords reserved for buffer at 0x410000, seq 1997
  5566    203.887 gfx: paging submit, 974 ring dwords reserved for buffer at 0x400000, seq 1998
  5567    203.887 gfx: paging submit, 1002 ring dwords reserved for buffer at 0x410000, seq 1999
  5568    203.887 gfx: paging submit, 1006 ring dwords reserved for buffer at 0x400000, seq 2000
  5569    203.887 gfx: paging submit, 1004 ring dwords reserved for buffer at 0x410000, seq 2001
  5570    203.887 gfx: paging submit, 1004 ring dwords reserved for buffer at 0x400000, seq 2002
  5571    203.887 gfx: paging submit, 1004 ring dwords reserved for buffer at 0x410000, seq 2003
  5572    203.887 gfx: paging submit, 1004 ring dwords reserved for buffer at 0x400000, seq 2004
  5573    203.887 gfx: paging submit, 1004 ring dwords reserved for buffer at 0x410000, seq 2005
  5574    203.887 gfx: paging submit, 1004 ring dwords reserved for buffer at 0x400000, seq 2006
  5575    203.887 gfx: paging submit, 1017 ring dwords reserved for buffer at 0x410000, seq 2007
  5576    203.887 gfx: paging submit, 1004 ring dwords reserved for buffer at 0x400000, seq 2008
  5577    203.887 gfx: paging submit, 1004 ring dwords reserved for buffer at 0x410000, seq 2009
  5578    203.887 gfx: paging submit, 1004 ring dwords reserved for buffer at 0x400000, seq 2010
  5579    203.887 gfx: paging submit, 1004 ring dwords reserved for buffer at 0x410000, seq 2011
  5580    203.887 gfx: paging submit, 1004 ring dwords reserved for buffer at 0x400000, seq 2012
  5581    203.887 gfx: paging submit, 1004 ring dwords reserved for buffer at 0x410000, seq 2013
  5582    203.887 gfx: paging submit, 1004 ring dwords reserved for buffer at 0x400000, seq 2014
  5583    203.887 gfx: paging submit, 1004 ring dwords reserved for buffer at 0x410000, seq 2015
  5584    203.887 gfx: paging submit, 1004 ring dwords reserved for buffer at 0x400000, seq 2016
  5585    203.887 gfx: paging submit, 1004 ring dwords reserved for buffer at 0x410000, seq 2017
  5586    203.887 gfx: paging submit, 1004 ring dwords reserved for buffer at 0x400000, seq 2018
  5587    203.887 gfx: paging submit, 974 ring dwords reserved for buffer at 0x410000, seq 2019
  5588    203.887 gfx: paging submit, 1004 ring dwords reserved for buffer at 0x400000, seq 2020
  5589    203.887 gfx: paging submit, 1004 ring dwords reserved for buffer at 0x410000, seq 2021
  5590    203.887 gfx: paging submit, 1004 ring dwords reserved for buffer at 0x400000, seq 2022
  5591    203.887 gfx: paging submit, 1004 ring dwords reserved for buffer at 0x410000, seq 2023
  5592    203.887 gfx: paging submit, 1004 ring dwords reserved for buffer at 0x400000, seq 2024
  5593    203.887 gfx: paging submit, 1004 ring dwords reserved for buffer at 0x410000, seq 2025
  5594    203.887 gfx: paging submit, 1004 ring dwords reserved for buffer at 0x400000, seq 2026
  5595    203.887 gfx: paging submit, 1004 ring dwords reserved for buffer at 0x410000, seq 2027
  5596    203.887 gfx: paging submit, 1004 ring dwords reserved for buffer at 0x400000, seq 2028
  5597    203.887 gfx: paging submit, 1004 ring dwords reserved for buffer at 0x410000, seq 2029
  5598    203.887 gfx: paging submit, 1004 ring dwords reserved for buffer at 0x400000, seq 2030
  5599    203.887 gfx: paging submit, 1004 ring dwords reserved for buffer at 0x410000, seq 2031
  5600    203.887 gfx: paging submit, 1004 ring dwords reserved for buffer at 0x400000, seq 2032
  5601    203.887 gfx: paging submit, 1004 ring dwords reserved for buffer at 0x410000, seq 2033
  5602    203.889 gfx: paging submit, 1004 ring dwords reserved for buffer at 0x400000, seq 2034
  5603    203.889 gfx: paging submit, 1004 ring dwords reserved for buffer at 0x410000, seq 2035
  5604    203.889 gfx: paging submit, 1004 ring dwords reserved for buffer at 0x400000, seq 2036
  5605    203.889 gfx: paging submit, 1004 ring dwords reserved for buffer at 0x410000, seq 2037
  5606    203.889 gfx: paging submit, 1004 ring dwords reserved for buffer at 0x400000, seq 2038
  5607    203.889 gfx: paging submit, 1004 ring dwords reserved for buffer at 0x410000, seq 2039
  5608    203.889 gfx: paging submit, 974 ring dwords reserved for buffer at 0x400000, seq 2040
  5609    203.889 gfx: paging submit, 137 ring dwords reserved for buffer at 0x410000, seq 2041
  5610    203.893 gfx: paging submit, 878 ring dwords reserved for buffer at 0x410224, seq 2042
  5611    203.893 gfx: paging submit, 188 ring dwords reserved for buffer at 0x400000, seq 2043
  5612    203.893 gfx: paging submit, 816 ring dwords reserved for buffer at 0x4002F0, seq 2044
  5613    203.893 gfx: paging submit, 236 ring dwords reserved for buffer at 0x410000, seq 2045
  5614    203.893 gfx: paging submit, 768 ring dwords reserved for buffer at 0x4103B0, seq 2046
  5615    203.893 gfx: paging submit, 284 ring dwords reserved for buffer at 0x400000, seq 2047
  5616    203.893 gfx: paging submit, 720 ring dwords reserved for buffer at 0x400470, seq 2048
  5617    203.893 gfx: paging submit, 332 ring dwords reserved for buffer at 0x410000, seq 2049
  5618    203.893 gfx: paging submit, 672 ring dwords reserved for buffer at 0x410530, seq 2050
  5619    203.893 gfx: paging submit, 380 ring dwords reserved for buffer at 0x400000, seq 2051
  5620    203.893 gfx: paging submit, 624 ring dwords reserved for buffer at 0x4005F0, seq 2052
  5621    203.893 gfx: paging submit, 428 ring dwords reserved for buffer at 0x410000, seq 2053
  5622    203.893 gfx: paging submit, 576 ring dwords reserved for buffer at 0x4106B0, seq 2054
  5623    203.893 gfx: paging submit, 476 ring dwords reserved for buffer at 0x400000, seq 2055
  5624    203.893 gfx: paging submit, 528 ring dwords reserved for buffer at 0x400770, seq 2056
  5625    203.893 gfx: paging submit, 524 ring dwords reserved for buffer at 0x410000, seq 2057
  5626    203.893 gfx: paging submit, 480 ring dwords reserved for buffer at 0x410830, seq 2058
  5627    203.893 gfx: paging submit, 572 ring dwords reserved for buffer at 0x400000, seq 2059
  5628    203.893 gfx: paging submit, 432 ring dwords reserved for buffer at 0x4008F0, seq 2060
  5629    203.893 gfx: paging submit, 620 ring dwords reserved for buffer at 0x410000, seq 2061
  5630    203.893 gfx: paging submit, 384 ring dwords reserved for buffer at 0x4109B0, seq 2062
  5631    203.893 gfx: paging submit, 668 ring dwords reserved for buffer at 0x400000, seq 2063
  5632    203.893 gfx: paging submit, 336 ring dwords reserved for buffer at 0x400A70, seq 2064
  5633    203.893 gfx: paging submit, 716 ring dwords reserved for buffer at 0x410000, seq 2065
  5634    203.893 gfx: paging submit, 288 ring dwords reserved for buffer at 0x410B30, seq 2066
  5635    203.893 gfx: paging submit, 764 ring dwords reserved for buffer at 0x400000, seq 2067
  5636    203.893 gfx: paging submit, 240 ring dwords reserved for buffer at 0x400BF0, seq 2068
  5637    203.893 gfx: paging submit, 812 ring dwords reserved for buffer at 0x410000, seq 2069
  5638    203.893 gfx: paging submit, 192 ring dwords reserved for buffer at 0x410CB0, seq 2070
  5639    203.893 gfx: paging submit, 860 ring dwords reserved for buffer at 0x400000, seq 2071
  5640    203.893 gfx: paging submit, 144 ring dwords reserved for buffer at 0x400D70, seq 2072
  5641    203.893 gfx: paging submit, 908 ring dwords reserved for buffer at 0x410000, seq 2073
  5642    203.893 gfx: paging submit, 96 ring dwords reserved for buffer at 0x410E30, seq 2074
  5643    203.893 gfx: paging submit, 956 ring dwords reserved for buffer at 0x400000, seq 2075
  5644    203.893 gfx: paging submit, 48 ring dwords reserved for buffer at 0x400EF0, seq 2076
  5645    203.895 gfx: paging submit, 974 ring dwords reserved for buffer at 0x410000, seq 2077
  5646    203.895 gfx: paging submit, 44 ring dwords reserved for buffer at 0x400000, seq 2078
  5647    203.895 gfx: paging submit, 960 ring dwords reserved for buffer at 0x4000B0, seq 2079
  5648    203.895 gfx: paging submit, 92 ring dwords reserved for buffer at 0x410000, seq 2080
  5649    203.895 gfx: paging submit, 912 ring dwords reserved for buffer at 0x410170, seq 2081
  5650    203.895 gfx: paging submit, 140 ring dwords reserved for buffer at 0x400000, seq 2082
  5651    203.895 gfx: paging submit, 864 ring dwords reserved for buffer at 0x400230, seq 2083
  5652    203.895 gfx: paging submit, 188 ring dwords reserved for buffer at 0x410000, seq 2084
  5653    203.895 gfx: paging submit, 816 ring dwords reserved for buffer at 0x4102F0, seq 2085
  5654    203.895 gfx: paging submit, 236 ring dwords reserved for buffer at 0x400000, seq 2086
  5655    203.895 gfx: paging submit, 768 ring dwords reserved for buffer at 0x4003B0, seq 2087
  5656    203.895 gfx: paging submit, 284 ring dwords reserved for buffer at 0x410000, seq 2088
  5657    203.895 gfx: paging submit, 720 ring dwords reserved for buffer at 0x410470, seq 2089
  5658    203.895 gfx: paging submit, 332 ring dwords reserved for buffer at 0x400000, seq 2090
  5659    203.895 gfx: paging submit, 672 ring dwords reserved for buffer at 0x400530, seq 2091
  5660    203.895 gfx: paging submit, 380 ring dwords reserved for buffer at 0x410000, seq 2092
  5661    203.895 gfx: paging submit, 624 ring dwords reserved for buffer at 0x4105F0, seq 2093
  5662    203.895 gfx: paging submit, 428 ring dwords reserved for buffer at 0x400000, seq 2094
  5663    203.895 gfx: paging submit, 576 ring dwords reserved for buffer at 0x4006B0, seq 2095
  5664    203.895 gfx: paging submit, 476 ring dwords reserved for buffer at 0x410000, seq 2096
  5665    203.895 gfx: paging submit, 528 ring dwords reserved for buffer at 0x410770, seq 2097
  5666    203.895 gfx: paging submit, 524 ring dwords reserved for buffer at 0x400000, seq 2098
  5667    203.895 gfx: paging submit, 480 ring dwords reserved for buffer at 0x400830, seq 2099
  5668    203.895 gfx: paging submit, 572 ring dwords reserved for buffer at 0x410000, seq 2100
  5669    203.895 gfx: paging submit, 432 ring dwords reserved for buffer at 0x4108F0, seq 2101
  5670    203.895 gfx: paging submit, 620 ring dwords reserved for buffer at 0x400000, seq 2102
  5671    203.895 gfx: paging submit, 384 ring dwords reserved for buffer at 0x4009B0, seq 2103
  5672    203.895 gfx: paging submit, 668 ring dwords reserved for buffer at 0x410000, seq 2104
  5673    203.895 gfx: paging submit, 336 ring dwords reserved for buffer at 0x410A70, seq 2105
  5674    203.895 gfx: paging submit, 855 ring dwords reserved for buffer at 0x400000, seq 2106
  5675    203.897 gfx: VMID 1 root 0x46DFDF000 flush -> 0
  5676    203.897 gfx: job frame C0004200 00000000  C0012800 81018003 00000000  C0009000 00000000  IB  C0009000 10000000  fence  C0008B00 00000000
  5677    203.939 gfx: VMID 1 root 0x46DFDF000 flush -> 0
  5678    203.939 gfx: job frame C0004200 00000000  C0012800 81018003 00000000  C0009000 00000000  IB  C0009000 10000000  fence  C0008B00 00000000
  5679    203.979 gfx: VMID 1 root 0x46DFDF000 flush -> 0
  5680    203.979 gfx: job frame C0004200 00000000  C0012800 81018003 00000000  C0009000 00000000  IB  C0009000 10000000  fence  C0008B00 00000000
  5681    204.021 gfx: VMID 1 root 0x46DFDF000 flush -> 0
  5682    204.021 gfx: job frame C0004200 00000000  C0012800 81018003 00000000  C0009000 00000000  IB  C0009000 10000000  fence  C0008B00 00000000
  5683    204.065 gfx: VMID 1 root 0x46DFDF000 flush -> 0
  5684    204.065 gfx: job frame C0004200 00000000  C0012800 81018003 00000000  C0009000 00000000  IB  C0009000 10000000  fence  C0008B00 00000000
  5685    204.107 gfx: VMID 1 root 0x46DFDF000 flush -> 0
  5686    204.107 gfx: job frame C0004200 00000000  C0012800 81018003 00000000  C0009000 00000000  IB  C0009000 10000000  fence  C0008B00 00000000
  5687    204.147 gfx: VMID 1 root 0x46DFDF000 flush -> 0
  5688    204.147 gfx: job frame C0004200 00000000  C0012800 81018003 00000000  C0009000 00000000  IB  C0009000 10000000  fence  C0008B00 00000000
  5689    204.189 gfx: VMID 1 root 0x46DFDF000 flush -> 0
  5690    204.189 gfx: job frame C0004200 00000000  C0012800 81018003 00000000  C0009000 00000000  IB  C0009000 10000000  fence  C0008B00 00000000
  5691    204.231 gfx: VMID 1 root 0x46DFDF000 flush -> 0
  5692    204.231 gfx: job frame C0004200 00000000  C0012800 81018003 00000000  C0009000 00000000  IB  C0009000 10000000  fence  C0008B00 00000000
  5693    204.271 gfx: VMID 1 root 0x46DFDF000 flush -> 0
  5694    204.271 gfx: job frame C0004200 00000000  C0012800 81018003 00000000  C0009000 00000000  IB  C0009000 10000000  fence  C0008B00 00000000
  5695    204.313 gfx: VMID 1 root 0x46DFDF000 flush -> 0
  5696    204.313 gfx: job frame C0004200 00000000  C0012800 81018003 00000000  C0009000 00000000  IB  C0009000 10000000  fence  C0008B00 00000000
  5697    204.355 gfx: VMID 1 root 0x46DFDF000 flush -> 0
  5698    204.355 gfx: job frame C0004200 00000000  C0012800 81018003 00000000  C0009000 00000000  IB  C0009000 10000000  fence  C0008B00 00000000
  5699    204.395 gfx: VMID 1 root 0x46DFDF000 flush -> 0
  5700    204.395 gfx: job frame C0004200 00000000  C0012800 81018003 00000000  C0009000 00000000  IB  C0009000 10000000  fence  C0008B00 00000000
  5701    204.437 gfx: VMID 1 root 0x46DFDF000 flush -> 0
  5702    204.437 gfx: job frame C0004200 00000000  C0012800 81018003 00000000  C0009000 00000000  IB  C0009000 10000000  fence  C0008B00 00000000
  5703    204.479 gfx: VMID 1 root 0x46DFDF000 flush -> 0
  5704    204.479 gfx: job frame C0004200 00000000  C0012800 81018003 00000000  C0009000 00000000  IB  C0009000 10000000  fence  C0008B00 00000000
  5705    204.519 gfx: VMID 1 root 0x46DFDF000 flush -> 0
  5706    204.519 gfx: job frame C0004200 00000000  C0012800 81018003 00000000  C0009000 00000000  IB  C0009000 10000000  fence  C0008B00 00000000
  5707    204.561 gfx: VMID 1 root 0x46DFDF000 flush -> 0
  5708    204.561 gfx: job frame C0004200 00000000  C0012800 81018003 00000000  C0009000 00000000  IB  C0009000 10000000  fence  C0008B00 00000000
  5709    204.603 gfx: VMID 1 root 0x46DFDF000 flush -> 0
  5710    204.603 gfx: job frame C0004200 00000000  C0012800 81018003 00000000  C0009000 00000000  IB  C0009000 10000000  fence  C0008B00 00000000
  5711    204.643 gfx: VMID 1 root 0x46DFDF000 flush -> 0
  5712    204.643 gfx: job frame C0004200 00000000  C0012800 81018003 00000000  C0009000 00000000  IB  C0009000 10000000  fence  C0008B00 00000000
  5713    204.685 gfx: VMID 1 root 0x46DFDF000 flush -> 0
  5714    204.685 gfx: job frame C0004200 00000000  C0012800 81018003 00000000  C0009000 00000000  IB  C0009000 10000000  fence  C0008B00 00000000
  5715    204.727 gfx: VMID 1 root 0x46DFDF000 flush -> 0
  5716    204.727 gfx: job frame C0004200 00000000  C0012800 81018003 00000000  C0009000 00000000  IB  C0009000 10000000  fence  C0008B00 00000000
  5717    204.767 gfx: VMID 1 root 0x46DFDF000 flush -> 0
  5718    204.767 gfx: job frame C0004200 00000000  C0012800 81018003 00000000  C0009000 00000000  IB  C0009000 10000000  fence  C0008B00 00000000
  5719    204.810 gfx: VMID 1 root 0x46DFDF000 flush -> 0
  5720    204.810 gfx: job frame C0004200 00000000  C0012800 81018003 00000000  C0009000 00000000  IB  C0009000 10000000  fence  C0008B00 00000000
  5721    204.852 gfx: VMID 1 root 0x46DFDF000 flush -> 0
  5722    204.852 gfx: job frame C0004200 00000000  C0012800 81018003 00000000  C0009000 00000000  IB  C0009000 10000000  fence  C0008B00 00000000
  5723    204.892 gfx: VMID 1 root 0x46DFDF000 flush -> 0
  5724    204.892 gfx: job frame C0004200 00000000  C0012800 81018003 00000000  C0009000 00000000  IB  C0009000 10000000  fence  C0008B00 00000000
  5725    204.934 gfx: VMID 1 root 0x46DFDF000 flush -> 0
  5726    204.934 gfx: job frame C0004200 00000000  C0012800 81018003 00000000  C0009000 00000000  IB  C0009000 10000000  fence  C0008B00 00000000
  5727    204.976 gfx: VMID 1 root 0x46DFDF000 flush -> 0
  5728    204.976 gfx: job frame C0004200 00000000  C0012800 81018003 00000000  C0009000 00000000  IB  C0009000 10000000  fence  C0008B00 00000000
  5729    205.018 gfx: VMID 1 root 0x46DFDF000 flush -> 0
  5730    205.018 gfx: job frame C0004200 00000000  C0012800 81018003 00000000  C0009000 00000000  IB  C0009000 10000000  fence  C0008B00 00000000
  5731    205.060 gfx: VMID 1 root 0x46DFDF000 flush -> 0
  5732    205.060 gfx: job frame C0004200 00000000  C0012800 81018003 00000000  C0009000 00000000  IB  C0009000 10000000  fence  C0008B00 00000000
  5733    205.100 gfx: VMID 1 root 0x46DFDF000 flush -> 0
  5734    205.100 gfx: job frame C0004200 00000000  C0012800 81018003 00000000  C0009000 00000000  IB  C0009000 10000000  fence  C0008B00 00000000
  5735    205.142 gfx: VMID 1 root 0x46DFDF000 flush -> 0
  5736    205.142 gfx: job frame C0004200 00000000  C0012800 81018003 00000000  C0009000 00000000  IB  C0009000 10000000  fence  C0008B00 00000000
  5737    205.182 gfx: VMID 1 root 0x46DFDF000 flush -> 0
  5738    205.182 gfx: job frame C0004200 00000000  C0012800 81018003 00000000  C0009000 00000000  IB  C0009000 10000000  fence  C0008B00 00000000
  5739    205.224 gfx: VMID 1 root 0x46DFDF000 flush -> 0
  5740    205.224 gfx: job frame C0004200 00000000  C0012800 81018003 00000000  C0009000 00000000  IB  C0009000 10000000  fence  C0008B00 00000000
  5741    205.264 gfx: VMID 1 root 0x46DFDF000 flush -> 0
  5742    205.264 gfx: job frame C0004200 00000000  C0012800 81018003 00000000  C0009000 00000000  IB  C0009000 10000000  fence  C0008B00 00000000
  5743    205.306 gfx: VMID 1 root 0x46DFDF000 flush -> 0
  5744    205.306 gfx: job frame C0004200 00000000  C0012800 81018003 00000000  C0009000 00000000  IB  C0009000 10000000  fence  C0008B00 00000000
  5745    205.346 gfx: VMID 1 root 0x46DFDF000 flush -> 0
  5746    205.346 gfx: job frame C0004200 00000000  C0012800 81018003 00000000  C0009000 00000000  IB  C0009000 10000000  fence  C0008B00 00000000
  5747    205.388 gfx: VMID 1 root 0x46DFDF000 flush -> 0
  5748    205.388 gfx: job frame C0004200 00000000  C0012800 81018003 00000000  C0009000 00000000  IB  C0009000 10000000  fence  C0008B00 00000000
  5749    205.428 gfx: VMID 1 root 0x46DFDF000 flush -> 0
  5750    205.428 gfx: job frame C0004200 00000000  C0012800 81018003 00000000  C0009000 00000000  IB  C0009000 10000000  fence  C0008B00 00000000
  5751    205.470 gfx: VMID 1 root 0x46DFDF000 flush -> 0
  5752    205.470 gfx: job frame C0004200 00000000  C0012800 81018003 00000000  C0009000 00000000  IB  C0009000 10000000  fence  C0008B00 00000000
  5753    205.510 gfx: VMID 1 root 0x46DFDF000 flush -> 0
  5754    205.510 gfx: job frame C0004200 00000000  C0012800 81018003 00000000  C0009000 00000000  IB  C0009000 10000000  fence  C0008B00 00000000
  5755    205.552 gfx: VMID 1 root 0x46DFDF000 flush -> 0
  5756    205.552 gfx: job frame C0004200 00000000  C0012800 81018003 00000000  C0009000 00000000  IB  C0009000 10000000  fence  C0008B00 00000000
  5757    205.592 gfx: VMID 1 root 0x46DFDF000 flush -> 0
  5758    205.592 gfx: job frame C0004200 00000000  C0012800 81018003 00000000  C0009000 00000000  IB  C0009000 10000000  fence  C0008B00 00000000
  5759    205.634 gfx: VMID 1 root 0x46DFDF000 flush -> 0
  5760    205.634 gfx: job frame C0004200 00000000  C0012800 81018003 00000000  C0009000 00000000  IB  C0009000 10000000  fence  C0008B00 00000000
  5761    205.674 gfx: VMID 1 root 0x46DFDF000 flush -> 0
  5762    205.674 gfx: job frame C0004200 00000000  C0012800 81018003 00000000  C0009000 00000000  IB  C0009000 10000000  fence  C0008B00 00000000
  5763    205.716 gfx: VMID 1 root 0x46DFDF000 flush -> 0
  5764    205.716 gfx: job frame C0004200 00000000  C0012800 81018003 00000000  C0009000 00000000  IB  C0009000 10000000  fence  C0008B00 00000000
  5765    205.744 wddm summary: ---- DDI calls: name, count, first log line ----
  5766    205.744 wddm summary: QueryAdapterInfo                   12  first at 239
  5767    205.744 wddm summary: GetNodeMetadata                     2  first at 247
  5768    205.744 wddm summary: CreateDevice                       18  first at 254
  5769    205.744 wddm summary: DestroyDevice                       7  first at 829
  5770    205.744 wddm summary: CreateContext                      16  first at 257
  5771    205.744 wddm summary: DestroyContext                      7  first at 821
  5772    205.744 wddm summary: CreateProcess                      14  first at 253
  5773    205.744 wddm summary: DestroyProcess                      7  first at 830
  5774    205.744 wddm summary: SetRootPageTable                    3  first at 280
  5775    205.744 wddm summary: CreateAllocation                   19  first at 325
  5776    205.744 wddm summary: DestroyAllocation                   8  first at 622
  5777    205.744 wddm summary: DescribeAllocation                271  first at 354
  5778    205.744 wddm summary: GetStandardAllocationDriverData      4  first at 323
  5779    205.744 wddm summary: OpenAllocation                     24  first at 327
  5780    205.744 wddm summary: CloseAllocation                    10  first at 621
  5781    205.744 wddm summary: BuildPagingBuffer                4313  first at 259
  5782    205.744 wddm summary: SubmitCommandVirtual             2199  first at 302
  5783    205.744 wddm summary: Present                           314  first at 392
  5784    205.744 wddm summary: SetVidPnSourceAddress             272  first at 385
  5785    205.744 wddm summary: ControlInterrupt                    3  first at 391
  5786    205.744 wddm summary: ---- QueryAdapterInfo types: type, count, first log line ----
  5787    205.744 wddm summary: adapter info type   1       1  first at 239
  5788    205.744 wddm summary: adapter info type  15       1  first at 240
  5789    205.744 wddm summary: adapter info type  47       1  first at 241
  5790    205.744 wddm summary: adapter info type  13       1  first at 242
  5791    205.744 wddm summary: adapter info type  14       4  first at 243
  5792    205.744 wddm summary: adapter info type  11       2  first at 250
  5793    205.744 wddm summary: adapter info type  10       1  first at 252
  5794    205.744 wddm summary: adapter info type  16       1  first at 252
  5795    205.744 wddm summary: capture plans reserved 0 heap 0
  5796    205.744 wddm summary: capture context peaks plans 0 reserved-bytes 0
  5797    205.744 wddm summary: ---- BuildPagingBuffer operations: operation, count, first log line ----
  5798    205.744 wddm summary: paging operation  11    4171  first at 259
  5799    205.744 wddm summary: paging operation  12     121  first at 316
  5800    205.744 wddm summary: paging operation   9      12  first at 335
  5801    205.744 wddm summary: paging operation   2       1  first at 617
  5802    205.744 wddm summary: paging operation   8       8  first at 637
  5803    205.744 wddm summary: objects created/destroyed: dev 18/7 ctx 16/7 proc 14/7 alloc 19/8, 63 alive
  5804    205.744 wddm summary: allocations opened/closed: 24/10 calls
  5805    205.744 wddm summary: submissions 0 physical + 2199 virtual, 0 preemptions, last completed fence 285
  5806    205.744 wddm summary: node 0 hardware: 237 submitted, 237 completed, 0 timeouts, 0 refused
  5807    205.744 wddm summary: umd: 6 allocs (0 refused), 1 contexts, 237 submits on the ring, 0 not run
  5808    205.744 wddm profile: umd calls 237, elapsed ticks 75755, QPC frequency 10000000
  5809    205.744 wddm profile: probe enabled 0, calls 0, elapsed ticks 0 (included in umd)
  5810    205.744 wddm summary: node 1 (paging, open): 1914 hardware submitted, 1914 completed, 0 timeouts, 0 refused
  5811    205.744 wddm: paging OS-private queue admissions=1914 (no submit allocation)
  5812    205.744 wddm summary: SubmitCommandVirtual by node: 0: 285, 1: 1914, 0 private-buffer refusals
  5813    205.744 wddm summary: paging DMA VA nonzero 3284 zero 1029, mapping observations 8
  5814    205.744 wddm summary: native DMA transfers 8 fills 12 bytes 763248640
  5815    205.744 wddm summary: native DMA exact disjoint checks 8
  5816    205.744 wddm summary: DMA mapping matches 8/8 last VA0x400000 root0x45E150000 PA0x1204DB000 CPU_PA0x1204DB000
  5817    205.744 wddm summary: BuildPagingBuffer: 8 transfers, 12 fills, 763248640 bytes, 1535 insufficient-buffer
  5818    205.744 wddm summary: aperture map batches 0, unmap batches 0
  5819    205.744 wddm summary: paging TLB invalidations 120, PTE update batches 3132
  5820    205.744 wddm summary: paging unsupported (not ready/no root/no translation/system memory/not contiguous) 0/0/0/0/0
  5821    205.744 wddm summary: presents 314, flips 267 of 272 address calls (266 arrived above DISPATCH_LEVEL)
  5822    205.744 wddm summary: blit gate open, 48 blits, 0 skips, 48 sources translated contiguous
  5823    205.744 wddm summary: blit destination: 0 to the flipped surface, 0 to the POST framebuffer (0 a failed-mapping fallback), 1 scanout remaps (0 failed), last blit 1200 
  5824    205.744 wddm summary: widest blit 1200 rows
  5825    205.744 wddm summary: last blit reading 3, 1920x1200 pitch 7680, 1 rectangles, source physical 0x27119A000
  5826    205.744 wddm summary: vsync enabled, 0 ticks, 9891 reported to dxgkrnl
  5827    205.744 wddm summary: visibility calls 8 source 0x00000000 requested 1 status 0x00000000 current 1
  5828    205.744 wddm summary: display mode 1 blanked 0 write 1 commit calls 1 power-transition 0 powered-off 0
  5829    205.744 wddm visibility: true 6 false 2 failures 0 first-true 0x00000000 last-true 0x00000000 QPC 10000000
  5830    205.744 wddm visibility event: 1 src 0 req 1 status 00000000 visible 1 blank 0 qpc 610022609..610022649
  5831    205.744 wddm visibility event: 2 src 0 req 1 status 00000000 visible 1 blank 0 qpc 610463937..610463987
  5832    205.744 wddm visibility event: 3 src 0 req 1 status 00000000 visible 1 blank 0 qpc 611015687..611015736
  5833    205.744 wddm visibility event: 4 src 0 req 1 status 00000000 visible 1 blank 0 qpc 709922095..709922247
  5834    205.744 wddm visibility event: 5 src 0 req 0 status 00000000 visible 0 blank 1 qpc 719836350..719836487
  5835    205.744 wddm visibility event: 6 src 0 req 0 status 00000000 visible 0 blank 1 qpc 719934405..719934534
  5836    205.744 wddm visibility event: 7 src 0 req 1 status 00000000 visible 1 blank 0 qpc 720034964..720035018
  5837    205.744 wddm visibility event: 8 src 0 req 1 status 00000000 visible 1 blank 0 qpc 720192436..720192484
  5838    205.744 wddm summary: dcn lock acknowledgement timeouts 0
  5839    205.744 wddm summary: vidpn flip open: 267 hardware flips, 0 refused, 1 hardware vsyncs armed 10450 acked 0 refused 0 completion-deferred 0 old-buffer-reports
  5840    205.744 wddm summary: no TDR (ResetEngine, ResetFromTimeout and RestartFromTimeout were never called)
  5841    205.744 wddm summary: CollectDbgInfo called 0 time(s) since the driver was loaded
  5842    205.744 vidmm summary: level 0: 1026 calls, 262688 entries, 544 valid
  5843    205.744 vidmm summary: level 1: 2 calls, 1024 entries, 512 valid
  5844    205.744 vidmm summary: level 2: 1 calls, 512 entries, 2 valid
  5845    205.744 vidmm summary: level 3: 1 calls, 512 entries, 1 valid
  5846    205.744 vidmm summary: PTE encoding level 0 segment 0 coherent 2 noncoherent 230820 snoop mismatches 0
  5847    205.744 vidmm summary: PTE encoding level 0 segment 1 coherent 0 noncoherent 642556 snoop mismatches 0
  5848    205.744 vidmm summary: PTE encoding level 0 segment 3 coherent 0 noncoherent 512 snoop mismatches 0
  5849    205.744 vidmm summary: PTE encoding level 1 segment 3 coherent 0 noncoherent 1092 snoop mismatches 0
  5850    205.744 vidmm summary: PTE encoding level 2 segment 3 coherent 0 noncoherent 14 snoop mismatches 0
  5851    205.744 vidmm summary: PTE encoding level 3 segment 3 coherent 0 noncoherent 13 snoop mismatches 0
  5852    205.744 vidmm summary: 1030 cpu-virtual calls, 0 gpu-physical calls
  5853    205.744 vidmm summary: 264736 entries written (EnableGpuVa open), 0 refused, 0 bad calls, 3 roots
  5854    205.758 gfx: VMID 1 root 0x46DFDF000 flush -> 0
  5855    205.758 gfx: job frame C0004200 00000000  C0012800 81018003 00000000  C0009000 00000000  IB  C0009000 10000000  fence  C0008B00 00000000
  5856    205.798 gfx: VMID 1 root 0x46DFDF000 flush -> 0
  5857    205.798 gfx: job frame C0004200 00000000  C0012800 81018003 00000000  C0009000 00000000  IB  C0009000 10000000  fence  C0008B00 00000000
  5858    205.840 gfx: VMID 1 root 0x46DFDF000 flush -> 0
  5859    205.840 gfx: job frame C0004200 00000000  C0012800 81018003 00000000  C0009000 00000000  IB  C0009000 10000000  fence  C0008B00 00000000
  5860    205.880 gfx: VMID 1 root 0x46DFDF000 flush -> 0
  5861    205.880 gfx: job frame C0004200 00000000  C0012800 81018003 00000000  C0009000 00000000  IB  C0009000 10000000  fence  C0008B00 00000000
  5862    205.922 gfx: VMID 1 root 0x46DFDF000 flush -> 0
  5863    205.922 gfx: job frame C0004200 00000000  C0012800 81018003 00000000  C0009000 00000000  IB  C0009000 10000000  fence  C0008B00 00000000
  5864    205.963 gfx: VMID 1 root 0x46DFDF000 flush -> 0
  5865    205.963 gfx: job frame C0004200 00000000  C0012800 81018003 00000000  C0009000 00000000  IB  C0009000 10000000  fence  C0008B00 00000000
  5866    206.005 gfx: VMID 1 root 0x46DFDF000 flush -> 0
  5867    206.005 gfx: job frame C0004200 00000000  C0012800 81018003 00000000  C0009000 00000000  IB  C0009000 10000000  fence  C0008B00 00000000
  5868    206.045 gfx: VMID 1 root 0x46DFDF000 flush -> 0
  5869    206.045 gfx: job frame C0004200 00000000  C0012800 81018003 00000000  C0009000 00000000  IB  C0009000 10000000  fence  C0008B00 00000000
  5870    206.089 gfx: VMID 1 root 0x46DFDF000 flush -> 0
  5871    206.089 gfx: job frame C0004200 00000000  C0012800 81018003 00000000  C0009000 00000000  IB  C0009000 10000000  fence  C0008B00 00000000
  5872    206.129 gfx: VMID 1 root 0x46DFDF000 flush -> 0
  5873    206.129 gfx: job frame C0004200 00000000  C0012800 81018003 00000000  C0009000 00000000  IB  C0009000 10000000  fence  C0008B00 00000000
  5874    206.171 gfx: VMID 1 root 0x46DFDF000 flush -> 0
  5875    206.171 gfx: job frame C0004200 00000000  C0012800 81018003 00000000  C0009000 00000000  IB  C0009000 10000000  fence  C0008B00 00000000
  5876    206.211 gfx: VMID 1 root 0x46DFDF000 flush -> 0
  5877    206.211 gfx: job frame C0004200 00000000  C0012800 81018003 00000000  C0009000 00000000  IB  C0009000 10000000  fence  C0008B00 00000000
  5878    206.253 gfx: VMID 1 root 0x46DFDF000 flush -> 0
  5879    206.253 gfx: job frame C0004200 00000000  C0012800 81018003 00000000  C0009000 00000000  IB  C0009000 10000000  fence  C0008B00 00000000
  5880    206.295 gfx: VMID 1 root 0x46DFDF000 flush -> 0
  5881    206.295 gfx: job frame C0004200 00000000  C0012800 81018003 00000000  C0009000 00000000  IB  C0009000 10000000  fence  C0008B00 00000000
  5882    206.337 gfx: VMID 1 root 0x46DFDF000 flush -> 0
  5883    206.337 gfx: job frame C0004200 00000000  C0012800 81018003 00000000  C0009000 00000000  IB  C0009000 10000000  fence  C0008B00 00000000
  5884    206.377 gfx: VMID 1 root 0x46DFDF000 flush -> 0
  5885    206.377 gfx: job frame C0004200 00000000  C0012800 81018003 00000000  C0009000 00000000  IB  C0009000 10000000  fence  C0008B00 00000000
  5886    206.419 gfx: VMID 1 root 0x46DFDF000 flush -> 0
  5887    206.419 gfx: job frame C0004200 00000000  C0012800 81018003 00000000  C0009000 00000000  IB  C0009000 10000000  fence  C0008B00 00000000
  5888    206.459 gfx: VMID 1 root 0x46DFDF000 flush -> 0
  5889    206.459 gfx: job frame C0004200 00000000  C0012800 81018003 00000000  C0009000 00000000  IB  C0009000 10000000  fence  C0008B00 00000000
  5890    206.501 gfx: VMID 1 root 0x46DFDF000 flush -> 0
  5891    206.501 gfx: job frame C0004200 00000000  C0012800 81018003 00000000  C0009000 00000000  IB  C0009000 10000000  fence  C0008B00 00000000
  5892    206.541 gfx: paging submit, 160 ring dwords reserved for buffer at 0x400D5C, seq 2171
  5893    206.541 gfx: paging submit, 395 ring dwords reserved for buffer at 0x410000, seq 2172
  5894    206.541 gfx: paging submit, 31 ring dwords reserved for buffer at 0x41062C, seq 2173
  5895    206.541 wddm: DestroyContext
  5896    206.541 gfx: paging submit, 61 ring dwords reserved for buffer at 0x4106A8, seq 2174
  5897    206.543 gfx: paging submit, 95 ring dwords reserved for buffer at 0x41079C, seq 2175
  5898    206.543 gfx: paging submit, 16 ring dwords reserved for buffer at 0x410918, seq 2176
  5899    206.543 gfx: paging submit, 16 ring dwords reserved for buffer at 0x410958, seq 2177
  5900    206.543 wddm: BuildPagingBuffer operation 2 segment 0, 63080 bytes free, pass offset 0
  5901    206.543 wddm: DestroyDevice
  5902    206.543 wddm: DestroyProcess
  5903    207.716 wddm summary: ---- DDI calls: name, count, first log line ----
  5904    207.716 wddm summary: QueryAdapterInfo                   12  first at 239
  5905    207.716 wddm summary: GetNodeMetadata                     2  first at 247
  5906    207.716 wddm summary: CreateDevice                       18  first at 254
  5907    207.716 wddm summary: DestroyDevice                       8  first at 829
  5908    207.716 wddm summary: CreateContext                      16  first at 257
  5909    207.716 wddm summary: DestroyContext                      8  first at 821
  5910    207.716 wddm summary: CreateProcess                      14  first at 253
  5911    207.716 wddm summary: DestroyProcess                      8  first at 830
  5912    207.716 wddm summary: SetRootPageTable                    3  first at 280
  5913    207.716 wddm summary: CreateAllocation                   19  first at 325
  5914    207.716 wddm summary: DestroyAllocation                  11  first at 622
  5915    207.716 wddm summary: DescribeAllocation                273  first at 354
  5916    207.716 wddm summary: GetStandardAllocationDriverData      4  first at 323
  5917    207.716 wddm summary: OpenAllocation                     24  first at 327
  5918    207.716 wddm summary: CloseAllocation                    13  first at 621
  5919    207.716 wddm summary: BuildPagingBuffer                4325  first at 259
  5920    207.716 wddm summary: SubmitCommandVirtual             2225  first at 302
  5921    207.716 wddm summary: Present                           316  first at 392
  5922    207.716 wddm summary: SetVidPnSourceAddress             274  first at 385
  5923    207.716 wddm summary: ControlInterrupt                    3  first at 391
  5924    207.716 wddm summary: ---- QueryAdapterInfo types: type, count, first log line ----
  5925    207.716 wddm summary: adapter info type   1       1  first at 239
  5926    207.716 wddm summary: adapter info type  15       1  first at 240
  5927    207.716 wddm summary: adapter info type  47       1  first at 241
  5928    207.716 wddm summary: adapter info type  13       1  first at 242
  5929    207.716 wddm summary: adapter info type  14       4  first at 243
  5930    207.716 wddm summary: adapter info type  11       2  first at 250
  5931    207.716 wddm summary: adapter info type  10       1  first at 252
  5932    207.716 wddm summary: adapter info type  16       1  first at 252
  5933    207.716 wddm summary: capture plans reserved 0 heap 0
  5934    207.716 wddm summary: capture context peaks plans 0 reserved-bytes 0
  5935    207.716 wddm summary: ---- BuildPagingBuffer operations: operation, count, first log line ----
  5936    207.716 wddm summary: paging operation  11    4178  first at 259
  5937    207.716 wddm summary: paging operation  12     125  first at 316
  5938    207.716 wddm summary: paging operation   9      12  first at 335
  5939    207.716 wddm summary: paging operation   2       2  first at 617
  5940    207.716 wddm summary: paging operation   8       8  first at 637
  5941    207.716 wddm summary: objects created/destroyed: dev 18/8 ctx 16/8 proc 14/8 alloc 19/11, 54 alive
  5942    207.716 wddm summary: allocations opened/closed: 24/13 calls
  5943    207.716 wddm summary: submissions 0 physical + 2225 virtual, 0 preemptions, last completed fence 1921
  5944    207.716 wddm summary: node 0 hardware: 256 submitted, 256 completed, 0 timeouts, 0 refused
  5945    207.716 wddm summary: umd: 6 allocs (0 refused), 1 contexts, 256 submits on the ring, 0 not run
  5946    207.716 wddm profile: umd calls 256, elapsed ticks 81594, QPC frequency 10000000
  5947    207.716 wddm profile: probe enabled 0, calls 0, elapsed ticks 0 (included in umd)
  5948    207.716 wddm summary: node 1 (paging, open): 1921 hardware submitted, 1921 completed, 0 timeouts, 0 refused
  5949    207.716 wddm: paging OS-private queue admissions=1921 (no submit allocation)
  5950    207.716 wddm summary: SubmitCommandVirtual by node: 0: 304, 1: 1921, 0 private-buffer refusals
  5951    207.716 wddm summary: paging DMA VA nonzero 3296 zero 1029, mapping observations 8
  5952    207.716 wddm summary: native DMA transfers 8 fills 12 bytes 763248640
  5953    207.716 wddm summary: native DMA exact disjoint checks 8
  5954    207.716 wddm summary: DMA mapping matches 8/8 last VA0x400000 root0x45E150000 PA0x1204DB000 CPU_PA0x1204DB000
  5955    207.716 wddm summary: BuildPagingBuffer: 8 transfers, 12 fills, 763248640 bytes, 1536 insufficient-buffer
  5956    207.716 wddm summary: aperture map batches 0, unmap batches 0
  5957    207.716 wddm summary: paging TLB invalidations 124, PTE update batches 3139
  5958    207.716 wddm summary: paging unsupported (not ready/no root/no translation/system memory/not contiguous) 0/0/0/0/0
  5959    207.716 wddm summary: presents 316, flips 269 of 274 address calls (268 arrived above DISPATCH_LEVEL)
  5960    207.716 wddm summary: blit gate open, 48 blits, 0 skips, 48 sources translated contiguous
  5961    207.716 wddm summary: blit destination: 0 to the flipped surface, 0 to the POST framebuffer (0 a failed-mapping fallback), 1 scanout remaps (0 failed), last blit 1200 
  5962    207.716 wddm summary: widest blit 1200 rows
  5963    207.716 wddm summary: last blit reading 3, 1920x1200 pitch 7680, 1 rectangles, source physical 0x27119A000
  5964    207.716 wddm summary: vsync enabled, 0 ticks, 10009 reported to dxgkrnl
  5965    207.716 wddm summary: visibility calls 8 source 0x00000000 requested 1 status 0x00000000 current 1
  5966    207.716 wddm summary: display mode 1 blanked 0 write 1 commit calls 1 power-transition 0 powered-off 0
  5967    207.716 wddm visibility: true 6 false 2 failures 0 first-true 0x00000000 last-true 0x00000000 QPC 10000000
  5968    207.716 wddm visibility event: 1 src 0 req 1 status 00000000 visible 1 blank 0 qpc 610022609..610022649
  5969    207.716 wddm visibility event: 2 src 0 req 1 status 00000000 visible 1 blank 0 qpc 610463937..610463987
  5970    207.716 wddm visibility event: 3 src 0 req 1 status 00000000 visible 1 blank 0 qpc 611015687..611015736
  5971    207.716 wddm visibility event: 4 src 0 req 1 status 00000000 visible 1 blank 0 qpc 709922095..709922247
  5972    207.716 wddm visibility event: 5 src 0 req 0 status 00000000 visible 0 blank 1 qpc 719836350..719836487
  5973    207.716 wddm visibility event: 6 src 0 req 0 status 00000000 visible 0 blank 1 qpc 719934405..719934534
  5974    207.716 wddm visibility event: 7 src 0 req 1 status 00000000 visible 1 blank 0 qpc 720034964..720035018
  5975    207.716 wddm visibility event: 8 src 0 req 1 status 00000000 visible 1 blank 0 qpc 720192436..720192484
  5976    207.716 wddm summary: dcn lock acknowledgement timeouts 0
  5977    207.716 wddm summary: vidpn flip open: 269 hardware flips, 0 refused, 1 hardware vsyncs armed 10568 acked 0 refused 0 completion-deferred 0 old-buffer-reports
  5978    207.716 wddm summary: no TDR (ResetEngine, ResetFromTimeout and RestartFromTimeout were never called)
  5979    207.716 wddm summary: CollectDbgInfo called 0 time(s) since the driver was loaded
  5980    207.716 vidmm summary: level 0: 1026 calls, 262688 entries, 544 valid
  5981    207.716 vidmm summary: level 1: 2 calls, 1024 entries, 512 valid
  5982    207.716 vidmm summary: level 2: 1 calls, 512 entries, 2 valid
  5983    207.716 vidmm summary: level 3: 1 calls, 512 entries, 1 valid
  5984    207.716 vidmm summary: PTE encoding level 0 segment 0 coherent 2 noncoherent 230820 snoop mismatches 0
  5985    207.716 vidmm summary: PTE encoding level 0 segment 1 coherent 0 noncoherent 642556 snoop mismatches 0
  5986    207.716 vidmm summary: PTE encoding level 0 segment 3 coherent 0 noncoherent 512 snoop mismatches 0
  5987    207.716 vidmm summary: PTE encoding level 1 segment 3 coherent 0 noncoherent 1092 snoop mismatches 0
  5988    207.716 vidmm summary: PTE encoding level 2 segment 3 coherent 0 noncoherent 14 snoop mismatches 0
  5989    207.716 vidmm summary: PTE encoding level 3 segment 3 coherent 0 noncoherent 13 snoop mismatches 0
  5990    207.716 vidmm summary: 1030 cpu-virtual calls, 0 gpu-physical calls
  5991    207.716 vidmm summary: 264736 entries written (EnableGpuVa open), 0 refused, 0 bad calls, 3 roots
             1024 lines printed
