exit=0
hardware D3D11CreateDevice=00000000
module bc250d3d_zink.dll: C:\BC250\m13\runtime-probe001\bc250d3d_zink.dll
module vulkan_radeon.dll: C:\BC250\m10\wsi-final\vulkan_radeon.dll
second hardware device=00000000
channel=0 mismatches=0/4096
channel=2 mismatches=0/4096
first device destroyed; checking second
channel=1 mismatches=0/4096
PASS two native D3D devices with independent screen lifetimes

BC250 private Vulkan instance=00000221BF675AF0 screen=00000221BF6591F0
BC250 zink init stage 0
radv_wddm2_winsys_create
OpenAdapterFromLuid 0x0 0x8999
phys adapter = 0 device = 13fe rev 0
node 0 (type: 1) = BC-250 GFX, flags = 0
node 1 (type: 6) = BC-250 SDMA0, flags = 0
bc250: caps blob, device 0x13fe family 79 gfx 12
BC250 zink init stage 1
radv_wddm2_winsys_create
allocation handle=0x40000f80
allocation handle=0x40001000
allocation handle=0x40001080
bc250: gfx preamble inlined (no gfx_init IB)
BC250 zink init stage 2
BC250 zink init stage 3
BC250 zink init stage 4
BC250 zink init stage 5
BC250 zink init stage 6
BC250 zink init stage 7
BC250 zink init stage 8
BC250 zink init stage 9
BC250 zink init stage 10
BC250 zink init stage 11
BC250 zink init stage 12
BC250 zink init stage 13
BC250 zink init stage 14
BC250 zink init stage 15
BC250 private Vulkan instance=00000221BF6F0B90 screen=00000221BF6E4E00
BC250 zink init stage 0
radv_wddm2_winsys_create
BC250 zink init stage 1
radv_wddm2_winsys_create
allocation handle=0x40001e00
allocation handle=0x40001e80
allocation handle=0x40001f00
bc250: gfx preamble inlined (no gfx_init IB)
BC250 zink init stage 2
BC250 zink init stage 3
BC250 zink init stage 4
BC250 zink init stage 5
BC250 zink init stage 6
BC250 zink init stage 7
BC250 zink init stage 8
BC250 zink init stage 9
BC250 zink init stage 10
BC250 zink init stage 11
BC250 zink init stage 12
BC250 zink init stage 13
BC250 zink init stage 14
BC250 zink init stage 15
BC250 D3D device stage 0
BC250 D3D device stage 1
BC250 D3D device stage 2
BC250 hosted instance result=0 runtime=00000221C1DAF278
radv_wddm2_winsys_create
OpenAdapterFromLuid 0x0 0x8999
phys adapter = 0 device = 13fe rev 0
node 0 (type: 1) = BC-250 GFX, flags = 0
node 1 (type: 6) = BC-250 SDMA0, flags = 0
bc250: caps blob, device 0x13fe family 79 gfx 12
BC250 hosted callback op=1 runtime=00000221C1DAF278 hr=00000000
BC250 hosted paging create identity=00000221C1DAF278 queue=40002100 status=00000000
BC250 hosted enumerate result=0 devices=1
BC250 hosted callback op=2 runtime=00000221C1DAF278 hr=00000000
BC250 hosted paging destroy identity=00000221C1DAF278 queue=40002100 status=00000000
BC250 private Vulkan instance=00000221C1D8DD30 screen=00000221C1E2F910
BC250 zink init stage 0
radv_wddm2_winsys_create
BC250 zink init stage 1
radv_wddm2_winsys_create
allocation handle=0x80000e00
allocation handle=0x80000c00
allocation handle=0x80000d80
bc250: gfx preamble inlined (no gfx_init IB)
BC250 zink init stage 2
BC250 zink init stage 3
BC250 zink init stage 4
BC250 zink init stage 5
BC250 zink init stage 6
BC250 zink init stage 7
BC250 zink init stage 8
BC250 zink init stage 9
BC250 zink init stage 10
BC250 zink init stage 11
BC250 zink init stage 12
BC250 zink init stage 13
BC250 zink init stage 14
BC250 zink init stage 15
BC250 device screen=00000221C1E2F910 runtime=00000221C1DAF278
BC250 D3D device stage 3
allocation handle=0x40002c00
allocation handle=0x40002c80
allocation handle=0x40002d00
allocation handle=0x40002d80
allocation handle=0x40002e00
allocation handle=0x800012c0
allocation handle=0x40002e80
allocation handle=0x40002f00
allocation handle=0x40002f80
allocation handle=0x800014c0
allocation handle=0x40003000
allocation handle=0x40003080
allocation handle=0x40003100
allocation handle=0x40003180
allocation handle=0x40003200
allocation handle=0x40003280
allocation handle=0x40003300
allocation handle=0x40003380
BC250 D3D device stage 4
BC250 D3D device stage 5
BC250 D3D device stage 6
BC250 D3D device stage 7
BC250 D3D device stage 8
BC250 destroy private Vulkan instance=00000221BF6F0B90
BC250 private Vulkan instance=00000221C1DDA110 screen=00000221C1D691F0
BC250 zink init stage 0
radv_wddm2_winsys_create
BC250 zink init stage 1
radv_wddm2_winsys_create
allocation handle=0x40003c40
allocation handle=0x40003cc0
allocation handle=0x40003d40
bc250: gfx preamble inlined (no gfx_init IB)
BC250 zink init stage 2
BC250 zink init stage 3
BC250 zink init stage 4
BC250 zink init stage 5
BC250 zink init stage 6
BC250 zink init stage 7
BC250 zink init stage 8
BC250 zink init stage 9
BC250 zink init stage 10
BC250 zink init stage 11
BC250 zink init stage 12
BC250 zink init stage 13
BC250 zink init stage 14
BC250 zink init stage 15
BC250 private Vulkan instance=00000221C1D510D0 screen=00000221C215B5A0
BC250 zink init stage 0
radv_wddm2_winsys_create
BC250 zink init stage 1
radv_wddm2_winsys_create
allocation handle=0x400047c0
allocation handle=0x40004840
allocation handle=0x400048c0
bc250: gfx preamble inlined (no gfx_init IB)
BC250 zink init stage 2
BC250 zink init stage 3
BC250 zink init stage 4
BC250 zink init stage 5
BC250 zink init stage 6
BC250 zink init stage 7
BC250 zink init stage 8
BC250 zink init stage 9
BC250 zink init stage 10
BC250 zink init stage 11
BC250 zink init stage 12
BC250 zink init stage 13
BC250 zink init stage 14
BC250 zink init stage 15
BC250 D3D device stage 0
BC250 D3D device stage 1
BC250 D3D device stage 2
BC250 hosted instance result=0 runtime=00000221C1FE6B28
radv_wddm2_winsys_create
OpenAdapterFromLuid 0x0 0x8999
phys adapter = 0 device = 13fe rev 0
node 0 (type: 1) = BC-250 GFX, flags = 0
node 1 (type: 6) = BC-250 SDMA0, flags = 0
bc250: caps blob, device 0x13fe family 79 gfx 12
BC250 hosted callback op=1 runtime=00000221C1FE6B28 hr=00000000
BC250 hosted paging create identity=00000221C1FE6B28 queue=40004ac0 status=00000000
BC250 hosted enumerate result=0 devices=1
BC250 hosted callback op=2 runtime=00000221C1FE6B28 hr=00000000
BC250 hosted paging destroy identity=00000221C1FE6B28 queue=40004ac0 status=00000000
BC250 private Vulkan instance=00000221C21AF9C0 screen=00000221C1DFC870
BC250 zink init stage 0
radv_wddm2_winsys_create
BC250 zink init stage 1
radv_wddm2_winsys_create
allocation handle=0xc0002440
allocation handle=0x80003a40
allocation handle=0x80003ac0
bc250: gfx preamble inlined (no gfx_init IB)
BC250 zink init stage 2
BC250 zink init stage 3
BC250 zink init stage 4
BC250 zink init stage 5
BC250 zink init stage 6
BC250 zink init stage 7
BC250 zink init stage 8
BC250 zink init stage 9
BC250 zink init stage 10
BC250 zink init stage 11
BC250 zink init stage 12
BC250 zink init stage 13
BC250 zink init stage 14
BC250 zink init stage 15
BC250 device screen=00000221C1DFC870 runtime=00000221C1FE6B28
BC250 D3D device stage 3
allocation handle=0x400053c0
allocation handle=0x40005440
allocation handle=0x400054c0
allocation handle=0x40005540
allocation handle=0x400055c0
allocation handle=0x80003f80
allocation handle=0x40005640
allocation handle=0x400056c0
allocation handle=0x40005740
allocation handle=0x80004080
allocation handle=0x400057c0
allocation handle=0x40005840
allocation handle=0x400058c0
allocation handle=0x40005940
allocation handle=0x400059c0
allocation handle=0x40005a40
allocation handle=0x40005ac0
allocation handle=0x40005b40
BC250 D3D device stage 4
BC250 D3D device stage 5
BC250 D3D device stage 6
BC250 D3D device stage 7
BC250 D3D device stage 8
BC250 destroy private Vulkan instance=00000221C1D510D0
allocation handle=0x40005c00
allocation handle=0x40005c80
allocation handle=0x800043c0
allocation handle=0x80004440
allocation handle=0x40005d00
allocation handle=0x40005d80
allocation handle=0x800044c0
allocation handle=0x80004640
bc250: progress before submit previous=0 observed=0 waits=0 signals=1
allocation handle=0x80004540
bc250: gather capacity=4096 bytes required=3936 ibs=4
allocation handle=0x800045c0
allocation handle=0x40005e00
allocation handle=0x40005e80
allocation handle=0x40005f00
allocation handle=0x40005f80
allocation handle=0x40006000
allocation handle=0x40006080
allocation handle=0x80004a40
allocation handle=0x80004a80
allocation handle=0x800049c0
allocation handle=0x80004b00
bc250: progress before submit previous=0 observed=0 waits=0 signals=1
allocation handle=0x40001a80
bc250: gather capacity=4096 bytes required=3936 ibs=4
allocation handle=0x40006140
allocation handle=0x400061c0
allocation handle=0x40006240
allocation handle=0x80004c40
allocation handle=0x400062c0
allocation handle=0x40006340
D3D destroy stage 0
D3D destroy stage 1
D3D destroy stage 2
D3D destroy stage 3
D3D destroy stage 4
D3D destroy stage 5
D3D destroy stage 6
D3D destroy stage 7
BC250 destroy device screen=00000221C1E2F910 runtime=00000221C1DAF278
BC250 destroy private Vulkan instance=00000221C1D8DD30
D3D destroy stage 8
BC250 destroy private Vulkan instance=00000221BF675AF0
allocation handle=0x40006480
allocation handle=0x40006500
allocation handle=0x40006580
allocation handle=0x40006600
allocation handle=0x40006680
allocation handle=0x40006700
allocation handle=0x40006780
allocation handle=0x80005100
allocation handle=0x80005180
D3D destroy stage 0
D3D destroy stage 1
D3D destroy stage 2
D3D destroy stage 3
D3D destroy stage 4
D3D destroy stage 5
D3D destroy stage 6
D3D destroy stage 7
BC250 destroy device screen=00000221C1DFC870 runtime=00000221C1FE6B28
BC250 destroy private Vulkan instance=00000221C21AF9C0
D3D destroy stage 8
BC250 destroy private Vulkan instance=00000221C1DDA110

[
    {
        "Path":  "C:\\BC250\\m13\\runtime-probe001\\runtime-control.exe",
        "Hash":  "D624FAE36995D3F77AD21379261FCE9512838AEEF8BC695A4571B712B9796704"
    },
    {
        "Path":  "C:\\BC250\\m13\\runtime-probe001\\bc250d3d_zink.dll",
        "Hash":  "346A514018C967A56EBE7E025EA9497BC437F8FE9EFF4A373C742BA087AE6A40"
    },
    {
        "Path":  "C:\\BC250\\m10\\wsi-final\\vulkan_radeon.dll",
        "Hash":  "7A9970CA37E94D1224FAB40B77BE2FAC4A076CBEA2695DC8044CEF806A6F735E"
    }
]
CPU UMD file restored
DWM before=1856 after=1856
restored=9C40083C08210C71A6F6DC7EA12F7C1205BBC6AA1DFE48E596C8495B6C2A9798

hosted ICD SHA256 7569dd75775c33f8497fb651dea4846de856f2ba70d86bad3042d77f66ee1205
