compile
  Generowanie kodu...
  Trwa kompilowanie...
  Generowanie kodu...
  Generowanie kodu...
  Generowanie kodu...
link
stack budget
bc250kmd.sys: 538 functions with unwind data, largest fixed frame 3992 bytes
  warn    3992 bytes  rva 0x01A970  GfxPagingBuildUpdate
  warn    2248 bytes  rva 0x019530  GfxPagingBuildAperture
  warn    2120 bytes  rva 0x031850  VidMmCommitPagingAperture
  warn    1240 bytes  rva 0x03E650  WddmSubmitUmdImpl
catalog
  ........................
  Signability test complete.
  Errors:
  None
  Warnings:
  None
  Catalog generation complete.
  P:\bc-250\scratch\build\bd025\kmd\package\bc250kmd.cat
sign
  Done Adding Additional Store
  Successfully signed: P:\bc-250\scratch\build\bd025\kmd\package\bc250kmd.sys
  Done Adding Additional Store
  Successfully signed: P:\bc-250\scratch\build\bd025\kmd\package\bc250kmd.cat
      792  bc250-lab-test.cer
     2407  bc250kmd.cat
     7684  bc250kmd.inf
   374160  bc250kmd.sys
  A46DDFFA8CB20A92B733DD4332D9C21D764559EC228334117361698953269812  package\bc250kmd.sys
