exit=0
hardware D3D11CreateDevice=00000000
module bc250d3d_zink.dll: C:\BC250\m13\runtime-probe001\bc250d3d_zink.dll
module vulkan_radeon.dll: C:\BC250\m10\wsi-final\vulkan_radeon.dll
CreateTexture2D misc=0 hr=00000000
CreateTexture2D misc=2 hr=00000000
CreateTexture2D misc=900 hr=00000000
runtime inventory complete created=3/3

BC250 zink init stage 0
radv_wddm2_winsys_create
OpenAdapterFromLuid 0x0 0x8999
phys adapter = 0 device = 13fe rev 0
node 0 (type: 1) = BC-250 GFX, flags = 0
node 1 (type: 6) = BC-250 SDMA0, flags = 0
bc250: caps blob, device 0x13fe family 79 gfx 12
BC250 zink init stage 1
radv_wddm2_winsys_create
allocation handle=0x40000f80
allocation handle=0x40001000
allocation handle=0x40001080
bc250: gfx preamble inlined (no gfx_init IB)
BC250 zink init stage 2
BC250 zink init stage 3
BC250 zink init stage 4
BC250 zink init stage 5
BC250 zink init stage 6
BC250 zink init stage 7
BC250 zink init stage 8
BC250 zink init stage 9
BC250 zink init stage 10
BC250 zink init stage 11
BC250 zink init stage 12
BC250 zink init stage 13
BC250 zink init stage 14
BC250 zink init stage 15
BC250 zink init stage 0
BC250 zink init stage 1
BC250 zink init stage 2
BC250 zink init stage 3
BC250 zink init stage 4
BC250 zink init stage 5
BC250 zink init stage 6
BC250 zink init stage 7
BC250 zink init stage 8
BC250 zink init stage 9
BC250 zink init stage 10
BC250 zink init stage 11
BC250 zink init stage 12
BC250 zink init stage 13
BC250 zink init stage 14
BC250 zink init stage 15
BC250 D3D device stage 0
BC250 D3D device stage 1
BC250 D3D device stage 2
BC250 D3D device stage 3
allocation handle=0x40001300
allocation handle=0x40001380
allocation handle=0x40001400
allocation handle=0x40001480
allocation handle=0x40001500
allocation handle=0x40001580
allocation handle=0x40001600
allocation handle=0x40001680
allocation handle=0x40001700
allocation handle=0x40001780
allocation handle=0x40001800
allocation handle=0x40001880
allocation handle=0x40001900
allocation handle=0x40001980
allocation handle=0x40001a00
allocation handle=0x40001a80
allocation handle=0x40001b00
allocation handle=0x40001b80
BC250 D3D device stage 4
BC250 D3D device stage 5
BC250 D3D device stage 6
BC250 D3D device stage 7
BC250 D3D device stage 8
allocation handle=0x40001c40
BC250 runtime resource misc=0 bind=28 primary=0
BC250 Allocate 00000000 format 32 primary 0 handle 40001d40 resource 0
BC250 runtime ShareObjects status=c000000d nt=0
BC250 Deallocate 00000000
BC250 runtime resource misc=2 bind=28 primary=0
BC250 Allocate 00000000 format 32 primary 0 handle 40001dc0 resource 0
BC250 runtime ShareObjects status=c000000d nt=0
BC250 Deallocate 00000000
BC250 runtime resource misc=2 bind=28 primary=0
BC250 Allocate 00000000 format 32 primary 0 handle 40001ec0 resource 0
BC250 runtime ShareObjects status=c000000d nt=0
BC250 Deallocate 00000000
D3D destroy stage 0
allocation handle=0x40001f40
allocation handle=0x40001fc0
allocation handle=0x40002040
allocation handle=0x400020c0
allocation handle=0x40002140
allocation handle=0x400021c0
bc250: progress before submit previous=0 observed=0 waits=0 signals=1
allocation handle=0x40002240
bc250: gather capacity=4096 bytes required=928 ibs=2
D3D destroy stage 1
D3D destroy stage 2
D3D destroy stage 3
D3D destroy stage 4
D3D destroy stage 5
D3D destroy stage 6
D3D destroy stage 7
D3D destroy stage 8

[
    {
        "Path":  "C:\\BC250\\m13\\runtime-probe001\\runtime-control.exe",
        "Hash":  "45574285028B6FE28F194C2D47D87B6BD9D226F32255065DEB3201DFAE8E6135"
    },
    {
        "Path":  "C:\\BC250\\m13\\runtime-probe001\\bc250d3d_zink.dll",
        "Hash":  "B0A8085CC473D85851836832BFE43DE105AA4303445FD9D63FE819EA944542CD"
    },
    {
        "Path":  "C:\\BC250\\m10\\wsi-final\\vulkan_radeon.dll",
        "Hash":  "7A9970CA37E94D1224FAB40B77BE2FAC4A076CBEA2695DC8044CEF806A6F735E"
    }
]
CPU UMD file restored
DWM before=1856 after=1856
restored=9C40083C08210C71A6F6DC7EA12F7C1205BBC6AA1DFE48E596C8495B6C2A9798

