probe_hash=E9566E495A4FB5BB0F37B8A2583AB10F573D0F9ECEE2B84D94E264242529E9C3
driver_version=0.7.105.1
installed_sha256=40D7E3790C8168A08B5BF21379EDC49D3B6288B477DBBEFFCED422E64C187008
boot_before=2026-09-24T03:35:18
smu GetGfxFrequency  msg=0x37 param=0 (0x0) ... response=0x01 value=1000 (0x000003E8)
smu GetGfxVid        msg=0x38 param=0 (0x0) ... response=0x01 value=116 (0x00000074)
clock verified: 1000 MHz, VID 116 (request 820 mV)
03:53:17 Tctl 70.4 C (raw 777B0FEF)
launcher_pid=7016
03:53:19 Tctl 70.2 C (raw 775B0FEF)
03:53:21 Tctl 70.0 C (raw 771B0FEF)
03:53:23 Tctl 70.2 C (raw 775B0FEF)
03:53:25 Tctl 70.4 C (raw 777B0FEF)
03:53:27 Tctl 70.0 C (raw 771B0FEF)
03:53:29 Tctl 70.1 C (raw 773B0FEF)
03:53:31 Tctl 70.2 C (raw 775B0FEF)
03:53:33 Tctl 70.1 C (raw 773B0FEF)
03:53:35 Tctl 70.0 C (raw 771B0FEF)
03:53:37 Tctl 70.2 C (raw 775B0FEF)
03:53:39 Tctl 69.9 C (raw 76FB0FEF)
03:53:41 Tctl 70.0 C (raw 771B0FEF)
03:53:43 Tctl 70.2 C (raw 775B0FEF)
03:53:45 Tctl 69.9 C (raw 76FB0FEF)
03:53:47 Tctl 70.1 C (raw 773B0FEF)
03:53:49 Tctl 70.2 C (raw 775B0FEF)
03:53:51 Tctl 70.0 C (raw 771B0FEF)
03:53:53 Tctl 70.1 C (raw 773B0FEF)
03:53:55 Tctl 70.2 C (raw 775B0FEF)
03:53:57 Tctl 70.0 C (raw 771B0FEF)
03:53:59 Tctl 70.1 C (raw 773B0FEF)
03:54:01 Tctl 70.1 C (raw 773B0FEF)
03:54:03 Tctl 70.1 C (raw 773B0FEF)
03:54:05 Tctl 69.8 C (raw 76DB0FEF)
03:54:07 Tctl 69.4 C (raw 767B0FEF)
03:54:09 Tctl 70.1 C (raw 773B0FEF)
03:54:11 Tctl 69.8 C (raw 76DB0FEF)
03:54:13 Tctl 69.4 C (raw 767B0FEF)
03:54:15 Tctl 69.1 C (raw 763B0FEF)
03:54:17 Tctl 69.4 C (raw 767B0FEF)
03:54:19 Tctl 69.6 C (raw 76BB0FEF)
03:54:21 Tctl 69.9 C (raw 76FB0FEF)
03:54:23 Tctl 69.8 C (raw 76DB0FEF)
03:54:25 Tctl 69.8 C (raw 76DB0FEF)
03:54:27 Tctl 70.0 C (raw 771B0FEF)
03:54:29 Tctl 70.1 C (raw 773B0FEF)
03:54:31 Tctl 69.9 C (raw 76FB0FEF)
03:54:33 Tctl 70.1 C (raw 773B0FEF)
03:54:35 Tctl 70.2 C (raw 775B0FEF)
03:54:37 Tctl 70.5 C (raw 779B0FEF)
03:54:39 Tctl 70.2 C (raw 775B0FEF)
03:54:41 Tctl 70.2 C (raw 775B0FEF)
03:54:43 Tctl 70.5 C (raw 779B0FEF)
03:54:45 Tctl 70.5 C (raw 779B0FEF)
03:54:47 Tctl 70.4 C (raw 777B0FEF)
03:54:49 Tctl 70.5 C (raw 779B0FEF)
03:54:51 Tctl 70.6 C (raw 77BB0FEF)
03:54:53 Tctl 70.6 C (raw 77BB0FEF)
03:54:55 Tctl 70.4 C (raw 777B0FEF)
03:54:57 Tctl 70.5 C (raw 779B0FEF)
03:54:59 Tctl 70.0 C (raw 771B0FEF)
03:55:01 Tctl 69.6 C (raw 76BB0FEF)
03:55:03 Tctl 69.4 C (raw 767B0FEF)
03:55:05 Tctl 69.0 C (raw 761B0FEF)
03:55:07 Tctl 69.6 C (raw 76BB0FEF)
03:55:09 Tctl 69.2 C (raw 765B0FEF)
03:55:11 Tctl 69.0 C (raw 761B0FEF)
03:55:13 Tctl 69.4 C (raw 767B0FEF)
03:55:16 Tctl 69.6 C (raw 76BB0FEF)
03:55:18 Tctl 69.4 C (raw 767B0FEF)
03:55:20 Tctl 69.8 C (raw 76DB0FEF)
03:55:22 Tctl 69.9 C (raw 76FB0FEF)
03:55:24 Tctl 69.6 C (raw 76BB0FEF)
03:55:26 Tctl 69.9 C (raw 76FB0FEF)
03:55:28 Tctl 69.8 C (raw 76DB0FEF)
03:55:30 Tctl 69.6 C (raw 76BB0FEF)
03:55:32 Tctl 69.9 C (raw 76FB0FEF)
03:55:34 Tctl 69.9 C (raw 76FB0FEF)
03:55:36 Tctl 69.6 C (raw 76BB0FEF)
03:55:38 Tctl 69.9 C (raw 76FB0FEF)
03:55:40 Tctl 70.4 C (raw 777B0FEF)
03:55:42 Tctl 70.1 C (raw 773B0FEF)
03:55:44 Tctl 70.2 C (raw 775B0FEF)
03:55:46 Tctl 70.5 C (raw 779B0FEF)
03:55:48 Tctl 70.1 C (raw 773B0FEF)
03:55:50 Tctl 70.1 C (raw 773B0FEF)
03:55:52 Tctl 70.2 C (raw 775B0FEF)
03:55:54 Tctl 70.0 C (raw 771B0FEF)
03:55:56 Tctl 70.2 C (raw 775B0FEF)
03:55:58 Tctl 69.9 C (raw 76FB0FEF)
03:56:00 Tctl 69.5 C (raw 769B0FEF)
03:56:02 Tctl 69.2 C (raw 765B0FEF)
03:56:04 Tctl 69.9 C (raw 76FB0FEF)
03:56:06 Tctl 69.5 C (raw 769B0FEF)
03:56:08 Tctl 69.1 C (raw 763B0FEF)
03:56:10 Tctl 69.4 C (raw 767B0FEF)
03:56:12 Tctl 69.1 C (raw 763B0FEF)
03:56:14 Tctl 68.8 C (raw 75DB0FEF)
03:56:16 Tctl 69.0 C (raw 761B0FEF)
03:56:18 Tctl 69.0 C (raw 761B0FEF)
03:56:20 Tctl 69.4 C (raw 767B0FEF)
03:56:22 Tctl 69.8 C (raw 76DB0FEF)
03:56:24 Tctl 69.6 C (raw 76BB0FEF)
03:56:26 Tctl 69.5 C (raw 769B0FEF)
03:56:28 Tctl 69.8 C (raw 76DB0FEF)
03:56:30 Tctl 70.0 C (raw 771B0FEF)
03:56:32 Tctl 69.8 C (raw 76DB0FEF)
03:56:34 Tctl 69.9 C (raw 76FB0FEF)
03:56:36 Tctl 70.1 C (raw 773B0FEF)
03:56:38 Tctl 70.1 C (raw 773B0FEF)
03:56:40 Tctl 70.0 C (raw 771B0FEF)
03:56:42 Tctl 70.1 C (raw 773B0FEF)
03:56:44 Tctl 70.1 C (raw 773B0FEF)
03:56:46 Tctl 70.0 C (raw 771B0FEF)
03:56:48 Tctl 70.2 C (raw 775B0FEF)
03:56:50 Tctl 70.2 C (raw 775B0FEF)
03:56:52 Tctl 70.2 C (raw 775B0FEF)
03:56:54 Tctl 70.0 C (raw 771B0FEF)
D3DKMTDestroyAllocation2 [gpu-readback] 0x00000000  STATUS_SUCCESS
-- teardown
D3DKMTDestroySynchronizationObject 0x00000000  STATUS_SUCCESS
D3DKMTDestroyContext               0x00000000  STATUS_SUCCESS
D3DKMTFreeGpuVirtualAddress [gpu-ib] 0x00000000  STATUS_SUCCESS
D3DKMTDestroyAllocation2 [gpu-ib]  0x00000000  STATUS_SUCCESS
D3DKMTFreeGpuVirtualAddress [preserved] 0x00000000  STATUS_SUCCESS
D3DKMTDestroyAllocation2 [preserved] 0x00000000  STATUS_SUCCESS
D3DKMTDestroyPagingQueue           0x00000000  STATUS_SUCCESS
D3DKMTDestroyDevice                0x00000000  STATUS_SUCCESS
D3DKMTCloseAdapter                 0x00000000  STATUS_SUCCESS
GPU_RESIDENCY_RESULT PASS; physical relocation requires paging trace
gpu_probe_exit=0
boot_after=2026-09-24T03:35:18
