**********************************************************************
** Visual Studio 2022 Developer Command Prompt v17.14.21
** Copyright (c) 2025 Microsoft Corporation
**********************************************************************
[vcvarsall.bat] Environment initialized for: 'x64'
abi.cpp
Uwaga: w tym pliku:  C:\Program Files (x86)\Windows Kits\10\\include\10.0.26100.0\\um\windows.h
Uwaga: w tym pliku:   C:\Program Files (x86)\Windows Kits\10\\include\10.0.26100.0\\shared\winapifamily.h
Uwaga: w tym pliku:    C:\Program Files (x86)\Windows Kits\10\\include\10.0.26100.0\\shared\winpackagefamily.h
Uwaga: w tym pliku:   C:\Program Files (x86)\Windows Kits\10\\include\10.0.26100.0\\shared\sdkddkver.h
Uwaga: w tym pliku:   C:\Program Files\Microsoft Visual Studio\2022\Community\VC\Tools\MSVC\14.44.35207\include\excpt.h
Uwaga: w tym pliku:    C:\Program Files\Microsoft Visual Studio\2022\Community\VC\Tools\MSVC\14.44.35207\include\vcruntime.h
Uwaga: w tym pliku:     C:\Program Files\Microsoft Visual Studio\2022\Community\VC\Tools\MSVC\14.44.35207\include\sal.h
Uwaga: w tym pliku:      C:\Program Files\Microsoft Visual Studio\2022\Community\VC\Tools\MSVC\14.44.35207\include\concurrencysal.h
Uwaga: w tym pliku:     C:\Program Files\Microsoft Visual Studio\2022\Community\VC\Tools\MSVC\14.44.35207\include\vadefs.h
Uwaga: w tym pliku:   C:\Program Files\Microsoft Visual Studio\2022\Community\VC\Tools\MSVC\14.44.35207\include\stdarg.h
Uwaga: w tym pliku:   C:\Program Files (x86)\Windows Kits\10\\include\10.0.26100.0\\shared\windef.h
Uwaga: w tym pliku:    C:\Program Files (x86)\Windows Kits\10\\include\10.0.26100.0\\shared\minwindef.h
Uwaga: w tym pliku:     C:\Program Files (x86)\Windows Kits\10\\include\10.0.26100.0\\shared\specstrings.h
Uwaga: w tym pliku:      C:\Program Files (x86)\Windows Kits\10\\include\10.0.26100.0\\shared\specstrings_strict.h
Uwaga: w tym pliku:       C:\Program Files (x86)\Windows Kits\10\\include\10.0.26100.0\\shared\specstrings_undef.h
Uwaga: w tym pliku:      C:\Program Files (x86)\Windows Kits\10\\include\10.0.26100.0\\shared\driverspecs.h
Uwaga: w tym pliku:       C:\Program Files (x86)\Windows Kits\10\include\10.0.26100.0\shared\sdv_driverspecs.h
Uwaga: w tym pliku:     C:\Program Files (x86)\Windows Kits\10\\include\10.0.26100.0\\um\winnt.h
Uwaga: w tym pliku:      C:\Program Files (x86)\Windows Kits\10\include\10.0.26100.0\ucrt\ctype.h
Uwaga: w tym pliku:       C:\Program Files (x86)\Windows Kits\10\include\10.0.26100.0\ucrt\corecrt.h
Uwaga: w tym pliku:       C:\Program Files (x86)\Windows Kits\10\include\10.0.26100.0\ucrt\corecrt_wctype.h
Uwaga: w tym pliku:      C:\Program Files (x86)\Windows Kits\10\\include\10.0.26100.0\\shared\kernelspecs.h
Uwaga: w tym pliku:      C:\Program Files (x86)\Windows Kits\10\\include\10.0.26100.0\\shared\basetsd.h
Uwaga: w tym pliku:      C:\Program Files (x86)\Windows Kits\10\\include\10.0.26100.0\\shared\guiddef.h
Uwaga: w tym pliku:       C:\Program Files (x86)\Windows Kits\10\include\10.0.26100.0\ucrt\string.h
Uwaga: w tym pliku:        C:\Program Files (x86)\Windows Kits\10\include\10.0.26100.0\ucrt\corecrt_memory.h
Uwaga: w tym pliku:         C:\Program Files (x86)\Windows Kits\10\include\10.0.26100.0\ucrt\corecrt_memcpy_s.h
Uwaga: w tym pliku:          C:\Program Files (x86)\Windows Kits\10\include\10.0.26100.0\ucrt\errno.h
Uwaga: w tym pliku:          C:\Program Files\Microsoft Visual Studio\2022\Community\VC\Tools\MSVC\14.44.35207\include\vcruntime_string.h
Uwaga: w tym pliku:        C:\Program Files (x86)\Windows Kits\10\include\10.0.26100.0\ucrt\corecrt_wstring.h
Uwaga: w tym pliku:      C:\Program Files (x86)\Windows Kits\10\include\10.0.26100.0\shared\pshpack4.h
Uwaga: w tym pliku:      C:\Program Files (x86)\Windows Kits\10\include\10.0.26100.0\shared\poppack.h
Uwaga: w tym pliku:      C:\Program Files (x86)\Windows Kits\10\\include\10.0.26100.0\\shared\pshpack4.h
Uwaga: w tym pliku:      C:\Program Files (x86)\Windows Kits\10\\include\10.0.26100.0\\shared\poppack.h
Uwaga: w tym pliku:      C:\Program Files (x86)\Windows Kits\10\include\10.0.26100.0\shared\pshpack4.h
Uwaga: w tym pliku:      C:\Program Files (x86)\Windows Kits\10\include\10.0.26100.0\shared\pshpack2.h
Uwaga: w tym pliku:      C:\Program Files (x86)\Windows Kits\10\include\10.0.26100.0\shared\poppack.h
Uwaga: w tym pliku:      C:\Program Files (x86)\Windows Kits\10\include\10.0.26100.0\shared\pshpack2.h
Uwaga: w tym pliku:      C:\Program Files (x86)\Windows Kits\10\\include\10.0.26100.0\\shared\pshpack2.h
Uwaga: w tym pliku:      C:\Program Files (x86)\Windows Kits\10\\include\10.0.26100.0\\shared\poppack.h
Uwaga: w tym pliku:      C:\Program Files (x86)\Windows Kits\10\include\10.0.26100.0\shared\poppack.h
Uwaga: w tym pliku:      C:\Program Files (x86)\Windows Kits\10\include\10.0.26100.0\shared\pshpack8.h
Uwaga: w tym pliku:      C:\Program Files (x86)\Windows Kits\10\include\10.0.26100.0\shared\poppack.h
Uwaga: w tym pliku:      C:\Program Files (x86)\Windows Kits\10\include\10.0.26100.0\shared\pshpack1.h
Uwaga: w tym pliku:      C:\Program Files (x86)\Windows Kits\10\include\10.0.26100.0\shared\poppack.h
Uwaga: w tym pliku:      C:\Program Files (x86)\Windows Kits\10\include\10.0.26100.0\shared\pshpack1.h
Uwaga: w tym pliku:      C:\Program Files (x86)\Windows Kits\10\include\10.0.26100.0\shared\poppack.h
Uwaga: w tym pliku:      C:\Program Files (x86)\Windows Kits\10\include\10.0.26100.0\shared\poppack.h
Uwaga: w tym pliku:      C:\Program Files (x86)\Windows Kits\10\\include\10.0.26100.0\\shared\apiset.h
Uwaga: w tym pliku:      C:\Program Files (x86)\Windows Kits\10\\include\10.0.26100.0\\shared\ktmtypes.h
Uwaga: w tym pliku:   C:\Program Files (x86)\Windows Kits\10\\include\10.0.26100.0\\um\winbase.h
Uwaga: w tym pliku:    C:\Program Files (x86)\Windows Kits\10\\include\10.0.26100.0\\shared\apisetcconv.h
Uwaga: w tym pliku:    C:\Program Files (x86)\Windows Kits\10\\include\10.0.26100.0\\um\minwinbase.h
Uwaga: w tym pliku:    C:\Program Files (x86)\Windows Kits\10\\include\10.0.26100.0\\um\apiquery2.h
Uwaga: w tym pliku:    C:\Program Files (x86)\Windows Kits\10\\include\10.0.26100.0\\um\processenv.h
Uwaga: w tym pliku:    C:\Program Files (x86)\Windows Kits\10\\include\10.0.26100.0\\um\fileapifromapp.h
Uwaga: w tym pliku:     C:\Program Files (x86)\Windows Kits\10\\include\10.0.26100.0\\um\fileapi.h
Uwaga: w tym pliku:    C:\Program Files (x86)\Windows Kits\10\\include\10.0.26100.0\\um\debugapi.h
Uwaga: w tym pliku:    C:\Program Files (x86)\Windows Kits\10\\include\10.0.26100.0\\um\utilapiset.h
Uwaga: w tym pliku:    C:\Program Files (x86)\Windows Kits\10\\include\10.0.26100.0\\um\handleapi.h
Uwaga: w tym pliku:    C:\Program Files (x86)\Windows Kits\10\\include\10.0.26100.0\\um\errhandlingapi.h
Uwaga: w tym pliku:    C:\Program Files (x86)\Windows Kits\10\\include\10.0.26100.0\\um\fibersapi.h
Uwaga: w tym pliku:    C:\Program Files (x86)\Windows Kits\10\\include\10.0.26100.0\\um\namedpipeapi.h
Uwaga: w tym pliku:    C:\Program Files (x86)\Windows Kits\10\\include\10.0.26100.0\\um\profileapi.h
Uwaga: w tym pliku:    C:\Program Files (x86)\Windows Kits\10\\include\10.0.26100.0\\um\heapapi.h
Uwaga: w tym pliku:    C:\Program Files (x86)\Windows Kits\10\\include\10.0.26100.0\\um\ioapiset.h
Uwaga: w tym pliku:    C:\Program Files (x86)\Windows Kits\10\\include\10.0.26100.0\\um\synchapi.h
Uwaga: w tym pliku:    C:\Program Files (x86)\Windows Kits\10\\include\10.0.26100.0\\um\interlockedapi.h
Uwaga: w tym pliku:    C:\Program Files (x86)\Windows Kits\10\\include\10.0.26100.0\\um\processthreadsapi.h
Uwaga: w tym pliku:    C:\Program Files (x86)\Windows Kits\10\\include\10.0.26100.0\\um\sysinfoapi.h
Uwaga: w tym pliku:    C:\Program Files (x86)\Windows Kits\10\\include\10.0.26100.0\\um\memoryapi.h
Uwaga: w tym pliku:    C:\Program Files (x86)\Windows Kits\10\\include\10.0.26100.0\\um\enclaveapi.h
Uwaga: w tym pliku:    C:\Program Files (x86)\Windows Kits\10\\include\10.0.26100.0\\um\threadpoollegacyapiset.h
Uwaga: w tym pliku:    C:\Program Files (x86)\Windows Kits\10\\include\10.0.26100.0\\um\threadpoolapiset.h
Uwaga: w tym pliku:    C:\Program Files (x86)\Windows Kits\10\\include\10.0.26100.0\\um\jobapi.h
Uwaga: w tym pliku:    C:\Program Files (x86)\Windows Kits\10\\include\10.0.26100.0\\um\jobapi2.h
Uwaga: w tym pliku:    C:\Program Files (x86)\Windows Kits\10\\include\10.0.26100.0\\um\wow64apiset.h
Uwaga: w tym pliku:    C:\Program Files (x86)\Windows Kits\10\\include\10.0.26100.0\\um\libloaderapi.h
Uwaga: w tym pliku:    C:\Program Files (x86)\Windows Kits\10\\include\10.0.26100.0\\um\securitybaseapi.h
Uwaga: w tym pliku:    C:\Program Files (x86)\Windows Kits\10\\include\10.0.26100.0\\um\namespaceapi.h
Uwaga: w tym pliku:    C:\Program Files (x86)\Windows Kits\10\\include\10.0.26100.0\\um\systemtopologyapi.h
Uwaga: w tym pliku:    C:\Program Files (x86)\Windows Kits\10\\include\10.0.26100.0\\um\processtopologyapi.h
Uwaga: w tym pliku:    C:\Program Files (x86)\Windows Kits\10\\include\10.0.26100.0\\um\securityappcontainer.h
Uwaga: w tym pliku:    C:\Program Files (x86)\Windows Kits\10\\include\10.0.26100.0\\um\realtimeapiset.h
Uwaga: w tym pliku:    C:\Program Files (x86)\Windows Kits\10\\include\10.0.26100.0\\shared\winerror.h
Uwaga: w tym pliku:    C:\Program Files (x86)\Windows Kits\10\\include\10.0.26100.0\\um\timezoneapi.h
Uwaga: w tym pliku:   C:\Program Files (x86)\Windows Kits\10\\include\10.0.26100.0\\um\wingdi.h
Uwaga: w tym pliku:    C:\Program Files (x86)\Windows Kits\10\\include\10.0.26100.0\\shared\pshpack1.h
Uwaga: w tym pliku:    C:\Program Files (x86)\Windows Kits\10\\include\10.0.26100.0\\shared\poppack.h
Uwaga: w tym pliku:    C:\Program Files (x86)\Windows Kits\10\\include\10.0.26100.0\\shared\pshpack2.h
Uwaga: w tym pliku:    C:\Program Files (x86)\Windows Kits\10\\include\10.0.26100.0\\shared\poppack.h
Uwaga: w tym pliku:    C:\Program Files (x86)\Windows Kits\10\\include\10.0.26100.0\\shared\pshpack2.h
Uwaga: w tym pliku:    C:\Program Files (x86)\Windows Kits\10\\include\10.0.26100.0\\shared\poppack.h
Uwaga: w tym pliku:    C:\Program Files (x86)\Windows Kits\10\\include\10.0.26100.0\\shared\pshpack4.h
Uwaga: w tym pliku:    C:\Program Files (x86)\Windows Kits\10\\include\10.0.26100.0\\shared\poppack.h
Uwaga: w tym pliku:    C:\Program Files (x86)\Windows Kits\10\\include\10.0.26100.0\\shared\pshpack4.h
Uwaga: w tym pliku:    C:\Program Files (x86)\Windows Kits\10\\include\10.0.26100.0\\shared\poppack.h
Uwaga: w tym pliku:   C:\Program Files (x86)\Windows Kits\10\\include\10.0.26100.0\\um\winuser.h
Uwaga: w tym pliku:    C:\Program Files (x86)\Windows Kits\10\\include\10.0.26100.0\\shared\pshpack2.h
Uwaga: w tym pliku:    C:\Program Files (x86)\Windows Kits\10\\include\10.0.26100.0\\shared\poppack.h
Uwaga: w tym pliku:    C:\Program Files (x86)\Windows Kits\10\\include\10.0.26100.0\\shared\tvout.h
Uwaga: w tym pliku:   C:\Program Files (x86)\Windows Kits\10\\include\10.0.26100.0\\um\winnls.h
Uwaga: w tym pliku:    C:\Program Files (x86)\Windows Kits\10\\include\10.0.26100.0\\um\datetimeapi.h
Uwaga: w tym pliku:    C:\Program Files (x86)\Windows Kits\10\\include\10.0.26100.0\\um\stringapiset.h
Uwaga: w tym pliku:     C:\Program Files (x86)\Windows Kits\10\\include\10.0.26100.0\\um\winnls.h
Uwaga: w tym pliku:   C:\Program Files (x86)\Windows Kits\10\\include\10.0.26100.0\\um\wincon.h
Uwaga: w tym pliku:    C:\Program Files (x86)\Windows Kits\10\\include\10.0.26100.0\\um\wincontypes.h
Uwaga: w tym pliku:    C:\Program Files (x86)\Windows Kits\10\\include\10.0.26100.0\\um\consoleapi.h
Uwaga: w tym pliku:    C:\Program Files (x86)\Windows Kits\10\\include\10.0.26100.0\\um\consoleapi2.h
Uwaga: w tym pliku:    C:\Program Files (x86)\Windows Kits\10\\include\10.0.26100.0\\um\consoleapi3.h
Uwaga: w tym pliku:   C:\Program Files (x86)\Windows Kits\10\\include\10.0.26100.0\\um\winver.h
Uwaga: w tym pliku:    C:\Program Files (x86)\Windows Kits\10\\include\10.0.26100.0\\um\verrsrc.h
Uwaga: w tym pliku:   C:\Program Files (x86)\Windows Kits\10\\include\10.0.26100.0\\um\winreg.h
Uwaga: w tym pliku:    C:\Program Files (x86)\Windows Kits\10\\include\10.0.26100.0\\um\reason.h
Uwaga: w tym pliku:   C:\Program Files (x86)\Windows Kits\10\\include\10.0.26100.0\\um\winnetwk.h
Uwaga: w tym pliku:    C:\Program Files (x86)\Windows Kits\10\\include\10.0.26100.0\\shared\wnnc.h
Uwaga: w tym pliku:   C:\Program Files (x86)\Windows Kits\10\\include\10.0.26100.0\\shared\cderr.h
Uwaga: w tym pliku:   C:\Program Files (x86)\Windows Kits\10\\include\10.0.26100.0\\um\dde.h
Uwaga: w tym pliku:   C:\Program Files (x86)\Windows Kits\10\\include\10.0.26100.0\\um\ddeml.h
Uwaga: w tym pliku:   C:\Program Files (x86)\Windows Kits\10\\include\10.0.26100.0\\um\dlgs.h
Uwaga: w tym pliku:   C:\Program Files (x86)\Windows Kits\10\\include\10.0.26100.0\\um\lzexpand.h
Uwaga: w tym pliku:   C:\Program Files (x86)\Windows Kits\10\\include\10.0.26100.0\\um\mmsystem.h
Uwaga: w tym pliku:    C:\Program Files (x86)\Windows Kits\10\\include\10.0.26100.0\\um\mmsyscom.h
Uwaga: w tym pliku:     C:\Program Files (x86)\Windows Kits\10\\include\10.0.26100.0\\shared\pshpack1.h
Uwaga: w tym pliku:     C:\Program Files (x86)\Windows Kits\10\\include\10.0.26100.0\\shared\poppack.h
Uwaga: w tym pliku:    C:\Program Files (x86)\Windows Kits\10\\include\10.0.26100.0\\shared\pshpack1.h
Uwaga: w tym pliku:    C:\Program Files (x86)\Windows Kits\10\\include\10.0.26100.0\\um\mciapi.h
Uwaga: w tym pliku:     C:\Program Files (x86)\Windows Kits\10\\include\10.0.26100.0\\um\mmsyscom.h
Uwaga: w tym pliku:    C:\Program Files (x86)\Windows Kits\10\\include\10.0.26100.0\\um\mmiscapi.h
Uwaga: w tym pliku:     C:\Program Files (x86)\Windows Kits\10\\include\10.0.26100.0\\um\mmsyscom.h
Uwaga: w tym pliku:    C:\Program Files (x86)\Windows Kits\10\\include\10.0.26100.0\\um\mmiscapi2.h
Uwaga: w tym pliku:     C:\Program Files (x86)\Windows Kits\10\\include\10.0.26100.0\\um\mmsyscom.h
Uwaga: w tym pliku:    C:\Program Files (x86)\Windows Kits\10\\include\10.0.26100.0\\um\playsoundapi.h
Uwaga: w tym pliku:     C:\Program Files (x86)\Windows Kits\10\\include\10.0.26100.0\\um\mmsyscom.h
Uwaga: w tym pliku:    C:\Program Files (x86)\Windows Kits\10\\include\10.0.26100.0\\um\mmeapi.h
Uwaga: w tym pliku:     C:\Program Files (x86)\Windows Kits\10\\include\10.0.26100.0\\um\mmsyscom.h
Uwaga: w tym pliku:    C:\Program Files (x86)\Windows Kits\10\\include\10.0.26100.0\\um\timeapi.h
Uwaga: w tym pliku:     C:\Program Files (x86)\Windows Kits\10\\include\10.0.26100.0\\um\mmsyscom.h
Uwaga: w tym pliku:    C:\Program Files (x86)\Windows Kits\10\\include\10.0.26100.0\\um\joystickapi.h
Uwaga: w tym pliku:     C:\Program Files (x86)\Windows Kits\10\\include\10.0.26100.0\\um\mmsyscom.h
Uwaga: w tym pliku:    C:\Program Files (x86)\Windows Kits\10\\include\10.0.26100.0\\shared\poppack.h
Uwaga: w tym pliku:   C:\Program Files (x86)\Windows Kits\10\\include\10.0.26100.0\\um\nb30.h
Uwaga: w tym pliku:   C:\Program Files (x86)\Windows Kits\10\\include\10.0.26100.0\\shared\rpc.h
Uwaga: w tym pliku:    C:\Program Files (x86)\Windows Kits\10\\include\10.0.26100.0\\shared\pshpack8.h
Uwaga: w tym pliku:    C:\Program Files (x86)\Windows Kits\10\\include\10.0.26100.0\\shared\rpcdce.h
Uwaga: w tym pliku:     C:\Program Files (x86)\Windows Kits\10\\include\10.0.26100.0\\shared\rpcdcep.h
Uwaga: w tym pliku:    C:\Program Files (x86)\Windows Kits\10\\include\10.0.26100.0\\um\rpcnsi.h
Uwaga: w tym pliku:    C:\Program Files (x86)\Windows Kits\10\\include\10.0.26100.0\\shared\rpcnterr.h
Uwaga: w tym pliku:    C:\Program Files (x86)\Windows Kits\10\\include\10.0.26100.0\\shared\rpcasync.h
Uwaga: w tym pliku:     C:\Program Files (x86)\Windows Kits\10\\include\10.0.26100.0\\shared\pshpack8.h
Uwaga: w tym pliku:     C:\Program Files (x86)\Windows Kits\10\\include\10.0.26100.0\\shared\poppack.h
Uwaga: w tym pliku:    C:\Program Files (x86)\Windows Kits\10\\include\10.0.26100.0\\shared\poppack.h
Uwaga: w tym pliku:   C:\Program Files (x86)\Windows Kits\10\\include\10.0.26100.0\\um\shellapi.h
Uwaga: w tym pliku:   C:\Program Files (x86)\Windows Kits\10\\include\10.0.26100.0\\um\winperf.h
Uwaga: w tym pliku:    C:\Program Files (x86)\Windows Kits\10\\include\10.0.26100.0\\shared\pshpack8.h
Uwaga: w tym pliku:    C:\Program Files (x86)\Windows Kits\10\\include\10.0.26100.0\\shared\poppack.h
Uwaga: w tym pliku:   C:\Program Files (x86)\Windows Kits\10\\include\10.0.26100.0\\um\winsock.h
Uwaga: w tym pliku:    C:\Program Files (x86)\Windows Kits\10\\include\10.0.26100.0\\shared\inaddr.h
Uwaga: w tym pliku:   C:\Program Files (x86)\Windows Kits\10\\include\10.0.26100.0\\um\wincrypt.h
Uwaga: w tym pliku:    C:\Program Files (x86)\Windows Kits\10\\include\10.0.26100.0\\shared\bcrypt.h
Uwaga: w tym pliku:    C:\Program Files (x86)\Windows Kits\10\\include\10.0.26100.0\\um\ncrypt.h
Uwaga: w tym pliku:    C:\Program Files (x86)\Windows Kits\10\\include\10.0.26100.0\\um\dpapi.h
Uwaga: w tym pliku:   C:\Program Files (x86)\Windows Kits\10\\include\10.0.26100.0\\um\winefs.h
Uwaga: w tym pliku:   C:\Program Files (x86)\Windows Kits\10\\include\10.0.26100.0\\um\winscard.h
Uwaga: w tym pliku:    C:\Program Files (x86)\Windows Kits\10\\include\10.0.26100.0\\shared\wtypes.h
Uwaga: w tym pliku:     C:\Program Files (x86)\Windows Kits\10\include\10.0.26100.0\shared\rpcndr.h
Uwaga: w tym pliku:      C:\Program Files (x86)\Windows Kits\10\\include\10.0.26100.0\\shared\pshpack8.h
Uwaga: w tym pliku:      C:\Program Files (x86)\Windows Kits\10\\include\10.0.26100.0\\um\rpcnsip.h
Uwaga: w tym pliku:      C:\Program Files (x86)\Windows Kits\10\\include\10.0.26100.0\\shared\rpcsal.h
Uwaga: w tym pliku:      C:\Program Files (x86)\Windows Kits\10\\include\10.0.26100.0\\shared\poppack.h
Uwaga: w tym pliku:     C:\Program Files (x86)\Windows Kits\10\include\10.0.26100.0\shared\wtypesbase.h
Uwaga: w tym pliku:      C:\Program Files (x86)\Windows Kits\10\include\10.0.26100.0\shared\guiddef.h
Uwaga: w tym pliku:    C:\Program Files (x86)\Windows Kits\10\\include\10.0.26100.0\\um\winioctl.h
Uwaga: w tym pliku:     C:\Program Files (x86)\Windows Kits\10\\include\10.0.26100.0\\shared\pshpack1.h
Uwaga: w tym pliku:     C:\Program Files (x86)\Windows Kits\10\\include\10.0.26100.0\\shared\poppack.h
Uwaga: w tym pliku:     C:\Program Files (x86)\Windows Kits\10\\include\10.0.26100.0\\shared\pshpack1.h
Uwaga: w tym pliku:     C:\Program Files (x86)\Windows Kits\10\\include\10.0.26100.0\\shared\poppack.h
Uwaga: w tym pliku:     C:\Program Files (x86)\Windows Kits\10\\include\10.0.26100.0\\shared\pshpack1.h
Uwaga: w tym pliku:     C:\Program Files (x86)\Windows Kits\10\\include\10.0.26100.0\\shared\poppack.h
Uwaga: w tym pliku:     C:\Program Files (x86)\Windows Kits\10\\include\10.0.26100.0\\shared\pshpack1.h
Uwaga: w tym pliku:     C:\Program Files (x86)\Windows Kits\10\\include\10.0.26100.0\\shared\poppack.h
Uwaga: w tym pliku:     C:\Program Files (x86)\Windows Kits\10\\include\10.0.26100.0\\shared\pshpack1.h
Uwaga: w tym pliku:     C:\Program Files (x86)\Windows Kits\10\\include\10.0.26100.0\\shared\poppack.h
Uwaga: w tym pliku:     C:\Program Files (x86)\Windows Kits\10\\include\10.0.26100.0\\shared\pshpack1.h
Uwaga: w tym pliku:     C:\Program Files (x86)\Windows Kits\10\\include\10.0.26100.0\\shared\poppack.h
Uwaga: w tym pliku:     C:\Program Files (x86)\Windows Kits\10\\include\10.0.26100.0\\shared\pshpack1.h
Uwaga: w tym pliku:     C:\Program Files (x86)\Windows Kits\10\\include\10.0.26100.0\\shared\poppack.h
Uwaga: w tym pliku:    C:\Program Files (x86)\Windows Kits\10\\include\10.0.26100.0\\shared\winsmcrd.h
Uwaga: w tym pliku:   C:\Program Files (x86)\Windows Kits\10\\include\10.0.26100.0\\um\winspool.h
Uwaga: w tym pliku:    C:\Program Files (x86)\Windows Kits\10\\include\10.0.26100.0\\um\prsht.h
Uwaga: w tym pliku:     C:\Program Files (x86)\Windows Kits\10\\include\10.0.26100.0\\shared\pshpack8.h
Uwaga: w tym pliku:     C:\Program Files (x86)\Windows Kits\10\\include\10.0.26100.0\\shared\poppack.h
Uwaga: w tym pliku:   C:\Program Files (x86)\Windows Kits\10\\include\10.0.26100.0\\um\ole2.h
Uwaga: w tym pliku:    C:\Program Files (x86)\Windows Kits\10\\include\10.0.26100.0\\shared\pshpack8.h
Uwaga: w tym pliku:    C:\Program Files (x86)\Windows Kits\10\\include\10.0.26100.0\\um\objbase.h
Uwaga: w tym pliku:     C:\Program Files (x86)\Windows Kits\10\\include\10.0.26100.0\\shared\pshpack8.h
Uwaga: w tym pliku:     C:\Program Files (x86)\Windows Kits\10\\include\10.0.26100.0\\um\combaseapi.h
Uwaga: w tym pliku:      C:\Program Files (x86)\Windows Kits\10\\include\10.0.26100.0\\shared\pshpack8.h
Uwaga: w tym pliku:      C:\Program Files (x86)\Windows Kits\10\include\10.0.26100.0\ucrt\stdlib.h
Uwaga: w tym pliku:       C:\Program Files (x86)\Windows Kits\10\include\10.0.26100.0\ucrt\corecrt_malloc.h
Uwaga: w tym pliku:       C:\Program Files (x86)\Windows Kits\10\include\10.0.26100.0\ucrt\corecrt_search.h
Uwaga: w tym pliku:        C:\Program Files (x86)\Windows Kits\10\include\10.0.26100.0\ucrt\stddef.h
Uwaga: w tym pliku:       C:\Program Files (x86)\Windows Kits\10\include\10.0.26100.0\ucrt\corecrt_wstdlib.h
Uwaga: w tym pliku:       C:\Program Files\Microsoft Visual Studio\2022\Community\VC\Tools\MSVC\14.44.35207\include\limits.h
Uwaga: w tym pliku:      C:\Program Files (x86)\Windows Kits\10\\include\10.0.26100.0\\um\unknwnbase.h
Uwaga: w tym pliku:      C:\Program Files (x86)\Windows Kits\10\\include\10.0.26100.0\\um\objidlbase.h
Uwaga: w tym pliku:      C:\Program Files (x86)\Windows Kits\10\\include\10.0.26100.0\\shared\guiddef.h
Uwaga: w tym pliku:      C:\Program Files (x86)\Windows Kits\10\\include\10.0.26100.0\\um\cguid.h
Uwaga: w tym pliku:      C:\Program Files (x86)\Windows Kits\10\\include\10.0.26100.0\\shared\poppack.h
Uwaga: w tym pliku:     C:\Program Files (x86)\Windows Kits\10\\include\10.0.26100.0\\um\coml2api.h
Uwaga: w tym pliku:      C:\Program Files (x86)\Windows Kits\10\\include\10.0.26100.0\\um\objidl.h
Uwaga: w tym pliku:       C:\Program Files (x86)\Windows Kits\10\include\10.0.26100.0\um\unknwn.h
Uwaga: w tym pliku:      C:\Program Files (x86)\Windows Kits\10\\include\10.0.26100.0\\um\propidlbase.h
Uwaga: w tym pliku:       C:\Program Files (x86)\Windows Kits\10\include\10.0.26100.0\um\oaidl.h
Uwaga: w tym pliku:     C:\Program Files (x86)\Windows Kits\10\\include\10.0.26100.0\\um\urlmon.h
Uwaga: w tym pliku:      C:\Program Files (x86)\Windows Kits\10\include\10.0.26100.0\um\oleidl.h
Uwaga: w tym pliku:      C:\Program Files (x86)\Windows Kits\10\include\10.0.26100.0\um\servprov.h
Uwaga: w tym pliku:      C:\Program Files (x86)\Windows Kits\10\include\10.0.26100.0\um\msxml.h
Uwaga: w tym pliku:     C:\Program Files (x86)\Windows Kits\10\\include\10.0.26100.0\\um\propidl.h
Uwaga: w tym pliku:     C:\Program Files (x86)\Windows Kits\10\\include\10.0.26100.0\\shared\poppack.h
Uwaga: w tym pliku:    C:\Program Files (x86)\Windows Kits\10\\include\10.0.26100.0\\um\oleauto.h
Uwaga: w tym pliku:     C:\Program Files (x86)\Windows Kits\10\\include\10.0.26100.0\\shared\pshpack8.h
Uwaga: w tym pliku:     C:\Program Files (x86)\Windows Kits\10\\include\10.0.26100.0\\shared\poppack.h
Uwaga: w tym pliku:    C:\Program Files (x86)\Windows Kits\10\\include\10.0.26100.0\\shared\poppack.h
Uwaga: w tym pliku:   C:\Program Files (x86)\Windows Kits\10\\include\10.0.26100.0\\um\commdlg.h
Uwaga: w tym pliku:    C:\Program Files (x86)\Windows Kits\10\\include\10.0.26100.0\\um\prsht.h
Uwaga: w tym pliku:   C:\Program Files (x86)\Windows Kits\10\\include\10.0.26100.0\\shared\stralign.h
Uwaga: w tym pliku:   C:\Program Files (x86)\Windows Kits\10\\include\10.0.26100.0\\um\winsvc.h
Uwaga: w tym pliku:   C:\Program Files (x86)\Windows Kits\10\\include\10.0.26100.0\\um\mcx.h
Uwaga: w tym pliku:   C:\Program Files (x86)\Windows Kits\10\\include\10.0.26100.0\\um\imm.h
Uwaga: w tym pliku:    C:\Program Files (x86)\Windows Kits\10\\include\10.0.26100.0\\um\ime_cmodes.h
Uwaga: w tym pliku:  C:\Program Files (x86)\Windows Kits\10\\include\10.0.26100.0\\shared\d3d9types.h
Uwaga: w tym pliku:   C:\Program Files (x86)\Windows Kits\10\include\10.0.26100.0\ucrt\float.h
Uwaga: w tym pliku:  P:\bc-250\toolchain\nuget\microsoft.windows.wdk.x64\c\Include\10.0.26100.0\um\d3dumddi.h
Uwaga: w tym pliku:   C:\Program Files (x86)\Windows Kits\10\\include\10.0.26100.0\\shared\d3dukmdt.h
Uwaga: w tym pliku:  C:\Program Files (x86)\Windows Kits\10\include\10.0.26100.0\ucrt\stdio.h
Uwaga: w tym pliku:   C:\Program Files (x86)\Windows Kits\10\include\10.0.26100.0\ucrt\corecrt_wstdio.h
Uwaga: w tym pliku:    C:\Program Files (x86)\Windows Kits\10\include\10.0.26100.0\ucrt\corecrt_stdio_config.h
WDK ALLOCATE ABI size=40 private=0 privateSize=8 hResource=16 hKMResource=24 NumAllocations=28 info2=32
