log          1918 lines since this driver load, 894 lost to the wrap, 7 dropped above DISPATCH_LEVEL; ring 1024 lines of which the first 256 are kept; table FULL WDDM (the gate was open at DriverEntry)
     0      0.008 stage 10
     1      0.008 gate: EnableFullWddm 1 (one shot: closed again on disk)
     2      0.008 stage 20
     3      0.130 stage 30
     4      0.132 stage 31
     5      0.134 stage 32
     6      0.134 post display 1920x1200 pitch 7680 format 22 target 2424833
     7      0.134 stage 33
     8      0.134 stage 34
     9      0.134 interrupt resource 1: message, vector 0x80, flags 0x3
    10      0.136 mmio: BAR5 at 0xFE800000 mapped, writes off, dcn writes allowed, vidpn flip allowed
    11      0.136 vram: 0x270000000 + 0x200000000, MC 0xF400000000, BAR0 0xC0000000 + 0x10000000, writes allowed
    12      0.136 fb sample mapped: phys 0xC0000000 first 0x00000000 mid 0x00000000
    13      0.136 fb sample physical: 0x270000000 first 0x00000000 mid 0x00000000
    14      0.136 gart: ready, dummy page at 0x26FFFA000
    15      0.136 psp: ready
    16      0.136 gpumem: ready, doorbells at 0xD0000000
    17      0.136 gfx: ready, GPU submission allowed, paging node allowed
    18      0.136 ih: ready
    19      0.140 vidmm: logical paging state 515 tables, 1031 slots, 4767344 bytes reserved
    20      0.144 vidmm: table segment 3 at physical 0x45E150000 + 0xFEB0000, host memory below 0x270000000, updates are WRITTEN
    21      0.144 startup: entering interrupt connection
    22      0.146 startup: entering firmware preparation
    23      0.152 gfx: CP_ME_CNTL 0x15000000, CP_MEC_CNTL 0x50000000, SDMA0/1_F32_CNTL 0x1 0x1
    24      0.152 gfx: unpublished translation bootstrap entered with engines halted
    25      0.152 gfx: RLC before-gart-initialization CNTL 0x00000000 read 0x00000000 STATUS2 0x00000008 read 0x00000000
    26      0.152 gfx: GRBM before-gart-initialization STATUS 0x00003028 read 0x00000000
    27      0.152 startup: entering GART initialization
    28      0.166 gart: startup startup-after-gfxhub-enable sample 0x00000000 fault 0x00000000
    29      0.166 gfx: RLC startup-after-gfxhub-enable CNTL 0x00000000 read 0x00000000 STATUS2 0x00000008 read 0x00000000
    30      0.166 gfx: GRBM startup-after-gfxhub-enable STATUS 0x00003028 read 0x00000000
    31      0.166 gart: startup startup-after-mmhub-enable sample 0x00000000 fault 0x00000000
    32      0.166 gfx: RLC startup-after-mmhub-enable CNTL 0x00000000 read 0x00000000 STATUS2 0x00000008 read 0x00000000
    33      0.166 gfx: GRBM startup-after-mmhub-enable STATUS 0x00003028 read 0x00000000
    34      0.166 gart: startup startup-after-fault-defaults sample 0x00000000 fault 0x00000000
    35      0.166 gfx: RLC startup-after-fault-defaults CNTL 0x00000000 read 0x00000000 STATUS2 0x00000008 read 0x00000000
    36      0.166 gfx: GRBM startup-after-fault-defaults STATUS 0x00003028 read 0x00000000
    37      0.166 gart: startup bootstrap-after-mmhub-flush sample 0x00000000 fault 0x00000000
    38      0.166 gfx: RLC bootstrap-after-mmhub-flush CNTL 0x00000000 read 0x00000000 STATUS2 0x00000008 read 0x00000000
    39      0.166 gfx: GRBM bootstrap-after-mmhub-flush STATUS 0x00003028 read 0x00000000
    40      0.166 gart: op 1 -> 0x00000000 (-), result 0, 284 writes, fault offset 0x00000
    41      0.166 gfx: RLC before-psp CNTL 0x00000000 read 0x00000000 STATUS2 0x00000008 read 0x00000000
    42      0.166 gfx: GRBM before-psp STATUS 0x00003028 read 0x00000000
    43      0.166 startup: entering PSP initialization
    44      0.216 gfx: RLC before-psp-ring-create CNTL 0x00000000 read 0x00000000 STATUS2 0x00000008 read 0x00000000
    45      0.216 gfx: GRBM before-psp-ring-create STATUS 0x00003028 read 0x00000000
    46      0.238 gfx: RLC after-psp-ring-create CNTL 0x00000000 read 0x00000000 STATUS2 0x00000008 read 0x00000000
    47      0.238 gfx: GRBM after-psp-ring-create STATUS 0x00003028 read 0x00000000
    48      0.238 amdgpu[0]: reserve 0x400000 from 0xf5ff800000 for PSP TMR

    49      0.238 psp: command 1 (id 5, type 0, 4194304 bytes): rc 0, status 0x0, 241 us, in TMR at 0x0
    50      0.238 gfx: RLC after-psp-command CNTL 0x00000000 read 0x00000000 STATUS2 0x00000008 read 0x00000000
    51      0.238 gfx: GRBM after-psp-command STATUS 0x00003028 read 0x00000000
    52      0.240 psp: command 2 (id 6, type 9, 33536 bytes): rc 0, status 0x0, 1890 us, in TMR at 0x0
    53      0.240 gfx: RLC after-psp-command CNTL 0x00000000 read 0x00000000 STATUS2 0x01000008 read 0x00000000
    54      0.240 gfx: GRBM after-psp-command STATUS 0x00003028 read 0x00000000
    55      0.242 psp: command 3 (id 6, type 10, 33536 bytes): rc 0, status 0x0, 1919 us, in TMR at 0x0
    56      0.242 gfx: RLC after-psp-command CNTL 0x00000000 read 0x00000000 STATUS2 0x01000008 read 0x00000000
    57      0.242 gfx: GRBM after-psp-command STATUS 0x00003028 read 0x00000000
    58      0.248 psp: command 4 (id 6, type 3, 263040 bytes): rc 0, status 0x0, 5919 us, in TMR at 0xF5FF842000
    59      0.248 gfx: RLC after-psp-command CNTL 0x00000000 read 0x00000000 STATUS2 0x01000008 read 0x00000000
    60      0.248 gfx: GRBM after-psp-command STATUS 0x00003028 read 0x00000000
    61      0.254 psp: command 5 (id 6, type 2, 263168 bytes): rc 0, status 0x0, 5913 us, in TMR at 0xF5FF883000
    62      0.254 gfx: RLC after-psp-command CNTL 0x00000000 read 0x00000000 STATUS2 0x01000008 read 0x00000000
    63      0.254 gfx: GRBM after-psp-command STATUS 0x00003028 read 0x00000000
    64      0.260 psp: command 6 (id 6, type 1, 263168 bytes): rc 0, status 0x0, 5911 us, in TMR at 0xF5FF8C4000
    65      0.260 gfx: RLC after-psp-command CNTL 0x00000000 read 0x00000000 STATUS2 0x01000008 read 0x00000000
    66      0.260 gfx: GRBM after-psp-command STATUS 0x00003028 read 0x00000000
    67      0.266 psp: command 7 (id 6, type 4, 267440 bytes): rc 0, status 0x0, 5961 us, in TMR at 0xF5FF800000
    68      0.266 gfx: RLC after-psp-command CNTL 0x00000000 read 0x00000000 STATUS2 0x01000008 read 0x00000000
    69      0.266 gfx: GRBM after-psp-command STATUS 0x00003028 read 0x00000000
    70      0.266 psp: command 8 (id 6, type 5, 896 bytes): rc 0, status 0x0, 130 us, in TMR at 0x0
    71      0.266 gfx: RLC after-psp-command CNTL 0x00000000 read 0x00000000 STATUS2 0x01000008 read 0x00000000
    72      0.266 gfx: GRBM after-psp-command STATUS 0x00003028 read 0x00000000
    73      0.272 psp: command 9 (id 6, type 4, 267440 bytes): rc 0, status 0x0, 5951 us, in TMR at 0xF5FF800000
    74      0.272 gfx: RLC after-psp-command CNTL 0x00000000 read 0x00000000 STATUS2 0x01000008 read 0x00000000
    75      0.272 gfx: GRBM after-psp-command STATUS 0x00003028 read 0x00000000
    76      0.272 psp: command 10 (id 6, type 6, 896 bytes): rc 0, status 0x0, 130 us, in TMR at 0x0
    77      0.272 gfx: RLC after-psp-command CNTL 0x00000000 read 0x00000000 STATUS2 0x01000008 read 0x00000000
    78      0.272 gfx: GRBM after-psp-command STATUS 0x00003028 read 0x00000000
    79      0.274 psp: command 11 (id 6, type 8, 25088 bytes): rc 0, status 0x0, 1688 us, in TMR at 0x0
    80      0.274 gfx: RLC after-psp-command CNTL 0x00000000 read 0x00000000 STATUS2 0x01000008 read 0x00000000
    81      0.274 gfx: GRBM after-psp-command STATUS 0x00003028 read 0x00000000
    82      0.274 psp: op 1 -> 0x00000000, result 0, 15 writes, 11 of 11 commands
    83      0.274 gfx: RLC after-psp CNTL 0x00000000 read 0x00000000 STATUS2 0x01000008 read 0x00000000
    84      0.274 gfx: GRBM after-psp STATUS 0x00003028 read 0x00000000
    85      0.274 startup: entering IH initialization
    86      0.276 ih: init: rc 0, 18 writes
    87      0.276 ih: op 1 -> 0x00000000, result 0, 19 writes; 0 interrupt routine calls, 0 ours, 0 DPCs, 0 vectors; status idle 1 input_idle 1 bif_interrupt_line 0
    88      0.276 startup: entering GFX initialization
    89      0.280 startup: entering GFX stage 1
    90      0.282 gfx: RLC startup policy pp_gfxoff 0
    91      0.284 gfx: stage 1 (doorbell aperture): rc 0, 49 writes so far, 2 us
    92      0.284 gfx: op 1 to stage 1 -> 0x00000000, result 0, 49 writes, 0 doorbells
    93      0.286 startup: entering GFX stage 2
    94      0.290 gfx: stage 2 (golden registers): rc 0, 34 writes so far, 35 us
    95      0.290 gfx: op 1 to stage 2 -> 0x00000000, result 0, 34 writes, 0 doorbells
    96      0.292 startup: entering GFX stage 3
    97      0.294 gfx: stage 3 (GRBM CAM probe): rc 0, 3 writes so far, 3 us
    98      0.294 gfx: op 1 to stage 3 -> 0x00000000, result 0, 3 writes, 0 doorbells
    99      0.296 startup: entering GFX stage 4
   100      0.300 gfx: stage 4 (constants): rc 0, 157 writes so far, 59 us
   101      0.300 gfx: op 1 to stage 4 -> 0x00000000, result 0, 157 writes, 0 doorbells
   102      0.302 startup: entering GFX stage 5
   103      0.304 startup: RLC boundary acquire-paging-lock
   104      0.306 startup: RLC boundary acquire-gart-lock
   105      0.308 startup: RLC boundary locks-acquired
   106      0.310 startup: RLC boundary before-rlc-resume
   107      0.314 startup: RLC boundary after-rlc-resume
   108      0.316 startup: RLC boundary before-gfx-visibility
   109      0.318 gpumem: GFXHUB after-invalidate-request sample 0x00F80001 fault 0x00000000
   110      0.320 startup: visibility observer returned after-invalidate-request
   111      0.322 gpumem: GFXHUB after-invalidate-request-read sample 0x00F80001 fault 0x00000000
   112      0.326 startup: visibility observer returned after-invalidate-request-read
   113      0.328 gpumem: GFXHUB after-invalidate-ack sample 0x00000001 fault 0x00000000
   114      0.330 startup: visibility observer returned after-invalidate-ack
   115      0.332 startup: visibility GFX returned 0, entering MMHUB
   116      0.334 startup: visibility MMHUB returned 0
   117      0.336 gpumem: startup GFX translations committed after RLC, before CP
   118      0.340 gfx: RLC after-bootstrap-translation-commit CNTL 0x00000001 read 0x00000000 STATUS2 0x00000008 read 0x00000000
   119      0.340 gfx: GRBM after-bootstrap-translation-commit STATUS 0x00003028 read 0x00000000
   120      0.340 startup: visibility publication observer returned
   121      0.342 startup: RLC boundary after-gfx-visibility
   122      0.346 gfx: stage 5 (RLC): rc 0, 11 writes so far, 34786 us
   123      0.346 gfx: op 1 to stage 5 -> 0x00000000, result 0, 11 writes, 0 doorbells
   124      0.348 startup: entering GFX stage 6
   125      0.350 startup: entering CP step 1
   126      0.352 startup: CP1 checkpoint acquire-paging-lock
   127      0.354 startup: CP1 checkpoint acquire-gart-lock
   128      0.356 startup: CP1 checkpoint locks-acquired
   129      0.360 amdgpu[0]: CP resume kiq-init begin

   130      0.360 startup: CP1 checkpoint scheduler
   131      0.362 startup: CP1 checkpoint scheduler-read
   132      0.364 startup: CP1 checkpoint scheduler-write
   133      0.366 startup: CP1 checkpoint scheduler-done
   134      0.370 startup: CP1 checkpoint clear-mqd
   135      0.372 startup: CP1 checkpoint select-queue
   136      0.374 startup: CP1 checkpoint build-mqd
   137      0.376 startup: CP1 checkpoint disable-wptr-poll
   138      0.378 startup: CP1 checkpoint read-active
   139      0.380 startup: CP1 checkpoint program-hqd
   140      0.384 startup: CP1 checkpoint activate-hqd
   141      0.386 startup: CP1 checkpoint restore-selection
   142      0.388 startup: CP1 checkpoint complete
   143      0.390 amdgpu[0]: CP resume kiq-init end result=0

   144      0.390 gfx: CP step 1: rc 0, 27 writes, 31396 us
   145      0.390 gfx: op 1 to stage 6 -> 0x00000000, result 0, 27 writes, 0 doorbells
   146      0.390 startup: CP step 1 returned 0x00000000 result 0
   147      0.394 startup: entering CP step 2
   148      0.396 amdgpu[0]: CP resume compute-unhalt begin

   149      0.396 amdgpu[0]: CP resume compute-unhalt end

   150      0.396 amdgpu[0]: CP resume kcq-init ring=0 begin

   151      0.396 amdgpu[0]: CP resume kcq-init ring=0 end result=0

   152      0.396 amdgpu[0]: CP resume kcq-init ring=1 begin

   153      0.396 amdgpu[0]: CP resume kcq-init ring=1 end result=0

   154      0.396 amdgpu[0]: CP resume kcq-init ring=2 begin

   155      0.396 amdgpu[0]: CP resume kcq-init ring=2 end result=0

   156      0.396 amdgpu[0]: CP resume kcq-init ring=3 begin

   157      0.396 amdgpu[0]: CP resume kcq-init ring=3 end result=0

   158      0.396 amdgpu[0]: CP resume kcq-init ring=4 begin

   159      0.396 amdgpu[0]: CP resume kcq-init ring=4 end result=0

   160      0.396 amdgpu[0]: CP resume kcq-init ring=5 begin

   161      0.396 amdgpu[0]: CP resume kcq-init ring=5 end result=0

   162      0.396 amdgpu[0]: CP resume kcq-init ring=6 begin

   163      0.396 amdgpu[0]: CP resume kcq-init ring=6 end result=0

   164      0.396 amdgpu[0]: CP resume kcq-init ring=7 begin

   165      0.396 amdgpu[0]: CP resume kcq-init ring=7 end result=0

   166      0.396 gfx: CP step 2: rc 0, 17 writes, 330 us
   167      0.396 gfx: op 1 to stage 6 -> 0x00000000, result 0, 17 writes, 0 doorbells
   168      0.396 startup: CP step 2 returned 0x00000000 result 0
   169      0.398 startup: entering CP step 3
   170      0.400 amdgpu[0]: CP resume kcq-enable begin

   171      0.400 amdgpu[0]: CP resume kcq-enable end result=0

   172      0.400 gfx: CP step 3: rc 0, 1 writes, 58 us
   173      0.400 gfx: op 1 to stage 6 -> 0x00000000, result 0, 1 writes, 2 doorbells
   174      0.400 startup: CP step 3 returned 0x00000000 result 0
   175      0.402 startup: entering CP step 4
   176      0.406 amdgpu[0]: CP resume kgq-init ring=0 begin

   177      0.406 amdgpu[0]: CP resume kgq-init ring=0 end result=0

   178      0.406 gfx: CP step 4: rc 0, 4 writes, 35 us
   179      0.406 gfx: op 1 to stage 6 -> 0x00000000, result 0, 4 writes, 0 doorbells
   180      0.406 startup: CP step 4 returned 0x00000000 result 0
   181      0.408 startup: entering CP step 5
   182      0.412 amdgpu[0]: CP resume kgq-enable begin

   183      0.412 amdgpu[0]: CP resume kgq-enable end result=0

   184      0.412 gfx: CP step 5: rc 0, 1 writes, 50 us
   185      0.412 gfx: op 1 to stage 6 -> 0x00000000, result 0, 1 writes, 2 doorbells
   186      0.412 startup: CP step 5 returned 0x00000000 result 0
   187      0.414 startup: entering CP step 6
   188      0.418 amdgpu[0]: CP resume gfx-start begin

   189      0.418 amdgpu[0]: CP resume gfx-start end result=0

   190      0.418 gfx: CP step 6: rc 0, 3 writes, 28 us
   191      0.418 gfx: op 1 to stage 6 -> 0x00000000, result 0, 3 writes, 1 doorbells
   192      0.418 startup: CP step 6 returned 0x00000000 result 0
   193      0.420 startup: entering CP step 7
   194      0.422 amdgpu[0]: CP resume gfx-test ring=0 begin

   195      0.422 amdgpu[0]: CP resume gfx-test ring=0 end result=0

   196      0.422 gfx: CP step 7: rc 0, 1 writes, 24 us
   197      0.422 gfx: op 1 to stage 6 -> 0x00000000, result 0, 1 writes, 1 doorbells
   198      0.422 startup: CP step 7 returned 0x00000000 result 0
   199      0.426 startup: entering CP step 8
   200      0.428 amdgpu[0]: CP resume compute-test ring=0 begin

   201      0.428 amdgpu[0]: CP resume compute-test ring=0 end result=0

   202      0.428 amdgpu[0]: CP resume compute-test ring=1 begin

   203      0.428 amdgpu[0]: CP resume compute-test ring=1 end result=0

   204      0.428 amdgpu[0]: CP resume compute-test ring=2 begin

   205      0.428 amdgpu[0]: CP resume compute-test ring=2 end result=0

   206      0.428 amdgpu[0]: CP resume compute-test ring=3 begin

   207      0.428 amdgpu[0]: CP resume compute-test ring=3 end result=0

   208      0.428 amdgpu[0]: CP resume compute-test ring=4 begin

   209      0.428 amdgpu[0]: CP resume compute-test ring=4 end result=0

   210      0.428 amdgpu[0]: CP resume compute-test ring=5 begin

   211      0.428 amdgpu[0]: CP resume compute-test ring=5 end result=0

   212      0.428 amdgpu[0]: CP resume compute-test ring=6 begin

   213      0.428 amdgpu[0]: CP resume compute-test ring=6 end result=0

   214      0.428 amdgpu[0]: CP resume compute-test ring=7 begin

   215      0.428 amdgpu[0]: CP resume compute-test ring=7 end result=0

   216      0.428 gfx: CP step 8: rc 0, 8 writes, 161 us
   217      0.428 gfx: op 1 to stage 6 -> 0x00000000, result 0, 8 writes, 8 doorbells
   218      0.428 startup: CP step 8 returned 0x00000000 result 0
   219      0.434 startup: entering GFX stage 7
   220      0.438 gfx: stage 7 (SDMA): rc 0, 93 writes so far, 130 us
   221      0.438 gfx: op 1 to stage 7 -> 0x00000000, result 0, 93 writes, 2 doorbells
   222      0.440 startup: entering GFX stage 8
   223      0.444 gfx: stage 8 (interrupt sources): rc 0, 35 writes so far, 23 us
   224      0.444 gfx: paging node ready, SDMA0 doorbell 0x200, per-buffer private commands
   225      0.444 gfx: op 1 to stage 8 -> 0x00000000, result 0, 35 writes, 0 doorbells
   226      0.446 startup: SDMA control 0 command 16 bytes 4096 begin
   227      0.452 gfx: sdmacopy 4096 bytes -> 0x00000000, result 0, matched 1, first mismatch at 0x0 (got 0x00 want 0x00), 12 us
   228      0.452 startup: SDMA control 0 status 0 NT 0x00000000 result 0 fence 1/1 compare 4096 matched 1
   229      0.454 startup: SDMA control 1 command 18 bytes 4096 begin
   230      0.458 gfx: sdmaib buffer 0x564000 length 16 DWORD VMID0 CSA0
   231      0.458 gfx: sdmaib 4096 bytes -> 0x00000000, result 0, matched 1, first mismatch at 0x0 (got 0x00 want 0x00), 12 us
   232      0.458 startup: SDMA control 1 status 0 NT 0x00000000 result 0 fence 2/2 compare 4096 matched 1
   233      0.462 startup: SDMA control 2 command 18 bytes 65536 begin
   234      0.466 gfx: sdmaib buffer 0x564000 length 16 DWORD VMID0 CSA0
   235      0.488 gfx: sdmaib 65536 bytes -> 0x00000000, result 0, matched 1, first mismatch at 0x0 (got 0x00 want 0x00), 12 us
   236      0.488 startup: SDMA control 2 status 0 NT 0x00000000 result 0 fence 3/3 compare 65536 matched 1
   237      0.490 startup: SDMA control 3 command 16 bytes 65536 begin
   238      0.514 gfx: sdmacopy 65536 bytes -> 0x00000000, result 0, matched 1, first mismatch at 0x0 (got 0x00 want 0x00), 12 us
   239      0.514 startup: SDMA control 3 status 0 NT 0x00000000 result 0 fence 4/4 compare 65536 matched 1
   240      0.518 startup: SDMA VMID2 translated control begin
   241      0.520 gfx: sdmava root PA0x46E02C000 IB PA0x26FF39000 system PA0x26FF18000 source PA0x46E00C000 VA0x40000000 CSA0x40003000 VMID2
   242      0.520 gfx: sdmava trial0 sourceVRAM fence5/5 compared4096 status0x00000000
   243      0.520 gfx: sdmava trial1 sourcesystem-remap fence6/6 compared4096 status0x00000000
   244      0.522 gfx: sdmava end status0x00000000 result0 fault0x0
   245      0.524 startup: both engines ready
   246      0.528 startup: attempted 0xF completed 0xF status 0x00000000 ready 1 unwind 0 quarantine 0
   247      0.528 wddm: GPU initialized before adapter admission
   248      0.528 wddm: callbacks sync 1 notify 1 queuedpc 1 notifydpc 1, interface 312 of 312 bytes
   249      0.528 stage 35
   250      0.528 stage 39
   251      0.528 wddm: display QueryChildRelations call 1 detail 0x38 -> 0x00000000
   252      0.530 wddm: DRIVERCAPS into 576 bytes: wddm 8192 sched 0x45 mm 0x60 flip 0x12 slots 0 tdr 1 dflip 1 rot 1
   253      0.530 wddm: QueryAdapterInfo type 1 in 0 out 576 -> 0x00000000
   254      0.530 wddm: QueryAdapterInfo type 15 in 4 out 20 -> 0xC00000BB
   255      0.530 wddm: QueryAdapterInfo type 47 in 0 out 4 -> 0xC00000BB
  1150      2.269 gfx: paging submit, 110 ring dwords reserved for buffer at 0x4108A0, seq 640
  1151      2.269 gfx: paging submit, 352 ring dwords reserved for buffer at 0x410A58, seq 641
  1152      2.269 gfx: paging submit, 700 ring dwords reserved for buffer at 0x400000, seq 642
  1153      2.269 gfx: paging submit, 318 ring dwords reserved for buffer at 0x400AF0, seq 643
  1154      2.271 gfx: paging submit, 781 ring dwords reserved for buffer at 0x410000, seq 644
  1155      2.348 gfx: paging submit, 224 ring dwords reserved for buffer at 0x410C34, seq 645
  1156      2.348 gfx: paging submit, 839 ring dwords reserved for buffer at 0x400000, seq 646
  1157      2.350 gfx: paging submit, 176 ring dwords reserved for buffer at 0x400D1C, seq 647
  1158      2.350 gfx: paging submit, 872 ring dwords reserved for buffer at 0x410000, seq 648
  1159      2.350 gfx: paging submit, 138 ring dwords reserved for buffer at 0x410DA0, seq 649
  1160      2.350 gfx: paging submit, 945 ring dwords reserved for buffer at 0x400000, seq 650
  1161      2.914 gfx: paging submit, 64 ring dwords reserved for buffer at 0x400EC4, seq 651
  1162      2.914 gfx: paging submit, 567 ring dwords reserved for buffer at 0x410000, seq 652
  1163      2.916 gfx: paging submit, 448 ring dwords reserved for buffer at 0x4108DC, seq 653
  1164      2.916 gfx: paging submit, 168 ring dwords reserved for buffer at 0x400000, seq 654
  1165      2.916 gfx: paging submit, 848 ring dwords reserved for buffer at 0x4002A0, seq 655
  1166      2.916 gfx: paging submit, 204 ring dwords reserved for buffer at 0x410000, seq 656
  1167      2.916 gfx: paging submit, 810 ring dwords reserved for buffer at 0x410330, seq 657
  1168      2.916 gfx: paging submit, 289 ring dwords reserved for buffer at 0x400000, seq 658
  1169      6.317 wddm summary: ---- DDI calls: name, count, first log line ----
  1170      6.317 wddm summary: QueryAdapterInfo                   12  first at 253
  1171      6.317 wddm summary: GetNodeMetadata                     2  first at 261
  1172      6.317 wddm summary: CreateDevice                        8  first at 268
  1173      6.317 wddm summary: DestroyDevice                       1  first at 410
  1174      6.317 wddm summary: CreateContext                       6  first at 271
  1175      6.317 wddm summary: DestroyContext                      1  first at 409
  1176      6.317 wddm summary: CreateProcess                       5  first at 267
  1177      6.317 wddm summary: DestroyProcess                      1  first at 417
  1178      6.317 wddm summary: SetRootPageTable                    1  first at 294
  1179      6.317 wddm summary: CreateAllocation                   10  first at 339
  1180      6.317 wddm summary: DestroyAllocation                   5  first at 603
  1181      6.317 wddm summary: DescribeAllocation                  8  first at 368
  1182      6.317 wddm summary: GetStandardAllocationDriverData      4  first at 337
  1183      6.317 wddm summary: OpenAllocation                     12  first at 341
  1184      6.317 wddm summary: CloseAllocation                     5  first at 602
  1185      6.317 wddm summary: BuildPagingBuffer                1895  first at 273
  1186      6.319 wddm summary: SubmitCommandVirtual              652  first at 317
  1187      6.319 wddm summary: Present                             3  first at 1119
  1188      6.319 wddm summary: SetVidPnSourceAddress               6  first at 399
  1189      6.319 wddm summary: ControlInterrupt                    3  first at 406
  1190      6.319 wddm summary: ---- QueryAdapterInfo types: type, count, first log line ----
  1191      6.319 wddm summary: adapter info type   1       1  first at 253
  1192      6.319 wddm summary: adapter info type  15       1  first at 254
  1193      6.319 wddm summary: adapter info type  47       1  first at 255
  1194      6.319 wddm summary: adapter info type  13       1  first at 256
  1195      6.319 wddm summary: adapter info type  14       4  first at 257
  1196      6.319 wddm summary: adapter info type  11       2  first at 264
  1197      6.319 wddm summary: adapter info type  10       1  first at 266
  1198      6.319 wddm summary: adapter info type  16       1  first at 266
  1199      6.319 wddm summary: capture plans reserved 2 heap 0
  1200      6.319 wddm summary: capture context peaks plans 1 reserved-bytes 189304
  1201      6.319 wddm summary: ---- BuildPagingBuffer operations: operation, count, first log line ----
  1202      6.319 wddm summary: paging operation  11    1451  first at 273
  1203      6.319 wddm summary: paging operation  12      55  first at 330
  1204      6.319 wddm summary: paging operation   9       9  first at 349
  1205      6.319 wddm summary: paging operation   2       2  first at 598
  1206      6.319 wddm summary: paging operation   8     378  first at 618
  1207      6.319 wddm summary: objects created/destroyed: dev 8/1 ctx 6/1 proc 5/1 alloc 10/5, 36 alive
  1208      6.319 wddm summary: allocations opened/closed: 12/5 calls
  1209      6.319 wddm summary: submissions 0 physical + 652 virtual, 0 preemptions, last completed fence 652
  1210      6.319 wddm summary: node 0 hardware: 0 submitted, 0 completed, 0 timeouts, 0 refused
  1211      6.319 wddm summary: umd: 0 allocs (0 refused), 0 contexts, 0 submits on the ring, 0 not run
  1212      6.319 wddm profile: umd calls 0, elapsed ticks 0, QPC frequency 10000000
  1213      6.319 wddm profile: probe enabled 0, calls 0, elapsed ticks 0 (included in umd)
  1214      6.319 wddm summary: node 1 (paging, open): 652 hardware submitted, 652 completed, 0 timeouts, 0 refused
  1215      6.319 wddm summary: SubmitCommandVirtual by node: 0: 0, 1: 652, 0 private-buffer refusals
  1216      6.319 wddm summary: paging DMA VA nonzero 866 zero 1029, mapping observations 8
  1217      6.319 wddm summary: native DMA transfers 0 fills 8 bytes 73728000
  1218      6.319 wddm summary: DMA mapping matches 8/8 last VA0x400000 root0x45E150000 PA0x235D16000 CPU_PA0x235D16000
  1219      6.319 wddm summary: BuildPagingBuffer: 2 transfers, 8 fills, 92160000 bytes, 563 insufficient-buffer
  1220      6.319 wddm summary: aperture map batches 0, unmap batches 0
  1221      6.319 wddm summary: paging TLB invalidations 55, PTE update batches 414
  1222      6.319 wddm summary: paging unsupported (not ready/no root/no translation/system memory/not contiguous) 0/0/0/0/0
  1223      6.319 wddm summary: presents 3, flips 4 of 6 address calls (3 arrived above DISPATCH_LEVEL)
  1224      6.319 wddm summary: blit gate open, 0 blits, 0 skips, 0 sources translated contiguous
  1225      6.319 wddm summary: blit destination: 0 to the flipped surface, 0 to the POST framebuffer (0 a failed-mapping fallback), 0 scanout remaps (0 failed), last blit 0 row
  1226      6.319 wddm summary: widest blit 0 rows
  1227      6.319 wddm summary: last blit reading 0, 0x0 pitch 0, 0 rectangles, source physical 0x0
  1228      6.319 wddm summary: vsync enabled, 0 ticks, 309 reported to dxgkrnl
  1229      6.319 wddm summary: vidpn flip open: 4 hardware flips, 0 refused, 1 hardware vsyncs armed 327 acked 0 refused 0 deferred (flip still pending)
  1230      6.319 wddm summary: no TDR (ResetEngine, ResetFromTimeout and RestartFromTimeout were never called)
  1231      6.319 wddm summary: CollectDbgInfo called 0 time(s) since the driver was loaded
  1232      6.319 vidmm summary: level 0: 1026 calls, 262688 entries, 544 valid
  1233      6.319 vidmm summary: level 1: 2 calls, 1024 entries, 512 valid
  1234      6.319 vidmm summary: level 2: 1 calls, 512 entries, 2 valid
  1235      6.319 vidmm summary: level 3: 1 calls, 512 entries, 1 valid
  1236      6.319 vidmm summary: system leaf encoding coherent 0 noncoherent 16684 snoop mismatches 0
  1237      6.319 vidmm summary: 1030 cpu-virtual calls, 0 gpu-physical calls
  1238      6.319 vidmm summary: 264736 entries written (EnableGpuVa open), 0 refused, 0 bad calls, 1 roots
  1239      8.735 fbdump: hubp 0 rows 0..63 of 1200, pitch 7680, address 0x2708D0000
  1240      8.755 fbdump: hubp 0 rows 64..127 of 1200, pitch 7680, address 0x270948000
  1241      8.775 fbdump: hubp 0 rows 128..191 of 1200, pitch 7680, address 0x2709C0000
  1242      8.793 fbdump: hubp 0 rows 192..255 of 1200, pitch 7680, address 0x270A38000
  1243      8.813 fbdump: hubp 0 rows 256..319 of 1200, pitch 7680, address 0x270AB0000
  1244      8.833 fbdump: hubp 0 rows 320..383 of 1200, pitch 7680, address 0x270B28000
  1245      8.851 fbdump: hubp 0 rows 384..447 of 1200, pitch 7680, address 0x270BA0000
  1246      8.871 fbdump: hubp 0 rows 448..511 of 1200, pitch 7680, address 0x270C18000
  1247      8.891 fbdump: hubp 0 rows 512..575 of 1200, pitch 7680, address 0x270C90000
  1248      8.911 fbdump: hubp 0 rows 576..639 of 1200, pitch 7680, address 0x270D08000
  1249      8.931 fbdump: hubp 0 rows 640..703 of 1200, pitch 7680, address 0x270D80000
  1250      8.951 fbdump: hubp 0 rows 704..767 of 1200, pitch 7680, address 0x270DF8000
  1251      8.969 fbdump: hubp 0 rows 768..831 of 1200, pitch 7680, address 0x270E70000
  1252      8.989 fbdump: hubp 0 rows 832..895 of 1200, pitch 7680, address 0x270EE8000
  1253      9.009 fbdump: hubp 0 rows 896..959 of 1200, pitch 7680, address 0x270F60000
  1254      9.029 fbdump: hubp 0 rows 960..1023 of 1200, pitch 7680, address 0x270FD8000
  1255      9.049 fbdump: hubp 0 rows 1024..1087 of 1200, pitch 7680, address 0x271050000
  1256      9.067 fbdump: hubp 0 rows 1088..1151 of 1200, pitch 7680, address 0x2710C8000
  1257      9.083 fbdump: hubp 0 rows 1152..1199 of 1200, pitch 7680, address 0x271140000
  1258      9.143 wddm: Present flags 0x0000000C source 0 dest 0, 1 sub-rectangles, 0 DMA bytes free
  1259      9.143 wddm: Present list FFFF8005C0698E40 (context list 256), private 0000000000000000/0, driver data 0
  1260      9.143 wddm: Present list q0-3  0000000000000000 0000000000000000 0000000000000000 0000000000000000
  1261      9.143 wddm: Present list q4-7  FFFFAE085C8B2080 0000000002338000 FFFFFFFFFFFFFFFF 000000000000FFFF
  1262      9.143 wddm: Present list q8-11 0000000000000000 0000000000000000 0000000000000000 0000000000000000
  1263      9.143 wddm: Present dst (0,0)-(0,0) src (0,0)-(0,0) va 0x0
  1264      9.428 wddm: Present flags 0x0000000C source 0 dest 0, 1 sub-rectangles, 0 DMA bytes free
  1265      9.428 wddm: Present list FFFF8005C0698E40 (context list 256), private 0000000000000000/0, driver data 0
  1266      9.428 wddm: Present list q0-3  0000000000000000 0000000000000000 0000000000000000 0000000000000000
  1267      9.428 wddm: Present list q4-7  FFFFAE085C8B6590 0000000000010000 FFFFFFFFFFFFFFFF 000000000000FFFF
  1268      9.428 wddm: Present list q8-11 0000000000000000 0000000000000000 0000000000000000 0000000000000000
  1269      9.428 wddm: Present dst (0,0)-(0,0) src (0,0)-(0,0) va 0x0
  1270      9.822 wddm: Present flags 0x0000000C source 0 dest 0, 1 sub-rectangles, 0 DMA bytes free
  1271      9.822 wddm: Present list FFFF8005C0698E40 (context list 256), private 0000000000000000/0, driver data 0
  1272      9.822 wddm: Present list q0-3  0000000000000000 0000000000000000 0000000000000000 0000000000000000
  1273      9.822 wddm: Present list q4-7  FFFFAE085C8B39B0 0000000001A6E000 FFFFFFFFFFFFFFFF 000000000000FFFF
  1274      9.822 wddm: Present list q8-11 0000000000000000 0000000000000000 0000000000000000 0000000000000000
  1275      9.822 wddm: Present dst (0,0)-(0,0) src (0,0)-(0,0) va 0x0
  1276     10.825 wddm: Present flags 0x0000000C source 0 dest 0, 1 sub-rectangles, 0 DMA bytes free
  1277     10.825 wddm: Present list FFFF8005C0698E40 (context list 256), private 0000000000000000/0, driver data 0
  1278     10.825 wddm: Present list q0-3  0000000000000000 0000000000000000 0000000000000000 0000000000000000
  1279     10.825 wddm: Present list q4-7  FFFFAE085C8B2080 0000000002338000 FFFFFFFFFFFFFFFF 000000000000FFFF
  1280     10.825 wddm: Present list q8-11 0000000000000000 0000000000000000 0000000000000000 0000000000000000
  1281     10.825 wddm: Present dst (0,0)-(0,0) src (0,0)-(0,0) va 0x0
  1282     11.435 wddm summary: ---- DDI calls: name, count, first log line ----
  1283     11.435 wddm summary: QueryAdapterInfo                   12  first at 253
  1284     11.435 wddm summary: GetNodeMetadata                     2  first at 261
  1285     11.435 wddm summary: CreateDevice                        8  first at 268
  1286     11.435 wddm summary: DestroyDevice                       1  first at 410
  1287     11.435 wddm summary: CreateContext                       6  first at 271
  1288     11.435 wddm summary: DestroyContext                      1  first at 409
  1289     11.435 wddm summary: CreateProcess                       5  first at 267
  1290     11.435 wddm summary: DestroyProcess                      1  first at 417
  1291     11.435 wddm summary: SetRootPageTable                    1  first at 294
  1292     11.435 wddm summary: CreateAllocation                   10  first at 339
  1293     11.435 wddm summary: DestroyAllocation                   5  first at 603
  1294     11.435 wddm summary: DescribeAllocation                 12  first at 368
  1295     11.435 wddm summary: GetStandardAllocationDriverData      4  first at 337
  1296     11.435 wddm summary: OpenAllocation                     12  first at 341
  1297     11.435 wddm summary: CloseAllocation                     5  first at 602
  1298     11.435 wddm summary: BuildPagingBuffer                1895  first at 273
  1299     11.435 wddm summary: SubmitCommandVirtual              652  first at 317
  1300     11.435 wddm summary: Present                             7  first at 1119
  1301     11.435 wddm summary: SetVidPnSourceAddress              10  first at 399
  1302     11.435 wddm summary: ControlInterrupt                    3  first at 406
  1303     11.435 wddm summary: ---- QueryAdapterInfo types: type, count, first log line ----
  1304     11.435 wddm summary: adapter info type   1       1  first at 253
  1305     11.435 wddm summary: adapter info type  15       1  first at 254
  1306     11.435 wddm summary: adapter info type  47       1  first at 255
  1307     11.435 wddm summary: adapter info type  13       1  first at 256
  1308     11.435 wddm summary: adapter info type  14       4  first at 257
  1309     11.435 wddm summary: adapter info type  11       2  first at 264
  1310     11.435 wddm summary: adapter info type  10       1  first at 266
  1311     11.435 wddm summary: adapter info type  16       1  first at 266
  1312     11.435 wddm summary: capture plans reserved 2 heap 0
  1313     11.435 wddm summary: capture context peaks plans 1 reserved-bytes 189304
  1314     11.435 wddm summary: ---- BuildPagingBuffer operations: operation, count, first log line ----
  1315     11.435 wddm summary: paging operation  11    1451  first at 273
  1316     11.435 wddm summary: paging operation  12      55  first at 330
  1317     11.435 wddm summary: paging operation   9       9  first at 349
  1318     11.435 wddm summary: paging operation   2       2  first at 598
  1319     11.435 wddm summary: paging operation   8     378  first at 618
  1320     11.435 wddm summary: objects created/destroyed: dev 8/1 ctx 6/1 proc 5/1 alloc 10/5, 36 alive
  1321     11.435 wddm summary: allocations opened/closed: 12/5 calls
  1322     11.435 wddm summary: submissions 0 physical + 652 virtual, 0 preemptions, last completed fence 652
  1323     11.435 wddm summary: node 0 hardware: 0 submitted, 0 completed, 0 timeouts, 0 refused
  1324     11.435 wddm summary: umd: 0 allocs (0 refused), 0 contexts, 0 submits on the ring, 0 not run
  1325     11.435 wddm profile: umd calls 0, elapsed ticks 0, QPC frequency 10000000
  1326     11.435 wddm profile: probe enabled 0, calls 0, elapsed ticks 0 (included in umd)
  1327     11.435 wddm summary: node 1 (paging, open): 652 hardware submitted, 652 completed, 0 timeouts, 0 refused
  1328     11.435 wddm summary: SubmitCommandVirtual by node: 0: 0, 1: 652, 0 private-buffer refusals
  1329     11.435 wddm summary: paging DMA VA nonzero 866 zero 1029, mapping observations 8
  1330     11.435 wddm summary: native DMA transfers 0 fills 8 bytes 73728000
  1331     11.435 wddm summary: DMA mapping matches 8/8 last VA0x400000 root0x45E150000 PA0x235D16000 CPU_PA0x235D16000
  1332     11.435 wddm summary: BuildPagingBuffer: 2 transfers, 8 fills, 92160000 bytes, 563 insufficient-buffer
  1333     11.435 wddm summary: aperture map batches 0, unmap batches 0
  1334     11.435 wddm summary: paging TLB invalidations 55, PTE update batches 414
  1335     11.435 wddm summary: paging unsupported (not ready/no root/no translation/system memory/not contiguous) 0/0/0/0/0
  1336     11.435 wddm summary: presents 7, flips 8 of 10 address calls (7 arrived above DISPATCH_LEVEL)
  1337     11.435 wddm summary: blit gate open, 0 blits, 0 skips, 0 sources translated contiguous
  1338     11.435 wddm summary: blit destination: 0 to the flipped surface, 0 to the POST framebuffer (0 a failed-mapping fallback), 0 scanout remaps (0 failed), last blit 0 row
  1339     11.435 wddm summary: widest blit 0 rows
  1340     11.435 wddm summary: last blit reading 0, 0x0 pitch 0, 0 rectangles, source physical 0x0
  1341     11.435 wddm summary: vsync enabled, 0 ticks, 616 reported to dxgkrnl
  1342     11.435 wddm summary: vidpn flip open: 8 hardware flips, 0 refused, 1 hardware vsyncs armed 634 acked 0 refused 0 deferred (flip still pending)
  1343     11.435 wddm summary: no TDR (ResetEngine, ResetFromTimeout and RestartFromTimeout were never called)
  1344     11.435 wddm summary: CollectDbgInfo called 0 time(s) since the driver was loaded
  1345     11.435 vidmm summary: level 0: 1026 calls, 262688 entries, 544 valid
  1346     11.437 vidmm summary: level 1: 2 calls, 1024 entries, 512 valid
  1347     11.437 vidmm summary: level 2: 1 calls, 512 entries, 2 valid
  1348     11.437 vidmm summary: level 3: 1 calls, 512 entries, 1 valid
  1349     11.437 vidmm summary: system leaf encoding coherent 0 noncoherent 16684 snoop mismatches 0
  1350     11.437 vidmm summary: 1030 cpu-virtual calls, 0 gpu-physical calls
  1351     11.437 vidmm summary: 264736 entries written (EnableGpuVa open), 0 refused, 0 bad calls, 1 roots
  1352     11.782 wddm: Present flags 0x0000000C source 0 dest 0, 1 sub-rectangles, 0 DMA bytes free
  1353     11.782 wddm: Present list FFFF8005C0698E40 (context list 256), private 0000000000000000/0, driver data 0
  1354     11.782 wddm: Present list q0-3  0000000000000000 0000000000000000 0000000000000000 0000000000000000
  1355     11.782 wddm: Present list q4-7  FFFFAE085C8B6590 0000000000010000 FFFFFFFFFFFFFFFF 000000000000FFFF
  1356     11.782 wddm: Present list q8-11 0000000000000000 0000000000000000 0000000000000000 0000000000000000
  1357     11.782 wddm: Present dst (0,0)-(0,0) src (0,0)-(0,0) va 0x0
  1358     16.552 wddm summary: ---- DDI calls: name, count, first log line ----
  1359     16.552 wddm summary: QueryAdapterInfo                   12  first at 253
  1360     16.552 wddm summary: GetNodeMetadata                     2  first at 261
  1361     16.552 wddm summary: CreateDevice                        8  first at 268
  1362     16.552 wddm summary: DestroyDevice                       1  first at 410
  1363     16.552 wddm summary: CreateContext                       6  first at 271
  1364     16.552 wddm summary: DestroyContext                      1  first at 409
  1365     16.552 wddm summary: CreateProcess                       5  first at 267
  1366     16.552 wddm summary: DestroyProcess                      1  first at 417
  1367     16.552 wddm summary: SetRootPageTable                    1  first at 294
  1368     16.552 wddm summary: CreateAllocation                   10  first at 339
  1369     16.552 wddm summary: DestroyAllocation                   5  first at 603
  1370     16.552 wddm summary: DescribeAllocation                 19  first at 368
  1371     16.552 wddm summary: GetStandardAllocationDriverData      4  first at 337
  1372     16.552 wddm summary: OpenAllocation                     12  first at 341
  1373     16.552 wddm summary: CloseAllocation                     5  first at 602
  1374     16.552 wddm summary: BuildPagingBuffer                1895  first at 273
  1375     16.552 wddm summary: SubmitCommandVirtual              652  first at 317
  1376     16.552 wddm summary: Present                            14  first at 1119
  1377     16.552 wddm summary: SetVidPnSourceAddress              17  first at 399
  1378     16.552 wddm summary: ControlInterrupt                    3  first at 406
  1379     16.552 wddm summary: ---- QueryAdapterInfo types: type, count, first log line ----
  1380     16.552 wddm summary: adapter info type   1       1  first at 253
  1381     16.552 wddm summary: adapter info type  15       1  first at 254
  1382     16.552 wddm summary: adapter info type  47       1  first at 255
  1383     16.552 wddm summary: adapter info type  13       1  first at 256
  1384     16.552 wddm summary: adapter info type  14       4  first at 257
  1385     16.552 wddm summary: adapter info type  11       2  first at 264
  1386     16.552 wddm summary: adapter info type  10       1  first at 266
  1387     16.552 wddm summary: adapter info type  16       1  first at 266
  1388     16.552 wddm summary: capture plans reserved 2 heap 0
  1389     16.552 wddm summary: capture context peaks plans 1 reserved-bytes 189304
  1390     16.552 wddm summary: ---- BuildPagingBuffer operations: operation, count, first log line ----
  1391     16.552 wddm summary: paging operation  11    1451  first at 273
  1392     16.552 wddm summary: paging operation  12      55  first at 330
  1393     16.552 wddm summary: paging operation   9       9  first at 349
  1394     16.552 wddm summary: paging operation   2       2  first at 598
  1395     16.552 wddm summary: paging operation   8     378  first at 618
  1396     16.552 wddm summary: objects created/destroyed: dev 8/1 ctx 6/1 proc 5/1 alloc 10/5, 36 alive
  1397     16.552 wddm summary: allocations opened/closed: 12/5 calls
  1398     16.552 wddm summary: submissions 0 physical + 652 virtual, 0 preemptions, last completed fence 652
  1399     16.554 wddm summary: node 0 hardware: 0 submitted, 0 completed, 0 timeouts, 0 refused
  1400     16.554 wddm summary: umd: 0 allocs (0 refused), 0 contexts, 0 submits on the ring, 0 not run
  1401     16.554 wddm profile: umd calls 0, elapsed ticks 0, QPC frequency 10000000
  1402     16.554 wddm profile: probe enabled 0, calls 0, elapsed ticks 0 (included in umd)
  1403     16.554 wddm summary: node 1 (paging, open): 652 hardware submitted, 652 completed, 0 timeouts, 0 refused
  1404     16.554 wddm summary: SubmitCommandVirtual by node: 0: 0, 1: 652, 0 private-buffer refusals
  1405     16.554 wddm summary: paging DMA VA nonzero 866 zero 1029, mapping observations 8
  1406     16.554 wddm summary: native DMA transfers 0 fills 8 bytes 73728000
  1407     16.554 wddm summary: DMA mapping matches 8/8 last VA0x400000 root0x45E150000 PA0x235D16000 CPU_PA0x235D16000
  1408     16.554 wddm summary: BuildPagingBuffer: 2 transfers, 8 fills, 92160000 bytes, 563 insufficient-buffer
  1409     16.554 wddm summary: aperture map batches 0, unmap batches 0
  1410     16.554 wddm summary: paging TLB invalidations 55, PTE update batches 414
  1411     16.554 wddm summary: paging unsupported (not ready/no root/no translation/system memory/not contiguous) 0/0/0/0/0
  1412     16.554 wddm summary: presents 14, flips 15 of 17 address calls (14 arrived above DISPATCH_LEVEL)
  1413     16.554 wddm summary: blit gate open, 0 blits, 0 skips, 0 sources translated contiguous
  1414     16.554 wddm summary: blit destination: 0 to the flipped surface, 0 to the POST framebuffer (0 a failed-mapping fallback), 0 scanout remaps (0 failed), last blit 0 row
  1415     16.554 wddm summary: widest blit 0 rows
  1416     16.554 wddm summary: last blit reading 0, 0x0 pitch 0, 0 rectangles, source physical 0x0
  1417     16.554 wddm summary: vsync enabled, 0 ticks, 922 reported to dxgkrnl
  1418     16.554 wddm summary: vidpn flip open: 15 hardware flips, 0 refused, 1 hardware vsyncs armed 940 acked 0 refused 0 deferred (flip still pending)
  1419     16.554 wddm summary: no TDR (ResetEngine, ResetFromTimeout and RestartFromTimeout were never called)
  1420     16.554 wddm summary: CollectDbgInfo called 0 time(s) since the driver was loaded
  1421     16.554 vidmm summary: level 0: 1026 calls, 262688 entries, 544 valid
  1422     16.554 vidmm summary: level 1: 2 calls, 1024 entries, 512 valid
  1423     16.554 vidmm summary: level 2: 1 calls, 512 entries, 2 valid
  1424     16.554 vidmm summary: level 3: 1 calls, 512 entries, 1 valid
  1425     16.554 vidmm summary: system leaf encoding coherent 0 noncoherent 16684 snoop mismatches 0
  1426     16.554 vidmm summary: 1030 cpu-virtual calls, 0 gpu-physical calls
  1427     16.554 vidmm summary: 264736 entries written (EnableGpuVa open), 0 refused, 0 bad calls, 1 roots
  1428     21.670 wddm summary: ---- DDI calls: name, count, first log line ----
  1429     21.670 wddm summary: QueryAdapterInfo                   12  first at 253
  1430     21.670 wddm summary: GetNodeMetadata                     2  first at 261
  1431     21.670 wddm summary: CreateDevice                        8  first at 268
  1432     21.670 wddm summary: DestroyDevice                       1  first at 410
  1433     21.670 wddm summary: CreateContext                       6  first at 271
  1434     21.670 wddm summary: DestroyContext                      1  first at 409
  1435     21.670 wddm summary: CreateProcess                       5  first at 267
  1436     21.670 wddm summary: DestroyProcess                      1  first at 417
  1437     21.670 wddm summary: SetRootPageTable                    1  first at 294
  1438     21.670 wddm summary: CreateAllocation                   10  first at 339
  1439     21.670 wddm summary: DestroyAllocation                   5  first at 603
  1440     21.670 wddm summary: DescribeAllocation                 26  first at 368
  1441     21.670 wddm summary: GetStandardAllocationDriverData      4  first at 337
  1442     21.670 wddm summary: OpenAllocation                     12  first at 341
  1443     21.670 wddm summary: CloseAllocation                     5  first at 602
  1444     21.670 wddm summary: BuildPagingBuffer                1895  first at 273
  1445     21.670 wddm summary: SubmitCommandVirtual              652  first at 317
  1446     21.670 wddm summary: Present                            21  first at 1119
  1447     21.670 wddm summary: SetVidPnSourceAddress              24  first at 399
  1448     21.670 wddm summary: ControlInterrupt                    3  first at 406
  1449     21.670 wddm summary: ---- QueryAdapterInfo types: type, count, first log line ----
  1450     21.670 wddm summary: adapter info type   1       1  first at 253
  1451     21.670 wddm summary: adapter info type  15       1  first at 254
  1452     21.670 wddm summary: adapter info type  47       1  first at 255
  1453     21.670 wddm summary: adapter info type  13       1  first at 256
  1454     21.670 wddm summary: adapter info type  14       4  first at 257
  1455     21.670 wddm summary: adapter info type  11       2  first at 264
  1456     21.670 wddm summary: adapter info type  10       1  first at 266
  1457     21.670 wddm summary: adapter info type  16       1  first at 266
  1458     21.670 wddm summary: capture plans reserved 2 heap 0
  1459     21.670 wddm summary: capture context peaks plans 1 reserved-bytes 189304
  1460     21.670 wddm summary: ---- BuildPagingBuffer operations: operation, count, first log line ----
  1461     21.670 wddm summary: paging operation  11    1451  first at 273
  1462     21.670 wddm summary: paging operation  12      55  first at 330
  1463     21.670 wddm summary: paging operation   9       9  first at 349
  1464     21.670 wddm summary: paging operation   2       2  first at 598
  1465     21.670 wddm summary: paging operation   8     378  first at 618
  1466     21.670 wddm summary: objects created/destroyed: dev 8/1 ctx 6/1 proc 5/1 alloc 10/5, 36 alive
  1467     21.670 wddm summary: allocations opened/closed: 12/5 calls
  1468     21.670 wddm summary: submissions 0 physical + 652 virtual, 0 preemptions, last completed fence 652
  1469     21.670 wddm summary: node 0 hardware: 0 submitted, 0 completed, 0 timeouts, 0 refused
  1470     21.670 wddm summary: umd: 0 allocs (0 refused), 0 contexts, 0 submits on the ring, 0 not run
  1471     21.670 wddm profile: umd calls 0, elapsed ticks 0, QPC frequency 10000000
  1472     21.670 wddm profile: probe enabled 0, calls 0, elapsed ticks 0 (included in umd)
  1473     21.670 wddm summary: node 1 (paging, open): 652 hardware submitted, 652 completed, 0 timeouts, 0 refused
  1474     21.670 wddm summary: SubmitCommandVirtual by node: 0: 0, 1: 652, 0 private-buffer refusals
  1475     21.670 wddm summary: paging DMA VA nonzero 866 zero 1029, mapping observations 8
  1476     21.670 wddm summary: native DMA transfers 0 fills 8 bytes 73728000
  1477     21.670 wddm summary: DMA mapping matches 8/8 last VA0x400000 root0x45E150000 PA0x235D16000 CPU_PA0x235D16000
  1478     21.670 wddm summary: BuildPagingBuffer: 2 transfers, 8 fills, 92160000 bytes, 563 insufficient-buffer
  1479     21.670 wddm summary: aperture map batches 0, unmap batches 0
  1480     21.670 wddm summary: paging TLB invalidations 55, PTE update batches 414
  1481     21.670 wddm summary: paging unsupported (not ready/no root/no translation/system memory/not contiguous) 0/0/0/0/0
  1482     21.670 wddm summary: presents 21, flips 22 of 24 address calls (21 arrived above DISPATCH_LEVEL)
  1483     21.670 wddm summary: blit gate open, 0 blits, 0 skips, 0 sources translated contiguous
  1484     21.670 wddm summary: blit destination: 0 to the flipped surface, 0 to the POST framebuffer (0 a failed-mapping fallback), 0 scanout remaps (0 failed), last blit 0 row
  1485     21.670 wddm summary: widest blit 0 rows
  1486     21.670 wddm summary: last blit reading 0, 0x0 pitch 0, 0 rectangles, source physical 0x0
  1487     21.670 wddm summary: vsync enabled, 0 ticks, 1229 reported to dxgkrnl
  1488     21.670 wddm summary: vidpn flip open: 22 hardware flips, 0 refused, 1 hardware vsyncs armed 1247 acked 0 refused 0 deferred (flip still pending)
  1489     21.670 wddm summary: no TDR (ResetEngine, ResetFromTimeout and RestartFromTimeout were never called)
  1490     21.670 wddm summary: CollectDbgInfo called 0 time(s) since the driver was loaded
  1491     21.670 vidmm summary: level 0: 1026 calls, 262688 entries, 544 valid
  1492     21.670 vidmm summary: level 1: 2 calls, 1024 entries, 512 valid
  1493     21.670 vidmm summary: level 2: 1 calls, 512 entries, 2 valid
  1494     21.670 vidmm summary: level 3: 1 calls, 512 entries, 1 valid
  1495     21.670 vidmm summary: system leaf encoding coherent 0 noncoherent 16684 snoop mismatches 0
  1496     21.670 vidmm summary: 1030 cpu-virtual calls, 0 gpu-physical calls
  1497     21.670 vidmm summary: 264736 entries written (EnableGpuVa open), 0 refused, 0 bad calls, 1 roots
  1498     26.789 wddm summary: ---- DDI calls: name, count, first log line ----
  1499     26.789 wddm summary: QueryAdapterInfo                   12  first at 253
  1500     26.789 wddm summary: GetNodeMetadata                     2  first at 261
  1501     26.789 wddm summary: CreateDevice                        8  first at 268
  1502     26.789 wddm summary: DestroyDevice                       1  first at 410
  1503     26.789 wddm summary: CreateContext                       6  first at 271
  1504     26.789 wddm summary: DestroyContext                      1  first at 409
  1505     26.789 wddm summary: CreateProcess                       5  first at 267
  1506     26.789 wddm summary: DestroyProcess                      1  first at 417
  1507     26.789 wddm summary: SetRootPageTable                    1  first at 294
  1508     26.789 wddm summary: CreateAllocation                   10  first at 339
  1509     26.789 wddm summary: DestroyAllocation                   5  first at 603
  1510     26.789 wddm summary: DescribeAllocation                 32  first at 368
  1511     26.789 wddm summary: GetStandardAllocationDriverData      4  first at 337
  1512     26.789 wddm summary: OpenAllocation                     12  first at 341
  1513     26.789 wddm summary: CloseAllocation                     5  first at 602
  1514     26.789 wddm summary: BuildPagingBuffer                1895  first at 273
  1515     26.789 wddm summary: SubmitCommandVirtual              652  first at 317
  1516     26.789 wddm summary: Present                            27  first at 1119
  1517     26.789 wddm summary: SetVidPnSourceAddress              30  first at 399
  1518     26.789 wddm summary: ControlInterrupt                    3  first at 406
  1519     26.789 wddm summary: ---- QueryAdapterInfo types: type, count, first log line ----
  1520     26.789 wddm summary: adapter info type   1       1  first at 253
  1521     26.789 wddm summary: adapter info type  15       1  first at 254
  1522     26.789 wddm summary: adapter info type  47       1  first at 255
  1523     26.789 wddm summary: adapter info type  13       1  first at 256
  1524     26.789 wddm summary: adapter info type  14       4  first at 257
  1525     26.789 wddm summary: adapter info type  11       2  first at 264
  1526     26.789 wddm summary: adapter info type  10       1  first at 266
  1527     26.789 wddm summary: adapter info type  16       1  first at 266
  1528     26.789 wddm summary: capture plans reserved 2 heap 0
  1529     26.789 wddm summary: capture context peaks plans 1 reserved-bytes 189304
  1530     26.789 wddm summary: ---- BuildPagingBuffer operations: operation, count, first log line ----
  1531     26.789 wddm summary: paging operation  11    1451  first at 273
  1532     26.789 wddm summary: paging operation  12      55  first at 330
  1533     26.789 wddm summary: paging operation   9       9  first at 349
  1534     26.789 wddm summary: paging operation   2       2  first at 598
  1535     26.789 wddm summary: paging operation   8     378  first at 618
  1536     26.789 wddm summary: objects created/destroyed: dev 8/1 ctx 6/1 proc 5/1 alloc 10/5, 36 alive
  1537     26.789 wddm summary: allocations opened/closed: 12/5 calls
  1538     26.789 wddm summary: submissions 0 physical + 652 virtual, 0 preemptions, last completed fence 652
  1539     26.789 wddm summary: node 0 hardware: 0 submitted, 0 completed, 0 timeouts, 0 refused
  1540     26.789 wddm summary: umd: 0 allocs (0 refused), 0 contexts, 0 submits on the ring, 0 not run
  1541     26.789 wddm profile: umd calls 0, elapsed ticks 0, QPC frequency 10000000
  1542     26.789 wddm profile: probe enabled 0, calls 0, elapsed ticks 0 (included in umd)
  1543     26.789 wddm summary: node 1 (paging, open): 652 hardware submitted, 652 completed, 0 timeouts, 0 refused
  1544     26.789 wddm summary: SubmitCommandVirtual by node: 0: 0, 1: 652, 0 private-buffer refusals
  1545     26.789 wddm summary: paging DMA VA nonzero 866 zero 1029, mapping observations 8
  1546     26.789 wddm summary: native DMA transfers 0 fills 8 bytes 73728000
  1547     26.789 wddm summary: DMA mapping matches 8/8 last VA0x400000 root0x45E150000 PA0x235D16000 CPU_PA0x235D16000
  1548     26.789 wddm summary: BuildPagingBuffer: 2 transfers, 8 fills, 92160000 bytes, 563 insufficient-buffer
  1549     26.789 wddm summary: aperture map batches 0, unmap batches 0
  1550     26.789 wddm summary: paging TLB invalidations 55, PTE update batches 414
  1551     26.789 wddm summary: paging unsupported (not ready/no root/no translation/system memory/not contiguous) 0/0/0/0/0
  1552     26.789 wddm summary: presents 27, flips 28 of 30 address calls (27 arrived above DISPATCH_LEVEL)
  1553     26.789 wddm summary: blit gate open, 0 blits, 0 skips, 0 sources translated contiguous
  1554     26.789 wddm summary: blit destination: 0 to the flipped surface, 0 to the POST framebuffer (0 a failed-mapping fallback), 0 scanout remaps (0 failed), last blit 0 row
  1555     26.789 wddm summary: widest blit 0 rows
  1556     26.789 wddm summary: last blit reading 0, 0x0 pitch 0, 0 rectangles, source physical 0x0
  1557     26.789 wddm summary: vsync enabled, 0 ticks, 1536 reported to dxgkrnl
  1558     26.789 wddm summary: vidpn flip open: 28 hardware flips, 0 refused, 1 hardware vsyncs armed 1554 acked 0 refused 0 deferred (flip still pending)
  1559     26.789 wddm summary: no TDR (ResetEngine, ResetFromTimeout and RestartFromTimeout were never called)
  1560     26.789 wddm summary: CollectDbgInfo called 0 time(s) since the driver was loaded
  1561     26.789 vidmm summary: level 0: 1026 calls, 262688 entries, 544 valid
  1562     26.789 vidmm summary: level 1: 2 calls, 1024 entries, 512 valid
  1563     26.789 vidmm summary: level 2: 1 calls, 512 entries, 2 valid
  1564     26.789 vidmm summary: level 3: 1 calls, 512 entries, 1 valid
  1565     26.789 vidmm summary: system leaf encoding coherent 0 noncoherent 16684 snoop mismatches 0
  1566     26.789 vidmm summary: 1030 cpu-virtual calls, 0 gpu-physical calls
  1567     26.789 vidmm summary: 264736 entries written (EnableGpuVa open), 0 refused, 0 bad calls, 1 roots
  1568     31.899 wddm summary: ---- DDI calls: name, count, first log line ----
  1569     31.899 wddm summary: QueryAdapterInfo                   12  first at 253
  1570     31.899 wddm summary: GetNodeMetadata                     2  first at 261
  1571     31.899 wddm summary: CreateDevice                        8  first at 268
  1572     31.899 wddm summary: DestroyDevice                       1  first at 410
  1573     31.899 wddm summary: CreateContext                       6  first at 271
  1574     31.899 wddm summary: DestroyContext                      1  first at 409
  1575     31.899 wddm summary: CreateProcess                       5  first at 267
  1576     31.899 wddm summary: DestroyProcess                      1  first at 417
  1577     31.899 wddm summary: SetRootPageTable                    1  first at 294
  1578     31.899 wddm summary: CreateAllocation                   10  first at 339
  1579     31.899 wddm summary: DestroyAllocation                   5  first at 603
  1580     31.899 wddm summary: DescribeAllocation                 39  first at 368
  1581     31.899 wddm summary: GetStandardAllocationDriverData      4  first at 337
  1582     31.899 wddm summary: OpenAllocation                     12  first at 341
  1583     31.899 wddm summary: CloseAllocation                     5  first at 602
  1584     31.899 wddm summary: BuildPagingBuffer                1895  first at 273
  1585     31.899 wddm summary: SubmitCommandVirtual              652  first at 317
  1586     31.899 wddm summary: Present                            34  first at 1119
  1587     31.899 wddm summary: SetVidPnSourceAddress              37  first at 399
  1588     31.899 wddm summary: ControlInterrupt                    3  first at 406
  1589     31.899 wddm summary: ---- QueryAdapterInfo types: type, count, first log line ----
  1590     31.899 wddm summary: adapter info type   1       1  first at 253
  1591     31.899 wddm summary: adapter info type  15       1  first at 254
  1592     31.899 wddm summary: adapter info type  47       1  first at 255
  1593     31.899 wddm summary: adapter info type  13       1  first at 256
  1594     31.899 wddm summary: adapter info type  14       4  first at 257
  1595     31.899 wddm summary: adapter info type  11       2  first at 264
  1596     31.899 wddm summary: adapter info type  10       1  first at 266
  1597     31.899 wddm summary: adapter info type  16       1  first at 266
  1598     31.899 wddm summary: capture plans reserved 2 heap 0
  1599     31.899 wddm summary: capture context peaks plans 1 reserved-bytes 189304
  1600     31.899 wddm summary: ---- BuildPagingBuffer operations: operation, count, first log line ----
  1601     31.899 wddm summary: paging operation  11    1451  first at 273
  1602     31.899 wddm summary: paging operation  12      55  first at 330
  1603     31.899 wddm summary: paging operation   9       9  first at 349
  1604     31.899 wddm summary: paging operation   2       2  first at 598
  1605     31.899 wddm summary: paging operation   8     378  first at 618
  1606     31.899 wddm summary: objects created/destroyed: dev 8/1 ctx 6/1 proc 5/1 alloc 10/5, 36 alive
  1607     31.899 wddm summary: allocations opened/closed: 12/5 calls
  1608     31.899 wddm summary: submissions 0 physical + 652 virtual, 0 preemptions, last completed fence 652
  1609     31.899 wddm summary: node 0 hardware: 0 submitted, 0 completed, 0 timeouts, 0 refused
  1610     31.899 wddm summary: umd: 0 allocs (0 refused), 0 contexts, 0 submits on the ring, 0 not run
  1611     31.899 wddm profile: umd calls 0, elapsed ticks 0, QPC frequency 10000000
  1612     31.899 wddm profile: probe enabled 0, calls 0, elapsed ticks 0 (included in umd)
  1613     31.899 wddm summary: node 1 (paging, open): 652 hardware submitted, 652 completed, 0 timeouts, 0 refused
  1614     31.899 wddm summary: SubmitCommandVirtual by node: 0: 0, 1: 652, 0 private-buffer refusals
  1615     31.899 wddm summary: paging DMA VA nonzero 866 zero 1029, mapping observations 8
  1616     31.899 wddm summary: native DMA transfers 0 fills 8 bytes 73728000
  1617     31.899 wddm summary: DMA mapping matches 8/8 last VA0x400000 root0x45E150000 PA0x235D16000 CPU_PA0x235D16000
  1618     31.899 wddm summary: BuildPagingBuffer: 2 transfers, 8 fills, 92160000 bytes, 563 insufficient-buffer
  1619     31.899 wddm summary: aperture map batches 0, unmap batches 0
  1620     31.899 wddm summary: paging TLB invalidations 55, PTE update batches 414
  1621     31.899 wddm summary: paging unsupported (not ready/no root/no translation/system memory/not contiguous) 0/0/0/0/0
  1622     31.899 wddm summary: presents 34, flips 35 of 37 address calls (34 arrived above DISPATCH_LEVEL)
  1623     31.899 wddm summary: blit gate open, 0 blits, 0 skips, 0 sources translated contiguous
  1624     31.899 wddm summary: blit destination: 0 to the flipped surface, 0 to the POST framebuffer (0 a failed-mapping fallback), 0 scanout remaps (0 failed), last blit 0 row
  1625     31.899 wddm summary: widest blit 0 rows
  1626     31.899 wddm summary: last blit reading 0, 0x0 pitch 0, 0 rectangles, source physical 0x0
  1627     31.899 wddm summary: vsync enabled, 0 ticks, 1842 reported to dxgkrnl
  1628     31.899 wddm summary: vidpn flip open: 35 hardware flips, 0 refused, 1 hardware vsyncs armed 1860 acked 0 refused 0 deferred (flip still pending)
  1629     31.899 wddm summary: no TDR (ResetEngine, ResetFromTimeout and RestartFromTimeout were never called)
  1630     31.899 wddm summary: CollectDbgInfo called 0 time(s) since the driver was loaded
  1631     31.899 vidmm summary: level 0: 1026 calls, 262688 entries, 544 valid
  1632     31.899 vidmm summary: level 1: 2 calls, 1024 entries, 512 valid
  1633     31.899 vidmm summary: level 2: 1 calls, 512 entries, 2 valid
  1634     31.899 vidmm summary: level 3: 1 calls, 512 entries, 1 valid
  1635     31.899 vidmm summary: system leaf encoding coherent 0 noncoherent 16684 snoop mismatches 0
  1636     31.899 vidmm summary: 1030 cpu-virtual calls, 0 gpu-physical calls
  1637     31.899 vidmm summary: 264736 entries written (EnableGpuVa open), 0 refused, 0 bad calls, 1 roots
  1638     37.013 wddm summary: ---- DDI calls: name, count, first log line ----
  1639     37.013 wddm summary: QueryAdapterInfo                   12  first at 253
  1640     37.013 wddm summary: GetNodeMetadata                     2  first at 261
  1641     37.013 wddm summary: CreateDevice                        8  first at 268
  1642     37.013 wddm summary: DestroyDevice                       1  first at 410
  1643     37.013 wddm summary: CreateContext                       6  first at 271
  1644     37.013 wddm summary: DestroyContext                      1  first at 409
  1645     37.013 wddm summary: CreateProcess                       5  first at 267
  1646     37.013 wddm summary: DestroyProcess                      1  first at 417
  1647     37.013 wddm summary: SetRootPageTable                    1  first at 294
  1648     37.013 wddm summary: CreateAllocation                   10  first at 339
  1649     37.013 wddm summary: DestroyAllocation                   5  first at 603
  1650     37.013 wddm summary: DescribeAllocation                 46  first at 368
  1651     37.013 wddm summary: GetStandardAllocationDriverData      4  first at 337
  1652     37.013 wddm summary: OpenAllocation                     12  first at 341
  1653     37.013 wddm summary: CloseAllocation                     5  first at 602
  1654     37.013 wddm summary: BuildPagingBuffer                1895  first at 273
  1655     37.013 wddm summary: SubmitCommandVirtual              652  first at 317
  1656     37.013 wddm summary: Present                            41  first at 1119
  1657     37.013 wddm summary: SetVidPnSourceAddress              44  first at 399
  1658     37.013 wddm summary: ControlInterrupt                    3  first at 406
  1659     37.013 wddm summary: ---- QueryAdapterInfo types: type, count, first log line ----
  1660     37.013 wddm summary: adapter info type   1       1  first at 253
  1661     37.013 wddm summary: adapter info type  15       1  first at 254
  1662     37.013 wddm summary: adapter info type  47       1  first at 255
  1663     37.013 wddm summary: adapter info type  13       1  first at 256
  1664     37.013 wddm summary: adapter info type  14       4  first at 257
  1665     37.013 wddm summary: adapter info type  11       2  first at 264
  1666     37.013 wddm summary: adapter info type  10       1  first at 266
  1667     37.013 wddm summary: adapter info type  16       1  first at 266
  1668     37.013 wddm summary: capture plans reserved 2 heap 0
  1669     37.013 wddm summary: capture context peaks plans 1 reserved-bytes 189304
  1670     37.013 wddm summary: ---- BuildPagingBuffer operations: operation, count, first log line ----
  1671     37.013 wddm summary: paging operation  11    1451  first at 273
  1672     37.013 wddm summary: paging operation  12      55  first at 330
  1673     37.013 wddm summary: paging operation   9       9  first at 349
  1674     37.013 wddm summary: paging operation   2       2  first at 598
  1675     37.013 wddm summary: paging operation   8     378  first at 618
  1676     37.013 wddm summary: objects created/destroyed: dev 8/1 ctx 6/1 proc 5/1 alloc 10/5, 36 alive
  1677     37.013 wddm summary: allocations opened/closed: 12/5 calls
  1678     37.013 wddm summary: submissions 0 physical + 652 virtual, 0 preemptions, last completed fence 652
  1679     37.013 wddm summary: node 0 hardware: 0 submitted, 0 completed, 0 timeouts, 0 refused
  1680     37.013 wddm summary: umd: 0 allocs (0 refused), 0 contexts, 0 submits on the ring, 0 not run
  1681     37.013 wddm profile: umd calls 0, elapsed ticks 0, QPC frequency 10000000
  1682     37.013 wddm profile: probe enabled 0, calls 0, elapsed ticks 0 (included in umd)
  1683     37.013 wddm summary: node 1 (paging, open): 652 hardware submitted, 652 completed, 0 timeouts, 0 refused
  1684     37.013 wddm summary: SubmitCommandVirtual by node: 0: 0, 1: 652, 0 private-buffer refusals
  1685     37.013 wddm summary: paging DMA VA nonzero 866 zero 1029, mapping observations 8
  1686     37.013 wddm summary: native DMA transfers 0 fills 8 bytes 73728000
  1687     37.013 wddm summary: DMA mapping matches 8/8 last VA0x400000 root0x45E150000 PA0x235D16000 CPU_PA0x235D16000
  1688     37.013 wddm summary: BuildPagingBuffer: 2 transfers, 8 fills, 92160000 bytes, 563 insufficient-buffer
  1689     37.013 wddm summary: aperture map batches 0, unmap batches 0
  1690     37.013 wddm summary: paging TLB invalidations 55, PTE update batches 414
  1691     37.013 wddm summary: paging unsupported (not ready/no root/no translation/system memory/not contiguous) 0/0/0/0/0
  1692     37.013 wddm summary: presents 41, flips 42 of 44 address calls (41 arrived above DISPATCH_LEVEL)
  1693     37.013 wddm summary: blit gate open, 0 blits, 0 skips, 0 sources translated contiguous
  1694     37.013 wddm summary: blit destination: 0 to the flipped surface, 0 to the POST framebuffer (0 a failed-mapping fallback), 0 scanout remaps (0 failed), last blit 0 row
  1695     37.013 wddm summary: widest blit 0 rows
  1696     37.013 wddm summary: last blit reading 0, 0x0 pitch 0, 0 rectangles, source physical 0x0
  1697     37.013 wddm summary: vsync enabled, 0 ticks, 2149 reported to dxgkrnl
  1698     37.013 wddm summary: vidpn flip open: 42 hardware flips, 0 refused, 1 hardware vsyncs armed 2167 acked 0 refused 0 deferred (flip still pending)
  1699     37.013 wddm summary: no TDR (ResetEngine, ResetFromTimeout and RestartFromTimeout were never called)
  1700     37.013 wddm summary: CollectDbgInfo called 0 time(s) since the driver was loaded
  1701     37.013 vidmm summary: level 0: 1026 calls, 262688 entries, 544 valid
  1702     37.013 vidmm summary: level 1: 2 calls, 1024 entries, 512 valid
  1703     37.013 vidmm summary: level 2: 1 calls, 512 entries, 2 valid
  1704     37.013 vidmm summary: level 3: 1 calls, 512 entries, 1 valid
  1705     37.013 vidmm summary: system leaf encoding coherent 0 noncoherent 16684 snoop mismatches 0
  1706     37.013 vidmm summary: 1030 cpu-virtual calls, 0 gpu-physical calls
  1707     37.013 vidmm summary: 264736 entries written (EnableGpuVa open), 0 refused, 0 bad calls, 1 roots
  1708     42.128 wddm summary: ---- DDI calls: name, count, first log line ----
  1709     42.128 wddm summary: QueryAdapterInfo                   12  first at 253
  1710     42.128 wddm summary: GetNodeMetadata                     2  first at 261
  1711     42.128 wddm summary: CreateDevice                        8  first at 268
  1712     42.128 wddm summary: DestroyDevice                       1  first at 410
  1713     42.128 wddm summary: CreateContext                       6  first at 271
  1714     42.128 wddm summary: DestroyContext                      1  first at 409
  1715     42.128 wddm summary: CreateProcess                       5  first at 267
  1716     42.128 wddm summary: DestroyProcess                      1  first at 417
  1717     42.128 wddm summary: SetRootPageTable                    1  first at 294
  1718     42.128 wddm summary: CreateAllocation                   10  first at 339
  1719     42.128 wddm summary: DestroyAllocation                   5  first at 603
  1720     42.128 wddm summary: DescribeAllocation                 53  first at 368
  1721     42.128 wddm summary: GetStandardAllocationDriverData      4  first at 337
  1722     42.128 wddm summary: OpenAllocation                     12  first at 341
  1723     42.128 wddm summary: CloseAllocation                     5  first at 602
  1724     42.128 wddm summary: BuildPagingBuffer                1895  first at 273
  1725     42.128 wddm summary: SubmitCommandVirtual              652  first at 317
  1726     42.128 wddm summary: Present                            48  first at 1119
  1727     42.128 wddm summary: SetVidPnSourceAddress              51  first at 399
  1728     42.128 wddm summary: ControlInterrupt                    3  first at 406
  1729     42.128 wddm summary: ---- QueryAdapterInfo types: type, count, first log line ----
  1730     42.128 wddm summary: adapter info type   1       1  first at 253
  1731     42.128 wddm summary: adapter info type  15       1  first at 254
  1732     42.128 wddm summary: adapter info type  47       1  first at 255
  1733     42.128 wddm summary: adapter info type  13       1  first at 256
  1734     42.128 wddm summary: adapter info type  14       4  first at 257
  1735     42.128 wddm summary: adapter info type  11       2  first at 264
  1736     42.128 wddm summary: adapter info type  10       1  first at 266
  1737     42.128 wddm summary: adapter info type  16       1  first at 266
  1738     42.128 wddm summary: capture plans reserved 2 heap 0
  1739     42.128 wddm summary: capture context peaks plans 1 reserved-bytes 189304
  1740     42.128 wddm summary: ---- BuildPagingBuffer operations: operation, count, first log line ----
  1741     42.128 wddm summary: paging operation  11    1451  first at 273
  1742     42.128 wddm summary: paging operation  12      55  first at 330
  1743     42.128 wddm summary: paging operation   9       9  first at 349
  1744     42.128 wddm summary: paging operation   2       2  first at 598
  1745     42.128 wddm summary: paging operation   8     378  first at 618
  1746     42.128 wddm summary: objects created/destroyed: dev 8/1 ctx 6/1 proc 5/1 alloc 10/5, 36 alive
  1747     42.128 wddm summary: allocations opened/closed: 12/5 calls
  1748     42.128 wddm summary: submissions 0 physical + 652 virtual, 0 preemptions, last completed fence 652
  1749     42.128 wddm summary: node 0 hardware: 0 submitted, 0 completed, 0 timeouts, 0 refused
  1750     42.128 wddm summary: umd: 0 allocs (0 refused), 0 contexts, 0 submits on the ring, 0 not run
  1751     42.128 wddm profile: umd calls 0, elapsed ticks 0, QPC frequency 10000000
  1752     42.128 wddm profile: probe enabled 0, calls 0, elapsed ticks 0 (included in umd)
  1753     42.128 wddm summary: node 1 (paging, open): 652 hardware submitted, 652 completed, 0 timeouts, 0 refused
  1754     42.128 wddm summary: SubmitCommandVirtual by node: 0: 0, 1: 652, 0 private-buffer refusals
  1755     42.128 wddm summary: paging DMA VA nonzero 866 zero 1029, mapping observations 8
  1756     42.130 wddm summary: native DMA transfers 0 fills 8 bytes 73728000
  1757     42.130 wddm summary: DMA mapping matches 8/8 last VA0x400000 root0x45E150000 PA0x235D16000 CPU_PA0x235D16000
  1758     42.130 wddm summary: BuildPagingBuffer: 2 transfers, 8 fills, 92160000 bytes, 563 insufficient-buffer
  1759     42.130 wddm summary: aperture map batches 0, unmap batches 0
  1760     42.130 wddm summary: paging TLB invalidations 55, PTE update batches 414
  1761     42.130 wddm summary: paging unsupported (not ready/no root/no translation/system memory/not contiguous) 0/0/0/0/0
  1762     42.130 wddm summary: presents 48, flips 49 of 51 address calls (48 arrived above DISPATCH_LEVEL)
  1763     42.130 wddm summary: blit gate open, 0 blits, 0 skips, 0 sources translated contiguous
  1764     42.130 wddm summary: blit destination: 0 to the flipped surface, 0 to the POST framebuffer (0 a failed-mapping fallback), 0 scanout remaps (0 failed), last blit 0 row
  1765     42.130 wddm summary: widest blit 0 rows
  1766     42.130 wddm summary: last blit reading 0, 0x0 pitch 0, 0 rectangles, source physical 0x0
  1767     42.130 wddm summary: vsync enabled, 0 ticks, 2456 reported to dxgkrnl
  1768     42.130 wddm summary: vidpn flip open: 49 hardware flips, 0 refused, 1 hardware vsyncs armed 2474 acked 0 refused 0 deferred (flip still pending)
  1769     42.130 wddm summary: no TDR (ResetEngine, ResetFromTimeout and RestartFromTimeout were never called)
  1770     42.130 wddm summary: CollectDbgInfo called 0 time(s) since the driver was loaded
  1771     42.130 vidmm summary: level 0: 1026 calls, 262688 entries, 544 valid
  1772     42.130 vidmm summary: level 1: 2 calls, 1024 entries, 512 valid
  1773     42.130 vidmm summary: level 2: 1 calls, 512 entries, 2 valid
  1774     42.130 vidmm summary: level 3: 1 calls, 512 entries, 1 valid
  1775     42.130 vidmm summary: system leaf encoding coherent 0 noncoherent 16684 snoop mismatches 0
  1776     42.130 vidmm summary: 1030 cpu-virtual calls, 0 gpu-physical calls
  1777     42.130 vidmm summary: 264736 entries written (EnableGpuVa open), 0 refused, 0 bad calls, 1 roots
  1778     47.242 wddm summary: ---- DDI calls: name, count, first log line ----
  1779     47.242 wddm summary: QueryAdapterInfo                   12  first at 253
  1780     47.242 wddm summary: GetNodeMetadata                     2  first at 261
  1781     47.242 wddm summary: CreateDevice                        8  first at 268
  1782     47.242 wddm summary: DestroyDevice                       1  first at 410
  1783     47.242 wddm summary: CreateContext                       6  first at 271
  1784     47.242 wddm summary: DestroyContext                      1  first at 409
  1785     47.242 wddm summary: CreateProcess                       5  first at 267
  1786     47.242 wddm summary: DestroyProcess                      1  first at 417
  1787     47.242 wddm summary: SetRootPageTable                    1  first at 294
  1788     47.242 wddm summary: CreateAllocation                   10  first at 339
  1789     47.242 wddm summary: DestroyAllocation                   5  first at 603
  1790     47.242 wddm summary: DescribeAllocation                 59  first at 368
  1791     47.242 wddm summary: GetStandardAllocationDriverData      4  first at 337
  1792     47.242 wddm summary: OpenAllocation                     12  first at 341
  1793     47.242 wddm summary: CloseAllocation                     5  first at 602
  1794     47.242 wddm summary: BuildPagingBuffer                1895  first at 273
  1795     47.242 wddm summary: SubmitCommandVirtual              652  first at 317
  1796     47.242 wddm summary: Present                            54  first at 1119
  1797     47.242 wddm summary: SetVidPnSourceAddress              57  first at 399
  1798     47.242 wddm summary: ControlInterrupt                    3  first at 406
  1799     47.242 wddm summary: ---- QueryAdapterInfo types: type, count, first log line ----
  1800     47.242 wddm summary: adapter info type   1       1  first at 253
  1801     47.242 wddm summary: adapter info type  15       1  first at 254
  1802     47.242 wddm summary: adapter info type  47       1  first at 255
  1803     47.242 wddm summary: adapter info type  13       1  first at 256
  1804     47.242 wddm summary: adapter info type  14       4  first at 257
  1805     47.242 wddm summary: adapter info type  11       2  first at 264
  1806     47.242 wddm summary: adapter info type  10       1  first at 266
  1807     47.242 wddm summary: adapter info type  16       1  first at 266
  1808     47.242 wddm summary: capture plans reserved 2 heap 0
  1809     47.242 wddm summary: capture context peaks plans 1 reserved-bytes 189304
  1810     47.242 wddm summary: ---- BuildPagingBuffer operations: operation, count, first log line ----
  1811     47.242 wddm summary: paging operation  11    1451  first at 273
  1812     47.242 wddm summary: paging operation  12      55  first at 330
  1813     47.242 wddm summary: paging operation   9       9  first at 349
  1814     47.242 wddm summary: paging operation   2       2  first at 598
  1815     47.242 wddm summary: paging operation   8     378  first at 618
  1816     47.242 wddm summary: objects created/destroyed: dev 8/1 ctx 6/1 proc 5/1 alloc 10/5, 36 alive
  1817     47.242 wddm summary: allocations opened/closed: 12/5 calls
  1818     47.242 wddm summary: submissions 0 physical + 652 virtual, 0 preemptions, last completed fence 652
  1819     47.242 wddm summary: node 0 hardware: 0 submitted, 0 completed, 0 timeouts, 0 refused
  1820     47.242 wddm summary: umd: 0 allocs (0 refused), 0 contexts, 0 submits on the ring, 0 not run
  1821     47.242 wddm profile: umd calls 0, elapsed ticks 0, QPC frequency 10000000
  1822     47.242 wddm profile: probe enabled 0, calls 0, elapsed ticks 0 (included in umd)
  1823     47.242 wddm summary: node 1 (paging, open): 652 hardware submitted, 652 completed, 0 timeouts, 0 refused
  1824     47.242 wddm summary: SubmitCommandVirtual by node: 0: 0, 1: 652, 0 private-buffer refusals
  1825     47.242 wddm summary: paging DMA VA nonzero 866 zero 1029, mapping observations 8
  1826     47.242 wddm summary: native DMA transfers 0 fills 8 bytes 73728000
  1827     47.242 wddm summary: DMA mapping matches 8/8 last VA0x400000 root0x45E150000 PA0x235D16000 CPU_PA0x235D16000
  1828     47.242 wddm summary: BuildPagingBuffer: 2 transfers, 8 fills, 92160000 bytes, 563 insufficient-buffer
  1829     47.242 wddm summary: aperture map batches 0, unmap batches 0
  1830     47.242 wddm summary: paging TLB invalidations 55, PTE update batches 414
  1831     47.242 wddm summary: paging unsupported (not ready/no root/no translation/system memory/not contiguous) 0/0/0/0/0
  1832     47.242 wddm summary: presents 54, flips 55 of 57 address calls (54 arrived above DISPATCH_LEVEL)
  1833     47.242 wddm summary: blit gate open, 0 blits, 0 skips, 0 sources translated contiguous
  1834     47.242 wddm summary: blit destination: 0 to the flipped surface, 0 to the POST framebuffer (0 a failed-mapping fallback), 0 scanout remaps (0 failed), last blit 0 row
  1835     47.242 wddm summary: widest blit 0 rows
  1836     47.242 wddm summary: last blit reading 0, 0x0 pitch 0, 0 rectangles, source physical 0x0
  1837     47.242 wddm summary: vsync enabled, 0 ticks, 2762 reported to dxgkrnl
  1838     47.242 wddm summary: vidpn flip open: 55 hardware flips, 0 refused, 1 hardware vsyncs armed 2780 acked 0 refused 0 deferred (flip still pending)
  1839     47.242 wddm summary: no TDR (ResetEngine, ResetFromTimeout and RestartFromTimeout were never called)
  1840     47.242 wddm summary: CollectDbgInfo called 0 time(s) since the driver was loaded
  1841     47.242 vidmm summary: level 0: 1026 calls, 262688 entries, 544 valid
  1842     47.242 vidmm summary: level 1: 2 calls, 1024 entries, 512 valid
  1843     47.242 vidmm summary: level 2: 1 calls, 512 entries, 2 valid
  1844     47.242 vidmm summary: level 3: 1 calls, 512 entries, 1 valid
  1845     47.242 vidmm summary: system leaf encoding coherent 0 noncoherent 16684 snoop mismatches 0
  1846     47.242 vidmm summary: 1030 cpu-virtual calls, 0 gpu-physical calls
  1847     47.242 vidmm summary: 264736 entries written (EnableGpuVa open), 0 refused, 0 bad calls, 1 roots
  1848     48.381 wddm summary: ---- DDI calls: name, count, first log line ----
  1849     48.381 wddm summary: QueryAdapterInfo                   12  first at 253
  1850     48.381 wddm summary: GetNodeMetadata                     2  first at 261
  1851     48.381 wddm summary: CreateDevice                        8  first at 268
  1852     48.381 wddm summary: DestroyDevice                       1  first at 410
  1853     48.381 wddm summary: CreateContext                       6  first at 271
  1854     48.381 wddm summary: DestroyContext                      1  first at 409
  1855     48.381 wddm summary: CreateProcess                       5  first at 267
  1856     48.381 wddm summary: DestroyProcess                      1  first at 417
  1857     48.381 wddm summary: SetRootPageTable                    1  first at 294
  1858     48.381 wddm summary: CreateAllocation                   10  first at 339
  1859     48.381 wddm summary: DestroyAllocation                   5  first at 603
  1860     48.381 wddm summary: DescribeAllocation                 62  first at 368
  1861     48.381 wddm summary: GetStandardAllocationDriverData      4  first at 337
  1862     48.381 wddm summary: OpenAllocation                     12  first at 341
  1863     48.381 wddm summary: CloseAllocation                     5  first at 602
  1864     48.381 wddm summary: BuildPagingBuffer                1895  first at 273
  1865     48.381 wddm summary: SubmitCommandVirtual              652  first at 317
  1866     48.381 wddm summary: Present                            57  first at 1119
  1867     48.381 wddm summary: SetVidPnSourceAddress              60  first at 399
  1868     48.381 wddm summary: ControlInterrupt                    3  first at 406
  1869     48.381 wddm summary: ---- QueryAdapterInfo types: type, count, first log line ----
  1870     48.381 wddm summary: adapter info type   1       1  first at 253
  1871     48.381 wddm summary: adapter info type  15       1  first at 254
  1872     48.381 wddm summary: adapter info type  47       1  first at 255
  1873     48.381 wddm summary: adapter info type  13       1  first at 256
  1874     48.381 wddm summary: adapter info type  14       4  first at 257
  1875     48.381 wddm summary: adapter info type  11       2  first at 264
  1876     48.381 wddm summary: adapter info type  10       1  first at 266
  1877     48.381 wddm summary: adapter info type  16       1  first at 266
  1878     48.381 wddm summary: capture plans reserved 2 heap 0
  1879     48.381 wddm summary: capture context peaks plans 1 reserved-bytes 189304
  1880     48.381 wddm summary: ---- BuildPagingBuffer operations: operation, count, first log line ----
  1881     48.381 wddm summary: paging operation  11    1451  first at 273
  1882     48.381 wddm summary: paging operation  12      55  first at 330
  1883     48.381 wddm summary: paging operation   9       9  first at 349
  1884     48.381 wddm summary: paging operation   2       2  first at 598
  1885     48.381 wddm summary: paging operation   8     378  first at 618
  1886     48.381 wddm summary: objects created/destroyed: dev 8/1 ctx 6/1 proc 5/1 alloc 10/5, 36 alive
  1887     48.381 wddm summary: allocations opened/closed: 12/5 calls
  1888     48.381 wddm summary: submissions 0 physical + 652 virtual, 0 preemptions, last completed fence 652
  1889     48.381 wddm summary: node 0 hardware: 0 submitted, 0 completed, 0 timeouts, 0 refused
  1890     48.381 wddm summary: umd: 0 allocs (0 refused), 0 contexts, 0 submits on the ring, 0 not run
  1891     48.381 wddm profile: umd calls 0, elapsed ticks 0, QPC frequency 10000000
  1892     48.381 wddm profile: probe enabled 0, calls 0, elapsed ticks 0 (included in umd)
  1893     48.381 wddm summary: node 1 (paging, open): 652 hardware submitted, 652 completed, 0 timeouts, 0 refused
  1894     48.381 wddm summary: SubmitCommandVirtual by node: 0: 0, 1: 652, 0 private-buffer refusals
  1895     48.381 wddm summary: paging DMA VA nonzero 866 zero 1029, mapping observations 8
  1896     48.381 wddm summary: native DMA transfers 0 fills 8 bytes 73728000
  1897     48.381 wddm summary: DMA mapping matches 8/8 last VA0x400000 root0x45E150000 PA0x235D16000 CPU_PA0x235D16000
  1898     48.381 wddm summary: BuildPagingBuffer: 2 transfers, 8 fills, 92160000 bytes, 563 insufficient-buffer
  1899     48.381 wddm summary: aperture map batches 0, unmap batches 0
  1900     48.381 wddm summary: paging TLB invalidations 55, PTE update batches 414
  1901     48.381 wddm summary: paging unsupported (not ready/no root/no translation/system memory/not contiguous) 0/0/0/0/0
  1902     48.381 wddm summary: presents 57, flips 58 of 60 address calls (57 arrived above DISPATCH_LEVEL)
  1903     48.381 wddm summary: blit gate open, 0 blits, 0 skips, 0 sources translated contiguous
  1904     48.381 wddm summary: blit destination: 0 to the flipped surface, 0 to the POST framebuffer (0 a failed-mapping fallback), 0 scanout remaps (0 failed), last blit 0 row
  1905     48.381 wddm summary: widest blit 0 rows
  1906     48.381 wddm summary: last blit reading 0, 0x0 pitch 0, 0 rectangles, source physical 0x0
  1907     48.381 wddm summary: vsync enabled, 0 ticks, 2830 reported to dxgkrnl
  1908     48.381 wddm summary: vidpn flip open: 58 hardware flips, 0 refused, 1 hardware vsyncs armed 2848 acked 0 refused 0 deferred (flip still pending)
  1909     48.381 wddm summary: no TDR (ResetEngine, ResetFromTimeout and RestartFromTimeout were never called)
  1910     48.381 wddm summary: CollectDbgInfo called 0 time(s) since the driver was loaded
  1911     48.381 vidmm summary: level 0: 1026 calls, 262688 entries, 544 valid
  1912     48.381 vidmm summary: level 1: 2 calls, 1024 entries, 512 valid
  1913     48.381 vidmm summary: level 2: 1 calls, 512 entries, 2 valid
  1914     48.381 vidmm summary: level 3: 1 calls, 512 entries, 1 valid
  1915     48.381 vidmm summary: system leaf encoding coherent 0 noncoherent 16684 snoop mismatches 0
  1916     48.381 vidmm summary: 1030 cpu-virtual calls, 0 gpu-physical calls
  1917     48.381 vidmm summary: 264736 entries written (EnableGpuVa open), 0 refused, 0 bad calls, 1 roots
             1024 lines printed
# adapter    BC-250 GPU (bc250kmd, display-only, lab build)
# hardware   [PCI instance redacted]
# interface  [PCI interface redacted]
D3DKMTOpenAdapterFromDeviceName -> 0x00000000 STATUS_SUCCESS
# adapter    handle 0x40000000 luid 00000000-03FB1975
D3DKMTEscape(D3DKMT_ESCAPE_DRIVERPRIVATE, BC250_ESCAPE_GET_INFO) -> 0x00000000 STATUS_SUCCESS
version      0x00070083 (milestone 7 revision 131)
last stage   50 first CommitVidPn
mode         1920x1200 pitch 7680 format 22 (FULL WDDM TABLE)
presents     0
counters     blits 0, flips 58 (the full table's own present counters; both stay 0 in display-only mode)
gates        mmio open, mmio writes off, vram open, vram writes on, gart open, psp open, gfx open, ih open
boot=2026-09-24T11:44:14
dwm_pid=4448 start=2026-09-24T13:58:18 responding=True
dwm_module=C:\BC250\m13\mesa-main-umd\bc250d3d.dll sha256=D438EA42314A3ADD6817665A6133628A64404B5282FB82227230199DA22F768D
16:54:49 Tctl 66.6 C (raw 73BB0FEF)


EnableFullWddm      : 0
UnconfirmedStarts   : 0
EnableSdmaIbControl : 0
EnableSdmaVaControl : 0
EnablePresentBlit   : 1
EnableDcnWrite      : 1
EnableVidPnFlip     : 1



final_time=2026-09-24T16:54:49
final_check_complete
