# bc250rd pci=01:00.0 id=1002:13fe rev=00 command=0406 status=0010 bar5=0xfe800000 size=0x80000 allow=5398
# bars c000000c 00000000 d000000c 00000000 0000ef01 fe800000
NBIO.BIF_BX_DEV0_EPF0_VF0_MM_INDEX 0x00000 FFFF9700
NBIO.BIF_RLC_INTR_CNTL 0x00180 00000000
NBIO.BIF_VCE_INTR_CNTL 0x00184 00000000
NBIO.BIF_UVD_INTR_CNTL 0x00188 00000000
NBIO.RCC_BIF_STRAP0 0x03480 00000A00
NBIO.RCC_BIF_STRAP1 0x03484 00400119
NBIO.RCC_BIF_STRAP2 0x03488 000A0079
NBIO.RCC_BIF_STRAP3 0x0348c 00000000
NBIO.RCC_BIF_STRAP4 0x03490 00100010
NBIO.RCC_BIF_STRAP5 0x03494 31030010
NBIO.RCC_BIF_STRAP6 0x03498 00000000
NBIO.RCC_DEV0_PORT_STRAP0 0x0349c 54227CA4
NBIO.RCC_DEV0_PORT_STRAP1 0x034a0 102213E5
NBIO.RCC_DEV0_PORT_STRAP2 0x034a4 1C6FE08D
NBIO.RCC_DEV0_PORT_STRAP3 0x034a8 7FFFF84F
NBIO.RCC_DEV0_PORT_STRAP4 0x034ac 00000000
NBIO.RCC_DEV0_PORT_STRAP5 0x034b0 81820000
NBIO.RCC_DEV0_PORT_STRAP6 0x034b4 0000FF00
NBIO.RCC_DEV0_PORT_STRAP7 0x034b8 28000000
NBIO.RCC_DEV0_PORT_STRAP8 0x034bc 00000000
NBIO.RCC_DEV0_PORT_STRAP9 0x034c0 00000000
NBIO.RCC_DEV0_EPF0_STRAP0 0x034c4 320013FE
NBIO.RCC_DEV0_EPF0_STRAP1 0x034c8 05530000
NBIO.RCC_DEV0_EPF0_STRAP13 0x034cc 00030000
NBIO.RCC_DEV0_EPF0_STRAP2 0x034d0 BA062100
NBIO.RCC_DEV0_EPF0_STRAP3 0x034d4 00B45775
NBIO.RCC_DEV0_EPF0_STRAP4 0x034d8 1F400042
NBIO.RCC_DEV0_EPF0_STRAP5 0x034dc 00001002
NBIO.RCC_DEV0_EPF0_STRAP8 0x034e0 CB026001
NBIO.RCC_DEV0_EPF0_STRAP9 0x034e4 00000100
NBIO.RCC_DEV0_EPF1_STRAP0 0x034e8 300013FF
NBIO.RCC_DEV0_EPF1_STRAP10 0x034ec 00000000
NBIO.RCC_DEV0_EPF1_STRAP11 0x034f0 00000000
NBIO.RCC_DEV0_EPF1_STRAP12 0x034f4 00000000
NBIO.RCC_DEV0_EPF1_STRAP13 0x034f8 00040300
NBIO.RCC_DEV0_EPF1_STRAP2 0x034fc 00002000
NBIO.RCC_DEV0_EPF1_STRAP3 0x03500 00045779
NBIO.RCC_DEV0_EPF1_STRAP4 0x03504 2F400000
NBIO.RCC_DEV0_EPF1_STRAP5 0x03508 00001002
NBIO.RCC_DEV0_EPF1_STRAP6 0x0350c 00000001
NBIO.RCC_DEV0_EPF1_STRAP7 0x03510 00000000
NBIO.RCC_DEV0_EPF0_RCC_ERR_LOG 0x03694 00000000
NBIO.RCC_ERR_INT_CNTL 0x03698 00000000
NBIO.RCC_BACO_CNTL_MISC 0x0369c 00000000
NBIO.RCC_RESET_EN 0x036a0 00008000
NBIO.RCC_VDM_SUPPORT 0x036a4 00000000
NBIO.RCC_GPUIOV_REGION 0x036b0 00000000
NBIO.RCC_PEER_REG_RANGE0 0x03778 FFFF0000
NBIO.RCC_PEER_REG_RANGE1 0x0377c FFFF0000
NBIO.RCC_DEV0_EPF0_RCC_DOORBELL_APER_EN 0x03780 00000000
NBIO.RCC_BUS_CNTL 0x03784 00000000
NBIO.RCC_CONFIG_CNTL 0x03788 00000000
NBIO.RCC_DEV0_EPF0_RCC_CONFIG_MEMSIZE 0x0378c 00002000
NBIO.RCC_DEV0_EPF0_RCC_CONFIG_RESERVED 0x03790 00000000
NBIO.RCC_DEV0_EPF0_RCC_IOV_FUNC_IDENTIFIER 0x03794 00000000
NBIO.RCC_CONFIG_F0_BASE 0x03798 C0000000
NBIO.RCC_CONFIG_APER_SIZE 0x0379c 00000100
NBIO.RCC_CONFIG_REG_APER_SIZE 0x037a0 00080000
NBIO.RCC_XDMA_LO 0x037a4 00000000
NBIO.RCC_XDMA_HI 0x037a8 00000000
NBIO.RCC_FEATURES_CONTROL_MISC 0x037ac 00000000
NBIO.RCC_BUSNUM_CNTL1 0x037b0 00000000
NBIO.RCC_BUSNUM_LIST0 0x037b4 00000000
NBIO.RCC_BUSNUM_LIST1 0x037b8 00000000
NBIO.RCC_BUSNUM_CNTL2 0x037bc 00000000
NBIO.RCC_CAPTURE_HOST_BUSNUM 0x037c0 00000000
NBIO.RCC_HOST_BUSNUM 0x037c4 00000000
NBIO.RCC_PEER0_FB_OFFSET_HI 0x037c8 00000000
NBIO.RCC_PEER0_FB_OFFSET_LO 0x037cc 00000000
NBIO.RCC_PEER1_FB_OFFSET_HI 0x037d0 00000000
NBIO.RCC_PEER1_FB_OFFSET_LO 0x037d4 00000000
NBIO.RCC_PEER2_FB_OFFSET_HI 0x037d8 00000000
NBIO.RCC_PEER2_FB_OFFSET_LO 0x037dc 00000000
NBIO.RCC_PEER3_FB_OFFSET_HI 0x037e0 00000000
NBIO.RCC_PEER3_FB_OFFSET_LO 0x037e4 00000000
NBIO.RCC_DEVFUNCNUM_LIST0 0x037e8 00000000
NBIO.RCC_DEVFUNCNUM_LIST1 0x037ec 00000000
NBIO.RCC_DEV0_LINK_CNTL 0x037f4 00000000
NBIO.RCC_CMN_LINK_CNTL 0x037f8 00400000
NBIO.RCC_EP_REQUESTERID_RESTORE 0x037fc 00000001
NBIO.RCC_LTR_LSWITCH_CNTL 0x03800 00000000
NBIO.RCC_MH_ARB_CNTL 0x03804 00000000
NBIO.BIF_MM_INDACCESS_CNTL 0x03818 00000000
NBIO.BIF_SCRATCH0 0x03820 00000000
NBIO.BIF_SCRATCH1 0x03824 00000000
NBIO.BIF_BX_DEV0_EPF0_VF0_BIF_BME_STATUS 0x0382c 00000000
NBIO.BIF_BX_DEV0_EPF0_VF0_BIF_ATOMIC_ERR_LOG 0x03830 00000000
NBIO.BIF_BX_DEV0_EPF0_VF0_DOORBELL_SELFRING_GPA_APER_BASE_HIGH 0x0384c 00000000
NBIO.BIF_BX_DEV0_EPF0_VF0_DOORBELL_SELFRING_GPA_APER_BASE_LOW 0x03850 00000000
NBIO.BIF_BX_DEV0_EPF0_VF0_DOORBELL_SELFRING_GPA_APER_CNTL 0x03854 00000100
NBIO.BIF_BX_DEV0_EPF0_VF0_HDP_REG_COHERENCY_FLUSH_CNTL 0x03858 00000000
NBIO.BIF_BX_DEV0_EPF0_VF0_HDP_MEM_COHERENCY_FLUSH_CNTL 0x0385c 00000000
NBIO.BIF_FEATURES_CONTROL_MISC 0x0386c 00000000
NBIO.BIF_DOORBELL_CNTL 0x03870 00000000
NBIO.BIF_DOORBELL_INT_CNTL 0x03874 00000000
NBIO.BIF_FB_EN 0x0387c 00000003
NBIO.BIF_INTR_CNTL 0x03880 0000003F
NBIO.BIF_BX_DEV0_EPF0_VF0_GPU_HDP_FLUSH_REQ 0x03898 00000000
NBIO.BIF_BX_DEV0_EPF0_VF0_GPU_HDP_FLUSH_DONE 0x0389c 00000000
NBIO.BIF_BX_DEV0_EPF0_VF0_BIF_TRANS_PENDING 0x038a0 00000000
NBIO.BIF_MST_TRANS_PENDING_VF 0x038a4 00000000
NBIO.BIF_SLV_TRANS_PENDING_VF 0x038a8 00000000
NBIO.BIF_BACO_EXIT_TIME0 0x038b0 00000100
NBIO.BIF_BACO_EXIT_TIMER1 0x038b4 04000200
NBIO.BIF_BACO_EXIT_TIMER2 0x038b8 00000300
NBIO.BIF_BACO_EXIT_TIMER3 0x038bc 00000500
NBIO.BIF_BACO_EXIT_TIMER4 0x038c0 00000400
NBIO.BIF_BX_DEV0_EPF0_VF0_NBIF_GFX_ADDR_LUT_BYPASS 0x038c8 00000000
NBIO.BIF_RB_CNTL 0x0393c 00000000
NBIO.BIF_RB_BASE 0x03940 00000000
NBIO.BIF_RB_RPTR 0x03944 00000000
NBIO.BIF_RB_WPTR 0x03948 00000000
NBIO.BIF_RB_WPTR_ADDR_HI 0x0394c 00000000
NBIO.BIF_RB_WPTR_ADDR_LO 0x03950 00000000
NBIO.BIF_BX_DEV0_EPF0_VF0_MAILBOX_MSGBUF_TRN_DW0 0x03958 00000000
NBIO.BIF_BX_DEV0_EPF0_VF0_MAILBOX_MSGBUF_TRN_DW1 0x0395c 00000000
NBIO.BIF_BX_DEV0_EPF0_VF0_MAILBOX_MSGBUF_TRN_DW2 0x03960 00000000
NBIO.BIF_BX_DEV0_EPF0_VF0_MAILBOX_MSGBUF_TRN_DW3 0x03964 00000000
NBIO.BIF_BX_DEV0_EPF0_VF0_MAILBOX_MSGBUF_RCV_DW0 0x03968 00000000
NBIO.BIF_BX_DEV0_EPF0_VF0_MAILBOX_MSGBUF_RCV_DW1 0x0396c 00000000
NBIO.BIF_BX_DEV0_EPF0_VF0_MAILBOX_MSGBUF_RCV_DW2 0x03970 00000000
NBIO.BIF_BX_DEV0_EPF0_VF0_MAILBOX_MSGBUF_RCV_DW3 0x03974 00000000
NBIO.BIF_BX_DEV0_EPF0_VF0_MAILBOX_CONTROL 0x03978 00000000
NBIO.BIF_BX_DEV0_EPF0_VF0_MAILBOX_INT_CNTL 0x0397c 00000000
NBIO.BIF_BX_DEV0_EPF0_VF0_BIF_VMHV_MAILBOX 0x03980 00000000
NBIO.BIF_MP1_INTR_CTRL 0x03988 00000000
NBIO.BIF_UVD_GPUIOV_CFG_SIZE 0x0398c 00000008
NBIO.BIF_VCE_GPUIOV_CFG_SIZE 0x03990 00000008
NBIO.BIF_GFX_SDMA_GPUIOV_CFG_SIZE 0x03994 00000008
NBIO.BIF_PERSTB_PAD_CNTL 0x039a0 000000C0
NBIO.BIF_PX_EN_PAD_CNTL 0x039a4 00000031
NBIO.BIF_REFPADKIN_PAD_CNTL 0x039a8 00000007
NBIO.BIF_CLKREQB_PAD_CNTL 0x039ac 00600100
NBIO.BIF_PWRBRK_PAD_CNTL 0x039b0 00000071
NBIO.BIF_WAKEB_PAD_CNTL 0x039b4 00000000
NBIO.BIF_VAUX_PRESENT_PAD_CNTL 0x039b8 00000000
NBIO.BIF_SDMA0_DOORBELL_RANGE 0x03bc0 00000000
NBIO.BIF_SDMA1_DOORBELL_RANGE 0x03bc4 00000000
NBIO.BIF_IH_DOORBELL_RANGE 0x03bc8 00000000
NBIO.BIF_MMSCH0_DOORBELL_RANGE 0x03bcc 00000000
NBIO.BIF_ACV_DOORBELL_RANGE 0x03bd0 00000000
NBIO.BIF_DOORBELL_FENCE_CNTL 0x03bf8 00000000
NBIO.RCC_DEV0_EPF0_GFXMSIX_VECT0_ADDR_LO 0x42000 00000000
NBIO.RCC_DEV0_EPF0_GFXMSIX_VECT0_ADDR_HI 0x42004 00000000
NBIO.RCC_DEV0_EPF0_GFXMSIX_VECT0_CONTROL 0x4200c 00000001
NBIO.RCC_DEV0_EPF0_GFXMSIX_VECT1_ADDR_LO 0x42010 00000000
NBIO.RCC_DEV0_EPF0_GFXMSIX_VECT1_ADDR_HI 0x42014 00000000
NBIO.RCC_DEV0_EPF0_GFXMSIX_VECT1_CONTROL 0x4201c 00000001
NBIO.RCC_DEV0_EPF0_GFXMSIX_VECT2_ADDR_LO 0x42020 00000000
NBIO.RCC_DEV0_EPF0_GFXMSIX_VECT2_ADDR_HI 0x42024 00000000
NBIO.RCC_DEV0_EPF0_GFXMSIX_VECT2_CONTROL 0x4202c 00000001
NBIO.RCC_DEV0_EPF0_GFXMSIX_VECT3_ADDR_LO 0x42030 00000000
NBIO.RCC_DEV0_EPF0_GFXMSIX_VECT3_ADDR_HI 0x42034 00000000
NBIO.RCC_DEV0_EPF0_GFXMSIX_VECT3_CONTROL 0x4203c 00000000
NBIO.RCC_DEV0_EPF0_GFXMSIX_PBA 0x43000 00000000
# complete
