10d0:warn:openvr_instance_extensions: Failed to open VR registry key, status 2.
10d0:warn:openxr_vulkan_extensions: wineopenxr.dll is missing required symbols.
10d0:info:vkd3d_instance_apply_application_workarounds: Detected game witcher3.exe, adding 2 configs, removing 0 configs.
10d0:info:vkd3d_instance_apply_application_workarounds: Detected game witcher3.exe, adding shader quirks for specific shaders.
10d0:info:vkd3d_instance_deduce_config_flags_from_environment: shader_cache is used, global_pipeline_cache is enforced.
10d0:info:vkd3d_config_flags_init_once: VKD3D_CONFIG=''.
10d0:info:vkd3d_get_vk_version: vkd3d-proton - applicationVersion: 3.1.0.
10d0:info:vkd3d_instance_init: vkd3d-proton - build: 472989aabdcf3e3.
10d0:warn:openvr_device_extensions: Failed to open VR registry key, status 2.
10d0:warn:openxr_vulkan_extensions: wineopenxr.dll is missing required symbols.
10d0:info:vkd3d_physical_device_info_init_maint9: Implementation supports eliding QFOT for non-compressed optimal images.
10d0:warn:vkd3d_init_depth_stencil_formats: Mapping VK_FORMAT_D24_UNORM_S8_UINT to VK_FORMAT_D32_SFLOAT_S8_UINT.
10d0:info:vkd3d_memory_info_decide_hvv_usage: Topology: No more than 1 device local heap, HVV access is viable.
10d0:info:vkd3d_memory_info_upload_hvv_memory_properties: Topology: largest device local heap is too small (8406929408 bytes) for effective ReBAR.
10d0:info:vkd3d_bindless_state_get_bindless_flags: Enabling fast paths for advanced ExecuteIndirect() graphics and compute (EXT_dgc).
10d0:info:vkd3d_bindless_state_get_bindless_flags: Device supports VK_EXT_mutable_descriptor_type.
10d0:info:vkd3d_bindless_state_get_bindless_flags: Device supports ultra-fast path for descriptor copies.
10d0:info:vkd3d_bindless_state_get_bindless_flags: Device supports packed metadata path for descriptor copies.
10d0:info:vkd3d_bindless_state_add_binding: Device supports VK_EXT_descriptor_buffer!
10d0:info:vkd3d_bindless_state_add_binding: Device supports VK_EXT_descriptor_buffer!
10d0:info:vkd3d_bindless_state_add_binding: Device supports VK_EXT_descriptor_buffer!
10d0:info:d3d12_device_caps_init_shader_model: Enabling support for SM 6.6.
10d0:info:d3d12_device_caps_init_shader_model: Enabling support for SM 6.7.
10d0:info:d3d12_device_caps_init_shader_model: Enabling support for SM 6.8.
10d0:fixme:d3d12_device_caps_init_feature_options1: TotalLaneCount = 1536, may be inaccurate.
10d0:info:d3d12_device_determine_ray_tracing_tier: DXR support enabled.
10d0:info:d3d12_device_determine_ray_tracing_tier: DXR 1.1 support enabled.
10d0:info:vkd3d_pipeline_library_init_disk_cache: Remapping VKD3D_SHADER_CACHE to: C:\BC250\m12\witcher3-dx12-003\vkd3d-cache\vkd3d-proton.witcher3.exe.cache.
10d0:info:vkd3d_pipeline_library_init_disk_cache: Attempting to load disk cache from: C:\BC250\m12\witcher3-dx12-003\vkd3d-cache\vkd3d-proton.witcher3.exe.cache.
2cd4:info:vkd3d_pipeline_library_disk_thread_main: Performing async setup of stream archive ...
2cd4:info:vkd3d_pipeline_library_disk_cache_merge: No write cache exists. No need to merge any disk caches.
2cd4:info:vkd3d_pipeline_library_disk_cache_initial_setup: Merging pipeline libraries took 0.195 ms.
2cd4:info:vkd3d_pipeline_library_disk_cache_initial_setup: Failed to map read-only cache: C:\BC250\m12\witcher3-dx12-003\vkd3d-cache\vkd3d-proton.witcher3.exe.cache.
2cd4:info:vkd3d_pipeline_library_disk_thread_main: Done performing async setup of stream archive.
10d0:warn:openvr_instance_extensions: Failed to open VR registry key, status 2.
10d0:warn:openxr_vulkan_extensions: wineopenxr.dll is missing required symbols.
10d0:info:vkd3d_get_vk_version: vkd3d-proton - applicationVersion: 3.1.0.
10d0:info:vkd3d_instance_init: vkd3d-proton - build: 472989aabdcf3e3.
10d0:warn:openvr_device_extensions: Failed to open VR registry key, status 2.
10d0:warn:openxr_vulkan_extensions: wineopenxr.dll is missing required symbols.
10d0:info:vkd3d_physical_device_info_init_maint9: Implementation supports eliding QFOT for non-compressed optimal images.
10d0:warn:vkd3d_init_depth_stencil_formats: Mapping VK_FORMAT_D24_UNORM_S8_UINT to VK_FORMAT_D32_SFLOAT_S8_UINT.
10d0:info:vkd3d_memory_info_decide_hvv_usage: Topology: No more than 1 device local heap, HVV access is viable.
10d0:info:vkd3d_memory_info_upload_hvv_memory_properties: Topology: largest device local heap is too small (8406929408 bytes) for effective ReBAR.
10d0:info:vkd3d_bindless_state_get_bindless_flags: Enabling fast paths for advanced ExecuteIndirect() graphics and compute (EXT_dgc).
10d0:info:vkd3d_bindless_state_get_bindless_flags: Device supports VK_EXT_mutable_descriptor_type.
10d0:info:vkd3d_bindless_state_get_bindless_flags: Device supports ultra-fast path for descriptor copies.
10d0:info:vkd3d_bindless_state_get_bindless_flags: Device supports packed metadata path for descriptor copies.
10d0:info:vkd3d_bindless_state_add_binding: Device supports VK_EXT_descriptor_buffer!
10d0:info:vkd3d_bindless_state_add_binding: Device supports VK_EXT_descriptor_buffer!
10d0:info:vkd3d_bindless_state_add_binding: Device supports VK_EXT_descriptor_buffer!
10d0:info:d3d12_device_caps_init_shader_model: Enabling support for SM 6.6.
10d0:info:d3d12_device_caps_init_shader_model: Enabling support for SM 6.7.
10d0:info:d3d12_device_caps_init_shader_model: Enabling support for SM 6.8.
10d0:fixme:d3d12_device_caps_init_feature_options1: TotalLaneCount = 1536, may be inaccurate.
10d0:info:d3d12_device_determine_ray_tracing_tier: DXR support enabled.
10d0:info:d3d12_device_determine_ray_tracing_tier: DXR 1.1 support enabled.
10d0:info:vkd3d_pipeline_library_init_disk_cache: Remapping VKD3D_SHADER_CACHE to: C:\BC250\m12\witcher3-dx12-003\vkd3d-cache\vkd3d-proton.witcher3.exe.cache.
10d0:info:vkd3d_pipeline_library_init_disk_cache: Attempting to load disk cache from: C:\BC250\m12\witcher3-dx12-003\vkd3d-cache\vkd3d-proton.witcher3.exe.cache.
0854:info:vkd3d_pipeline_library_disk_thread_main: Performing async setup of stream archive ...
0854:info:vkd3d_pipeline_library_disk_cache_merge: No write cache exists. No need to merge any disk caches.
0854:info:vkd3d_pipeline_library_disk_cache_initial_setup: Merging pipeline libraries took 0.165 ms.
0854:info:vkd3d_pipeline_library_disk_cache_initial_setup: Failed to map read-only cache: C:\BC250\m12\witcher3-dx12-003\vkd3d-cache\vkd3d-proton.witcher3.exe.cache.
0854:info:vkd3d_pipeline_library_disk_thread_main: Done performing async setup of stream archive.
10d0:warn:d3d12core_GetDebugInterface: Returning DXGI_ERROR_SDK_COMPONENT_MISSING.
10d0:warn:openvr_instance_extensions: Failed to open VR registry key, status 2.
10d0:warn:openxr_vulkan_extensions: wineopenxr.dll is missing required symbols.
10d0:info:vkd3d_get_vk_version: vkd3d-proton - applicationVersion: 3.1.0.
10d0:info:vkd3d_instance_init: vkd3d-proton - build: 472989aabdcf3e3.
10d0:warn:openvr_device_extensions: Failed to open VR registry key, status 2.
10d0:warn:openxr_vulkan_extensions: wineopenxr.dll is missing required symbols.
10d0:info:vkd3d_physical_device_info_init_maint9: Implementation supports eliding QFOT for non-compressed optimal images.
10d0:warn:vkd3d_init_depth_stencil_formats: Mapping VK_FORMAT_D24_UNORM_S8_UINT to VK_FORMAT_D32_SFLOAT_S8_UINT.
10d0:info:vkd3d_memory_info_decide_hvv_usage: Topology: No more than 1 device local heap, HVV access is viable.
10d0:info:vkd3d_memory_info_upload_hvv_memory_properties: Topology: largest device local heap is too small (8406929408 bytes) for effective ReBAR.
10d0:info:vkd3d_bindless_state_get_bindless_flags: Enabling fast paths for advanced ExecuteIndirect() graphics and compute (EXT_dgc).
10d0:info:vkd3d_bindless_state_get_bindless_flags: Device supports VK_EXT_mutable_descriptor_type.
10d0:info:vkd3d_bindless_state_get_bindless_flags: Device supports ultra-fast path for descriptor copies.
10d0:info:vkd3d_bindless_state_get_bindless_flags: Device supports packed metadata path for descriptor copies.
10d0:info:vkd3d_bindless_state_add_binding: Device supports VK_EXT_descriptor_buffer!
10d0:info:vkd3d_bindless_state_add_binding: Device supports VK_EXT_descriptor_buffer!
10d0:info:vkd3d_bindless_state_add_binding: Device supports VK_EXT_descriptor_buffer!
10d0:info:d3d12_device_caps_init_shader_model: Enabling support for SM 6.6.
10d0:info:d3d12_device_caps_init_shader_model: Enabling support for SM 6.7.
10d0:info:d3d12_device_caps_init_shader_model: Enabling support for SM 6.8.
10d0:fixme:d3d12_device_caps_init_feature_options1: TotalLaneCount = 1536, may be inaccurate.
10d0:info:d3d12_device_determine_ray_tracing_tier: DXR support enabled.
10d0:info:d3d12_device_determine_ray_tracing_tier: DXR 1.1 support enabled.
10d0:info:vkd3d_pipeline_library_init_disk_cache: Remapping VKD3D_SHADER_CACHE to: C:\BC250\m12\witcher3-dx12-003\vkd3d-cache\vkd3d-proton.witcher3.exe.cache.
10d0:info:vkd3d_pipeline_library_init_disk_cache: Attempting to load disk cache from: C:\BC250\m12\witcher3-dx12-003\vkd3d-cache\vkd3d-proton.witcher3.exe.cache.
08d8:info:vkd3d_pipeline_library_disk_thread_main: Performing async setup of stream archive ...
08d8:info:vkd3d_pipeline_library_disk_cache_merge: No write cache exists. No need to merge any disk caches.
08d8:info:vkd3d_pipeline_library_disk_cache_initial_setup: Merging pipeline libraries took 0.189 ms.
08d8:info:vkd3d_pipeline_library_disk_cache_initial_setup: Failed to map read-only cache: C:\BC250\m12\witcher3-dx12-003\vkd3d-cache\vkd3d-proton.witcher3.exe.cache.
08d8:info:vkd3d_pipeline_library_disk_thread_main: Done performing async setup of stream archive.
10d0:warn:openvr_instance_extensions: Failed to open VR registry key, status 2.
10d0:warn:openxr_vulkan_extensions: wineopenxr.dll is missing required symbols.
10d0:info:vkd3d_get_vk_version: vkd3d-proton - applicationVersion: 3.1.0.
10d0:info:vkd3d_instance_init: vkd3d-proton - build: 472989aabdcf3e3.
10d0:warn:openvr_device_extensions: Failed to open VR registry key, status 2.
10d0:warn:openxr_vulkan_extensions: wineopenxr.dll is missing required symbols.
10d0:info:vkd3d_physical_device_info_init_maint9: Implementation supports eliding QFOT for non-compressed optimal images.
10d0:warn:vkd3d_init_depth_stencil_formats: Mapping VK_FORMAT_D24_UNORM_S8_UINT to VK_FORMAT_D32_SFLOAT_S8_UINT.
10d0:info:vkd3d_memory_info_decide_hvv_usage: Topology: No more than 1 device local heap, HVV access is viable.
10d0:info:vkd3d_memory_info_upload_hvv_memory_properties: Topology: largest device local heap is too small (8406929408 bytes) for effective ReBAR.
10d0:info:vkd3d_bindless_state_get_bindless_flags: Enabling fast paths for advanced ExecuteIndirect() graphics and compute (EXT_dgc).
10d0:info:vkd3d_bindless_state_get_bindless_flags: Device supports VK_EXT_mutable_descriptor_type.
10d0:info:vkd3d_bindless_state_get_bindless_flags: Device supports ultra-fast path for descriptor copies.
10d0:info:vkd3d_bindless_state_get_bindless_flags: Device supports packed metadata path for descriptor copies.
10d0:info:vkd3d_bindless_state_add_binding: Device supports VK_EXT_descriptor_buffer!
10d0:info:vkd3d_bindless_state_add_binding: Device supports VK_EXT_descriptor_buffer!
10d0:info:vkd3d_bindless_state_add_binding: Device supports VK_EXT_descriptor_buffer!
10d0:info:d3d12_device_caps_init_shader_model: Enabling support for SM 6.6.
10d0:info:d3d12_device_caps_init_shader_model: Enabling support for SM 6.7.
10d0:info:d3d12_device_caps_init_shader_model: Enabling support for SM 6.8.
10d0:fixme:d3d12_device_caps_init_feature_options1: TotalLaneCount = 1536, may be inaccurate.
10d0:info:d3d12_device_determine_ray_tracing_tier: DXR support enabled.
10d0:info:d3d12_device_determine_ray_tracing_tier: DXR 1.1 support enabled.
10d0:info:vkd3d_pipeline_library_init_disk_cache: Remapping VKD3D_SHADER_CACHE to: C:\BC250\m12\witcher3-dx12-003\vkd3d-cache\vkd3d-proton.witcher3.exe.cache.
10d0:info:vkd3d_pipeline_library_init_disk_cache: Attempting to load disk cache from: C:\BC250\m12\witcher3-dx12-003\vkd3d-cache\vkd3d-proton.witcher3.exe.cache.
10d0:warn:d3d12_device_CheckFeatureSupport: Assuming device does not support tile based rendering.
10d0:err:d3d12_shared_fence_open_export_kmt: Failed to get exported semaphore handle, vr -13.
1dac:info:vkd3d_pipeline_library_disk_thread_main: Performing async setup of stream archive ...
10d0:err:d3d12_shared_fence_open_export_kmt: Failed to get exported semaphore handle, vr -13.
10d0:err:d3d12_shared_fence_open_export_kmt: Failed to get exported semaphore handle, vr -13.
10d0:err:d3d12_shared_fence_open_export_kmt: Failed to get exported semaphore handle, vr -13.
1dac:info:vkd3d_pipeline_library_disk_cache_merge: No write cache exists. No need to merge any disk caches.
1dac:info:vkd3d_pipeline_library_disk_cache_initial_setup: Merging pipeline libraries took 0.102 ms.
1dac:info:vkd3d_pipeline_library_disk_cache_initial_setup: Failed to map read-only cache: C:\BC250\m12\witcher3-dx12-003\vkd3d-cache\vkd3d-proton.witcher3.exe.cache.
1dac:info:vkd3d_pipeline_library_disk_thread_main: Done performing async setup of stream archive.
10d0:warn:d3d12_device_CheckFeatureSupport: Assuming device does not support tile based rendering.
10d0:fixme:d3d12_command_queue_init: Ignoring priority 0x64.
10d0:warn:d3d12_state_object_find_association: Conflicting local root signatures defined for same export, using NULL local root signature.
10d0:warn:d3d12_state_object_find_association: Conflicting local root signatures defined for same export, using NULL local root signature.
10d0:warn:d3d12_state_object_find_association: Conflicting local root signatures defined for same export, using NULL local root signature.
10d0:warn:d3d12_state_object_find_association: Conflicting local root signatures defined for same export, using NULL local root signature.
10d0:warn:d3d12_state_object_find_association: Conflicting local root signatures defined for same export, using NULL local root signature.
10d0:warn:d3d12_state_object_find_association: Conflicting local root signatures defined for same export, using NULL local root signature.
10d0:warn:d3d12_state_object_find_association: Conflicting local root signatures defined for same export, using NULL local root signature.
10d0:warn:d3d12_state_object_find_association: Conflicting local root signatures defined for same export, using NULL local root signature.
10d0:warn:d3d12_device_QueryInterface: {db6f6ddb-ac77-4e88-8253-819df9bbf140} not implemented, returning E_NOINTERFACE.
10d0:info:dxgi_vk_swap_chain_init: Creating swapchain (1920 x 1200), BufferCount = 3.
10d0:info:dxgi_vk_swap_chain_init_sync_objects: Ensure maximum latency of 3 frames with KHR_present_wait.
10d0:info:dxgi_vk_swap_chain_init_sleep_state: Timer interval is 0.5 ms.
1dac:info:vkd3d_pipeline_library_disk_thread_main: Pipeline cache marked dirty. Flush is scheduled.
1d9c:warn:d3d12_pipeline_state_init_graphics_create_info: DSV format is DXGI_FORMAT_UNKNOWN.
25b0:info:dxgi_vk_swap_chain_recreate_swapchain_in_present_task: Got 3 swapchain images.
25b0:info:dxgi_vk_swap_chain_recreate_swapchain_in_present_task: Got 3 swapchain images.
1dac:info:vkd3d_pipeline_library_disk_thread_main: Flushing disk cache (wakeup counter since last flush = 21). It seems like application has stopped creating new PSOs for the time being.
1dac:info:vkd3d_pipeline_library_disk_thread_main: Pipeline cache marked dirty. Flush is scheduled.
1dac:info:vkd3d_pipeline_library_disk_thread_main: Flushing disk cache (wakeup counter since last flush = 19). It seems like application has stopped creating new PSOs for the time being.
1dac:info:vkd3d_pipeline_library_disk_thread_main: Pipeline cache marked dirty. Flush is scheduled.
2a04:info:d3d12_command_queue_execute: Enabling staggered submissions for command queue 00000233BD67C580, queue family 0.
08a0:warn:d3d12_pipeline_state_init_graphics_create_info: DSV format is DXGI_FORMAT_UNKNOWN.
25b0:info:d3d12_command_queue_execute: Enabling staggered submissions for command queue 0000023380EB2990, queue family 0.
0a5c:warn:d3d12_pipeline_state_init_graphics_create_info: DSV format is DXGI_FORMAT_UNKNOWN.
25b0:info:d3d12_command_queue_execute: Disabling staggered submissions for command queue 0000023380EB2990, queue family 0.
220c:warn:d3d12_pipeline_state_init_graphics_create_info: DSV format is DXGI_FORMAT_UNKNOWN.
25b0:info:d3d12_command_queue_execute: Enabling staggered submissions for command queue 0000023380EB2990, queue family 0.
1dac:info:vkd3d_pipeline_library_disk_thread_main: Flushing disk cache (wakeup counter since last flush = 232). It seems like application has stopped creating new PSOs for the time being.
1dac:info:vkd3d_pipeline_library_disk_thread_main: Pipeline cache marked dirty. Flush is scheduled.
1dac:info:vkd3d_pipeline_library_disk_thread_main: Flushing disk cache (wakeup counter since last flush = 9). It seems like application has stopped creating new PSOs for the time being.
1dac:info:vkd3d_pipeline_library_disk_thread_main: Pipeline cache marked dirty. Flush is scheduled.
1dac:info:vkd3d_pipeline_library_disk_thread_main: Flushing disk cache (wakeup counter since last flush = 34). It seems like application has stopped creating new PSOs for the time being.
