smu GetGfxFrequency  msg=0x37 param=0 (0x0) ... response=0x01 value=1000 (0x000003E8)
smu GetGfxVid        msg=0x38 param=0 (0x0) ... response=0x01 value=116 (0x00000074)
clock verified: 1000 MHz, VID 116 (request 820 mV)


Algorithm : SHA256
Hash      : E9566E495A4FB5BB0F37B8A2583AB10F573D0F9ECEE2B84D94E264242529E9C3
Path      : C:\BC250\m9\gpu-residency0798-v4\gpu-residency-probe.exe



14:02:41 Tctl 71.5 C (raw 789B0FEF)
14:02:43 Tctl 71.4 C (raw 787B0FEF)
14:02:45 Tctl 71.4 C (raw 787B0FEF)
14:02:47 Tctl 71.4 C (raw 787B0FEF)
14:02:49 Tctl 71.4 C (raw 787B0FEF)
    NumAllocations back 1, PagingFenceValue 7015, NumBytesToTrim 0
    STATUS_PENDING: the fence below is the completion
    paging fence for MakeResident reached 7015 (waited for 7015)
BULK_RESIDENT bytes=65536 elapsed_ms=0 success=1
QueryAllocationResidency [preserved] 0x00000000  STATUS_SUCCESS
RESIDENCY after-resident value=1
D3DKMTLock2 [gpu-readback]         0x00000000  STATUS_SUCCESS
    locked at CPU VA 000001E85FD80000
D3DKMTUnlock2 [gpu-readback]       0x00000000  STATUS_SUCCESS
D3DKMTLock2 [gpu-ib]               0x00000000  STATUS_SUCCESS
    locked at CPU VA 000001E85FD70000
D3DKMTUnlock2 [gpu-ib]             0x00000000  STATUS_SUCCESS
Submit GPU readback                0x00000000  STATUS_SUCCESS
    asking the context to signal the monitored fence to 4
D3DKMTSignalSynchronizationObjectFromGpu 0x00000000  STATUS_SUCCESS
D3DKMTWaitForSynchronizationObjectFromCpu 0x00000000  STATUS_SUCCESS
    the monitored fence reached 4 after 0 ms
D3DKMTLock2 [gpu-readback]         0x00000000  STATUS_SUCCESS
    locked at CPU VA 000001E85FD80000
D3DKMTUnlock2 [gpu-readback]       0x00000000  STATUS_SUCCESS
GPU_READBACK bytes=65536 all_words_match=1 fence=4
CYCLE 3 PASS
D3DKMTFreeGpuVirtualAddress [gpu-readback] 0x00000000  STATUS_SUCCESS
D3DKMTDestroyAllocation2 [gpu-readback] 0x00000000  STATUS_SUCCESS
-- teardown
D3DKMTDestroySynchronizationObject 0x00000000  STATUS_SUCCESS
D3DKMTDestroyContext               0x00000000  STATUS_SUCCESS
D3DKMTFreeGpuVirtualAddress [gpu-ib] 0x00000000  STATUS_SUCCESS
D3DKMTDestroyAllocation2 [gpu-ib]  0x00000000  STATUS_SUCCESS
D3DKMTFreeGpuVirtualAddress [preserved] 0x00000000  STATUS_SUCCESS
D3DKMTDestroyAllocation2 [preserved] 0x00000000  STATUS_SUCCESS
D3DKMTDestroyPagingQueue           0x00000000  STATUS_SUCCESS
D3DKMTDestroyDevice                0x00000000  STATUS_SUCCESS
D3DKMTCloseAdapter                 0x00000000  STATUS_SUCCESS
GPU_RESIDENCY_RESULT PASS; physical relocation requires paging trace
gpu_probe_exit=0 
