compile
  Generowanie kodu...
  Trwa kompilowanie...
  Generowanie kodu...
  Generowanie kodu...
  Generowanie kodu...
link
stack budget
bc250kmd.sys: 512 functions with unwind data, largest fixed frame 3992 bytes
  warn    3992 bytes  rva 0x019750  GfxPagingBuildUpdate
  warn    2248 bytes  rva 0x018310  GfxPagingBuildAperture
  warn    2120 bytes  rva 0x02F880  VidMmCommitPagingAperture
  warn    1240 bytes  rva 0x03BFB0  WddmSubmitUmdImpl
catalog
  ........................
  Signability test complete.
  Errors:
  None
  Warnings:
  None
  Catalog generation complete.
  P:\bc-250\scratch\build\vram-geometry-dev\package\bc250kmd.cat
sign
  Done Adding Additional Store
  Successfully signed: P:\bc-250\scratch\build\vram-geometry-dev\package\bc250kmd.sys
  Done Adding Additional Store
  Successfully signed: P:\bc-250\scratch\build\vram-geometry-dev\package\bc250kmd.cat
      792  bc250-lab-test.cer
     2407  bc250kmd.cat
     7684  bc250kmd.inf
   362896  bc250kmd.sys
  D464191A907C4781CF8BEDC738CCD74137356D973D353B886C02D369831FEA7E  package\bc250kmd.sys
