candidate_sha256=F0F2AAE21FFF726E86B4262B552CD39CE9BC254BB039CEF796253D5FC2901775
boot_before=2026-09-24T04:30:34
smu GetGfxFrequency  msg=0x37 param=0 (0x0) ... response=0x01 value=1000 (0x000003E8)
smu GetGfxVid        msg=0x38 param=0 (0x0) ... response=0x01 value=116 (0x00000074)
clock verified: 1000 MHz, VID 116 (request 820 mV)
04:44:22 Tctl 66.1 C (raw 733B0FEF)

guard recovery: logs secured, all hardware gates verified closed
Microsoft PnP Utility

Adding driver package:  bc250kmd.inf
Driver package added successfully.
Published Name:         oem82.inf
Driver package installed on device: [PCI device instance redacted]

Total driver packages:  1
Added driver packages:  1
pnputil_exit=0
device_status=OK
driver_version=0.7.108.1
installed_sha256=F0F2AAE21FFF726E86B4262B552CD39CE9BC254BB039CEF796253D5FC2901775
closed_gates_verified
boot_after=2026-09-24T04:30:34
dwm_processes=1
display_only_install_passed
