bc250kmd 0x0007006C log snapshot: 24 lines, 0 lost to the wrap, 0 dropped above DISPATCH_LEVEL
     0      0.001 stage 10
     1      0.001 gate: EnableFullWddm 1 (one shot: closed again on disk)
     2      0.001 stage 20
     3      0.072 stage 30
     4      0.074 stage 31
     5      0.074 stage 32
     6      0.074 post display 1920x1200 pitch 7680 format 22 target 2424833
     7      0.074 stage 33
     8      0.076 stage 34
     9      0.076 interrupt resource 1: message, vector 0x70, flags 0x3
    10      0.076 mmio: BAR5 at 0xFE800000 mapped, writes off, dcn writes off, vidpn flip off
    11      0.076 vram: 0x270000000 + 0x200000000, MC 0xF400000000, BAR0 0xC0000000 + 0x10000000, writes allowed
    12      0.076 fb sample mapped: phys 0xC0000000 first 0x00000000 mid 0x00000000
    13      0.076 fb sample physical: 0x270000000 first 0x00000000 mid 0x00000000
    14      0.076 gart: ready, dummy page at 0x26FFFA000
    15      0.076 psp: ready
    16      0.076 gpumem: ready, doorbells at 0xD0000000
    17      0.076 gfx: ready, GPU submission allowed, paging node allowed
    18      0.076 ih: ready
    19      0.078 vidmm: logical paging state 515 tables, 1031 slots, 4767344 bytes reserved
    20      0.080 vidmm: table segment 3 at physical 0x45E150000 + 0xFEB0000, host memory below 0x270000000, updates are WRITTEN
    21      0.080 startup: entering interrupt connection
    22      0.082 startup: entering firmware preparation
    23      0.086 startup: entering GART initialization
