bc250kmd 0x00070038 log kept at the stop: 808 lines, 0 lost to the wrap, 0 dropped above DISPATCH_LEVEL
     0      0.004 stage 10
     1      0.004 gate: EnableFullWddm 1 (one shot: closed again on disk)
     2      0.004 stage 20
     3      0.074 stage 30
     4      0.076 stage 31
     5      0.076 stage 32
     6      0.076 post display 1920x1200 pitch 7680 format 22 target 2424833
     7      0.078 stage 33
     8      0.078 stage 34
     9      0.078 interrupt resource 1: message, vector 0x70, flags 0x3
    10      0.078 mmio: BAR5 at 0xFE800000 mapped, writes off, dcn writes off, vidpn flip off
    11      0.078 vram: 0x270000000 + 0x200000000, MC 0xF400000000, BAR0 0xC0000000 + 0x10000000, writes allowed
    12      0.078 fb sample mapped: phys 0xC0000000 first 0x00000000 mid 0x00000000
    13      0.078 fb sample physical: 0x270000000 first 0x00000000 mid 0x00000000
    14      0.078 gart: ready, dummy page at 0x26FFFA000
    15      0.078 psp: ready
    16      0.078 gpumem: ready, doorbells at 0xD0000000
    17      0.078 gfx: ready, GPU submission allowed, paging node off
    18      0.078 ih: ready
    19      0.078 wddm: full table started, VRAM identified
    20      0.078 vidmm: segment 1 at physical 0x2708CA000 + 0x1FD736000, host memory below 0x270000000, updates are WRITTEN
    21      0.078 wddm: callbacks sync 1 notify 1 queuedpc 1 notifydpc 1, interface 312 of 312 bytes
    22      0.078 stage 35
    23      0.080 stage 39
    24      0.080 wddm: display QueryChildRelations call 1 detail 0x38 -> 0x00000000
    25      0.080 wddm: DRIVERCAPS into 576 bytes: wddm 8192 sched 0x45 mm 0x60 flip 0x12 slots 0 tdr 1 dflip 1 rot 1
    26      0.080 wddm: QueryAdapterInfo type 1 in 0 out 576 -> 0x00000000
    27      0.080 wddm: QueryAdapterInfo type 15 in 4 out 20 -> 0xC00000BB
    28      0.080 wddm: QueryAdapterInfo type 47 in 0 out 4 -> 0xC00000BB
    29      0.080 wddm: QueryAdapterInfo type 13 in 4 out 24 -> 0x00000000
    30      0.080 wddm: QueryAdapterInfo type 14 in 4 out 20 -> 0x00000000
    31      0.080 wddm: QueryAdapterInfo type 14 in 4 out 20 -> 0x00000000
    32      0.080 wddm: QueryAdapterInfo type 14 in 4 out 20 -> 0x00000000
    33      0.080 wddm: QueryAdapterInfo type 14 in 4 out 20 -> 0x00000000
    34      0.080 wddm: GetNodeMetadata node 0 adapter 0
    35      0.080 wddm: QUERYSEGMENT4 pass 1: 2 segment(s)
    36      0.080 wddm: QUERYSEGMENT4 pass 2: 2 segment(s), stride 104, paging buffer segment 0, 65536 bytes
    37      0.080 wddm: segment 1 flags 0x00080404 gpu 0xF4008CA000 cpu 0x2708CA000 size 0x1FD736000
    38      0.080 wddm: QueryAdapterInfo type 16 in 0 out 4 -> 0xC00000BB
    39      0.080 wddm: CreateProcess flags 0x00000001 pasids 1
    40      0.080 wddm: CreateDevice flags 0x00000001 pasid 0
    41      0.080 wddm: CreateDevice flags 0x00000001 pasid 0
    42      0.080 wddm: CreateContext node 0 engine 0x1 flags 0x00000005 private 0
    43      0.080 wddm: CreateContext answered dma 4096 bytes segment set 0x2, lists 256/0, caps 0x00000001
    44      0.080 wddm: BuildPagingBuffer operation 11 segment 0, 65536 bytes free, pass offset 0
    45      0.080 vidmm: level 0 cpu table 0xFFFF958058758000 start 0 count 512 flags 0x3 first raw 0x0 / 0x0
    46      0.082 vidmm:   -> first entry 0x0 (written)
    47      0.082 wddm: BuildPagingBuffer operation 11 segment 0, 65536 bytes free, pass offset 0
    48      0.082 vidmm: level 0 cpu table 0xFFFF958058759000 start 0 count 512 flags 0x3 first raw 0x0 / 0x0
    49      0.082 vidmm:   -> first entry 0x0 (written)
    50      0.082 wddm: BuildPagingBuffer operation 11 segment 0, 65536 bytes free, pass offset 0
    51      0.082 vidmm: level 0 cpu table 0xFFFF95805875A000 start 0 count 512 flags 0x3 first raw 0x0 / 0x0
    52      0.082 vidmm:   -> first entry 0x0 (written)
    53      0.082 wddm: BuildPagingBuffer operation 11 segment 0, 65536 bytes free, pass offset 0
    54      0.082 vidmm: level 0 cpu table 0xFFFF95805875B000 start 0 count 512 flags 0x3 first raw 0x0 / 0x0
    55      0.082 vidmm:   -> first entry 0x0 (written)
    56      0.082 vidmm: level 0 cpu table 0xFFFF95805875C000 start 0 count 512 flags 0x3 first raw 0x0 / 0x0
    57      0.082 vidmm:   -> first entry 0x0 (written)
    58      0.082 vidmm: level 0 cpu table 0xFFFF95805875D000 start 0 count 512 flags 0x3 first raw 0x0 / 0x0
    59      0.082 vidmm:   -> first entry 0x0 (written)
    60      0.082 vidmm: level 0 cpu table 0xFFFF95805875E000 start 0 count 512 flags 0x3 first raw 0x0 / 0x0
    61      0.082 vidmm:   -> first entry 0x0 (written)
    62      0.082 vidmm: level 0 cpu table 0xFFFF95805875F000 start 0 count 512 flags 0x3 first raw 0x0 / 0x0
    63      0.082 vidmm:   -> first entry 0x0 (written)
    64      0.112 vidmm: first valid entry of segment 1: level 1 raw 0x21 / 0x3 -> 0x2708CD001 rc 0
    65      0.114 wddm: SetRootPageTable segment 1 offset 0x0, 512 entries
    66      0.114 vidmm: root page table 1:0x0 = physical 0x2708CA000, 512 entries (the VMID is pointed at it by the first packet)
    67      0.114 wddm: display QueryDeviceDescriptor call 1 detail 0x250001 -> 0xC01D0001
    68      0.114 wddm: display QueryDeviceDescriptor call 2 detail 0x250001 -> 0xC01D0001
    69      0.114 wddm: display RecommendMonitorModes call 1 detail 0x0 -> 0x00000000
    70      0.116 wddm: display IsSupportedVidPn call 1 detail 0x0 -> 0x00000000
    71      0.116 wddm: display IsSupportedVidPn call 2 detail 0x0 -> 0x00000000
    72      0.116 wddm: display IsSupportedVidPn call 3 detail 0x0 -> 0x00000000
    73      0.116 wddm: display EnumVidPnCofuncModality call 1 detail 0x0 -> 0x00000000
    74      0.116 wddm: display IsSupportedVidPn call 4 detail 0x0 -> 0x00000000
    75      0.116 wddm: display EnumVidPnCofuncModality call 2 detail 0x0 -> 0x00000000
    76      0.116 wddm: display IsSupportedVidPn call 5 detail 0x0 -> 0x00000000
    77      0.116 wddm: display EnumVidPnCofuncModality call 3 detail 0x0 -> 0x00000000
    78      0.116 wddm: display IsSupportedVidPn call 6 detail 0x0 -> 0x00000000
    79      0.116 wddm: display EnumVidPnCofuncModality call 4 detail 0x0 -> 0x00000000
    80      0.116 wddm: display EnumVidPnCofuncModality call 5 detail 0x0 -> 0x00000000
    81      0.118 wddm: CreateProcess flags 0x00000002 pasids 1
    82      0.118 wddm: CreateDevice flags 0x00000002 pasid 0
    83      0.118 wddm: CreateContext node 0 engine 0x1 flags 0x00000006 private 0
    84      0.118 wddm: CreateContext answered dma 4096 bytes segment set 0x2, lists 256/0, caps 0x00000001
    85      0.118 vidmm: level 0 table 1: 0x1FD732000 start 0 count 16 flags 0x3 first raw 0x0 / 0x0
    86      0.118 vidmm:   -> first entry 0x0 (written)
    87      0.118 vidmm: level 0 table 1: 0x1FD732000 start 17 count 495 flags 0x3 first raw 0x0 / 0x0
    88      0.118 vidmm:   -> first entry 0x0 (written)
    89      0.118 vidmm: level 0 table 1: 0x1FD732000 start 16 count 1 flags 0x2 first raw 0x1 / 0x4814
    90      0.118 vidmm: first valid entry of segment 0: level 0 raw 0x1 / 0x4814 -> 0x4814073 rc 0
    91      0.118 vidmm:   -> first entry 0x4814073 (written)
    92      0.118 vidmm: level 1 table 1: 0x1FD733000 start 0 count 512 flags 0x2 first raw 0x21 / 0x1FD732
    93      0.118 vidmm:   -> first entry 0x46DFFC001 (written)
    94      0.118 vidmm: level 2 table 1: 0x1FD734000 start 0 count 512 flags 0x2 first raw 0x21 / 0x1FD733
    95      0.118 vidmm:   -> first entry 0x46DFFD001 (written)
    96      0.118 vidmm: level 3 table 1: 0x1FD735000 start 0 count 512 flags 0x2 first raw 0x21 / 0x1FD734
    97      0.118 vidmm:   -> first entry 0x46DFFE001 (written)
    98      0.118 wddm: BuildPagingBuffer operation 12 segment 0, 65536 bytes free, pass offset 0
    99      0.118 vidmm: level 0 table 1: 0x1FD732000 start 17 count 1 flags 0x0 first raw 0x1 / 0x25EB1B
   100      0.118 vidmm:   -> first entry 0x25EB1B073 (written)
   101      0.118 wddm: BuildPagingBuffer operation 12 segment 0, 65536 bytes free, pass offset 0
   102      0.118 wddm: display EnumVidPnCofuncModality call 6 detail 0x0 -> 0x00000000
   103      0.118 wddm: GetStandardAllocationDriverData type 1 1920x1200 format 21 -> 9216000 bytes
   104      0.118 wddm: GetStandardAllocationDriverData type 1 1920x1200 format 21 -> 9216000 bytes
   105      0.118 wddm: CreateAllocation 1 allocations, flags 1 resource yes
   106      0.118 wddm: OpenAllocation [0] handle 0x80000980 private 32 bytes -> FFFF8201AA87B7E0 (GetHandleData said 0000000000000000)
   107      0.118 wddm: OpenAllocation 1 allocations flags 0x00000001
   108      0.118 vidmm: level 0 table 1: 0x4000 start 0 count 512 flags 0x0 first raw 0x21 / 0x204
   109      0.118 vidmm:   -> first entry 0x270ACE071 (written)
   110      0.118 wddm: BuildPagingBuffer operation 12 segment 0, 65536 bytes free, pass offset 0
   111      0.118 wddm: BuildPagingBuffer operation 9 segment 0, 65536 bytes free, pass offset 0
   112      0.118 wddm: BuildPagingBuffer operation 12 segment 0, 65536 bytes free, pass offset 0
   113      0.120 wddm: DescribeAllocation 1920x1200 format 21
   114      0.120 wddm: GetStandardAllocationDriverData type 2 1920x1200 format 21 -> 9216000 bytes
   115      0.120 wddm: GetStandardAllocationDriverData type 2 1920x1200 format 21 -> 9216000 bytes
   116      0.120 wddm: CreateAllocation 1 allocations, flags 1 resource yes
   117      0.120 wddm: OpenAllocation [0] handle 0x80000BC0 private 32 bytes -> FFFF8201AA87B3F0 (GetHandleData said 0000000000000000)
   118      0.120 wddm: OpenAllocation 1 allocations flags 0x00000001
   119      0.120 wddm: BuildPagingBuffer operation 9 segment 0, 65536 bytes free, pass offset 0
   120      0.122 stage 50
   121      0.122 wddm: display CommitVidPn call 1 detail 0x0 -> 0x00000000
   122      0.122 wddm: DescribeAllocation 1920x1200 format 21
   123      0.122 wddm: SetVidPnSourceAddress segment 1 address 0xF400ACE000 flags 0x00000001 (firmware framebuffer 0xC0000000)
   124      0.122 wddm: software vsync on, 16 ms period, target 2424833
   125      0.122 wddm: display SetVidPnSourceVisibility call 1 detail 0x0 -> 0x00000000
   126      0.122 wddm: DescribeAllocation 1920x1200 format 21
   127      0.344 wddm: ControlInterrupt type 3 on -> 0x00000000
   128      0.346 wddm: ControlInterrupt type 3 off -> 0x00000000
   129      0.346 wddm: ControlInterrupt type 3 on -> 0x00000000
   130      0.362 wddm: ControlInterrupt type 3 off -> 0x00000000
   131      0.362 wddm: ControlInterrupt type 3 on -> 0x00000000
   132      0.378 wddm: ControlInterrupt type 3 off -> 0x00000000
   133      0.378 wddm: ControlInterrupt type 3 on -> 0x00000000
   134      0.394 wddm: ControlInterrupt type 3 off -> 0x00000000
   135      3.553 wddm: Present flags 0x00000001 source 0 dest 0, 1 sub-rectangles, 4096 DMA bytes free
   136      3.553 wddm: Present list FFFFF9850253ABB0 (context list 256), private FFFF8201A0579050/2184, driver data 0
   137      3.553 wddm: Present list q0-3  0000000000000000 0000000000000000 0000000000000000 0000000000000000
   138      3.553 wddm: Present list q4-7  FFFF8201AA87B3F0 00000000008DC000 0000000000000000 0000000000000000
   139      3.553 wddm: Present list q8-11 FFFF8201AA87B7E0 0000000000012000 0000000000000000 0000000000000000
   140      3.553 wddm: Present dst (0,0)-(1920,1200) src (0,0)-(1920,1200) va 0x11000
   141      3.553 wddm: SetRootPageTable segment 1 offset 0x1FD735000, 512 entries
   142      3.553 vidmm: root page table 1:0x1FD735000 = physical 0x46DFFF000, 512 entries (the VMID is pointed at it by the first packet)
   143      3.553 wddm: SubmitCommandVirtual fence 1 node 0 flags 0x00000002 va 0x11000 size 0
   144      3.553 wddm: present without valid software packet completed without GPU dispatch
   145      3.575 wddm: Present flags 0x00000001 source 0 dest 0, 3 sub-rectangles, 4096 DMA bytes free
   146      3.575 wddm: Present list FFFFF9850253ABB0 (context list 256), private FFFF8201A9CED2E0/2184, driver data 0
   147      3.575 wddm: Present list q0-3  0000000000000000 0000000000000000 0000000000000000 0000000000000000
   148      3.575 wddm: Present list q4-7  FFFF8201AA87B3F0 00000000008DC000 0000000000000000 0000000000000000
   149      3.575 wddm: Present list q8-11 FFFF8201AA87B7E0 0000000000012000 0000000000000000 0000000000000000
   150      3.575 wddm: Present dst (0,0)-(1920,1200) src (0,0)-(1920,1200) va 0x10000
   151      3.575 wddm: SubmitCommandVirtual fence 2 node 0 flags 0x00000002 va 0x10000 size 0
   152      3.575 wddm: present without valid software packet completed without GPU dispatch
   153      3.591 wddm: Present flags 0x00000001 source 0 dest 0, 3 sub-rectangles, 4096 DMA bytes free
   154      3.591 wddm: Present list FFFFF9850253ABB0 (context list 256), private FFFF8201A0579050/2184, driver data 0
   155      3.591 wddm: Present list q0-3  0000000000000000 0000000000000000 0000000000000000 0000000000000000
   156      3.591 wddm: Present list q4-7  FFFF8201AA87B3F0 00000000008DC000 0000000000000000 0000000000000000
   157      3.591 wddm: Present list q8-11 FFFF8201AA87B7E0 0000000000012000 0000000000000000 0000000000000000
   158      3.591 wddm: Present dst (0,0)-(1920,1200) src (0,0)-(1920,1200) va 0x11000
   159      3.591 wddm: SubmitCommandVirtual fence 3 node 0 flags 0x00000002 va 0x11000 size 0
   160      3.591 wddm: present without valid software packet completed without GPU dispatch
   161      6.263 wddm: Present flags 0x00000001 source 0 dest 0, 1 sub-rectangles, 4096 DMA bytes free
   162      6.263 wddm: Present list FFFFF9850253ABB0 (context list 256), private FFFF8201A9CED2E0/2184, driver data 0
   163      6.263 wddm: Present list q0-3  0000000000000000 0000000000000000 0000000000000000 0000000000000000
   164      6.263 wddm: Present list q4-7  FFFF8201AA87B3F0 00000000008DC000 0000000000000000 0000000000000000
   165      6.263 wddm: Present list q8-11 FFFF8201AA87B7E0 0000000000012000 0000000000000000 0000000000000000
   166      6.263 wddm: Present dst (0,0)-(1920,1200) src (0,0)-(1920,1200) va 0x10000
   167      6.263 wddm: SubmitCommandVirtual fence 4 node 0 flags 0x00000002 va 0x10000 size 0
   168      6.263 wddm: present without valid software packet completed without GPU dispatch
   169      6.291 wddm: Present flags 0x00000001 source 0 dest 0, 3 sub-rectangles, 4096 DMA bytes free
   170      6.291 wddm: Present list FFFFF9850253ABB0 (context list 256), private FFFF8201A0579050/2184, driver data 0
   171      6.291 wddm: Present list q0-3  0000000000000000 0000000000000000 0000000000000000 0000000000000000
   172      6.291 wddm: Present list q4-7  FFFF8201AA87B3F0 00000000008DC000 0000000000000000 0000000000000000
   173      6.291 wddm: Present list q8-11 FFFF8201AA87B7E0 0000000000012000 0000000000000000 0000000000000000
   174      6.291 wddm: Present dst (0,0)-(1920,1200) src (0,0)-(1920,1200) va 0x11000
   175      6.291 wddm: SubmitCommandVirtual fence 5 node 0 flags 0x00000002 va 0x11000 size 0
   176      6.291 wddm: present without valid software packet completed without GPU dispatch
   177      6.307 wddm: Present flags 0x00000001 source 0 dest 0, 3 sub-rectangles, 4096 DMA bytes free
   178      6.307 wddm: Present list FFFFF9850253ABB0 (context list 256), private FFFF8201A9CED2E0/2184, driver data 0
   179      6.307 wddm: Present list q0-3  0000000000000000 0000000000000000 0000000000000000 0000000000000000
   180      6.307 wddm: Present list q4-7  FFFF8201AA87B3F0 00000000008DC000 0000000000000000 0000000000000000
   181      6.307 wddm: Present list q8-11 FFFF8201AA87B7E0 0000000000012000 0000000000000000 0000000000000000
   182      6.307 wddm: Present dst (0,0)-(1920,1200) src (0,0)-(1920,1200) va 0x10000
   183      6.307 wddm: SubmitCommandVirtual fence 6 node 0 flags 0x00000002 va 0x10000 size 0
   184      6.307 wddm: present without valid software packet completed without GPU dispatch
   185      8.859 wddm: Present flags 0x00000001 source 0 dest 0, 1 sub-rectangles, 4096 DMA bytes free
   186      8.859 wddm: Present list FFFFF9850253ABB0 (context list 256), private FFFF8201A0579050/2184, driver data 0
   187      8.859 wddm: Present list q0-3  0000000000000000 0000000000000000 0000000000000000 0000000000000000
   188      8.859 wddm: Present list q4-7  FFFF8201AA87B3F0 00000000008DC000 0000000000000000 0000000000000000
   189      8.859 wddm: Present list q8-11 FFFF8201AA87B7E0 0000000000012000 0000000000000000 0000000000000000
   190      8.859 wddm: Present dst (0,0)-(1920,1200) src (0,0)-(1920,1200) va 0x11000
   191      8.859 wddm: SubmitCommandVirtual fence 7 node 0 flags 0x00000002 va 0x11000 size 0
   192      8.859 wddm: present without valid software packet completed without GPU dispatch
   193      8.891 wddm: Present flags 0x00000001 source 0 dest 0, 3 sub-rectangles, 4096 DMA bytes free
   194      8.891 wddm: Present list FFFFF9850253ABB0 (context list 256), private FFFF8201A9CED2E0/2184, driver data 0
   195      8.891 wddm: Present list q0-3  0000000000000000 0000000000000000 0000000000000000 0000000000000000
   196      8.891 wddm: Present list q4-7  FFFF8201AA87B3F0 00000000008DC000 0000000000000000 0000000000000000
   197      8.891 wddm: Present list q8-11 FFFF8201AA87B7E0 0000000000012000 0000000000000000 0000000000000000
   198      8.891 wddm: Present dst (0,0)-(1920,1200) src (0,0)-(1920,1200) va 0x10000
   199      8.891 wddm: SubmitCommandVirtual fence 8 node 0 flags 0x00000002 va 0x10000 size 0
   200      8.891 wddm: present without valid software packet completed without GPU dispatch
   201      8.891 wddm: present without valid software packet completed without GPU dispatch
   202      8.907 wddm: present without valid software packet completed without GPU dispatch
   203     10.987 gart: op 1 -> 0x00000000 (-), result 0, 285 writes, fault offset 0x00000
   204     11.143 amdgpu[0]: reserve 0x400000 from 0xf5ff800000 for PSP TMR

   205     11.143 psp: command 1 (id 5, type 0, 4194304 bytes): rc 0, status 0x0, 261 us, in TMR at 0x0
   206     11.145 psp: command 2 (id 6, type 9, 33536 bytes): rc 0, status 0x0, 1955 us, in TMR at 0x0
   207     11.147 psp: command 3 (id 6, type 10, 33536 bytes): rc 0, status 0x0, 1938 us, in TMR at 0x0
   208     11.153 psp: command 4 (id 6, type 3, 263040 bytes): rc 0, status 0x0, 5866 us, in TMR at 0xF5FF842000
   209     11.157 psp: command 5 (id 6, type 2, 263168 bytes): rc 0, status 0x0, 5903 us, in TMR at 0xF5FF883000
   210     11.163 psp: command 6 (id 6, type 1, 263168 bytes): rc 0, status 0x0, 5903 us, in TMR at 0xF5FF8C4000
   211     11.169 psp: command 7 (id 6, type 4, 267440 bytes): rc 0, status 0x0, 5954 us, in TMR at 0xF5FF800000
   212     11.169 psp: command 8 (id 6, type 5, 896 bytes): rc 0, status 0x0, 130 us, in TMR at 0x0
   213     11.175 psp: command 9 (id 6, type 4, 267440 bytes): rc 0, status 0x0, 5954 us, in TMR at 0xF5FF800000
   214     11.177 psp: command 10 (id 6, type 6, 896 bytes): rc 0, status 0x0, 130 us, in TMR at 0x0
   215     11.177 psp: command 11 (id 6, type 8, 25088 bytes): rc 0, status 0x0, 1736 us, in TMR at 0x0
   216     11.177 psp: op 1 -> 0x00000000, result 0, 15 writes, 11 of 11 commands
   217     11.203 ih: init: rc 0, 21 writes
   218     11.203 ih: op 1 -> 0x00000000, result 0, 21 writes; 0 interrupt routine calls, 0 ours, 0 DPCs, 0 vectors; status idle 1 input_idle 1 bif_interrupt_line 0
   219     11.235 gfx: stage 1 (doorbell aperture): rc 0, 70 writes so far, 1 us
   220     11.235 gfx: op 1 to stage 1 -> 0x00000000, result 0, 70 writes, 0 doorbells
   221     11.261 gfx: stage 2 (golden registers): rc 0, 34 writes so far, 25 us
   222     11.261 gfx: op 1 to stage 2 -> 0x00000000, result 0, 34 writes, 0 doorbells
   223     11.287 gfx: stage 3 (GRBM CAM probe): rc 0, 3 writes so far, 3 us
   224     11.287 gfx: op 1 to stage 3 -> 0x00000000, result 0, 3 writes, 0 doorbells
   225     11.313 gfx: stage 4 (constants): rc 0, 157 writes so far, 59 us
   226     11.313 gfx: op 1 to stage 4 -> 0x00000000, result 0, 157 writes, 0 doorbells
   227     11.341 gfx: stage 5 (RLC): rc 0, 8 writes so far, 134 us
   228     11.341 gfx: op 1 to stage 5 -> 0x00000000, result 0, 8 writes, 0 doorbells
   229     11.367 gfx: stage 6 (CP): rc 0, 62 writes so far, 341 us
   230     11.367 gfx: op 1 to stage 6 -> 0x00000000, result 0, 62 writes, 14 doorbells
   231     11.393 gfx: stage 7 (SDMA): rc 0, 93 writes so far, 107 us
   232     11.393 gfx: op 1 to stage 7 -> 0x00000000, result 0, 93 writes, 2 doorbells
   233     11.421 gfx: stage 8 (interrupt sources): rc 0, 35 writes so far, 23 us
   234     11.421 gfx: op 1 to stage 8 -> 0x00000000, result 0, 35 writes, 0 doorbells
   235     11.447 gfx: IB 0x564000 x3 dwords at VMID 0: fetched 1, fence 0x1/0x1, result 0
   236     11.447 gfx: fence ring 0 x1 int 4 -> 0x00000000, result 0, 1 completed, last 0x1/0x1, 31 us
   237     11.497 wddm: present without valid software packet completed without GPU dispatch
   238     11.525 wddm: present without valid software packet completed without GPU dispatch
   239     11.541 wddm: present without valid software packet completed without GPU dispatch
   240     14.424 wddm: present without valid software packet completed without GPU dispatch
   241     14.458 wddm: present without valid software packet completed without GPU dispatch
   242     14.474 wddm: present without valid software packet completed without GPU dispatch
   243     14.876 wddm: CreateProcess flags 0x00000000 pasids 1
   244     14.876 wddm: CreateDevice flags 0x00000000 pasid 0
   245     14.890 wddm: umd context node 0 ip 0, private slot 576
   246     14.890 wddm: CreateContext node 0 engine 0x1 flags 0x00000004 private 80
   247     14.890 wddm: CreateContext answered dma 4096 bytes segment set 0x2, lists 0/0, caps 0x00000001
   248     14.890 wddm: umd alloc 4096 bytes heap 0x4 align 4096 va 0x0
   249     14.890 wddm: CreateAllocation 1 allocations, flags 1 resource yes
   250     14.890 wddm: OpenAllocation [0] handle 0x40000500 private 192 bytes -> FFFF8201AA876410 (GetHandleData said 0000000000000000)
   251     14.890 wddm: OpenAllocation 1 allocations flags 0x00000001
   252     14.890 wddm: BuildPagingBuffer operation 9 segment 0, 65536 bytes free, pass offset 0
   253     14.892 wddm: umd alloc 81920 bytes heap 0x2 align 4096 va 0x0
   254     14.892 wddm: CreateAllocation 1 allocations, flags 1 resource yes
   255     14.892 wddm: OpenAllocation [0] handle 0x40000580 private 192 bytes -> FFFF8201AA8774F0 (GetHandleData said 0000000000000000)
   256     14.892 wddm: OpenAllocation 1 allocations flags 0x00000001
   257     14.892 wddm: umd alloc 65536 bytes heap 0x4 align 65536 va 0x0
   258     14.892 wddm: CreateAllocation 1 allocations, flags 1 resource yes
   259     14.892 wddm: OpenAllocation [0] handle 0x40000640 private 192 bytes -> FFFF8201AA8769B0 (GetHandleData said 0000000000000000)
   260     14.892 wddm: OpenAllocation 1 allocations flags 0x00000001
   261     14.892 wddm: BuildPagingBuffer operation 9 segment 0, 65536 bytes free, pass offset 0
   262     14.936 wddm: umd alloc 262144 bytes heap 0x4 align 262144 va 0x0
   263     14.936 wddm: CreateAllocation 1 allocations, flags 1 resource yes
   264     14.936 wddm: OpenAllocation [0] handle 0x400006C0 private 192 bytes -> FFFF8201AA87AA60 (GetHandleData said 0000000000000000)
   265     14.936 wddm: OpenAllocation 1 allocations flags 0x00000001
   266     14.936 wddm: umd alloc 4096 bytes heap 0x4 align 4096 va 0x0
   267     14.936 wddm: CreateAllocation 1 allocations, flags 1 resource yes
   268     14.936 wddm: OpenAllocation [0] handle 0x40000740 private 192 bytes -> FFFF8201AA87BD80 (GetHandleData said 0000000000000000)
   269     14.936 wddm: OpenAllocation 1 allocations flags 0x00000001
   270     14.936 wddm: umd alloc 16384 bytes heap 0x2 align 4096 va 0x0
   271     14.936 wddm: CreateAllocation 1 allocations, flags 1 resource yes
   272     14.936 wddm: OpenAllocation [0] handle 0x400007C0 private 192 bytes -> FFFF8201AA87BF30 (GetHandleData said 0000000000000000)
   273     14.936 wddm: OpenAllocation 1 allocations flags 0x00000001
   274     14.938 wddm: umd alloc 81920 bytes heap 0x2 align 4096 va 0x0
   275     14.938 wddm: umd alloc 81920 bytes heap 0x2 align 4096 va 0x0
   276     14.938 wddm: SetRootPageTable segment 1 offset 0x1FD729000, 512 entries
   277     14.938 vidmm: root page table 1:0x1FD729000 = physical 0x46DFF3000, 512 entries (the VMID is pointed at it by the first packet)
   278     14.938 wddm: umd ib 0x20006C000 960 bytes -> phys 0x161EF0000 system leaf 0x161EF0073 dram C0012800 80000000 80000000 C0001200
   279     14.938 wddm: umd ib +32 C0017600 00000101 0000FFFF C0047600 000000B2 00000000 00000000 00000000
   280     14.938 wddm: umd ib +56 C0016900 0000000E 00000002 C0036900 0000001F 00150055 00000000 00000000
   281     14.938 wddm: umd ib +158 C0037600 00000204 00000000 00000000 00000000 C0065800 00000000 FFFFFFFF
   282     14.938 wddm: umd ib +166 01FFFFFF 00000000 00000000 0000000A 0000C3B1 C0004600 00000019 C0011000
   283     14.938 wddm: umd ib +176 C0043700 40100500 00003000 00000001 00000000 00000000 C0027600 0000020C
   284     14.938 wddm: umd ib +184 01000400 00000000 C0027600 00000212 602C0000 0000008E C0017600 00000228
   285     14.938 wddm: umd ib +192 00000000 C0017600 00000215 01000000 C0037600 00000207 00000040 00000001
   286     14.938 wddm: umd ib +200 00000001 C0017600 00000242 00002000 C0027600 00000243 00004000 22222222
   287     14.938 wddm: umd ib +208 C0027600 00000245 00003008 00000001 C0031502 00000001 00000001 00000001
   288     14.938 wddm: umd ib +216 00002045 C0055000 60200000 00040000 00000001 00040000 00000001 80000080
   289     14.938 wddm: umd ib +224 C0004600 00000407 C0065800 00000000 FFFFFFFF 01FFFFFF 00000000 00000000
   290     14.938 wddm: umd ib +232 0000000A 0000C030 C0041000 00000000 00000000 00000000 00000000 00000000
   291     14.938 wddm: shader 0x100040000 lo 01000400 hi 00000000 -> phys 0x271C8A000 vram leaf 0x271C8A071 dram 00000000 00000000 00000000 00000000
   292     14.938 gfx: VMID 1 root 0x46DFF3000 flush -> 0
   293     14.938 gfx: job frame C0004200 00000000  C0012800 81018003 00000000  C0009000 00000000  IB  C0009000 10000000  fence  C0008B00 00000000
   294     14.938 wddm: fence 17 on the gfx ring: sequence 2, vmid 1, root 0x46DFF3000, va 0x20006C000, 960 bytes
   295     14.938 wddm: umd submit fence 17 ib 0x20006C000 960 bytes
   296     14.938 wddm: hardware fence arrived, reporting fence 17
   297     14.940 wddm: umd ib 0x20006C000 960 bytes -> phys 0x161EF0000 system leaf 0x161EF0073 dram C0012800 80000000 80000000 C0001200
   298     14.940 wddm: umd ib +32 C0017600 00000101 0000FFFF C0047600 000000B2 00000000 00000000 00000000
   299     14.940 wddm: umd ib +56 C0016900 0000000E 00000002 C0036900 0000001F 00150055 00000000 00000000
   300     14.940 wddm: umd ib +158 C0037600 00000204 00000000 00000000 00000000 C0065800 00000000 FFFFFFFF
   301     14.940 wddm: umd ib +166 01FFFFFF 00000000 00000000 0000000A 0000C3B1 C0004600 00000019 C0011000
   302     14.940 wddm: umd ib +176 C0043700 40100500 00003000 00000001 00000000 00000000 C0027600 0000020C
   303     14.940 wddm: umd ib +184 01000400 00000000 C0027600 00000212 602C0000 0000008E C0017600 00000228
   304     14.940 wddm: umd ib +192 00000000 C0017600 00000215 01000000 C0037600 00000207 00000040 00000001
   305     14.940 wddm: umd ib +200 00000001 C0017600 00000242 00002000 C0027600 00000243 00004000 22222222
   306     14.940 wddm: umd ib +208 C0027600 00000245 00003008 00000001 C0031502 00000001 00000001 00000001
   307     14.940 wddm: umd ib +216 00002045 C0055000 60200000 00040000 00000001 00040000 00000001 80000080
   308     14.940 wddm: umd ib +224 C0004600 00000407 C0065800 00000000 FFFFFFFF 01FFFFFF 00000000 00000000
   309     14.940 wddm: umd ib +232 0000000A 0000C030 C0041000 00000000 00000000 00000000 00000000 00000000
   310     14.940 wddm: shader 0x100040000 lo 01000400 hi 00000000 -> phys 0x271C8A000 vram leaf 0x271C8A071 dram 00000000 00000000 00000000 00000000
   311     14.940 gfx: VMID 1 root 0x46DFF3000 flush -> 0
   312     14.940 gfx: job frame C0004200 00000000  C0012800 81018003 00000000  C0009000 00000000  IB  C0009000 10000000  fence  C0008B00 00000000
   313     14.940 wddm: fence 18 on the gfx ring: sequence 3, vmid 1, root 0x46DFF3000, va 0x20006C000, 960 bytes
   314     14.940 wddm: umd submit fence 18 ib 0x20006C000 960 bytes
   315     14.940 wddm: hardware fence arrived, reporting fence 18
   316     14.940 wddm: umd ib 0x20006C000 960 bytes -> phys 0x161EF0000 system leaf 0x161EF0073 dram C0012800 80000000 80000000 C0001200
   317     14.940 wddm: umd ib +32 C0017600 00000101 0000FFFF C0047600 000000B2 00000000 00000000 00000000
   318     14.940 wddm: umd ib +56 C0016900 0000000E 00000002 C0036900 0000001F 00150055 00000000 00000000
   319     14.940 wddm: umd ib +158 C0037600 00000204 00000000 00000000 00000000 C0065800 00000000 FFFFFFFF
   320     14.940 wddm: umd ib +166 01FFFFFF 00000000 00000000 0000000A 0000C3B1 C0004600 00000019 C0011000
   321     14.940 wddm: umd ib +176 C0043700 40100500 00003000 00000001 00000000 00000000 C0027600 0000020C
   322     14.940 wddm: umd ib +184 01000400 00000000 C0027600 00000212 602C0000 0000008E C0017600 00000228
   323     14.940 wddm: umd ib +192 00000000 C0017600 00000215 01000000 C0037600 00000207 00000040 00000001
   324     14.940 wddm: umd ib +200 00000001 C0017600 00000242 00002000 C0027600 00000243 00004000 22222222
   325     14.940 wddm: umd ib +208 C0027600 00000245 00003008 00000001 C0031502 00000001 00000001 00000001
   326     14.940 wddm: umd ib +216 00002045 C0055000 60200000 00040000 00000001 00040000 00000001 80000080
   327     14.940 wddm: umd ib +224 C0004600 00000407 C0065800 00000000 FFFFFFFF 01FFFFFF 00000000 00000000
   328     14.940 wddm: umd ib +232 0000000A 0000C030 C0041000 00000000 00000000 00000000 00000000 00000000
   329     14.940 wddm: shader 0x100040000 lo 01000400 hi 00000000 -> phys 0x271C8A000 vram leaf 0x271C8A071 dram 00000000 00000000 00000000 00000000
   330     14.940 gfx: VMID 1 root 0x46DFF3000 flush -> 0
   331     14.940 gfx: job frame C0004200 00000000  C0012800 81018003 00000000  C0009000 00000000  IB  C0009000 10000000  fence  C0008B00 00000000
   332     14.940 wddm: fence 19 on the gfx ring: sequence 4, vmid 1, root 0x46DFF3000, va 0x20006C000, 960 bytes
   333     14.940 wddm: umd submit fence 19 ib 0x20006C000 960 bytes
   334     14.940 wddm: hardware fence arrived, reporting fence 19
   335     14.952 wddm: BuildPagingBuffer operation 8 segment 0, 65536 bytes free, pass offset 0
   336     14.952 wddm: CloseAllocation 1 allocations
   337     14.952 wddm: DestroyAllocation 1 allocations
   338     14.952 wddm: BuildPagingBuffer operation 8 segment 0, 65536 bytes free, pass offset 0
   339     14.952 wddm: CloseAllocation 1 allocations
   340     14.952 wddm: DestroyAllocation 1 allocations
   341     14.952 wddm: BuildPagingBuffer operation 8 segment 0, 65536 bytes free, pass offset 0
   342     14.952 wddm: CloseAllocation 1 allocations
   343     14.952 wddm: DestroyAllocation 1 allocations
   344     14.956 wddm: umd ib 0x20006C000 960 bytes -> phys 0x161EF0000 system leaf 0x161EF0073 dram C0012800 80000000 80000000 C0001200
   345     14.956 wddm: umd ib +32 C0017600 00000101 0000FFFF C0047600 000000B2 00000000 00000000 00000000
   346     14.956 wddm: umd ib +56 C0016900 0000000E 00000002 C0036900 0000001F 00150055 00000000 00000000
   347     14.956 wddm: umd ib +158 C0037600 00000204 00000000 00000000 00000000 C0065800 00000000 FFFFFFFF
   348     14.956 wddm: umd ib +166 01FFFFFF 00000000 00000000 0000000A 0000C3B1 C0004600 00000019 C0011000
   349     14.956 wddm: umd ib +176 C0043700 40100500 00003000 00000001 00000000 00000000 C0027600 0000020C
   350     14.956 wddm: umd ib +184 01000400 00000000 C0027600 00000212 602C0000 0000008E C0017600 00000228
   351     14.956 wddm: umd ib +192 00000000 C0017600 00000215 01000000 C0037600 00000207 00000040 00000001
   352     14.956 wddm: umd ib +200 00000001 C0017600 00000242 00002000 C0027600 00000243 00004000 22222222
   353     14.956 wddm: umd ib +208 C0027600 00000245 00003008 00000001 C0031502 00000010 00000001 00000001
   354     14.956 wddm: umd ib +216 00002045 C0055000 60200000 00040000 00000001 00040000 00000001 80000080
   355     14.956 wddm: umd ib +224 C0004600 00000407 C0065800 00000000 FFFFFFFF 01FFFFFF 00000000 00000000
   356     14.956 wddm: umd ib +232 0000000A 0000C030 C0041000 00000000 00000000 00000000 00000000 00000000
   357     14.956 wddm: shader 0x100040000 lo 01000400 hi 00000000 -> phys 0x271C8A000 vram leaf 0x271C8A071 dram 00000000 00000000 00000000 00000000
   358     14.956 gfx: VMID 1 root 0x46DFF3000 flush -> 0
   359     14.956 gfx: job frame C0004200 00000000  C0012800 81018003 00000000  C0009000 00000000  IB  C0009000 10000000  fence  C0008B00 00000000
   360     14.956 wddm: fence 20 on the gfx ring: sequence 5, vmid 1, root 0x46DFF3000, va 0x20006C000, 960 bytes
   361     14.956 wddm: umd submit fence 20 ib 0x20006C000 960 bytes
   362     14.956 wddm: hardware fence arrived, reporting fence 20
   363     14.956 wddm: umd ib 0x20006C000 960 bytes -> phys 0x161EF0000 system leaf 0x161EF0073 dram C0012800 80000000 80000000 C0001200
   364     14.956 wddm: umd ib +32 C0017600 00000101 0000FFFF C0047600 000000B2 00000000 00000000 00000000
   365     14.956 wddm: umd ib +56 C0016900 0000000E 00000002 C0036900 0000001F 00150055 00000000 00000000
   366     14.956 wddm: umd ib +158 C0037600 00000204 00000000 00000000 00000000 C0065800 00000000 FFFFFFFF
   367     14.956 wddm: umd ib +166 01FFFFFF 00000000 00000000 0000000A 0000C3B1 C0004600 00000019 C0011000
   368     14.956 wddm: umd ib +176 C0043700 40100500 00003000 00000001 00000000 00000000 C0027600 0000020C
   369     14.956 wddm: umd ib +184 01000400 00000000 C0027600 00000212 602C0000 0000008E C0017600 00000228
   370     14.956 wddm: umd ib +192 00000000 C0017600 00000215 01000000 C0037600 00000207 00000040 00000001
   371     14.956 wddm: umd ib +200 00000001 C0017600 00000242 00002000 C0027600 00000243 00004000 22222222
   372     14.956 wddm: umd ib +208 C0027600 00000245 00003008 00000001 C0031502 00000010 00000001 00000001
   373     14.956 wddm: umd ib +216 00002045 C0055000 60200000 00040000 00000001 00040000 00000001 80000080
   374     14.956 wddm: umd ib +224 C0004600 00000407 C0065800 00000000 FFFFFFFF 01FFFFFF 00000000 00000000
   375     14.956 wddm: umd ib +232 0000000A 0000C030 C0041000 00000000 00000000 00000000 00000000 00000000
   376     14.956 wddm: shader 0x100040000 lo 01000400 hi 00000000 -> phys 0x271C8A000 vram leaf 0x271C8A071 dram 00000000 00000000 00000000 00000000
   377     14.956 gfx: VMID 1 root 0x46DFF3000 flush -> 0
   378     14.956 gfx: job frame C0004200 00000000  C0012800 81018003 00000000  C0009000 00000000  IB  C0009000 10000000  fence  C0008B00 00000000
   379     14.956 wddm: fence 21 on the gfx ring: sequence 6, vmid 1, root 0x46DFF3000, va 0x20006C000, 960 bytes
   380     14.956 wddm: umd submit fence 21 ib 0x20006C000 960 bytes
   381     14.956 wddm: hardware fence arrived, reporting fence 21
   382     14.956 wddm: umd ib 0x20006C000 960 bytes -> phys 0x161EF0000 system leaf 0x161EF0073 dram C0012800 80000000 80000000 C0001200
   383     14.956 wddm: umd ib +32 C0017600 00000101 0000FFFF C0047600 000000B2 00000000 00000000 00000000
   384     14.956 wddm: umd ib +56 C0016900 0000000E 00000002 C0036900 0000001F 00150055 00000000 00000000
   385     14.956 wddm: umd ib +158 C0037600 00000204 00000000 00000000 00000000 C0065800 00000000 FFFFFFFF
   386     14.956 wddm: umd ib +166 01FFFFFF 00000000 00000000 0000000A 0000C3B1 C0004600 00000019 C0011000
   387     14.956 wddm: umd ib +176 C0043700 40100500 00003000 00000001 00000000 00000000 C0027600 0000020C
   388     14.956 wddm: umd ib +184 01000400 00000000 C0027600 00000212 602C0000 0000008E C0017600 00000228
   389     14.956 wddm: umd ib +192 00000000 C0017600 00000215 01000000 C0037600 00000207 00000040 00000001
   390     14.956 wddm: umd ib +200 00000001 C0017600 00000242 00002000 C0027600 00000243 00004000 22222222
   391     14.956 wddm: umd ib +208 C0027600 00000245 00003008 00000001 C0031502 00000010 00000001 00000001
   392     14.956 wddm: umd ib +216 00002045 C0055000 60200000 00040000 00000001 00040000 00000001 80000080
   393     14.956 wddm: umd ib +224 C0004600 00000407 C0065800 00000000 FFFFFFFF 01FFFFFF 00000000 00000000
   394     14.956 wddm: umd ib +232 0000000A 0000C030 C0041000 00000000 00000000 00000000 00000000 00000000
   395     14.956 wddm: shader 0x100040000 lo 01000400 hi 00000000 -> phys 0x271C8A000 vram leaf 0x271C8A071 dram 00000000 00000000 00000000 00000000
   396     14.956 gfx: VMID 1 root 0x46DFF3000 flush -> 0
   397     14.956 gfx: job frame C0004200 00000000  C0012800 81018003 00000000  C0009000 00000000  IB  C0009000 10000000  fence  C0008B00 00000000
   398     14.956 wddm: fence 22 on the gfx ring: sequence 7, vmid 1, root 0x46DFF3000, va 0x20006C000, 960 bytes
   399     14.956 wddm: umd submit fence 22 ib 0x20006C000 960 bytes
   400     14.956 wddm: hardware fence arrived, reporting fence 22
   401     14.968 wddm: BuildPagingBuffer operation 8 segment 0, 65536 bytes free, pass offset 0
   402     14.968 wddm: CloseAllocation 1 allocations
   403     14.968 wddm: DestroyAllocation 1 allocations
   404     14.968 wddm: CloseAllocation 1 allocations
   405     14.968 wddm: DestroyAllocation 1 allocations
   406     14.968 wddm: CloseAllocation 1 allocations
   407     14.968 wddm: DestroyAllocation 1 allocations
   408     14.982 wddm: umd ib 0x20006C000 928 bytes -> phys 0x161EF0000 system leaf 0x161EF0073 dram C0012800 80000000 80000000 C0001200
   409     14.982 wddm: umd ib +32 C0017600 00000101 0000FFFF C0047600 000000B2 00000000 00000000 00000000
   410     14.982 wddm: umd ib +56 C0016900 0000000E 00000002 C0036900 0000001F 00150055 00000000 00000000
   411     14.982 wddm: umd ib +158 C0037600 00000204 00000000 00000000 00000000 C0065800 00000000 FFFFFFFF
   412     14.982 wddm: umd ib +166 01FFFFFF 00000000 00000000 0000000A 0000C3B1 C0004600 00000019 C0011000
   413     14.982 wddm: umd ib +176 C0043700 40100500 00003000 00000001 00000000 00000000 C0027600 0000020C
   414     14.982 wddm: umd ib +184 01000400 00000000 C0027600 00000212 602C0000 00000088 C0017600 00000228
   415     14.982 wddm: umd ib +192 00000000 C0017600 00000215 01000000 C0037600 00000207 00000040 00000001
   416     14.982 wddm: umd ib +200 00000001 C0017600 00000242 00002000 C0017600 00000243 00100000 C0031502
   417     14.982 wddm: umd ib +208 00004000 00000001 00000001 00002045 C0055000 60200000 00040000 00000001
   418     14.982 wddm: umd ib +216 00040000 00000001 80000080 C0004600 00000407 C0065800 00000000 FFFFFFFF
   419     14.982 wddm: umd ib +224 01FFFFFF 00000000 00000000 0000000A 0000C030 C0011000 00000000 00000000
   420     14.982 wddm: shader 0x100040000 lo 01000400 hi 00000000 -> phys 0x27248A000 vram leaf 0x27248A071 dram 00000000 00000000 00000000 00000000
   421     14.982 gfx: VMID 1 root 0x46DFF3000 flush -> 0
   422     14.982 gfx: job frame C0004200 00000000  C0012800 81018003 00000000  C0009000 00000000  IB  C0009000 10000000  fence  C0008B00 00000000
   423     14.982 wddm: fence 23 on the gfx ring: sequence 8, vmid 1, root 0x46DFF3000, va 0x20006C000, 928 bytes
   424     14.982 wddm: umd submit fence 23 ib 0x20006C000 928 bytes
   425     14.982 wddm: hardware fence arrived, reporting fence 23
   426     14.982 wddm: umd ib 0x20006C000 928 bytes -> phys 0x161EF0000 system leaf 0x161EF0073 dram C0012800 80000000 80000000 C0001200
   427     14.982 wddm: umd ib +32 C0017600 00000101 0000FFFF C0047600 000000B2 00000000 00000000 00000000
   428     14.982 wddm: umd ib +56 C0016900 0000000E 00000002 C0036900 0000001F 00150055 00000000 00000000
   429     14.982 wddm: umd ib +158 C0037600 00000204 00000000 00000000 00000000 C0065800 00000000 FFFFFFFF
   430     14.982 wddm: umd ib +166 01FFFFFF 00000000 00000000 0000000A 0000C3B1 C0004600 00000019 C0011000
   431     14.982 wddm: umd ib +176 C0043700 40100500 00003000 00000001 00000000 00000000 C0027600 0000020C
   432     14.982 wddm: umd ib +184 01000400 00000000 C0027600 00000212 602C0000 00000088 C0017600 00000228
   433     14.982 wddm: umd ib +192 00000000 C0017600 00000215 01000000 C0037600 00000207 00000040 00000001
   434     14.982 wddm: umd ib +200 00000001 C0017600 00000242 00002000 C0017600 00000243 00100000 C0031502
   435     14.982 wddm: umd ib +208 00004000 00000001 00000001 00002045 C0055000 60200000 00040000 00000001
   436     14.982 wddm: umd ib +216 00040000 00000001 80000080 C0004600 00000407 C0065800 00000000 FFFFFFFF
   437     14.982 wddm: umd ib +224 01FFFFFF 00000000 00000000 0000000A 0000C030 C0011000 00000000 00000000
   438     14.982 wddm: shader 0x100040000 lo 01000400 hi 00000000 -> phys 0x27248A000 vram leaf 0x27248A071 dram 00000000 00000000 00000000 00000000
   439     14.982 gfx: VMID 1 root 0x46DFF3000 flush -> 0
   440     14.982 gfx: job frame C0004200 00000000  C0012800 81018003 00000000  C0009000 00000000  IB  C0009000 10000000  fence  C0008B00 00000000
   441     14.982 wddm: fence 24 on the gfx ring: sequence 9, vmid 1, root 0x46DFF3000, va 0x20006C000, 928 bytes
   442     14.982 wddm: umd submit fence 24 ib 0x20006C000 928 bytes
   443     14.982 wddm: hardware fence arrived, reporting fence 24
   444     14.984 wddm: umd ib 0x20006C000 928 bytes -> phys 0x161EF0000 system leaf 0x161EF0073 dram C0012800 80000000 80000000 C0001200
   445     14.984 wddm: umd ib +32 C0017600 00000101 0000FFFF C0047600 000000B2 00000000 00000000 00000000
   446     14.984 wddm: umd ib +56 C0016900 0000000E 00000002 C0036900 0000001F 00150055 00000000 00000000
   447     14.984 wddm: umd ib +158 C0037600 00000204 00000000 00000000 00000000 C0065800 00000000 FFFFFFFF
   448     14.984 wddm: umd ib +166 01FFFFFF 00000000 00000000 0000000A 0000C3B1 C0004600 00000019 C0011000
   449     14.984 wddm: umd ib +176 C0043700 40100500 00003000 00000001 00000000 00000000 C0027600 0000020C
   450     14.984 wddm: umd ib +184 01000400 00000000 C0027600 00000212 602C0000 00000088 C0017600 00000228
   451     14.984 wddm: umd ib +192 00000000 C0017600 00000215 01000000 C0037600 00000207 00000040 00000001
   452     14.984 wddm: umd ib +200 00000001 C0017600 00000242 00002000 C0017600 00000243 00100000 C0031502
   453     14.984 wddm: umd ib +208 00004000 00000001 00000001 00002045 C0055000 60200000 00040000 00000001
   454     14.984 wddm: umd ib +216 00040000 00000001 80000080 C0004600 00000407 C0065800 00000000 FFFFFFFF
   455     14.984 wddm: umd ib +224 01FFFFFF 00000000 00000000 0000000A 0000C030 C0011000 00000000 00000000
   456     14.984 wddm: shader 0x100040000 lo 01000400 hi 00000000 -> phys 0x27248A000 vram leaf 0x27248A071 dram 00000000 00000000 00000000 00000000
   457     14.984 gfx: VMID 1 root 0x46DFF3000 flush -> 0
   458     14.984 gfx: job frame C0004200 00000000  C0012800 81018003 00000000  C0009000 00000000  IB  C0009000 10000000  fence  C0008B00 00000000
   459     14.984 wddm: umd submit fence 25 ib 0x20006C000 928 bytes
   460     15.777 wddm: CloseAllocation 1 allocations
   461     15.777 wddm: DestroyAllocation 1 allocations
   462     15.777 wddm: CloseAllocation 1 allocations
   463     15.777 wddm: DestroyAllocation 1 allocations
   464     15.801 wddm: umd ib 0x20006C000 928 bytes -> phys 0x161EF0000 system leaf 0x161EF0073 dram C0012800 80000000 80000000 C0001200
   465     15.801 wddm: umd ib +32 C0017600 00000101 0000FFFF C0047600 000000B2 00000000 00000000 00000000
   466     15.801 wddm: umd ib +56 C0016900 0000000E 00000002 C0036900 0000001F 00150055 00000000 00000000
   467     15.801 wddm: umd ib +158 C0037600 00000204 00000000 00000000 00000000 C0065800 00000000 FFFFFFFF
   468     15.801 wddm: umd ib +166 01FFFFFF 00000000 00000000 0000000A 0000C3B1 C0004600 00000019 C0011000
   469     15.801 wddm: umd ib +176 C0043700 40100500 00003000 00000001 00000000 00000000 C0027600 0000020C
   470     15.801 wddm: umd ib +184 01000400 00000000 C0027600 00000212 602C0000 0000008A C0017600 00000228
   471     15.801 wddm: umd ib +192 00000000 C0017600 00000215 01000000 C0037600 00000207 00000040 00000001
   472     15.801 wddm: umd ib +200 00000001 C0017600 00000242 00002000 C0027600 00000243 00100000 40400000
   473     15.801 wddm: umd ib +208 C0031502 00004000 00000001 00000001 00002045 C0055000 60200000 00040000
   474     15.801 wddm: umd ib +216 00000001 00040000 00000001 80000080 C0004600 00000407 C0065800 00000000
   475     15.801 wddm: umd ib +224 FFFFFFFF 01FFFFFF 00000000 00000000 0000000A 0000C030 C0001000 00000000
   476     15.801 wddm: shader 0x100040000 lo 01000400 hi 00000000 -> phys 0x27288A000 vram leaf 0x27288A071 dram 00000000 00000000 00000000 00000000
   477     15.801 gfx: VMID 1 root 0x46DFF3000 flush -> 0
   478     15.801 gfx: job frame C0004200 00000000  C0012800 81018003 00000000  C0009000 00000000  IB  C0009000 10000000  fence  C0008B00 00000000
   479     15.801 wddm: umd submit fence 26 ib 0x20006C000 928 bytes
   480     15.801 wddm: umd ib 0x20006C000 928 bytes -> phys 0x161EF0000 system leaf 0x161EF0073 dram C0012800 80000000 80000000 C0001200
   481     15.801 wddm: umd ib +32 C0017600 00000101 0000FFFF C0047600 000000B2 00000000 00000000 00000000
   482     15.801 wddm: umd ib +56 C0016900 0000000E 00000002 C0036900 0000001F 00150055 00000000 00000000
   483     15.801 wddm: umd ib +158 C0037600 00000204 00000000 00000000 00000000 C0065800 00000000 FFFFFFFF
   484     15.801 wddm: umd ib +166 01FFFFFF 00000000 00000000 0000000A 0000C3B1 C0004600 00000019 C0011000
   485     15.801 wddm: umd ib +176 C0043700 40100500 00003000 00000001 00000000 00000000 C0027600 0000020C
   486     15.801 wddm: umd ib +184 01000400 00000000 C0027600 00000212 602C0000 0000008A C0017600 00000228
   487     15.801 wddm: umd ib +192 00000000 C0017600 00000215 01000000 C0037600 00000207 00000040 00000001
   488     15.801 wddm: umd ib +200 00000001 C0017600 00000242 00002000 C0027600 00000243 00100000 40400000
   489     15.801 wddm: umd ib +208 C0031502 00004000 00000001 00000001 00002045 C0055000 60200000 00040000
   490     15.801 wddm: umd ib +216 00000001 00040000 00000001 80000080 C0004600 00000407 C0065800 00000000
   491     15.801 wddm: umd ib +224 FFFFFFFF 01FFFFFF 00000000 00000000 0000000A 0000C030 C0001000 00000000
   492     15.801 wddm: shader 0x100040000 lo 01000400 hi 00000000 -> phys 0x27288A000 vram leaf 0x27288A071 dram 00000000 00000000 00000000 00000000
   493     15.801 gfx: VMID 1 root 0x46DFF3000 flush -> 0
   494     15.801 gfx: job frame C0004200 00000000  C0012800 81018003 00000000  C0009000 00000000  IB  C0009000 10000000  fence  C0008B00 00000000
   495     15.801 wddm: umd submit fence 27 ib 0x20006C000 928 bytes
   496     15.801 wddm: umd ib 0x20006C000 928 bytes -> phys 0x161EF0000 system leaf 0x161EF0073 dram C0012800 80000000 80000000 C0001200
   497     15.801 wddm: umd ib +32 C0017600 00000101 0000FFFF C0047600 000000B2 00000000 00000000 00000000
   498     15.801 wddm: umd ib +56 C0016900 0000000E 00000002 C0036900 0000001F 00150055 00000000 00000000
   499     15.801 wddm: umd ib +158 C0037600 00000204 00000000 00000000 00000000 C0065800 00000000 FFFFFFFF
   500     15.801 wddm: umd ib +166 01FFFFFF 00000000 00000000 0000000A 0000C3B1 C0004600 00000019 C0011000
   501     15.801 wddm: umd ib +176 C0043700 40100500 00003000 00000001 00000000 00000000 C0027600 0000020C
   502     15.801 wddm: umd ib +184 01000400 00000000 C0027600 00000212 602C0000 0000008A C0017600 00000228
   503     15.801 wddm: umd ib +192 00000000 C0017600 00000215 01000000 C0037600 00000207 00000040 00000001
   504     15.801 wddm: umd ib +200 00000001 C0017600 00000242 00002000 C0027600 00000243 00100000 40400000
   505     15.801 wddm: umd ib +208 C0031502 00004000 00000001 00000001 00002045 C0055000 60200000 00040000
   506     15.801 wddm: umd ib +216 00000001 00040000 00000001 80000080 C0004600 00000407 C0065800 00000000
   507     15.801 wddm: umd ib +224 FFFFFFFF 01FFFFFF 00000000 00000000 0000000A 0000C030 C0001000 00000000
   508     15.801 wddm: shader 0x100040000 lo 01000400 hi 00000000 -> phys 0x27288A000 vram leaf 0x27288A071 dram 00000000 00000000 00000000 00000000
   509     15.801 gfx: VMID 1 root 0x46DFF3000 flush -> 0
   510     15.801 gfx: job frame C0004200 00000000  C0012800 81018003 00000000  C0009000 00000000  IB  C0009000 10000000  fence  C0008B00 00000000
   511     15.801 wddm: umd submit fence 28 ib 0x20006C000 928 bytes
   512     16.614 wddm: umd ib 0x20006C000 928 bytes -> phys 0x161EF0000 system leaf 0x161EF0073 dram C0012800 80000000 80000000 C0001200
   513     16.614 wddm: umd ib +32 C0017600 00000101 0000FFFF C0047600 000000B2 00000000 00000000 00000000
   514     16.614 wddm: umd ib +56 C0016900 0000000E 00000002 C0036900 0000001F 00150055 00000000 00000000
   515     16.614 wddm: umd ib +158 C0037600 00000204 00000000 00000000 00000000 C0065800 00000000 FFFFFFFF
   516     16.614 wddm: umd ib +166 01FFFFFF 00000000 00000000 0000000A 0000C3B1 C0004600 00000019 C0011000
   517     16.614 wddm: umd ib +176 C0043700 40100500 00003000 00000001 00000000 00000000 C0027600 0000020C
   518     16.614 wddm: umd ib +184 01000400 00000000 C0027600 00000212 602C0001 00000988 C0017600 00000228
   519     16.614 wddm: umd ib +192 00000000 C0017600 00000215 01000000 C0037600 00000207 00000008 00000008
   520     16.614 wddm: umd ib +200 00000001 C0017600 00000242 00002000 C0017600 00000243 00000100 C0031502
   521     16.614 wddm: umd ib +208 00000020 00000020 00000001 00002045 C0055000 60200000 00040000 00000001
   522     16.614 wddm: umd ib +216 00040000 00000001 800000C0 C0004600 00000407 C0065800 00000000 FFFFFFFF
   523     16.614 wddm: umd ib +224 01FFFFFF 00000000 00000000 0000000A 0000C030 C0011000 C0001000 00000000
   524     16.614 wddm: shader 0x100040000 lo 01000400 hi 00000000 -> phys 0x271D4A000 vram leaf 0x271D4A071 dram 00000000 00000000 00000000 00000000
   525     16.614 gfx: VMID 1 root 0x46DFF3000 flush -> 0
   526     16.614 gfx: job frame C0004200 00000000  C0012800 81018003 00000000  C0009000 00000000  IB  C0009000 10000000  fence  C0008B00 00000000
   527     16.614 wddm: umd submit fence 29 ib 0x20006C000 928 bytes
   528     16.616 wddm: umd ib 0x20006C000 928 bytes -> phys 0x161EF0000 system leaf 0x161EF0073 dram C0012800 80000000 80000000 C0001200
   529     16.616 wddm: umd ib +32 C0017600 00000101 0000FFFF C0047600 000000B2 00000000 00000000 00000000
   530     16.616 wddm: umd ib +56 C0016900 0000000E 00000002 C0036900 0000001F 00150055 00000000 00000000
   531     16.616 wddm: umd ib +158 C0037600 00000204 00000000 00000000 00000000 C0065800 00000000 FFFFFFFF
   532     16.616 wddm: umd ib +166 01FFFFFF 00000000 00000000 0000000A 0000C3B1 C0004600 00000019 C0011000
   533     16.616 wddm: umd ib +176 C0043700 40100500 00003000 00000001 00000000 00000000 C0027600 0000020C
   534     16.616 wddm: umd ib +184 01000400 00000000 C0027600 00000212 602C0001 00000988 C0017600 00000228
   535     16.616 wddm: umd ib +192 00000000 C0017600 00000215 01000000 C0037600 00000207 00000008 00000008
   536     16.616 wddm: umd ib +200 00000001 C0017600 00000242 00002000 C0017600 00000243 00000100 C0031502
   537     16.616 wddm: umd ib +208 00000020 00000020 00000001 00002045 C0055000 60200000 00040000 00000001
   538     16.616 wddm: umd ib +216 00040000 00000001 800000C0 C0004600 00000407 C0065800 00000000 FFFFFFFF
   539     16.616 wddm: umd ib +224 01FFFFFF 00000000 00000000 0000000A 0000C030 C0011000 C0001000 00000000
   540     16.616 wddm: shader 0x100040000 lo 01000400 hi 00000000 -> phys 0x271D4A000 vram leaf 0x271D4A071 dram 00000000 00000000 00000000 00000000
   541     16.616 gfx: VMID 1 root 0x46DFF3000 flush -> 0
   542     16.616 gfx: job frame C0004200 00000000  C0012800 81018003 00000000  C0009000 00000000  IB  C0009000 10000000  fence  C0008B00 00000000
   543     16.616 wddm: umd submit fence 30 ib 0x20006C000 928 bytes
   544     16.616 wddm: umd ib 0x20006C000 928 bytes -> phys 0x161EF0000 system leaf 0x161EF0073 dram C0012800 80000000 80000000 C0001200
   545     16.616 wddm: umd ib +32 C0017600 00000101 0000FFFF C0047600 000000B2 00000000 00000000 00000000
   546     16.616 wddm: umd ib +56 C0016900 0000000E 00000002 C0036900 0000001F 00150055 00000000 00000000
   547     16.616 wddm: umd ib +158 C0037600 00000204 00000000 00000000 00000000 C0065800 00000000 FFFFFFFF
   548     16.616 wddm: umd ib +166 01FFFFFF 00000000 00000000 0000000A 0000C3B1 C0004600 00000019 C0011000
   549     16.616 wddm: umd ib +176 C0043700 40100500 00003000 00000001 00000000 00000000 C0027600 0000020C
   550     16.616 wddm: umd ib +184 01000400 00000000 C0027600 00000212 602C0001 00000988 C0017600 00000228
   551     16.616 wddm: umd ib +192 00000000 C0017600 00000215 01000000 C0037600 00000207 00000008 00000008
   552     16.616 wddm: umd ib +200 00000001 C0017600 00000242 00002000 C0017600 00000243 00000100 C0031502
   553     16.616 wddm: umd ib +208 00000020 00000020 00000001 00002045 C0055000 60200000 00040000 00000001
   554     16.616 wddm: umd ib +216 00040000 00000001 800000C0 C0004600 00000407 C0065800 00000000 FFFFFFFF
   555     16.616 wddm: umd ib +224 01FFFFFF 00000000 00000000 0000000A 0000C030 C0011000 C0001000 00000000
   556     16.616 wddm: shader 0x100040000 lo 01000400 hi 00000000 -> phys 0x271D4A000 vram leaf 0x271D4A071 dram 00000000 00000000 00000000 00000000
   557     16.616 gfx: VMID 1 root 0x46DFF3000 flush -> 0
   558     16.616 gfx: job frame C0004200 00000000  C0012800 81018003 00000000  C0009000 00000000  IB  C0009000 10000000  fence  C0008B00 00000000
   559     16.616 wddm: umd submit fence 31 ib 0x20006C000 928 bytes
   560     17.362 wddm: present without valid software packet completed without GPU dispatch
   561     17.390 wddm: present without valid software packet completed without GPU dispatch
   562     17.408 wddm: present without valid software packet completed without GPU dispatch
   563     20.551 wddm: present without valid software packet completed without GPU dispatch
   564     20.575 wddm: present without valid software packet completed without GPU dispatch
   565     20.591 wddm: present without valid software packet completed without GPU dispatch
   566     21.966 wddm: umd ib 0x20006C000 928 bytes -> phys 0x161EF0000 system leaf 0x161EF0073 dram C0012800 80000000 80000000 C0001200
   567     21.966 wddm: umd ib +32 C0017600 00000101 0000FFFF C0047600 000000B2 00000000 00000000 00000000
   568     21.966 wddm: umd ib +56 C0016900 0000000E 00000002 C0036900 0000001F 00150055 00000000 00000000
   569     21.966 wddm: umd ib +158 C0037600 00000204 00000000 00000000 00000000 C0065800 00000000 FFFFFFFF
   570     21.966 wddm: umd ib +166 01FFFFFF 00000000 00000000 0000000A 0000C3B1 C0004600 00000019 C0011000
   571     21.966 wddm: umd ib +176 C0043700 40100500 00003000 00000001 00000000 00000000 C0027600 0000020C
   572     21.966 wddm: umd ib +184 01000400 00000000 C0027600 00000212 402C0005 00008988 C0017600 00000228
   573     21.966 wddm: umd ib +192 00000000 C0017600 00000215 01000000 C0037600 00000207 00000008 00000008
   574     21.966 wddm: umd ib +200 00000001 C0017600 00000242 00002000 C0017600 00000243 00000100 C0031502
   575     21.966 wddm: umd ib +208 00000020 00000020 00000001 00002045 C0055000 60200000 00040000 00000001
   576     21.966 wddm: umd ib +216 00040000 00000001 80000160 C0004600 00000407 C0065800 00000000 FFFFFFFF
   577     21.966 wddm: umd ib +224 01FFFFFF 00000000 00000000 0000000A 0000C030 C0011000 C0001000 00000000
   578     21.966 wddm: shader 0x100040000 lo 01000400 hi 00000000 -> phys 0x271D4A000 vram leaf 0x271D4A071 dram 00000000 00000000 00000000 00000000
   579     21.966 gfx: VMID 1 root 0x46DFF3000 flush -> 0
   580     21.966 gfx: job frame C0004200 00000000  C0012800 81018003 00000000  C0009000 00000000  IB  C0009000 10000000  fence  C0008B00 00000000
   581     21.966 wddm: umd submit fence 38 ib 0x20006C000 928 bytes
   582     21.966 wddm: umd ib 0x20006C000 928 bytes -> phys 0x161EF0000 system leaf 0x161EF0073 dram C0012800 80000000 80000000 C0001200
   583     21.966 wddm: umd ib +32 C0017600 00000101 0000FFFF C0047600 000000B2 00000000 00000000 00000000
   584     21.966 wddm: umd ib +56 C0016900 0000000E 00000002 C0036900 0000001F 00150055 00000000 00000000
   585     21.966 wddm: umd ib +158 C0037600 00000204 00000000 00000000 00000000 C0065800 00000000 FFFFFFFF
   586     21.966 wddm: umd ib +166 01FFFFFF 00000000 00000000 0000000A 0000C3B1 C0004600 00000019 C0011000
   587     21.966 wddm: umd ib +176 C0043700 40100500 00003000 00000001 00000000 00000000 C0027600 0000020C
   588     21.966 wddm: umd ib +184 01000400 00000000 C0027600 00000212 402C0005 00008988 C0017600 00000228
   589     21.966 wddm: umd ib +192 00000000 C0017600 00000215 01000000 C0037600 00000207 00000008 00000008
   590     21.966 wddm: umd ib +200 00000001 C0017600 00000242 00002000 C0017600 00000243 00000100 C0031502
   591     21.966 wddm: umd ib +208 00000020 00000020 00000001 00002045 C0055000 60200000 00040000 00000001
   592     21.966 wddm: umd ib +216 00040000 00000001 80000160 C0004600 00000407 C0065800 00000000 FFFFFFFF
   593     21.966 wddm: umd ib +224 01FFFFFF 00000000 00000000 0000000A 0000C030 C0011000 C0001000 00000000
   594     21.966 wddm: shader 0x100040000 lo 01000400 hi 00000000 -> phys 0x271D4A000 vram leaf 0x271D4A071 dram 00000000 00000000 00000000 00000000
   595     21.966 gfx: VMID 1 root 0x46DFF3000 flush -> 0
   596     21.966 gfx: job frame C0004200 00000000  C0012800 81018003 00000000  C0009000 00000000  IB  C0009000 10000000  fence  C0008B00 00000000
   597     21.966 wddm: umd submit fence 39 ib 0x20006C000 928 bytes
   598     21.966 wddm: umd ib 0x20006C000 928 bytes -> phys 0x161EF0000 system leaf 0x161EF0073 dram C0012800 80000000 80000000 C0001200
   599     21.966 wddm: umd ib +32 C0017600 00000101 0000FFFF C0047600 000000B2 00000000 00000000 00000000
   600     21.966 wddm: umd ib +56 C0016900 0000000E 00000002 C0036900 0000001F 00150055 00000000 00000000
   601     21.966 wddm: umd ib +158 C0037600 00000204 00000000 00000000 00000000 C0065800 00000000 FFFFFFFF
   602     21.966 wddm: umd ib +166 01FFFFFF 00000000 00000000 0000000A 0000C3B1 C0004600 00000019 C0011000
   603     21.966 wddm: umd ib +176 C0043700 40100500 00003000 00000001 00000000 00000000 C0027600 0000020C
   604     21.966 wddm: umd ib +184 01000400 00000000 C0027600 00000212 402C0005 00008988 C0017600 00000228
   605     21.966 wddm: umd ib +192 00000000 C0017600 00000215 01000000 C0037600 00000207 00000008 00000008
   606     21.966 wddm: umd ib +200 00000001 C0017600 00000242 00002000 C0017600 00000243 00000100 C0031502
   607     21.966 wddm: umd ib +208 00000020 00000020 00000001 00002045 C0055000 60200000 00040000 00000001
   608     21.966 wddm: umd ib +216 00040000 00000001 80000160 C0004600 00000407 C0065800 00000000 FFFFFFFF
   609     21.966 wddm: umd ib +224 01FFFFFF 00000000 00000000 0000000A 0000C030 C0011000 C0001000 00000000
   610     21.966 wddm: shader 0x100040000 lo 01000400 hi 00000000 -> phys 0x271D4A000 vram leaf 0x271D4A071 dram 00000000 00000000 00000000 00000000
   611     21.966 gfx: VMID 1 root 0x46DFF3000 flush -> 0
   612     21.966 gfx: job frame C0004200 00000000  C0012800 81018003 00000000  C0009000 00000000  IB  C0009000 10000000  fence  C0008B00 00000000
   613     21.966 wddm: umd submit fence 40 ib 0x20006C000 928 bytes
   614     23.448 wddm: present without valid software packet completed without GPU dispatch
   615     23.474 wddm: present without valid software packet completed without GPU dispatch
   616     23.492 wddm: present without valid software packet completed without GPU dispatch
   617     26.352 wddm: present without valid software packet completed without GPU dispatch
   618     26.374 wddm: present without valid software packet completed without GPU dispatch
   619     26.390 wddm: present without valid software packet completed without GPU dispatch
   620     27.321 wddm: umd ib 0x20006C000 1120 bytes -> phys 0x161EF0000 system leaf 0x161EF0073 dram C0012800 80000000 80000000 C0001200
   621     27.321 wddm: umd ib +32 C0017600 00000101 0000FFFF C0047600 000000B2 00000000 00000000 00000000
   622     27.321 wddm: umd ib +56 C0016900 0000000E 00000002 C0036900 0000001F 00150055 00000000 00000000
   623     27.321 wddm: umd ib +158 C0037600 00000204 00000000 00000000 00000000 C0065800 00000000 FFFFFFFF
   624     27.321 wddm: umd ib +166 01FFFFFF 00000000 00000000 0000000A 0000C3B1 C0004600 00000019 C0011000
   625     27.321 wddm: umd ib +176 C0043700 40100500 00003000 00000001 00000000 00000000 C0027600 0000020C
   626     27.321 wddm: umd ib +184 01000400 00000000 C0027600 00000212 602C0002 0000008C C0017600 00000228
   627     27.321 wddm: umd ib +192 00000000 C0017600 00000215 01000000 C0037600 00000207 00000040 00000001
   628     27.321 wddm: umd ib +200 00000001 C0017600 00000242 00002000 C0037600 00000243 00000400 00000040
   629     27.321 wddm: umd ib +208 00000080 C0031502 00000800 00000001 00000001 00002045 C0055000 60200000
   630     27.321 wddm: umd ib +216 00040000 00000001 00040000 00000001 80000140 C0027600 0000020C 01000402
   631     27.321 wddm: umd ib +224 00000000 C0027600 00000212 602C0001 0000008C C0017600 00000228 00000000
   632     27.321 wddm: umd ib +232 C0017600 00000215 01000000 C0037600 00000207 00000040 00000001 00000001
   633     27.321 wddm: shader 0x100040000 lo 01000400 hi 00000000 -> phys 0x271D8A000 vram leaf 0x271D8A071 dram 00000000 00000000 00000000 00000000
   634     27.321 gfx: VMID 1 root 0x46DFF3000 flush -> 0
   635     27.321 gfx: job frame C0004200 00000000  C0012800 81018003 00000000  C0009000 00000000  IB  C0009000 10000000  fence  C0008B00 00000000
   636     27.321 wddm: umd submit fence 47 ib 0x20006C000 1120 bytes
   637     27.321 wddm: umd ib 0x20006C000 1120 bytes -> phys 0x161EF0000 system leaf 0x161EF0073 dram C0012800 80000000 80000000 C0001200
   638     27.321 wddm: umd ib +32 C0017600 00000101 0000FFFF C0047600 000000B2 00000000 00000000 00000000
   639     27.321 wddm: umd ib +56 C0016900 0000000E 00000002 C0036900 0000001F 00150055 00000000 00000000
   640     27.321 wddm: umd ib +158 C0037600 00000204 00000000 00000000 00000000 C0065800 00000000 FFFFFFFF
   641     27.321 wddm: umd ib +166 01FFFFFF 00000000 00000000 0000000A 0000C3B1 C0004600 00000019 C0011000
   642     27.321 wddm: umd ib +176 C0043700 40100500 00003000 00000001 00000000 00000000 C0027600 0000020C
   643     27.321 wddm: umd ib +184 01000400 00000000 C0027600 00000212 602C0002 0000008C C0017600 00000228
   644     27.321 wddm: umd ib +192 00000000 C0017600 00000215 01000000 C0037600 00000207 00000040 00000001
   645     27.321 wddm: umd ib +200 00000001 C0017600 00000242 00002000 C0037600 00000243 00000400 00000040
   646     27.321 wddm: umd ib +208 00000080 C0031502 00000800 00000001 00000001 00002045 C0055000 60200000
   647     27.321 wddm: umd ib +216 00040000 00000001 00040000 00000001 80000140 C0027600 0000020C 01000402
   648     27.321 wddm: umd ib +224 00000000 C0027600 00000212 602C0001 0000008C C0017600 00000228 00000000
   649     27.321 wddm: umd ib +232 C0017600 00000215 01000000 C0037600 00000207 00000040 00000001 00000001
   650     27.321 wddm: shader 0x100040000 lo 01000400 hi 00000000 -> phys 0x271D8A000 vram leaf 0x271D8A071 dram 00000000 00000000 00000000 00000000
   651     27.321 gfx: VMID 1 root 0x46DFF3000 flush -> 0
   652     27.321 gfx: job frame C0004200 00000000  C0012800 81018003 00000000  C0009000 00000000  IB  C0009000 10000000  fence  C0008B00 00000000
   653     27.321 wddm: umd submit fence 48 ib 0x20006C000 1120 bytes
   654     27.323 wddm: umd ib 0x20006C000 1120 bytes -> phys 0x161EF0000 system leaf 0x161EF0073 dram C0012800 80000000 80000000 C0001200
   655     27.323 wddm: umd ib +32 C0017600 00000101 0000FFFF C0047600 000000B2 00000000 00000000 00000000
   656     27.323 wddm: umd ib +56 C0016900 0000000E 00000002 C0036900 0000001F 00150055 00000000 00000000
   657     27.323 wddm: umd ib +158 C0037600 00000204 00000000 00000000 00000000 C0065800 00000000 FFFFFFFF
   658     27.323 wddm: umd ib +166 01FFFFFF 00000000 00000000 0000000A 0000C3B1 C0004600 00000019 C0011000
   659     27.323 wddm: umd ib +176 C0043700 40100500 00003000 00000001 00000000 00000000 C0027600 0000020C
   660     27.323 wddm: umd ib +184 01000400 00000000 C0027600 00000212 602C0002 0000008C C0017600 00000228
   661     27.323 wddm: umd ib +192 00000000 C0017600 00000215 01000000 C0037600 00000207 00000040 00000001
   662     27.323 wddm: umd ib +200 00000001 C0017600 00000242 00002000 C0037600 00000243 00000400 00000040
   663     27.323 wddm: umd ib +208 00000080 C0031502 00000800 00000001 00000001 00002045 C0055000 60200000
   664     27.323 wddm: umd ib +216 00040000 00000001 00040000 00000001 80000140 C0027600 0000020C 01000402
   665     27.323 wddm: umd ib +224 00000000 C0027600 00000212 602C0001 0000008C C0017600 00000228 00000000
   666     27.323 wddm: umd ib +232 C0017600 00000215 01000000 C0037600 00000207 00000040 00000001 00000001
   667     27.323 wddm: shader 0x100040000 lo 01000400 hi 00000000 -> phys 0x271D8A000 vram leaf 0x271D8A071 dram 00000000 00000000 00000000 00000000
   668     27.323 gfx: VMID 1 root 0x46DFF3000 flush -> 0
   669     27.323 gfx: job frame C0004200 00000000  C0012800 81018003 00000000  C0009000 00000000  IB  C0009000 10000000  fence  C0008B00 00000000
   670     27.323 wddm: umd submit fence 49 ib 0x20006C000 1120 bytes
   671     29.045 wddm: present without valid software packet completed without GPU dispatch
   672     29.075 wddm: present without valid software packet completed without GPU dispatch
   673     29.091 wddm: present without valid software packet completed without GPU dispatch
   674     30.256 wddm: umd ib 0x20006C000 1120 bytes -> phys 0x161EF0000 system leaf 0x161EF0073 dram C0012800 80000000 80000000 C0001200
   675     30.256 wddm: umd ib +32 C0017600 00000101 0000FFFF C0047600 000000B2 00000000 00000000 00000000
   676     30.256 wddm: umd ib +56 C0016900 0000000E 00000002 C0036900 0000001F 00150055 00000000 00000000
   677     30.256 wddm: umd ib +158 C0037600 00000204 00000000 00000000 00000000 C0065800 00000000 FFFFFFFF
   678     30.256 wddm: umd ib +166 01FFFFFF 00000000 00000000 0000000A 0000C3B1 C0004600 00000019 C0011000
   679     30.256 wddm: umd ib +176 C0043700 40100500 00003000 00000001 00000000 00000000 C0027600 0000020C
   680     30.256 wddm: umd ib +184 01000400 00000000 C0027600 00000212 402C0000 0000808A C0017600 00000228
   681     30.256 wddm: umd ib +192 00000000 C0017600 00000215 01000000 C0037600 00000207 00000040 00000001
   682     30.256 wddm: umd ib +200 00000001 C0017600 00000242 00002000 C0027600 00000243 00100000 00000400
   683     30.256 wddm: umd ib +208 C0031502 00000400 00000001 00000001 00002045 C0055000 60200000 00040000
   684     30.256 wddm: umd ib +216 00000001 00040000 00000001 800001A0 C0027600 0000020C 01000403 00000000
   685     30.256 wddm: umd ib +224 C0027600 00000212 402C0000 00008008 C0017600 00000228 00000000 C0017600
   686     30.256 wddm: umd ib +232 00000215 01000000 C0037600 00000207 00000040 00000001 00000001 C0017600
   687     30.256 wddm: shader 0x100040000 lo 01000400 hi 00000000 -> phys 0x27208A000 vram leaf 0x27208A071 dram 00000000 00000000 00000000 00000000
   688     30.256 gfx: VMID 1 root 0x46DFF3000 flush -> 0
   689     30.256 gfx: job frame C0004200 00000000  C0012800 81018003 00000000  C0009000 00000000  IB  C0009000 10000000  fence  C0008B00 00000000
   690     30.256 wddm: umd submit fence 53 ib 0x20006C000 1120 bytes
   691     30.256 wddm: umd ib 0x20006C000 1120 bytes -> phys 0x161EF0000 system leaf 0x161EF0073 dram C0012800 80000000 80000000 C0001200
   692     30.256 wddm: umd ib +32 C0017600 00000101 0000FFFF C0047600 000000B2 00000000 00000000 00000000
   693     30.256 wddm: umd ib +56 C0016900 0000000E 00000002 C0036900 0000001F 00150055 00000000 00000000
   694     30.256 wddm: umd ib +158 C0037600 00000204 00000000 00000000 00000000 C0065800 00000000 FFFFFFFF
   695     30.256 wddm: umd ib +166 01FFFFFF 00000000 00000000 0000000A 0000C3B1 C0004600 00000019 C0011000
   696     30.256 wddm: umd ib +176 C0043700 40100500 00003000 00000001 00000000 00000000 C0027600 0000020C
   697     30.256 wddm: umd ib +184 01000400 00000000 C0027600 00000212 402C0000 0000808A C0017600 00000228
   698     30.256 wddm: umd ib +192 00000000 C0017600 00000215 01000000 C0037600 00000207 00000040 00000001
   699     30.256 wddm: umd ib +200 00000001 C0017600 00000242 00002000 C0027600 00000243 00100000 00000400
   700     30.256 wddm: umd ib +208 C0031502 00000400 00000001 00000001 00002045 C0055000 60200000 00040000
   701     30.256 wddm: umd ib +216 00000001 00040000 00000001 800001A0 C0027600 0000020C 01000403 00000000
   702     30.256 wddm: umd ib +224 C0027600 00000212 402C0000 00008008 C0017600 00000228 00000000 C0017600
   703     30.256 wddm: umd ib +232 00000215 01000000 C0037600 00000207 00000040 00000001 00000001 C0017600
   704     30.256 wddm: shader 0x100040000 lo 01000400 hi 00000000 -> phys 0x27208A000 vram leaf 0x27208A071 dram 00000000 00000000 00000000 00000000
   705     30.256 gfx: VMID 1 root 0x46DFF3000 flush -> 0
   706     30.256 gfx: job frame C0004200 00000000  C0012800 81018003 00000000  C0009000 00000000  IB  C0009000 10000000  fence  C0008B00 00000000
   707     30.256 wddm: umd submit fence 54 ib 0x20006C000 1120 bytes
   708     30.256 wddm: umd ib 0x20006C000 1120 bytes -> phys 0x161EF0000 system leaf 0x161EF0073 dram C0012800 80000000 80000000 C0001200
   709     30.256 wddm: umd ib +32 C0017600 00000101 0000FFFF C0047600 000000B2 00000000 00000000 00000000
   710     30.256 wddm: umd ib +56 C0016900 0000000E 00000002 C0036900 0000001F 00150055 00000000 00000000
   711     30.256 wddm: umd ib +158 C0037600 00000204 00000000 00000000 00000000 C0065800 00000000 FFFFFFFF
   712     30.256 wddm: umd ib +166 01FFFFFF 00000000 00000000 0000000A 0000C3B1 C0004600 00000019 C0011000
   713     30.256 wddm: umd ib +176 C0043700 40100500 00003000 00000001 00000000 00000000 C0027600 0000020C
   714     30.256 wddm: umd ib +184 01000400 00000000 C0027600 00000212 402C0000 0000808A C0017600 00000228
   715     30.256 wddm: umd ib +192 00000000 C0017600 00000215 01000000 C0037600 00000207 00000040 00000001
   716     30.256 wddm: umd ib +200 00000001 C0017600 00000242 00002000 C0027600 00000243 00100000 00000400
   717     30.256 wddm: umd ib +208 C0031502 00000400 00000001 00000001 00002045 C0055000 60200000 00040000
   718     30.256 wddm: umd ib +216 00000001 00040000 00000001 800001A0 C0027600 0000020C 01000403 00000000
   719     30.256 wddm: umd ib +224 C0027600 00000212 402C0000 00008008 C0017600 00000228 00000000 C0017600
   720     30.256 wddm: umd ib +232 00000215 01000000 C0037600 00000207 00000040 00000001 00000001 C0017600
   721     30.256 wddm: shader 0x100040000 lo 01000400 hi 00000000 -> phys 0x27208A000 vram leaf 0x27208A071 dram 00000000 00000000 00000000 00000000
   722     30.256 gfx: VMID 1 root 0x46DFF3000 flush -> 0
   723     30.256 gfx: job frame C0004200 00000000  C0012800 81018003 00000000  C0009000 00000000  IB  C0009000 10000000  fence  C0008B00 00000000
   724     30.256 wddm: umd submit fence 55 ib 0x20006C000 1120 bytes
   725     30.304 wddm: DestroyContext
   726     30.304 wddm: DestroyDevice
   727     30.306 wddm: DestroyProcess
   728     32.099 wddm: present without valid software packet completed without GPU dispatch
   729     32.125 wddm: present without valid software packet completed without GPU dispatch
   730     32.141 wddm: present without valid software packet completed without GPU dispatch
   731     34.025 ih: op 3 -> 0x00000000, result 0, 0 writes; 25 interrupt routine calls, 25 ours, 435 DPCs, 25 vectors; status idle 1 input_idle 1 bif_interrupt_line 0
   732     35.000 wddm: present without valid software packet completed without GPU dispatch
   733     35.024 wddm: present without valid software packet completed without GPU dispatch
   734     35.032 wddm: software vsync off after 2181 ticks
   735     35.032 wddm: display SetVidPnSourceVisibility call 2 detail 0x0 -> 0x00000000
   736     35.032 wddm: BuildPagingBuffer operation 2 segment 0, 65536 bytes free, pass offset 0
   737     35.032 wddm: display SetVidPnSourceVisibility call 3 detail 0x0 -> 0x00000000
   738     35.044 wddm: DestroyContext
   739     35.044 wddm: DestroyDevice
   740     35.044 wddm: DestroyProcess
   741     35.056 wddm: DestroyContext
   742     35.056 wddm: DestroyDevice
   743     35.056 wddm: DestroyDevice
   744     35.056 wddm: DestroyProcess
   745     35.060 stage 70
   746     35.060 wddm summary: ---- DDI calls: name, count, first log line ----
   747     35.060 wddm summary: QueryAdapterInfo                   13  first at 26
   748     35.060 wddm summary: GetNodeMetadata                     1  first at 34
   749     35.060 wddm summary: CreateDevice                        4  first at 40
   750     35.060 wddm summary: DestroyDevice                       4  first at 726
   751     35.060 wddm summary: CreateContext                       3  first at 42
   752     35.060 wddm summary: DestroyContext                      3  first at 725
   753     35.060 wddm summary: CreateProcess                       3  first at 39
   754     35.060 wddm summary: DestroyProcess                      3  first at 727
   755     35.060 wddm summary: SetRootPageTable                    3  first at 65
   756     35.060 wddm summary: CreateAllocation                   48  first at 105
   757     35.060 wddm summary: DestroyAllocation                  93  first at 337
   758     35.060 wddm summary: DescribeAllocation                  3  first at 113
   759     35.060 wddm summary: GetStandardAllocationDriverData      4  first at 103
   760     35.060 wddm summary: OpenAllocation                     48  first at 107
   761     35.060 wddm summary: CloseAllocation                    48  first at 336
   762     35.060 wddm summary: BuildPagingBuffer                2125  first at 44
   763     35.060 wddm summary: SubmitCommandVirtual               60  first at 143
   764     35.060 wddm summary: Present                            36  first at 135
   765     35.060 wddm summary: SetVidPnSourceAddress               1  first at 123
   766     35.060 wddm summary: ControlInterrupt                  878  first at 127
   767     35.060 wddm summary: ---- QueryAdapterInfo types: type, count, first log line ----
   768     35.060 wddm summary: adapter info type   1       1  first at 26
   769     35.060 wddm summary: adapter info type  15       1  first at 27
   770     35.060 wddm summary: adapter info type  47       1  first at 28
   771     35.060 wddm summary: adapter info type  13       1  first at 29
   772     35.060 wddm summary: adapter info type  14       4  first at 30
   773     35.060 wddm summary: adapter info type  11       2  first at 36
   774     35.060 wddm summary: adapter info type  10       1  first at 38
   775     35.060 wddm summary: adapter info type  16       1  first at 38
   776     35.060 wddm summary: adapter info type   0       1  first at 243
   777     35.060 wddm summary: ---- BuildPagingBuffer operations: operation, count, first log line ----
   778     35.060 wddm summary: paging operation  11    1653  first at 44
   779     35.060 wddm summary: paging operation  12     389  first at 98
   780     35.060 wddm summary: paging operation   9      42  first at 111
   781     35.060 wddm summary: paging operation   8      40  first at 335
   782     35.060 wddm summary: paging operation   2       1  first at 736
   783     35.060 wddm summary: objects created/destroyed: dev 4/4 ctx 3/3 proc 3/3 alloc 48/93, 0 alive
   784     35.060 wddm summary: allocations opened/closed: 48/48 calls
   785     35.060 wddm summary: submissions 0 physical + 60 virtual, 0 preemptions, last completed fence 60
   786     35.060 wddm summary: node 0 hardware: 24 submitted, 24 completed, 0 timeouts, 0 refused
   787     35.060 wddm summary: umd: 46 allocs (0 refused), 1 contexts, 24 submits on the ring, 0 not run
   788     35.060 wddm summary: node 1 (paging, closed): 0 hardware submitted, 0 completed, 0 timeouts, 0 refused
   789     35.060 wddm summary: SubmitCommandVirtual by node: 0: 60, 1: 0 (0 named no buffer, 0 clamped), shadow holds buffer 0x0 to 0x0
   790     35.060 wddm summary: paging buffer switches with packets still live: 0 (0 means one buffer at a time, which is what the single shadow assumes)
   791     35.060 wddm summary: BuildPagingBuffer: 0 transfers, 0 fills, 0 bytes, 0 insufficient-buffer, unsupported (not ready/no root/no translation/system memory/not contiguo
   792     35.060 wddm summary: presents 36, flips 1 of 1 address calls (0 arrived above DISPATCH_LEVEL)
   793     35.060 wddm summary: blit gate closed, 0 blits, 0 skips, 0 sources translated contiguous
   794     35.060 wddm summary: blit destination: 0 to the flipped surface, 0 to the POST framebuffer (0 a failed-mapping fallback), 0 scanout remaps (0 failed), last blit 0 row
   795     35.060 wddm summary: widest blit 0 rows
   796     35.060 wddm summary: last blit reading 0, 0x0 pitch 0, 0 rectangles, source physical 0x0
   797     35.060 wddm summary: vsync not enabled by ControlInterrupt, 2181 ticks, 439 reported to dxgkrnl
   798     35.060 wddm summary: vidpn flip closed: 0 hardware flips, 0 refused, 0 hardware vsyncs armed 0 acked 0 refused 0 deferred (flip still pending)
   799     35.060 wddm summary: no TDR (ResetEngine, ResetFromTimeout and RestartFromTimeout were never called)
   800     35.060 wddm summary: CollectDbgInfo called 0 time(s) since the driver was loaded
   801     35.060 wddm: stop, last completed fence 60, 2181 vsync ticks, 0 objects freed at the stop
   802     35.064 ih: IH_RB_CNTL 0x403101A0
   803     35.064 gfx: CP_ME_CNTL 0x15000000, CP_MEC_CNTL 0x50000000, SDMA0/1_F32_CNTL 0x1 0x1
   804     35.064 amdgpu[0]: free PSP TMR buffer

   805     35.088 psp: unload: destroy TMR 0, ring stop 0
   806     35.088 gart: firmware state restored at stop (282 writes)
   807     35.088 stage 79
