smu GetGfxFrequency  msg=0x37 param=0 (0x0) ... response=0x01 value=1000 (0x000003E8)
smu GetGfxVid        msg=0x38 param=0 (0x0) ... response=0x01 value=116 (0x00000074)
clock verified: 1000 MHz, VID 116 (request 820 mV)
icd_hash=EA70D44045BF77867C9BE50EFB311E7CE7C83D01F4B527FB190E5BC8BD3F8306
17:00:42 Tctl 71.1 C (raw 783B0FEF)
17:00:45 Tctl 71.2 C (raw 785B0FEF)
17:00:48 Tctl 71.2 C (raw 785B0FEF)
17:00:50 Tctl 71.2 C (raw 785B0FEF)
17:00:53 Tctl 71.2 C (raw 785B0FEF)
17:00:56 Tctl 71.8 C (raw 78DB0FEF)
17:00:59 Tctl 72.0 C (raw 791B0FEF)
17:01:01 Tctl 72.1 C (raw 793B0FEF)
17:01:04 Tctl 71.9 C (raw 78FB0FEF)
17:01:07 Tctl 71.6 C (raw 78BB0FEF)
17:01:09 Tctl 71.8 C (raw 78DB0FEF)
17:01:12 Tctl 71.5 C (raw 789B0FEF)
17:01:15 Tctl 71.2 C (raw 785B0FEF)
17:01:18 Tctl 71.6 C (raw 78BB0FEF)
17:01:21 Tctl 71.5 C (raw 789B0FEF)
17:01:23 Tctl 71.6 C (raw 78BB0FEF)
task_state=Ready
type3-positive exit=0
coherency14  n=1048576   hash=0xa0ec13d31b42c2c7 cpu_hash=0xa0ec13d31b42c2c7 match=yes t_submit_to_idle_us=    250.3 first_words=c9219a65 00f8dc57 6f829795 0738eb55 c85f0eac cc2b9e88 eb42bd9e 04deb785
coherency15  n=1048576   hash=0x5a47aa502a94f091 cpu_hash=0x5a47aa502a94f091 match=yes t_submit_to_idle_us=    202.6 first_words=6cca2d08 aed48eee b5bc5ca8 0ee99516 c459a477 1352c024 73c961d6 a9feedfe
COHERENCY completed=16 mismatches=0
type3-evict exit=0
eviction_witnesses=3 restored=3 expected=3
coherency14  n=1048576   hash=0xa0ec13d31b42c2c7 cpu_hash=0xa0ec13d31b42c2c7 match=yes t_submit_to_idle_us=    221.5 first_words=c9219a65 00f8dc57 6f829795 0738eb55 c85f0eac cc2b9e88 eb42bd9e 04deb785
coherency15  n=1048576   hash=0x5a47aa502a94f091 cpu_hash=0x5a47aa502a94f091 match=yes t_submit_to_idle_us=    189.9 first_words=6cca2d08 aed48eee b5bc5ca8 0ee99516 c459a477 1352c024 73c961d6 a9feedfe
COHERENCY completed=16 mismatches=0
type3-stale exit=1
eviction_witnesses=1 restored=1 expected=1
EVICT_INPUT round=1 bytes=4194304
coherency01  n=1048576   hash=0x6747a9c9b5e067b5 cpu_hash=0xd7bd083bb8a604c8 match=NO  t_submit_to_idle_us=    192.2 first_words=5fb15569 0b00df29 a2447212 f5ec0d37 0d4d4e07 3bce3dcd 5056c8e9 16bd9080
COHERENCY completed=1 mismatches=1
memory_types_run_complete
