NODE 0 embd GET_ROWS
PROBE 0 src0 token_embd.weight ne=64,512,1,1 data=00000209B50F3760 buffer=00000209B2E49270 sum=-752.367744664 first= -0.294748783 0.561895609 0.175422534 0.340573609 -0.114460669 0.231318146 0.009594067 0.0254586115
PROBE 0 dst embd ne=64,5,1,1 data=00000209B39A5000 buffer=00000209B2E49A70 sum=-3.35405444878 first= -0.127085686 -0.524080694 0.606289506 -0.271661311 -0.212716073 -0.0188860185 -0.167196438 0.251019329
NODE 1 norm-0 RMS_NORM
PROBE 1 src0 Vulkan0#embd#0 ne=64,5,1,1 data=0000000000001000 buffer=00000209B2E490F0 sum=-3.35405444878 first= -0.127085686 -0.524080694 0.606289506 -0.271661311 -0.212716073 -0.0188860185 -0.167196438 0.251019329
PROBE 1 dst norm-0 ne=64,5,1,1 data=0000000000224000 buffer=00000209B2E490F0 sum=-4.80620364333 first= -0.451917857 -1.86363566 2.15597105 -0.966030061 -0.756420255 -0.0671588555 -0.59455204 0.892627001
NODE 2 attn_norm-0 MUL
PROBE 2 src0 norm-0 ne=64,5,1,1 data=0000000000224000 buffer=00000209B2E490F0 sum=-4.68518983258 first= -0.43937394 -1.25887346 1.76858521 -0.841981828 -0.775973141 -0.110518843 -0.977594197 1.07724559
PROBE 2 src1 blk.0.attn_norm.weight ne=64,1,1,1 data=0000000000021100 buffer=00000209B2E48A70 sum=70.2688612938 first= 0.972242951 0.67549336 0.820319533 0.871589661 1.02584922 1.64563322 1.64425337 1.20682609
PROBE 2 dst attn_norm-0 ne=64,5,1,1 data=0000000000224000 buffer=00000209B2E490F0 sum=-4.68518983258 first= -0.43937394 -1.25887346 1.76858521 -0.841981828 -0.775973141 -0.110518843 -0.977594197 1.07724559
NODE 3 Qcur-0 MUL_MAT
PROBE 3 src0 blk.0.attn_q.weight ne=64,64,1,1 data=0000000000021200 buffer=00000209B2E48A70 sum=-23.8278229087 first= 0.0443927869 0.0797477067 -0.00892534666 0.0198952276 0.0261523053 -0.0392007343 0.0363316871 -0.00846784469
PROBE 3 src1 attn_norm-0 ne=64,5,1,1 data=0000000000224000 buffer=00000209B2E490F0 sum=-4.68518983258 first= -0.43937394 -1.25887346 1.76858521 -0.841981828 -0.775973141 -0.110518843 -0.977594197 1.07724559
PROBE 3 dst Qcur-0 ne=64,5,1,1 data=0000000000244000 buffer=00000209B2E490F0 sum=135.216000974 first= -0.864275634 0.0139077902 1.80502236 -0.272810519 1.84760392 -1.85972011 -0.704035044 3.22218847
NODE 4 Vcur-0 MUL_MAT
PROBE 4 src0 blk.0.attn_v.weight ne=64,32,1,1 data=0000000000027200 buffer=00000209B2E48A70 sum=-0.0241332765786 first= 0.0911254361 0.0370284133 -0.0827622712 0.0222484209 -0.00882370118 0.00160798815 -0.0255162101 -0.00345391151
PROBE 4 src1 attn_norm-0 ne=64,5,1,1 data=0000000000224000 buffer=00000209B2E490F0 sum=-4.68518983258 first= -0.43937394 -1.25887346 1.76858521 -0.841981828 -0.775973141 -0.110518843 -0.977594197 1.07724559
PROBE 4 dst Vcur-0 ne=32,5,1,1 data=0000000000264000 buffer=00000209B2E490F0 sum=3.36550272163 first= -0.390297174 0.979493916 -0.525029778 0.0156779289 0.632983685 0.0134314448 -0.0596552938 -0.38174057
NODE 5 Kcur-0 MUL_MAT
PROBE 5 src0 blk.0.attn_k.weight ne=64,32,1,1 data=0000000000025200 buffer=00000209B2E48A70 sum=-16.5086454312 first= 0.216130108 0.184071079 -0.216989294 0.0602757931 0.0602771901 -0.0281536728 -0.0506678075 -0.00202189409
PROBE 5 src1 attn_norm-0 ne=64,5,1,1 data=0000000000224000 buffer=00000209B2E490F0 sum=-4.68518983258 first= -0.43937394 -1.25887346 1.76858521 -0.841981828 -0.775973141 -0.110518843 -0.977594197 1.07724559
PROBE 5 dst Kcur-0 ne=32,5,1,1 data=0000000000274000 buffer=00000209B2E490F0 sum=-31.4603367746 first= -0.306714058 -0.731556416 0.564422905 -0.881394565 -1.58613372 -4.40028477 8.63796139 0.404478461
NODE 6 Qcur-0 RESHAPE
PROBE 6 src0 Qcur-0 ne=64,5,1,1 data=0000000000244000 buffer=00000209B2E490F0 sum=135.216000974 first= -0.864275634 0.0139077902 1.80502236 -0.272810519 1.84760392 -1.85972011 -0.704035044 3.22218847
PROBE 6 dst Qcur-0 ne=8,8,5,1 data=0000000000244000 buffer=00000209B2E490F0 sum=135.216000974 first= -0.864275634 0.0139077902 1.80502236 -0.272810519 1.84760392 -1.85972011 -0.704035044 3.22218847
NODE 7 Vcur-0 RESHAPE
PROBE 7 src0 Vcur-0 ne=32,5,1,1 data=0000000000264000 buffer=00000209B2E490F0 sum=3.36550272163 first= -0.390297174 0.979493916 -0.525029778 0.0156779289 0.632983685 0.0134314448 -0.0596552938 -0.38174057
PROBE 7 dst Vcur-0 ne=8,4,5,1 data=0000000000264000 buffer=00000209B2E490F0 sum=3.36550272163 first= -0.390297174 0.979493916 -0.525029778 0.0156779289 0.632983685 0.0134314448 -0.0596552938 -0.38174057
NODE 8 Kcur-0 RESHAPE
PROBE 8 src0 Kcur-0 ne=32,5,1,1 data=0000000000274000 buffer=00000209B2E490F0 sum=-31.4603367746 first= -0.306714058 -0.731556416 0.564422905 -0.881394565 -1.58613372 -4.40028477 8.63796139 0.404478461
PROBE 8 dst Kcur-0 ne=8,4,5,1 data=0000000000274000 buffer=00000209B2E490F0 sum=-31.4603367746 first= -0.306714058 -0.731556416 0.564422905 -0.881394565 -1.58613372 -4.40028477 8.63796139 0.404478461
NODE 9 Vcur-0 (view) VIEW
PROBE 9 src0 Vcur-0 ne=8,4,5,1 data=0000000000264000 buffer=00000209B2E490F0 sum=3.36550272163 first= -0.390297174 0.979493916 -0.525029778 0.0156779289 0.632983685 0.0134314448 -0.0596552938 -0.38174057
PROBE 9 dst Vcur-0 (view) ne=32,5,1,1 data=0000000000264000 buffer=00000209B2E490F0 sum=3.36550272163 first= -0.390297174 0.979493916 -0.525029778 0.0156779289 0.632983685 0.0134314448 -0.0596552938 -0.38174057
NODE 10 Qcur-0 ROPE
PROBE 10 src0 Qcur-0 ne=8,8,5,1 data=0000000000244000 buffer=00000209B2E490F0 sum=135.216000974 first= -0.864275634 0.0139077902 1.80502236 -0.272810519 1.84760392 -1.85972011 -0.704035044 3.22218847
PROBE 10 dst Qcur-0 ne=8,8,5,1 data=0000000000224000 buffer=00000209B2E490F0 sum=148.969813533 first= -0.864275634 0.0139077902 1.80502236 -0.272810519 1.84760392 -1.85972011 -0.704035044 3.22218847
NODE 11 Kcur-0 ROPE
PROBE 11 src0 Kcur-0 ne=8,4,5,1 data=0000000000274000 buffer=00000209B2E490F0 sum=-31.4603367746 first= -0.306714058 -0.731556416 0.564422905 -0.881394565 -1.58613372 -4.40028477 8.63796139 0.404478461
PROBE 11 dst Kcur-0 ne=8,4,5,1 data=0000000000244000 buffer=00000209B2E490F0 sum=-2.02740081772 first= -0.306714058 -0.731556416 0.564422905 -0.881394565 -1.58613372 -4.40028477 8.63796139 0.404478461
NODE 12 Kcur-0 (view) VIEW
PROBE 12 src0 Kcur-0 ne=8,4,5,1 data=0000000000244000 buffer=00000209B2E490F0 sum=-2.02740081772 first= -0.306714058 -0.731556416 0.564422905 -0.881394565 -1.58613372 -4.40028477 8.63796139 0.404478461
PROBE 12 dst Kcur-0 (view) ne=32,5,1,1 data=0000000000244000 buffer=00000209B2E490F0 sum=-2.02740081772 first= -0.306714058 -0.731556416 0.564422905 -0.881394565 -1.58613372 -4.40028477 8.63796139 0.404478461
NODE 13 cache_k_l0 (view) SET_ROWS
PROBE 13 src0 Kcur-0 (view) ne=32,5,1,1 data=0000000000244000 buffer=00000209B2E490F0 sum=-2.02740081772 first= -0.306714058 -0.731556416 0.564422905 -0.881394565 -1.58613372 -4.40028477 8.63796139 0.404478461
NODE 14 cache_v_l0 (view) SET_ROWS
PROBE 14 src0 Vcur-0 (view) ne=32,5,1,1 data=0000000000264000 buffer=00000209B2E490F0 sum=3.36550272163 first= -0.390297174 0.979493916 -0.525029778 0.0156779289 0.632983685 0.0134314448 -0.0596552938 -0.38174057
NODE 15 Qcur-0 (view) VIEW
PROBE 15 src0 Qcur-0 ne=8,8,5,1 data=0000000000224000 buffer=00000209B2E490F0 sum=148.969813533 first= -0.864275634 0.0139077902 1.80502236 -0.272810519 1.84760392 -1.85972011 -0.704035044 3.22218847
PROBE 15 dst Qcur-0 (view) ne=8,8,5,1 data=0000000000224000 buffer=00000209B2E490F0 sum=148.969813533 first= -0.864275634 0.0139077902 1.80502236 -0.272810519 1.84760392 -1.85972011 -0.704035044 3.22218847
NODE 16 Qcur-0 (view) (permuted) PERMUTE
PROBE 16 src0 Qcur-0 (view) ne=8,8,5,1 data=0000000000224000 buffer=00000209B2E490F0 sum=148.969813533 first= -0.864275634 0.0139077902 1.80502236 -0.272810519 1.84760392 -1.85972011 -0.704035044 3.22218847
NODE 17 cache_k_l0 (view) VIEW
NODE 18 cache_k_l0 (view) (permuted) PERMUTE
NODE 19 cache_v_l0 (view) VIEW
NODE 20 cache_v_l0 (view) (permuted) PERMUTE
NODE 21 __fattn__-0 FLASH_ATTN_EXT
PROBE 21 dst __fattn__-0 ne=8,8,5,1 data=0000000000244000 buffer=00000209B2E490F0 sum=15.3513042927 first= -0.390380859 0.979492188 -0.524902344 0.0156707764 0.6328125 0.0134277344 -0.0596618652 -0.381835938
NODE 22 kqv_out-0 RESHAPE
PROBE 22 src0 __fattn__-0 ne=8,8,5,1 data=0000000000244000 buffer=00000209B2E490F0 sum=15.3513042927 first= -0.390380859 0.979492188 -0.524902344 0.0156707764 0.6328125 0.0134277344 -0.0596618652 -0.381835938
PROBE 22 dst kqv_out-0 ne=64,5,1,1 data=0000000000244000 buffer=00000209B2E490F0 sum=15.3513042927 first= -0.390380859 0.979492188 -0.524902344 0.0156707764 0.6328125 0.0134277344 -0.0596618652 -0.381835938
NODE 23 attn_out-0 MUL_MAT
PROBE 23 src0 blk.0.attn_output.weight ne=64,64,1,1 data=0000000000029200 buffer=00000209B2E48A70 sum=3.87980757764 first= 0.017344147 0.00468486827 0.0651651025 -0.00116564822 -0.0914600641 -0.0266173203 0.00253343279 0.0275087431
PROBE 23 src1 kqv_out-0 ne=64,5,1,1 data=0000000000244000 buffer=00000209B2E490F0 sum=15.3513042927 first= -0.390380859 0.979492188 -0.524902344 0.0156707764 0.6328125 0.0134277344 -0.0596618652 -0.381835938
PROBE 23 dst attn_out-0 ne=64,5,1,1 data=0000000000224000 buffer=00000209B2E490F0 sum=1.21411997266 first= -0.0830170289 0.142786995 -0.134271458 -0.168730468 0.0885766447 -0.543743312 -0.24573493 0.0236437395
NODE 24 ffn_inp-0 ADD
PROBE 24 src0 attn_out-0 ne=64,5,1,1 data=0000000000224000 buffer=00000209B2E490F0 sum=-2.13993458264 first= -0.210102707 -0.381293714 0.472018063 -0.440391779 -0.124139428 -0.562629342 -0.412931383 0.274663061
PROBE 24 src1 Vulkan0#embd#0 ne=64,5,1,1 data=0000000000001000 buffer=00000209B2E490F0 sum=-3.35405444878 first= -0.127085686 -0.524080694 0.606289506 -0.271661311 -0.212716073 -0.0188860185 -0.167196438 0.251019329
PROBE 24 dst ffn_inp-0 ne=64,5,1,1 data=0000000000224000 buffer=00000209B2E490F0 sum=-2.13993458264 first= -0.210102707 -0.381293714 0.472018063 -0.440391779 -0.124139428 -0.562629342 -0.412931383 0.274663061
NODE 25 norm-0 RMS_NORM
PROBE 25 src0 ffn_inp-0 ne=64,5,1,1 data=0000000000224000 buffer=00000209B2E490F0 sum=-2.13993458264 first= -0.210102707 -0.381293714 0.472018063 -0.440391779 -0.124139428 -0.562629342 -0.412931383 0.274663061
PROBE 25 dst norm-0 ne=64,5,1,1 data=0000000000001000 buffer=00000209B2E490F0 sum=-0.436196905561 first= -0.552174568 -1.00208461 1.24051881 -1.1574012 -0.326252967 -1.47865593 -1.08523214 0.721846759
NODE 26 ffn_norm-0 MUL
PROBE 26 src0 norm-0 ne=64,5,1,1 data=0000000000001000 buffer=00000209B2E490F0 sum=2.92652572202 first= -0.406829566 -0.554536998 0.840614974 -0.591492116 -0.196640193 -0.743273258 -0.677682936 0.434267014
PROBE 26 src1 blk.0.ffn_norm.weight ne=64,1,1,1 data=000000000002D200 buffer=00000209B2E48A70 sum=36.692902416 first= 0.736777067 0.55338341 0.677631795 0.511051953 0.602723062 0.502668142 0.624458969 0.601605535
PROBE 26 dst ffn_norm-0 ne=64,5,1,1 data=0000000000001000 buffer=00000209B2E490F0 sum=2.92652572202 first= -0.406829566 -0.554536998 0.840614974 -0.591492116 -0.196640193 -0.743273258 -0.677682936 0.434267014
NODE 27 ffn_gate-0 MUL_MAT
PROBE 27 src0 blk.0.ffn_gate.weight ne=64,172,1,1 data=000000000002D300 buffer=00000209B2E48A70 sum=-2.76798148744 first= 0.21368666 -0.0463941656 -0.196767062 0.0652381405 0.0997005552 -0.0843589529 -0.0422152579 0.059161298
PROBE 27 src1 ffn_norm-0 ne=64,5,1,1 data=0000000000001000 buffer=00000209B2E490F0 sum=2.92652572202 first= -0.406829566 -0.554536998 0.840614974 -0.591492116 -0.196640193 -0.743273258 -0.677682936 0.434267014
PROBE 27 dst ffn_gate-0 ne=172,5,1,1 data=0000000000244000 buffer=00000209B2E490F0 sum=-43.0310381334 first= -0.244100004 -0.394601583 0.230222076 -0.265111893 -0.432095051 -0.996924341 0.157344609 -0.151631385
NODE 28 ffn_up-0 MUL_MAT
PROBE 28 src0 blk.0.ffn_up.weight ne=64,172,1,1 data=0000000000042B00 buffer=00000209B2E48A70 sum=7.89774880812 first= 0.0703711882 0.0479559004 0.103341803 -0.00286771124 0.0135871805 0.194069102 -0.0039909794 0.0219469182
PROBE 28 src1 ffn_norm-0 ne=64,5,1,1 data=0000000000001000 buffer=00000209B2E490F0 sum=2.92652572202 first= -0.406829566 -0.554536998 0.840614974 -0.591492116 -0.196640193 -0.743273258 -0.677682936 0.434267014
PROBE 28 dst ffn_up-0 ne=172,5,1,1 data=000000000029A000 buffer=00000209B2E490F0 sum=-11.1326941811 first= -0.359990835 -0.315232694 0.156725809 -1.02533364 0.263286203 -0.0445900261 -0.826188207 -0.529121518
NODE 29 ffn_swiglu-0 GLU
PROBE 29 src0 ffn_gate-0 ne=172,5,1,1 data=0000000000244000 buffer=00000209B2E490F0 sum=-43.0310381334 first= -0.244100004 -0.394601583 0.230222076 -0.265111893 -0.432095051 -0.996924341 0.157344609 -0.151631385
PROBE 29 src1 ffn_up-0 ne=172,5,1,1 data=000000000029A000 buffer=00000209B2E490F0 sum=-11.1326941811 first= -0.359990835 -0.315232694 0.156725809 -1.02533364 0.263286203 -0.0445900261 -0.826188207 -0.529121518
PROBE 29 dst ffn_swiglu-0 ne=172,5,1,1 data=00000000002F0000 buffer=00000209B2E490F0 sum=12.8174488532 first= 0.0386008509 0.0500811972 0.0201084502 0.118002631 -0.0447807461 0.0119821206 -0.0701011568 0.0370801277
NODE 30 ffn_out-0 MUL_MAT
PROBE 30 src0 blk.0.ffn_down.weight ne=172,64,1,1 data=0000000000037F00 buffer=00000209B2E48A70 sum=2.41231679806 first= 0.134984195 0.0671184734 0.112493306 0.100507595 0.0322470218 0.0856377184 -0.0052181473 0.0270474479
PROBE 30 src1 ffn_swiglu-0 ne=172,5,1,1 data=00000000002F0000 buffer=00000209B2E490F0 sum=12.8174488532 first= 0.0386008509 0.0500811972 0.0201084502 0.118002631 -0.0447807461 0.0119821206 -0.0701011568 0.0370801277
PROBE 30 dst ffn_out-0 ne=64,5,1,1 data=0000000000001000 buffer=00000209B2E490F0 sum=0.68755270727 first= 0.557946026 -0.963385284 0.950477242 -1.31277788 0.0593971536 -1.66361523 0.289813966 0.0204737633
NODE 31 l_out-0 ADD
PROBE 31 src0 ffn_out-0 ne=64,5,1,1 data=0000000000001000 buffer=00000209B2E490F0 sum=-1.45238184556 first= 0.347843319 -1.344679 1.42249537 -1.75316966 -0.0647422746 -2.22624445 -0.123117417 0.295136809
PROBE 31 src1 ffn_inp-0 ne=64,5,1,1 data=0000000000224000 buffer=00000209B2E490F0 sum=-2.13993458264 first= -0.210102707 -0.381293714 0.472018063 -0.440391779 -0.124139428 -0.562629342 -0.412931383 0.274663061
PROBE 31 dst l_out-0 ne=64,5,1,1 data=0000000000001000 buffer=00000209B2E490F0 sum=-1.45238184556 first= 0.347843319 -1.344679 1.42249537 -1.75316966 -0.0647422746 -2.22624445 -0.123117417 0.295136809
NODE 32 norm-1 RMS_NORM
PROBE 32 src0 l_out-0 ne=64,5,1,1 data=0000000000001000 buffer=00000209B2E490F0 sum=-1.45238184556 first= 0.347843319 -1.344679 1.42249537 -1.75316966 -0.0647422746 -2.22624445 -0.123117417 0.295136809
PROBE 32 dst norm-1 ne=64,5,1,1 data=0000000000224000 buffer=00000209B2E490F0 sum=-2.79372690059 first= 0.338750154 -1.30952692 1.3853091 -1.70733905 -0.0630498081 -2.16804695 -0.11989893 0.287421465
NODE 33 attn_norm-1 MUL
PROBE 33 src0 norm-1 ne=64,5,1,1 data=0000000000224000 buffer=00000209B2E490F0 sum=12.7404193403 first= 0.475634009 -1.09529221 1.73131454 -1.89721751 -0.113438785 -2.41286778 -0.233357936 0.518768847
PROBE 33 src1 blk.1.attn_norm.weight ne=64,1,1,1 data=000000000004D700 buffer=00000209B2E48A70 sum=79.2968817949 first= 1.40408504 0.836403012 1.24976766 1.11121309 1.79919314 1.11292231 1.9462887 1.80490649
PROBE 33 dst attn_norm-1 ne=64,5,1,1 data=0000000000224000 buffer=00000209B2E490F0 sum=12.7404193403 first= 0.475634009 -1.09529221 1.73131454 -1.89721751 -0.113438785 -2.41286778 -0.233357936 0.518768847
NODE 34 Qcur-1 MUL_MAT
PROBE 34 src0 blk.1.attn_q.weight ne=64,64,1,1 data=000000000004D800 buffer=00000209B2E48A70 sum=27.0391556303 first= 0.214123234 0.335099846 -0.0655440837 -0.0438310578 -0.0172769185 -0.0290517285 -0.0606713369 0.0739369243
PROBE 34 src1 attn_norm-1 ne=64,5,1,1 data=0000000000224000 buffer=00000209B2E490F0 sum=12.7404193403 first= 0.475634009 -1.09529221 1.73131454 -1.89721751 -0.113438785 -2.41286778 -0.233357936 0.518768847
PROBE 34 dst Qcur-1 ne=64,5,1,1 data=0000000000244000 buffer=00000209B2E490F0 sum=210.712397709 first= -0.221596777 -0.422679514 1.57109594 -2.11256433 2.37853742 1.7402966 2.82565069 0.836687446
NODE 35 Vcur-1 MUL_MAT
PROBE 35 src0 blk.1.attn_v.weight ne=64,32,1,1 data=0000000000053800 buffer=00000209B2E48A70 sum=-1.59726139456 first= -0.0308129266 -0.0493257642 0.0536680035 -0.0509141125 0.00259565958 -0.0604636893 -0.0343803614 -0.0158996843
PROBE 35 src1 attn_norm-1 ne=64,5,1,1 data=0000000000224000 buffer=00000209B2E490F0 sum=12.7404193403 first= 0.475634009 -1.09529221 1.73131454 -1.89721751 -0.113438785 -2.41286778 -0.233357936 0.518768847
PROBE 35 dst Vcur-1 ne=32,5,1,1 data=0000000000264000 buffer=00000209B2E490F0 sum=15.2364468686 first= -0.0118636489 1.34295726 0.107969388 0.833905935 0.287041068 -0.202247187 0.853007317 -0.148041487
NODE 36 Kcur-1 MUL_MAT
PROBE 36 src0 blk.1.attn_k.weight ne=64,32,1,1 data=0000000000051800 buffer=00000209B2E48A70 sum=-6.45683165384 first= 0.0549623817 0.074196212 0.0600946248 0.0410621762 0.0402068011 0.0682906955 -0.0442995876 -0.0403429233
PROBE 36 src1 attn_norm-1 ne=64,5,1,1 data=0000000000224000 buffer=00000209B2E490F0 sum=12.7404193403 first= 0.475634009 -1.09529221 1.73131454 -1.89721751 -0.113438785 -2.41286778 -0.233357936 0.518768847
PROBE 36 dst Kcur-1 ne=32,5,1,1 data=0000000000274000 buffer=00000209B2E490F0 sum=248.731467329 first= 0.0411820412 0.238247052 0.346525848 -1.36419868 10.0686855 0.0790272951 -1.79839802 -16.1932812
NODE 37 Qcur-1 RESHAPE
PROBE 37 src0 Qcur-1 ne=64,5,1,1 data=0000000000244000 buffer=00000209B2E490F0 sum=210.712397709 first= -0.221596777 -0.422679514 1.57109594 -2.11256433 2.37853742 1.7402966 2.82565069 0.836687446
PROBE 37 dst Qcur-1 ne=8,8,5,1 data=0000000000244000 buffer=00000209B2E490F0 sum=210.712397709 first= -0.221596777 -0.422679514 1.57109594 -2.11256433 2.37853742 1.7402966 2.82565069 0.836687446
NODE 38 Vcur-1 RESHAPE
PROBE 38 src0 Vcur-1 ne=32,5,1,1 data=0000000000264000 buffer=00000209B2E490F0 sum=15.2364468686 first= -0.0118636489 1.34295726 0.107969388 0.833905935 0.287041068 -0.202247187 0.853007317 -0.148041487
PROBE 38 dst Vcur-1 ne=8,4,5,1 data=0000000000264000 buffer=00000209B2E490F0 sum=15.2364468686 first= -0.0118636489 1.34295726 0.107969388 0.833905935 0.287041068 -0.202247187 0.853007317 -0.148041487
NODE 39 Kcur-1 RESHAPE
PROBE 39 src0 Kcur-1 ne=32,5,1,1 data=0000000000274000 buffer=00000209B2E490F0 sum=248.731467329 first= 0.0411820412 0.238247052 0.346525848 -1.36419868 10.0686855 0.0790272951 -1.79839802 -16.1932812
PROBE 39 dst Kcur-1 ne=8,4,5,1 data=0000000000274000 buffer=00000209B2E490F0 sum=248.731467329 first= 0.0411820412 0.238247052 0.346525848 -1.36419868 10.0686855 0.0790272951 -1.79839802 -16.1932812
NODE 40 Vcur-1 (view) VIEW
PROBE 40 src0 Vcur-1 ne=8,4,5,1 data=0000000000264000 buffer=00000209B2E490F0 sum=15.2364468686 first= -0.0118636489 1.34295726 0.107969388 0.833905935 0.287041068 -0.202247187 0.853007317 -0.148041487
PROBE 40 dst Vcur-1 (view) ne=32,5,1,1 data=0000000000264000 buffer=00000209B2E490F0 sum=15.2364468686 first= -0.0118636489 1.34295726 0.107969388 0.833905935 0.287041068 -0.202247187 0.853007317 -0.148041487
NODE 41 Qcur-1 ROPE
PROBE 41 src0 Qcur-1 ne=8,8,5,1 data=0000000000244000 buffer=00000209B2E490F0 sum=210.712397709 first= -0.221596777 -0.422679514 1.57109594 -2.11256433 2.37853742 1.7402966 2.82565069 0.836687446
PROBE 41 dst Qcur-1 ne=8,8,5,1 data=0000000000224000 buffer=00000209B2E490F0 sum=136.357872787 first= -0.221596777 -0.422679514 1.57109594 -2.11256433 2.37853742 1.7402966 2.82565069 0.836687446
NODE 42 Kcur-1 ROPE
PROBE 42 src0 Kcur-1 ne=8,4,5,1 data=0000000000274000 buffer=00000209B2E490F0 sum=248.731467329 first= 0.0411820412 0.238247052 0.346525848 -1.36419868 10.0686855 0.0790272951 -1.79839802 -16.1932812
PROBE 42 dst Kcur-1 ne=8,4,5,1 data=0000000000244000 buffer=00000209B2E490F0 sum=266.851408914 first= 0.0411820412 0.238247052 0.346525848 -1.36419868 10.0686855 0.0790272951 -1.79839802 -16.1932812
NODE 43 Kcur-1 (view) VIEW
PROBE 43 src0 Kcur-1 ne=8,4,5,1 data=0000000000244000 buffer=00000209B2E490F0 sum=266.851408914 first= 0.0411820412 0.238247052 0.346525848 -1.36419868 10.0686855 0.0790272951 -1.79839802 -16.1932812
PROBE 43 dst Kcur-1 (view) ne=32,5,1,1 data=0000000000244000 buffer=00000209B2E490F0 sum=266.851408914 first= 0.0411820412 0.238247052 0.346525848 -1.36419868 10.0686855 0.0790272951 -1.79839802 -16.1932812
NODE 44 cache_k_l1 (view) SET_ROWS
PROBE 44 src0 Kcur-1 (view) ne=32,5,1,1 data=0000000000244000 buffer=00000209B2E490F0 sum=266.851408914 first= 0.0411820412 0.238247052 0.346525848 -1.36419868 10.0686855 0.0790272951 -1.79839802 -16.1932812
NODE 45 cache_v_l1 (view) SET_ROWS
PROBE 45 src0 Vcur-1 (view) ne=32,5,1,1 data=0000000000264000 buffer=00000209B2E490F0 sum=15.2364468686 first= -0.0118636489 1.34295726 0.107969388 0.833905935 0.287041068 -0.202247187 0.853007317 -0.148041487
NODE 46 Qcur-1 (view) VIEW
PROBE 46 src0 Qcur-1 ne=8,8,5,1 data=0000000000224000 buffer=00000209B2E490F0 sum=136.357872787 first= -0.221596777 -0.422679514 1.57109594 -2.11256433 2.37853742 1.7402966 2.82565069 0.836687446
PROBE 46 dst Qcur-1 (view) ne=8,8,5,1 data=0000000000224000 buffer=00000209B2E490F0 sum=136.357872787 first= -0.221596777 -0.422679514 1.57109594 -2.11256433 2.37853742 1.7402966 2.82565069 0.836687446
NODE 47 Qcur-1 (view) (permuted) PERMUTE
PROBE 47 src0 Qcur-1 (view) ne=8,8,5,1 data=0000000000224000 buffer=00000209B2E490F0 sum=136.357872787 first= -0.221596777 -0.422679514 1.57109594 -2.11256433 2.37853742 1.7402966 2.82565069 0.836687446
NODE 48 cache_k_l1 (view) VIEW
NODE 49 cache_k_l1 (view) (permuted) PERMUTE
NODE 50 cache_v_l1 (view) VIEW
NODE 51 cache_v_l1 (view) (permuted) PERMUTE
NODE 52 __fattn__-1 FLASH_ATTN_EXT
PROBE 52 dst __fattn__-1 ne=8,8,5,1 data=0000000000244000 buffer=00000209B2E490F0 sum=40.2204730511 first= -0.0118637085 1.34277344 0.107971191 0.833984375 0.287109375 -0.202270508 0.853027344 -0.148071289
NODE 53 kqv_out-1 RESHAPE
PROBE 53 src0 __fattn__-1 ne=8,8,5,1 data=0000000000244000 buffer=00000209B2E490F0 sum=40.2204730511 first= -0.0118637085 1.34277344 0.107971191 0.833984375 0.287109375 -0.202270508 0.853027344 -0.148071289
PROBE 53 dst kqv_out-1 ne=64,5,1,1 data=0000000000244000 buffer=00000209B2E490F0 sum=40.2204730511 first= -0.0118637085 1.34277344 0.107971191 0.833984375 0.287109375 -0.202270508 0.853027344 -0.148071289
NODE 54 attn_out-1 MUL_MAT
PROBE 54 src0 blk.1.attn_output.weight ne=64,64,1,1 data=0000000000055800 buffer=00000209B2E48A70 sum=8.09496531472 first= -0.0327849686 0.0368638523 0.0298549719 -0.0201955363 0.0210646167 -0.025418235 -0.0181786139 0.00752802566
PROBE 54 src1 kqv_out-1 ne=64,5,1,1 data=0000000000244000 buffer=00000209B2E490F0 sum=40.2204730511 first= -0.0118637085 1.34277344 0.107971191 0.833984375 0.287109375 -0.202270508 0.853027344 -0.148071289
PROBE 54 dst attn_out-1 ne=64,5,1,1 data=0000000000224000 buffer=00000209B2E490F0 sum=3.13992624171 first= 0.343630344 -0.46760419 -0.015412122 -0.072404772 0.132860124 -0.155551404 0.259776235 -0.211370856
NODE 55 ffn_inp-1 ADD
PROBE 55 src0 attn_out-1 ne=64,5,1,1 data=0000000000224000 buffer=00000209B2E490F0 sum=1.68754428998 first= 0.691473663 -1.81228316 1.40708327 -1.8255744 0.0681178495 -2.38179588 0.136658818 0.0837659538
PROBE 55 src1 l_out-0 ne=64,5,1,1 data=0000000000001000 buffer=00000209B2E490F0 sum=-1.45238184556 first= 0.347843319 -1.344679 1.42249537 -1.75316966 -0.0647422746 -2.22624445 -0.123117417 0.295136809
PROBE 55 dst ffn_inp-1 ne=64,5,1,1 data=0000000000224000 buffer=00000209B2E490F0 sum=1.68754428998 first= 0.691473663 -1.81228316 1.40708327 -1.8255744 0.0681178495 -2.38179588 0.136658818 0.0837659538
NODE 56 norm-1 RMS_NORM
PROBE 56 src0 ffn_inp-1 ne=64,5,1,1 data=0000000000224000 buffer=00000209B2E490F0 sum=1.68754428998 first= 0.691473663 -1.81228316 1.40708327 -1.8255744 0.0681178495 -2.38179588 0.136658818 0.0837659538
PROBE 56 dst norm-1 ne=64,5,1,1 data=0000000000001000 buffer=00000209B2E490F0 sum=1.36202979623 first= 0.604200959 -1.58355021 1.22949159 -1.59516394 0.0595205203 -2.0811832 0.119410753 0.0731936321
NODE 57 ffn_norm-1 MUL
PROBE 57 src0 norm-1 ne=64,5,1,1 data=0000000000001000 buffer=00000209B2E490F0 sum=8.91576927342 first= 0.530911267 -1.04334402 1.11672688 -1.15165949 0.0497253239 -1.13322902 0.103704043 0.0561219417
PROBE 57 src1 blk.1.ffn_norm.weight ne=64,1,1,1 data=0000000000059800 buffer=00000209B2E48A70 sum=48.4153030515 first= 0.87869978 0.658863902 0.908283472 0.721969366 0.835431635 0.544511914 0.868464887 0.766759872
PROBE 57 dst ffn_norm-1 ne=64,5,1,1 data=0000000000001000 buffer=00000209B2E490F0 sum=8.91576927342 first= 0.530911267 -1.04334402 1.11672688 -1.15165949 0.0497253239 -1.13322902 0.103704043 0.0561219417
NODE 58 ffn_gate-1 MUL_MAT
PROBE 58 src0 blk.1.ffn_gate.weight ne=64,172,1,1 data=0000000000059900 buffer=00000209B2E48A70 sum=-24.3989811069 first= 0.070224002 -0.00784618314 0.0789182186 0.27570647 -0.115938492 -0.31361109 -0.151122704 -0.0605738871
PROBE 58 src1 ffn_norm-1 ne=64,5,1,1 data=0000000000001000 buffer=00000209B2E490F0 sum=8.91576927342 first= 0.530911267 -1.04334402 1.11672688 -1.15165949 0.0497253239 -1.13322902 0.103704043 0.0561219417
PROBE 58 dst ffn_gate-1 ne=172,5,1,1 data=0000000000244000 buffer=00000209B2E490F0 sum=-15.26224076 first= -0.977600694 -0.164451435 0.317435086 -0.449343562 0.670101166 -0.0642186999 0.158565745 0.127093464
NODE 59 ffn_up-1 MUL_MAT
PROBE 59 src0 blk.1.ffn_up.weight ne=64,172,1,1 data=000000000006F100 buffer=00000209B2E48A70 sum=-18.4565515694 first= -0.0787893012 -0.0988887101 0.0314741656 0.00595063437 -0.0103162173 -0.119570956 0.155206904 -0.0847276002
PROBE 59 src1 ffn_norm-1 ne=64,5,1,1 data=0000000000001000 buffer=00000209B2E490F0 sum=8.91576927342 first= 0.530911267 -1.04334402 1.11672688 -1.15165949 0.0497253239 -1.13322902 0.103704043 0.0561219417
PROBE 59 dst ffn_up-1 ne=172,5,1,1 data=000000000029A000 buffer=00000209B2E490F0 sum=19.8718830496 first= 1.38616371 0.696079671 -0.247060642 0.804134607 0.572204709 0.244121909 -0.279496998 -0.264011562
NODE 60 ffn_swiglu-1 GLU
PROBE 60 src0 ffn_gate-1 ne=172,5,1,1 data=0000000000244000 buffer=00000209B2E490F0 sum=-15.26224076 first= -0.977600694 -0.164451435 0.317435086 -0.449343562 0.670101166 -0.0642186999 0.158565745 0.127093464
PROBE 60 src1 ffn_up-1 ne=172,5,1,1 data=000000000029A000 buffer=00000209B2E490F0 sum=19.8718830496 first= 1.38616371 0.696079671 -0.247060642 0.804134607 0.572204709 0.244121909 -0.279496998 -0.264011562
PROBE 60 dst ffn_swiglu-1 ne=172,5,1,1 data=00000000002F0000 buffer=00000209B2E490F0 sum=-10.3236536715 first= -0.370445162 -0.0525399894 -0.0453848839 -0.140745163 0.253652185 -0.00758698955 -0.023912508 -0.0178417675
NODE 61 ffn_out-1 MUL_MAT
PROBE 61 src0 blk.1.ffn_down.weight ne=172,64,1,1 data=0000000000064500 buffer=00000209B2E48A70 sum=21.2048147327 first= 0.0834895745 0.0407381877 0.0455589145 -0.0777974278 0.0893756598 0.0430713966 -0.199582845 0.172866806
PROBE 61 src1 ffn_swiglu-1 ne=172,5,1,1 data=00000000002F0000 buffer=00000209B2E490F0 sum=-10.3236536715 first= -0.370445162 -0.0525399894 -0.0453848839 -0.140745163 0.253652185 -0.00758698955 -0.023912508 -0.0178417675
PROBE 61 dst ffn_out-1 ne=64,5,1,1 data=0000000000001000 buffer=00000209B2E490F0 sum=2.79125517793 first= 0.0544433743 0.37985462 -0.198259264 -0.321590871 0.247861385 -0.353738189 0.305797815 -0.0915750042
NODE 62 l_out-1 ADD
PROBE 62 src0 ffn_out-1 ne=64,5,1,1 data=0000000000001000 buffer=00000209B2E490F0 sum=4.4787994884 first= 0.745917022 -1.4324286 1.20882404 -2.1471653 0.315979242 -2.73553419 0.442456633 -0.00780905038
PROBE 62 src1 ffn_inp-1 ne=64,5,1,1 data=0000000000224000 buffer=00000209B2E490F0 sum=1.68754428998 first= 0.691473663 -1.81228316 1.40708327 -1.8255744 0.0681178495 -2.38179588 0.136658818 0.0837659538
PROBE 62 dst l_out-1 ne=64,5,1,1 data=0000000000001000 buffer=00000209B2E490F0 sum=4.4787994884 first= 0.745917022 -1.4324286 1.20882404 -2.1471653 0.315979242 -2.73553419 0.442456633 -0.00780905038
NODE 63 norm-2 RMS_NORM
PROBE 63 src0 l_out-1 ne=64,5,1,1 data=0000000000001000 buffer=00000209B2E490F0 sum=4.4787994884 first= 0.745917022 -1.4324286 1.20882404 -2.1471653 0.315979242 -2.73553419 0.442456633 -0.00780905038
PROBE 63 dst norm-2 ne=64,5,1,1 data=0000000000224000 buffer=00000209B2E490F0 sum=5.18362530241 first= 0.575905681 -1.10594583 0.9333058 -1.65777791 0.24396044 -2.11204433 0.341610789 -0.00602919143
NODE 64 attn_norm-2 MUL
PROBE 64 src0 norm-2 ne=64,5,1,1 data=0000000000224000 buffer=00000209B2E490F0 sum=12.222738716 first= 0.925784349 -1.0910418 1.04283595 -2.09386396 0.340288371 -2.37966943 0.486566156 -0.00815782603
PROBE 64 src1 blk.2.attn_norm.weight ne=64,1,1,1 data=0000000000079D00 buffer=00000209B2E48A70 sum=77.9378393292 first= 1.60752773 0.986523688 1.11735725 1.26305461 1.39485061 1.12671375 1.42432904 1.35305476
PROBE 64 dst attn_norm-2 ne=64,5,1,1 data=0000000000224000 buffer=00000209B2E490F0 sum=12.222738716 first= 0.925784349 -1.0910418 1.04283595 -2.09386396 0.340288371 -2.37966943 0.486566156 -0.00815782603
NODE 65 Qcur-2 MUL_MAT
PROBE 65 src0 blk.2.attn_q.weight ne=64,64,1,1 data=0000000000079E00 buffer=00000209B2E48A70 sum=4.64676349597 first= 0.139476866 0.112058334 -0.0818313733 0.621753156 0.00941929687 -0.0673237368 -0.0173023306 0.115993261
PROBE 65 src1 attn_norm-2 ne=64,5,1,1 data=0000000000224000 buffer=00000209B2E490F0 sum=12.222738716 first= 0.925784349 -1.0910418 1.04283595 -2.09386396 0.340288371 -2.37966943 0.486566156 -0.00815782603
PROBE 65 dst Qcur-2 ne=64,5,1,1 data=0000000000244000 buffer=00000209B2E490F0 sum=244.982892174 first= -2.91072083 1.35575104 5.07813835 3.53060865 5.76265907 -1.64098513 2.87658072 -15.1407824
NODE 66 Vcur-2 MUL_MAT
PROBE 66 src0 blk.2.attn_v.weight ne=64,32,1,1 data=000000000007FE00 buffer=00000209B2E48A70 sum=1.78179502301 first= 0.0194916967 0.0258694608 -0.0285620354 -0.0427195802 -0.0430039801 0.0210924484 0.0293578412 0.00237696455
PROBE 66 src1 attn_norm-2 ne=64,5,1,1 data=0000000000224000 buffer=00000209B2E490F0 sum=12.222738716 first= 0.925784349 -1.0910418 1.04283595 -2.09386396 0.340288371 -2.37966943 0.486566156 -0.00815782603
PROBE 66 dst Vcur-2 ne=32,5,1,1 data=0000000000264000 buffer=00000209B2E490F0 sum=6.85672204196 first= 0.00732898712 0.399563849 0.265414119 0.0617002249 0.569568813 0.288299441 0.149093196 0.306898594
NODE 67 Kcur-2 MUL_MAT
PROBE 67 src0 blk.2.attn_k.weight ne=64,32,1,1 data=000000000007DE00 buffer=00000209B2E48A70 sum=-2.1618472839 first= 0.053226728 -0.00287586381 0.107186869 0.0207896177 -0.165545136 0.0523660518 0.0248826127 -0.14677456
PROBE 67 src1 attn_norm-2 ne=64,5,1,1 data=0000000000224000 buffer=00000209B2E490F0 sum=12.222738716 first= 0.925784349 -1.0910418 1.04283595 -2.09386396 0.340288371 -2.37966943 0.486566156 -0.00815782603
PROBE 67 dst Kcur-2 ne=32,5,1,1 data=0000000000274000 buffer=00000209B2E490F0 sum=123.900088921 first= -1.53005552 -1.83628273 6.50317335 2.4989202 2.6124301 -6.40756941 -13.1255836 2.34443665
NODE 68 Qcur-2 RESHAPE
PROBE 68 src0 Qcur-2 ne=64,5,1,1 data=0000000000244000 buffer=00000209B2E490F0 sum=244.982892174 first= -2.91072083 1.35575104 5.07813835 3.53060865 5.76265907 -1.64098513 2.87658072 -15.1407824
PROBE 68 dst Qcur-2 ne=8,8,5,1 data=0000000000244000 buffer=00000209B2E490F0 sum=244.982892174 first= -2.91072083 1.35575104 5.07813835 3.53060865 5.76265907 -1.64098513 2.87658072 -15.1407824
NODE 69 Vcur-2 RESHAPE
PROBE 69 src0 Vcur-2 ne=32,5,1,1 data=0000000000264000 buffer=00000209B2E490F0 sum=6.85672204196 first= 0.00732898712 0.399563849 0.265414119 0.0617002249 0.569568813 0.288299441 0.149093196 0.306898594
PROBE 69 dst Vcur-2 ne=8,4,5,1 data=0000000000264000 buffer=00000209B2E490F0 sum=6.85672204196 first= 0.00732898712 0.399563849 0.265414119 0.0617002249 0.569568813 0.288299441 0.149093196 0.306898594
NODE 70 Kcur-2 RESHAPE
PROBE 70 src0 Kcur-2 ne=32,5,1,1 data=0000000000274000 buffer=00000209B2E490F0 sum=123.900088921 first= -1.53005552 -1.83628273 6.50317335 2.4989202 2.6124301 -6.40756941 -13.1255836 2.34443665
PROBE 70 dst Kcur-2 ne=8,4,5,1 data=0000000000274000 buffer=00000209B2E490F0 sum=123.900088921 first= -1.53005552 -1.83628273 6.50317335 2.4989202 2.6124301 -6.40756941 -13.1255836 2.34443665
NODE 71 Vcur-2 (view) VIEW
PROBE 71 src0 Vcur-2 ne=8,4,5,1 data=0000000000264000 buffer=00000209B2E490F0 sum=6.85672204196 first= 0.00732898712 0.399563849 0.265414119 0.0617002249 0.569568813 0.288299441 0.149093196 0.306898594
PROBE 71 dst Vcur-2 (view) ne=32,5,1,1 data=0000000000264000 buffer=00000209B2E490F0 sum=6.85672204196 first= 0.00732898712 0.399563849 0.265414119 0.0617002249 0.569568813 0.288299441 0.149093196 0.306898594
NODE 72 Qcur-2 ROPE
PROBE 72 src0 Qcur-2 ne=8,8,5,1 data=0000000000244000 buffer=00000209B2E490F0 sum=244.982892174 first= -2.91072083 1.35575104 5.07813835 3.53060865 5.76265907 -1.64098513 2.87658072 -15.1407824
PROBE 72 dst Qcur-2 ne=8,8,5,1 data=0000000000224000 buffer=00000209B2E490F0 sum=259.023817133 first= -2.91072083 1.35575104 5.07813835 3.53060865 5.76265907 -1.64098513 2.87658072 -15.1407824
NODE 73 Kcur-2 ROPE
PROBE 73 src0 Kcur-2 ne=8,4,5,1 data=0000000000274000 buffer=00000209B2E490F0 sum=123.900088921 first= -1.53005552 -1.83628273 6.50317335 2.4989202 2.6124301 -6.40756941 -13.1255836 2.34443665
PROBE 73 dst Kcur-2 ne=8,4,5,1 data=0000000000244000 buffer=00000209B2E490F0 sum=189.364366595 first= -1.53005552 -1.83628273 6.50317335 2.4989202 2.6124301 -6.40756941 -13.1255836 2.34443665
NODE 74 Kcur-2 (view) VIEW
PROBE 74 src0 Kcur-2 ne=8,4,5,1 data=0000000000244000 buffer=00000209B2E490F0 sum=189.364366595 first= -1.53005552 -1.83628273 6.50317335 2.4989202 2.6124301 -6.40756941 -13.1255836 2.34443665
PROBE 74 dst Kcur-2 (view) ne=32,5,1,1 data=0000000000244000 buffer=00000209B2E490F0 sum=189.364366595 first= -1.53005552 -1.83628273 6.50317335 2.4989202 2.6124301 -6.40756941 -13.1255836 2.34443665
NODE 75 cache_k_l2 (view) SET_ROWS
PROBE 75 src0 Kcur-2 (view) ne=32,5,1,1 data=0000000000244000 buffer=00000209B2E490F0 sum=189.364366595 first= -1.53005552 -1.83628273 6.50317335 2.4989202 2.6124301 -6.40756941 -13.1255836 2.34443665
NODE 76 cache_v_l2 (view) SET_ROWS
PROBE 76 src0 Vcur-2 (view) ne=32,5,1,1 data=0000000000264000 buffer=00000209B2E490F0 sum=6.85672204196 first= 0.00732898712 0.399563849 0.265414119 0.0617002249 0.569568813 0.288299441 0.149093196 0.306898594
NODE 77 Qcur-2 (view) VIEW
PROBE 77 src0 Qcur-2 ne=8,8,5,1 data=0000000000224000 buffer=00000209B2E490F0 sum=259.023817133 first= -2.91072083 1.35575104 5.07813835 3.53060865 5.76265907 -1.64098513 2.87658072 -15.1407824
PROBE 77 dst Qcur-2 (view) ne=8,8,5,1 data=0000000000224000 buffer=00000209B2E490F0 sum=259.023817133 first= -2.91072083 1.35575104 5.07813835 3.53060865 5.76265907 -1.64098513 2.87658072 -15.1407824
NODE 78 Qcur-2 (view) (permuted) PERMUTE
PROBE 78 src0 Qcur-2 (view) ne=8,8,5,1 data=0000000000224000 buffer=00000209B2E490F0 sum=259.023817133 first= -2.91072083 1.35575104 5.07813835 3.53060865 5.76265907 -1.64098513 2.87658072 -15.1407824
NODE 79 cache_k_l2 (view) VIEW
NODE 80 cache_k_l2 (view) (permuted) PERMUTE
NODE 81 cache_v_l2 (view) VIEW
NODE 82 cache_v_l2 (view) (permuted) PERMUTE
NODE 83 __fattn__-2 FLASH_ATTN_EXT
PROBE 83 dst __fattn__-2 ne=8,8,5,1 data=0000000000244000 buffer=00000209B2E490F0 sum=13.8078269958 first= 0.00732803345 0.399658203 0.265380859 0.061706543 0.569335938 0.288330078 0.149047852 0.306884766
NODE 84 kqv_out-2 RESHAPE
PROBE 84 src0 __fattn__-2 ne=8,8,5,1 data=0000000000244000 buffer=00000209B2E490F0 sum=13.8078269958 first= 0.00732803345 0.399658203 0.265380859 0.061706543 0.569335938 0.288330078 0.149047852 0.306884766
PROBE 84 dst kqv_out-2 ne=64,5,1,1 data=0000000000244000 buffer=00000209B2E490F0 sum=13.8078269958 first= 0.00732803345 0.399658203 0.265380859 0.061706543 0.569335938 0.288330078 0.149047852 0.306884766
NODE 85 attn_out-2 MUL_MAT
PROBE 85 src0 blk.2.attn_output.weight ne=64,64,1,1 data=0000000000081E00 buffer=00000209B2E48A70 sum=5.16149705157 first= 0.0683169588 -0.0366136543 -0.0270109009 -0.0549227335 -0.107936017 -0.00861977786 0.0358069278 -0.04297667
PROBE 85 src1 kqv_out-2 ne=64,5,1,1 data=0000000000244000 buffer=00000209B2E490F0 sum=13.8078269958 first= 0.00732803345 0.399658203 0.265380859 0.061706543 0.569335938 0.288330078 0.149047852 0.306884766
PROBE 85 dst attn_out-2 ne=64,5,1,1 data=0000000000224000 buffer=00000209B2E490F0 sum=-0.243157451972 first= -0.0224850178 0.163704365 -0.173857123 -0.525173068 -0.408435345 -0.0858421326 0.253210545 -0.0451863818
NODE 86 ffn_inp-2 ADD
PROBE 86 src0 attn_out-2 ne=64,5,1,1 data=0000000000224000 buffer=00000209B2E490F0 sum=4.23564233258 first= 0.723432004 -1.2687242 1.03496695 -2.67233849 -0.0924561024 -2.82137632 0.695667148 -0.0529954322
PROBE 86 src1 l_out-1 ne=64,5,1,1 data=0000000000001000 buffer=00000209B2E490F0 sum=4.4787994884 first= 0.745917022 -1.4324286 1.20882404 -2.1471653 0.315979242 -2.73553419 0.442456633 -0.00780905038
PROBE 86 dst ffn_inp-2 ne=64,5,1,1 data=0000000000224000 buffer=00000209B2E490F0 sum=4.23564233258 first= 0.723432004 -1.2687242 1.03496695 -2.67233849 -0.0924561024 -2.82137632 0.695667148 -0.0529954322
NODE 87 norm-2 RMS_NORM
PROBE 87 src0 ffn_inp-2 ne=64,5,1,1 data=0000000000224000 buffer=00000209B2E490F0 sum=4.23564233258 first= 0.723432004 -1.2687242 1.03496695 -2.67233849 -0.0924561024 -2.82137632 0.695667148 -0.0529954322
PROBE 87 dst norm-2 ne=64,5,1,1 data=0000000000001000 buffer=00000209B2E490F0 sum=4.62612146675 first= 0.515047491 -0.903268337 0.736844838 -1.90257168 -0.0658241361 -2.00867915 0.495280325 -0.0377301052
NODE 88 ffn_norm-2 MUL
PROBE 88 src0 norm-2 ne=64,5,1,1 data=0000000000001000 buffer=00000209B2E490F0 sum=9.11228873255 first= 0.504037142 -0.677616119 0.725253224 -1.47364736 -0.0590179078 -1.22799921 0.470862567 -0.0293286759
PROBE 88 src1 blk.2.ffn_norm.weight ne=64,1,1,1 data=0000000000085E00 buffer=00000209B2E48A70 sum=52.7049663961 first= 0.978622675 0.750182509 0.984268546 0.774555504 0.896599829 0.611346602 0.950699091 0.777328253
PROBE 88 dst ffn_norm-2 ne=64,5,1,1 data=0000000000001000 buffer=00000209B2E490F0 sum=9.11228873255 first= 0.504037142 -0.677616119 0.725253224 -1.47364736 -0.0590179078 -1.22799921 0.470862567 -0.0293286759
NODE 89 ffn_gate-2 MUL_MAT
PROBE 89 src0 blk.2.ffn_gate.weight ne=64,172,1,1 data=0000000000085F00 buffer=00000209B2E48A70 sum=-27.2090859274 first= 0.0609668419 0.0331885889 -0.11315915 -0.0143367816 -0.0414375477 0.0398056768 0.138617814 0.140154734
PROBE 89 src1 ffn_norm-2 ne=64,5,1,1 data=0000000000001000 buffer=00000209B2E490F0 sum=9.11228873255 first= 0.504037142 -0.677616119 0.725253224 -1.47364736 -0.0590179078 -1.22799921 0.470862567 -0.0293286759
PROBE 89 dst ffn_gate-2 ne=172,5,1,1 data=0000000000244000 buffer=00000209B2E490F0 sum=-34.1578426957 first= 0.147991419 0.215617269 -1.0045141 0.73563236 -0.11245662 0.633478642 0.401998222 0.129343137
NODE 90 ffn_up-2 MUL_MAT
PROBE 90 src0 blk.2.ffn_up.weight ne=64,172,1,1 data=000000000009B700 buffer=00000209B2E48A70 sum=30.2143590721 first= 0.0527366176 -0.0404063463 0.0458814539 -0.0642014518 0.00728556514 0.215537176 -0.105347507 0.0993257314
PROBE 90 src1 ffn_norm-2 ne=64,5,1,1 data=0000000000001000 buffer=00000209B2E490F0 sum=9.11228873255 first= 0.504037142 -0.677616119 0.725253224 -1.47364736 -0.0590179078 -1.22799921 0.470862567 -0.0293286759
PROBE 90 dst ffn_up-2 ne=172,5,1,1 data=000000000029A000 buffer=00000209B2E490F0 sum=-50.3042054474 first= -1.36500621 -0.00310301781 -0.30193457 -0.0750919282 0.0696052164 0.289974838 0.0247374028 -0.280856967
NODE 91 ffn_swiglu-2 GLU
PROBE 91 src0 ffn_gate-2 ne=172,5,1,1 data=0000000000244000 buffer=00000209B2E490F0 sum=-34.1578426957 first= 0.147991419 0.215617269 -1.0045141 0.73563236 -0.11245662 0.633478642 0.401998222 0.129343137
PROBE 91 src1 ffn_up-2 ne=172,5,1,1 data=000000000029A000 buffer=00000209B2E490F0 sum=-50.3042054474 first= -1.36500621 -0.00310301781 -0.30193457 -0.0750919282 0.0696052164 0.289974838 0.0247374028 -0.280856967
PROBE 91 dst ffn_swiglu-2 ne=172,5,1,1 data=00000000002F0000 buffer=00000209B2E490F0 sum=2.09741032459 first= -0.108464904 -0.000370458496 0.0813003629 -0.0373444855 -0.00369394966 0.120002463 0.00595835783 -0.0193364862
NODE 92 ffn_out-2 MUL_MAT
PROBE 92 src0 blk.2.ffn_down.weight ne=172,64,1,1 data=0000000000090B00 buffer=00000209B2E48A70 sum=-4.02149859828 first= -0.00411439082 0.146489441 -0.114037469 0.190740153 -0.0197740085 0.055169791 0.0110351685 -0.0357337259
PROBE 92 src1 ffn_swiglu-2 ne=172,5,1,1 data=00000000002F0000 buffer=00000209B2E490F0 sum=2.09741032459 first= -0.108464904 -0.000370458496 0.0813003629 -0.0373444855 -0.00369394966 0.120002463 0.00595835783 -0.0193364862
PROBE 92 dst ffn_out-2 ne=64,5,1,1 data=0000000000001000 buffer=00000209B2E490F0 sum=-3.17833602428 first= -0.0199364796 -0.365736872 0.135160804 -0.0238046944 -0.0526653714 -0.356743515 0.178874791 -0.0781435668
NODE 93 l_out-2 ADD
PROBE 93 src0 ffn_out-2 ne=64,5,1,1 data=0000000000001000 buffer=00000209B2E490F0 sum=1.05730718747 first= 0.703495502 -1.63446105 1.17012775 -2.69614315 -0.14512147 -3.1781199 0.874541938 -0.131138995
PROBE 93 src1 ffn_inp-2 ne=64,5,1,1 data=0000000000224000 buffer=00000209B2E490F0 sum=4.23564233258 first= 0.723432004 -1.2687242 1.03496695 -2.67233849 -0.0924561024 -2.82137632 0.695667148 -0.0529954322
PROBE 93 dst l_out-2 ne=64,5,1,1 data=0000000000001000 buffer=00000209B2E490F0 sum=1.05730718747 first= 0.703495502 -1.63446105 1.17012775 -2.69614315 -0.14512147 -3.1781199 0.874541938 -0.131138995
NODE 94 norm-3 RMS_NORM
PROBE 94 src0 l_out-2 ne=64,5,1,1 data=0000000000001000 buffer=00000209B2E490F0 sum=1.05730718747 first= 0.703495502 -1.63446105 1.17012775 -2.69614315 -0.14512147 -3.1781199 0.874541938 -0.131138995
PROBE 94 dst norm-3 ne=64,5,1,1 data=0000000000224000 buffer=00000209B2E490F0 sum=-0.0637231500586 first= 0.460614711 -1.07016575 0.766142905 -1.76530373 -0.0950184986 -2.08087873 0.572607636 -0.0858634487
NODE 95 attn_norm-3 MUL
PROBE 95 src0 norm-3 ne=64,5,1,1 data=0000000000224000 buffer=00000209B2E490F0 sum=5.15461745462 first= 0.631940007 -1.12478197 1.01030338 -2.47988939 -0.147936821 -2.6021421 0.800116062 -0.0909582898
PROBE 95 src1 blk.3.attn_norm.weight ne=64,1,1,1 data=00000000000A6300 buffer=00000209B2E48A70 sum=79.2867155671 first= 1.3719492 1.05103528 1.31868792 1.40479469 1.55692649 1.25050151 1.39731991 1.05933654
PROBE 95 dst attn_norm-3 ne=64,5,1,1 data=0000000000224000 buffer=00000209B2E490F0 sum=5.15461745462 first= 0.631940007 -1.12478197 1.01030338 -2.47988939 -0.147936821 -2.6021421 0.800116062 -0.0909582898
NODE 96 Qcur-3 MUL_MAT
PROBE 96 src0 blk.3.attn_q.weight ne=64,64,1,1 data=00000000000A6400 buffer=00000209B2E48A70 sum=-7.04282240761 first= -0.0166050512 0.00937434006 0.0625159815 0.0212788377 0.0556696877 -0.0326154791 -0.0271646343 -0.0419575348
PROBE 96 src1 attn_norm-3 ne=64,5,1,1 data=0000000000224000 buffer=00000209B2E490F0 sum=5.15461745462 first= 0.631940007 -1.12478197 1.01030338 -2.47988939 -0.147936821 -2.6021421 0.800116062 -0.0909582898
PROBE 96 dst Qcur-3 ne=64,5,1,1 data=0000000000244000 buffer=00000209B2E490F0 sum=-20.2362625226 first= -0.419040918 -0.247591242 0.182777062 0.434753656 1.23452139 -0.726835132 0.590265989 -7.13062668
NODE 97 Vcur-3 MUL_MAT
PROBE 97 src0 blk.3.attn_v.weight ne=64,32,1,1 data=00000000000AC400 buffer=00000209B2E48A70 sum=-5.21246654699 first= -0.0291966144 0.0824029967 0.0211557243 -0.0167919137 0.115753204 -0.0172098242 -0.0620458871 0.113054894
PROBE 97 src1 attn_norm-3 ne=64,5,1,1 data=0000000000224000 buffer=00000209B2E490F0 sum=5.15461745462 first= 0.631940007 -1.12478197 1.01030338 -2.47988939 -0.147936821 -2.6021421 0.800116062 -0.0909582898
PROBE 97 dst Vcur-3 ne=32,5,1,1 data=0000000000264000 buffer=00000209B2E490F0 sum=3.755065687 first= -0.821845293 -0.928384066 0.903485894 0.227394074 -0.106678128 -1.59677017 0.838197708 -1.7517786
NODE 98 Kcur-3 MUL_MAT
PROBE 98 src0 blk.3.attn_k.weight ne=64,32,1,1 data=00000000000AA400 buffer=00000209B2E48A70 sum=-2.04534753634 first= -0.025858473 -0.0781220272 -0.00557516562 -0.108267821 -0.0503542684 0.026026465 0.0670046732 0.0198228378
PROBE 98 src1 attn_norm-3 ne=64,5,1,1 data=0000000000224000 buffer=00000209B2E490F0 sum=5.15461745462 first= 0.631940007 -1.12478197 1.01030338 -2.47988939 -0.147936821 -2.6021421 0.800116062 -0.0909582898
PROBE 98 dst Kcur-3 ne=32,5,1,1 data=0000000000274000 buffer=00000209B2E490F0 sum=-130.805459835 first= -0.383881092 0.215322644 -0.702369034 0.201028824 1.84132934 -5.30631304 -14.4353352 -0.252596319
NODE 99 Qcur-3 RESHAPE
PROBE 99 src0 Qcur-3 ne=64,5,1,1 data=0000000000244000 buffer=00000209B2E490F0 sum=-20.2362625226 first= -0.419040918 -0.247591242 0.182777062 0.434753656 1.23452139 -0.726835132 0.590265989 -7.13062668
PROBE 99 dst Qcur-3 ne=8,8,5,1 data=0000000000244000 buffer=00000209B2E490F0 sum=-20.2362625226 first= -0.419040918 -0.247591242 0.182777062 0.434753656 1.23452139 -0.726835132 0.590265989 -7.13062668
NODE 100 Vcur-3 RESHAPE
PROBE 100 src0 Vcur-3 ne=32,5,1,1 data=0000000000264000 buffer=00000209B2E490F0 sum=3.755065687 first= -0.821845293 -0.928384066 0.903485894 0.227394074 -0.106678128 -1.59677017 0.838197708 -1.7517786
PROBE 100 dst Vcur-3 ne=8,4,5,1 data=0000000000264000 buffer=00000209B2E490F0 sum=3.755065687 first= -0.821845293 -0.928384066 0.903485894 0.227394074 -0.106678128 -1.59677017 0.838197708 -1.7517786
NODE 101 Kcur-3 RESHAPE
PROBE 101 src0 Kcur-3 ne=32,5,1,1 data=0000000000274000 buffer=00000209B2E490F0 sum=-130.805459835 first= -0.383881092 0.215322644 -0.702369034 0.201028824 1.84132934 -5.30631304 -14.4353352 -0.252596319
PROBE 101 dst Kcur-3 ne=8,4,5,1 data=0000000000274000 buffer=00000209B2E490F0 sum=-130.805459835 first= -0.383881092 0.215322644 -0.702369034 0.201028824 1.84132934 -5.30631304 -14.4353352 -0.252596319
NODE 102 Vcur-3 (view) VIEW
PROBE 102 src0 Vcur-3 ne=8,4,5,1 data=0000000000264000 buffer=00000209B2E490F0 sum=3.755065687 first= -0.821845293 -0.928384066 0.903485894 0.227394074 -0.106678128 -1.59677017 0.838197708 -1.7517786
PROBE 102 dst Vcur-3 (view) ne=32,5,1,1 data=0000000000264000 buffer=00000209B2E490F0 sum=3.755065687 first= -0.821845293 -0.928384066 0.903485894 0.227394074 -0.106678128 -1.59677017 0.838197708 -1.7517786
NODE 103 Qcur-3 ROPE
PROBE 103 src0 Qcur-3 ne=8,8,5,1 data=0000000000244000 buffer=00000209B2E490F0 sum=-20.2362625226 first= -0.419040918 -0.247591242 0.182777062 0.434753656 1.23452139 -0.726835132 0.590265989 -7.13062668
PROBE 103 dst Qcur-3 ne=8,8,5,1 data=0000000000224000 buffer=00000209B2E490F0 sum=-149.356454305 first= -0.419040918 -0.247591242 0.182777062 0.434753656 1.23452139 -0.726835132 0.590265989 -7.13062668
NODE 104 Kcur-3 ROPE
PROBE 104 src0 Kcur-3 ne=8,4,5,1 data=0000000000274000 buffer=00000209B2E490F0 sum=-130.805459835 first= -0.383881092 0.215322644 -0.702369034 0.201028824 1.84132934 -5.30631304 -14.4353352 -0.252596319
PROBE 104 dst Kcur-3 ne=8,4,5,1 data=0000000000244000 buffer=00000209B2E490F0 sum=-170.136884898 first= -0.383881092 0.215322644 -0.702369034 0.201028824 1.84132934 -5.30631304 -14.4353352 -0.252596319
NODE 105 Kcur-3 (view) VIEW
PROBE 105 src0 Kcur-3 ne=8,4,5,1 data=0000000000244000 buffer=00000209B2E490F0 sum=-170.136884898 first= -0.383881092 0.215322644 -0.702369034 0.201028824 1.84132934 -5.30631304 -14.4353352 -0.252596319
PROBE 105 dst Kcur-3 (view) ne=32,5,1,1 data=0000000000244000 buffer=00000209B2E490F0 sum=-170.136884898 first= -0.383881092 0.215322644 -0.702369034 0.201028824 1.84132934 -5.30631304 -14.4353352 -0.252596319
NODE 106 cache_k_l3 (view) SET_ROWS
PROBE 106 src0 Kcur-3 (view) ne=32,5,1,1 data=0000000000244000 buffer=00000209B2E490F0 sum=-170.136884898 first= -0.383881092 0.215322644 -0.702369034 0.201028824 1.84132934 -5.30631304 -14.4353352 -0.252596319
NODE 107 cache_v_l3 (view) SET_ROWS
PROBE 107 src0 Vcur-3 (view) ne=32,5,1,1 data=0000000000264000 buffer=00000209B2E490F0 sum=3.755065687 first= -0.821845293 -0.928384066 0.903485894 0.227394074 -0.106678128 -1.59677017 0.838197708 -1.7517786
NODE 108 Qcur-3 (view) VIEW
PROBE 108 src0 Qcur-3 ne=8,8,5,1 data=0000000000224000 buffer=00000209B2E490F0 sum=-149.356454305 first= -0.419040918 -0.247591242 0.182777062 0.434753656 1.23452139 -0.726835132 0.590265989 -7.13062668
PROBE 108 dst Qcur-3 (view) ne=8,8,5,1 data=0000000000224000 buffer=00000209B2E490F0 sum=-149.356454305 first= -0.419040918 -0.247591242 0.182777062 0.434753656 1.23452139 -0.726835132 0.590265989 -7.13062668
NODE 109 Qcur-3 (view) (permuted) PERMUTE
PROBE 109 src0 Qcur-3 (view) ne=8,8,5,1 data=0000000000224000 buffer=00000209B2E490F0 sum=-149.356454305 first= -0.419040918 -0.247591242 0.182777062 0.434753656 1.23452139 -0.726835132 0.590265989 -7.13062668
NODE 110 cache_k_l3 (view) VIEW
NODE 111 cache_k_l3 (view) (permuted) PERMUTE
NODE 112 cache_v_l3 (view) VIEW
NODE 113 cache_v_l3 (view) (permuted) PERMUTE
NODE 114 __fattn__-3 FLASH_ATTN_EXT
PROBE 114 dst __fattn__-3 ne=8,8,5,1 data=0000000000244000 buffer=00000209B2E490F0 sum=1.57012939453 first= -0.821777344 -0.928222656 0.903320312 0.227416992 -0.106689453 -1.59667969 0.838378906 -1.75195312
NODE 115 kqv_out-3 RESHAPE
PROBE 115 src0 __fattn__-3 ne=8,8,5,1 data=0000000000244000 buffer=00000209B2E490F0 sum=1.57012939453 first= -0.821777344 -0.928222656 0.903320312 0.227416992 -0.106689453 -1.59667969 0.838378906 -1.75195312
PROBE 115 dst kqv_out-3 ne=64,5,1,1 data=0000000000244000 buffer=00000209B2E490F0 sum=1.57012939453 first= -0.821777344 -0.928222656 0.903320312 0.227416992 -0.106689453 -1.59667969 0.838378906 -1.75195312
NODE 116 attn_out-3 MUL_MAT
PROBE 116 src0 blk.3.attn_output.weight ne=64,64,1,1 data=00000000000AE400 buffer=00000209B2E48A70 sum=8.72442639772 first= -0.126615852 0.0176333468 -0.132667363 0.223804981 -0.147376835 -0.0876701549 -0.0420354307 0.0130624585
PROBE 116 src1 kqv_out-3 ne=64,5,1,1 data=0000000000244000 buffer=00000209B2E490F0 sum=1.57012939453 first= -0.821777344 -0.928222656 0.903320312 0.227416992 -0.106689453 -1.59667969 0.838378906 -1.75195312
PROBE 116 dst attn_out-3 ne=64,5,1,1 data=0000000000224000 buffer=00000209B2E490F0 sum=-11.0608786941 first= -0.226959318 0.442864001 0.0125784874 -0.558739543 -0.306682736 0.0970616862 0.414272428 -0.42706129
NODE 117 ffn_inp-3 ADD
PROBE 117 src0 attn_out-3 ne=64,5,1,1 data=0000000000224000 buffer=00000209B2E490F0 sum=-10.0035712495 first= 0.476536185 -1.19159698 1.18270624 -3.25488281 -0.451804221 -3.08105826 1.28881431 -0.5582003
PROBE 117 src1 l_out-2 ne=64,5,1,1 data=0000000000001000 buffer=00000209B2E490F0 sum=1.05730718747 first= 0.703495502 -1.63446105 1.17012775 -2.69614315 -0.14512147 -3.1781199 0.874541938 -0.131138995
PROBE 117 dst ffn_inp-3 ne=64,5,1,1 data=0000000000224000 buffer=00000209B2E490F0 sum=-10.0035712495 first= 0.476536185 -1.19159698 1.18270624 -3.25488281 -0.451804221 -3.08105826 1.28881431 -0.5582003
NODE 118 norm-3 RMS_NORM
PROBE 118 src0 ffn_inp-3 ne=64,5,1,1 data=0000000000224000 buffer=00000209B2E490F0 sum=-10.0035712495 first= 0.476536185 -1.19159698 1.18270624 -3.25488281 -0.451804221 -3.08105826 1.28881431 -0.5582003
PROBE 118 dst norm-3 ne=64,5,1,1 data=0000000000001000 buffer=00000209B2E490F0 sum=-9.01802208275 first= 0.258881986 -0.647344351 0.642514348 -1.76824033 -0.24544616 -1.67380881 0.700158417 -0.303246647
NODE 119 ffn_norm-3 MUL
PROBE 119 src0 norm-3 ne=64,5,1,1 data=0000000000001000 buffer=00000209B2E490F0 sum=-7.59758579452 first= 0.235934198 -0.57238698 0.767867088 -1.54644692 -0.282725036 -1.2096628 0.672313988 -0.283681393
PROBE 119 src1 blk.3.ffn_norm.weight ne=64,1,1,1 data=00000000000B2400 buffer=00000209B2E48A70 sum=59.7311844826 first= 0.911358118 0.884207845 1.19509721 0.874568284 1.15188205 0.722700715 0.960231245 0.935480714
PROBE 119 dst ffn_norm-3 ne=64,5,1,1 data=0000000000001000 buffer=00000209B2E490F0 sum=-7.59758579452 first= 0.235934198 -0.57238698 0.767867088 -1.54644692 -0.282725036 -1.2096628 0.672313988 -0.283681393
NODE 120 ffn_gate-3 MUL_MAT
PROBE 120 src0 blk.3.ffn_gate.weight ne=64,172,1,1 data=00000000000B2500 buffer=00000209B2E48A70 sum=-29.674822116 first= 0.033395946 -0.158798218 0.340312451 0.119012229 0.212155521 0.0336188003 -0.286604226 0.104709767
PROBE 120 src1 ffn_norm-3 ne=64,5,1,1 data=0000000000001000 buffer=00000209B2E490F0 sum=-7.59758579452 first= 0.235934198 -0.57238698 0.767867088 -1.54644692 -0.282725036 -1.2096628 0.672313988 -0.283681393
PROBE 120 dst ffn_gate-3 ne=172,5,1,1 data=0000000000244000 buffer=00000209B2E490F0 sum=73.7965417989 first= -1.33131289 3.47014952 -0.0675520897 0.559270024 0.170035169 -0.534386456 0.743783236 1.16403627
NODE 121 ffn_up-3 MUL_MAT
PROBE 121 src0 blk.3.ffn_up.weight ne=64,172,1,1 data=00000000000C7D00 buffer=00000209B2E48A70 sum=8.46589567926 first= 0.147075906 0.0256905425 -0.153319269 0.133625522 -0.0369139984 0.0903381407 -0.0688398182 0.0871095881
PROBE 121 src1 ffn_norm-3 ne=64,5,1,1 data=0000000000001000 buffer=00000209B2E490F0 sum=-7.59758579452 first= 0.235934198 -0.57238698 0.767867088 -1.54644692 -0.282725036 -1.2096628 0.672313988 -0.283681393
PROBE 121 dst ffn_up-3 ne=172,5,1,1 data=000000000029A000 buffer=00000209B2E490F0 sum=45.6446817145 first= -0.981014371 -0.281768411 0.173725605 0.181174994 -0.114655554 0.868788481 -0.0121891797 0.365666032
NODE 122 ffn_swiglu-3 GLU
PROBE 122 src0 ffn_gate-3 ne=172,5,1,1 data=0000000000244000 buffer=00000209B2E490F0 sum=73.7965417989 first= -1.33131289 3.47014952 -0.0675520897 0.559270024 0.170035169 -0.534386456 0.743783236 1.16403627
PROBE 122 src1 ffn_up-3 ne=172,5,1,1 data=000000000029A000 buffer=00000209B2E490F0 sum=45.6446817145 first= -0.981014371 -0.281768411 0.173725605 0.181174994 -0.114655554 0.868788481 -0.0121891797 0.365666032
PROBE 122 dst ffn_swiglu-3 ne=172,5,1,1 data=00000000002F0000 buffer=00000209B2E490F0 sum=-3.29841460578 first= 0.272886366 -0.948275387 -0.00566964969 0.0644719154 -0.0105744768 -0.171544731 -0.00614521233 0.324371994
NODE 123 ffn_out-3 MUL_MAT
PROBE 123 src0 blk.3.ffn_down.weight ne=172,64,1,1 data=00000000000BD100 buffer=00000209B2E48A70 sum=-9.51707781789 first= -0.143220752 0.101141483 0.17087917 -0.0229163188 0.00832931232 -0.0327495039 -0.117903359 -0.0125993052
PROBE 123 src1 ffn_swiglu-3 ne=172,5,1,1 data=00000000002F0000 buffer=00000209B2E490F0 sum=-3.29841460578 first= 0.272886366 -0.948275387 -0.00566964969 0.0644719154 -0.0105744768 -0.171544731 -0.00614521233 0.324371994
PROBE 123 dst ffn_out-3 ne=64,5,1,1 data=0000000000001000 buffer=00000209B2E490F0 sum=-16.5939438567 first= 0.173573226 -0.176952928 -0.394078523 -0.316184461 0.497584045 -0.101744473 0.809121609 0.139844418
NODE 124 l_out-3 ADD
PROBE 124 src0 ffn_out-3 ne=64,5,1,1 data=0000000000001000 buffer=00000209B2E490F0 sum=-26.5975146368 first= 0.65010941 -1.36854994 0.788627744 -3.57106733 0.0457798243 -3.18280268 2.09793591 -0.418355882
PROBE 124 src1 ffn_inp-3 ne=64,5,1,1 data=0000000000224000 buffer=00000209B2E490F0 sum=-10.0035712495 first= 0.476536185 -1.19159698 1.18270624 -3.25488281 -0.451804221 -3.08105826 1.28881431 -0.5582003
PROBE 124 dst l_out-3 ne=64,5,1,1 data=0000000000001000 buffer=00000209B2E490F0 sum=-26.5975146368 first= 0.65010941 -1.36854994 0.788627744 -3.57106733 0.0457798243 -3.18280268 2.09793591 -0.418355882
NODE 125 norm-4 RMS_NORM
PROBE 125 src0 l_out-3 ne=64,5,1,1 data=0000000000001000 buffer=00000209B2E490F0 sum=-26.5975146368 first= 0.65010941 -1.36854994 0.788627744 -3.57106733 0.0457798243 -3.18280268 2.09793591 -0.418355882
PROBE 125 dst norm-4 ne=64,5,1,1 data=0000000000224000 buffer=00000209B2E490F0 sum=-17.2477053395 first= 0.324511528 -0.683131516 0.393654972 -1.78254998 0.0228516627 -1.58874214 1.0472151 -0.208828405
NODE 126 attn_norm-4 MUL
PROBE 126 src0 norm-4 ne=64,5,1,1 data=0000000000224000 buffer=00000209B2E490F0 sum=-19.989655681 first= 0.434894264 -0.760046482 0.491960555 -2.19658947 0.0326445289 -1.97876489 1.30432677 -0.237908944
PROBE 126 src1 blk.4.attn_norm.weight ne=64,1,1,1 data=00000000000D2900 buffer=00000209B2E48A70 sum=77.9926314354 first= 1.34015048 1.11259174 1.24972522 1.2322737 1.42854071 1.2454915 1.2455194 1.13925564
PROBE 126 dst attn_norm-4 ne=64,5,1,1 data=0000000000224000 buffer=00000209B2E490F0 sum=-19.989655681 first= 0.434894264 -0.760046482 0.491960555 -2.19658947 0.0326445289 -1.97876489 1.30432677 -0.237908944
NODE 127 Qcur-4 MUL_MAT
PROBE 127 src0 blk.4.attn_q.weight ne=64,64,1,1 data=00000000000D2A00 buffer=00000209B2E48A70 sum=2.18766521336 first= -0.00577698788 -0.0411012173 0.0286130589 -0.0626668185 0.0227548312 -0.0354990438 0.0663344041 -0.0171707701
PROBE 127 src1 attn_norm-4 ne=64,5,1,1 data=0000000000224000 buffer=00000209B2E490F0 sum=-19.989655681 first= 0.434894264 -0.760046482 0.491960555 -2.19658947 0.0326445289 -1.97876489 1.30432677 -0.237908944
PROBE 127 dst Qcur-4 ne=64,5,1,1 data=0000000000244000 buffer=00000209B2E490F0 sum=-227.414066594 first= -0.185345978 0.974320889 0.17006582 0.415733606 2.98190403 -4.69700766 0.898366094 -3.53928423
NODE 128 Vcur-4 MUL_MAT
PROBE 128 src0 blk.4.attn_v.weight ne=64,32,1,1 data=00000000000D8A00 buffer=00000209B2E48A70 sum=-2.40307951092 first= 0.0565231182 -0.0726808161 0.00833248626 0.07628645 0.116222732 -0.0843067914 -0.114703856 0.0131561486
PROBE 128 src1 attn_norm-4 ne=64,5,1,1 data=0000000000224000 buffer=00000209B2E490F0 sum=-19.989655681 first= 0.434894264 -0.760046482 0.491960555 -2.19658947 0.0326445289 -1.97876489 1.30432677 -0.237908944
PROBE 128 dst Vcur-4 ne=32,5,1,1 data=0000000000264000 buffer=00000209B2E490F0 sum=3.73456095904 first= -0.571933031 -0.328175783 0.36676079 0.367791057 -0.331771731 -0.735959172 0.506967068 -0.52346915
NODE 129 Kcur-4 MUL_MAT
PROBE 129 src0 blk.4.attn_k.weight ne=64,32,1,1 data=00000000000D6A00 buffer=00000209B2E48A70 sum=2.27226285231 first= -0.0258608498 0.0312127527 -0.023332363 0.060141515 -0.124389097 -0.0209757537 -0.00946506299 0.0020085983
PROBE 129 src1 attn_norm-4 ne=64,5,1,1 data=0000000000224000 buffer=00000209B2E490F0 sum=-19.989655681 first= 0.434894264 -0.760046482 0.491960555 -2.19658947 0.0326445289 -1.97876489 1.30432677 -0.237908944
PROBE 129 dst Kcur-4 ne=32,5,1,1 data=0000000000274000 buffer=00000209B2E490F0 sum=-63.3435162529 first= -0.924369574 -0.402428329 -1.08781648 2.30379701 2.77697897 -5.82715511 -5.24391747 -2.15845633
NODE 130 Qcur-4 RESHAPE
PROBE 130 src0 Qcur-4 ne=64,5,1,1 data=0000000000244000 buffer=00000209B2E490F0 sum=-227.414066594 first= -0.185345978 0.974320889 0.17006582 0.415733606 2.98190403 -4.69700766 0.898366094 -3.53928423
PROBE 130 dst Qcur-4 ne=8,8,5,1 data=0000000000244000 buffer=00000209B2E490F0 sum=-227.414066594 first= -0.185345978 0.974320889 0.17006582 0.415733606 2.98190403 -4.69700766 0.898366094 -3.53928423
NODE 131 Vcur-4 RESHAPE
PROBE 131 src0 Vcur-4 ne=32,5,1,1 data=0000000000264000 buffer=00000209B2E490F0 sum=3.73456095904 first= -0.571933031 -0.328175783 0.36676079 0.367791057 -0.331771731 -0.735959172 0.506967068 -0.52346915
PROBE 131 dst Vcur-4 ne=8,4,5,1 data=0000000000264000 buffer=00000209B2E490F0 sum=3.73456095904 first= -0.571933031 -0.328175783 0.36676079 0.367791057 -0.331771731 -0.735959172 0.506967068 -0.52346915
NODE 132 Kcur-4 RESHAPE
PROBE 132 src0 Kcur-4 ne=32,5,1,1 data=0000000000274000 buffer=00000209B2E490F0 sum=-63.3435162529 first= -0.924369574 -0.402428329 -1.08781648 2.30379701 2.77697897 -5.82715511 -5.24391747 -2.15845633
PROBE 132 dst Kcur-4 ne=8,4,5,1 data=0000000000274000 buffer=00000209B2E490F0 sum=-63.3435162529 first= -0.924369574 -0.402428329 -1.08781648 2.30379701 2.77697897 -5.82715511 -5.24391747 -2.15845633
NODE 133 Vcur-4 (view) VIEW
PROBE 133 src0 Vcur-4 ne=8,4,5,1 data=0000000000264000 buffer=00000209B2E490F0 sum=3.73456095904 first= -0.571933031 -0.328175783 0.36676079 0.367791057 -0.331771731 -0.735959172 0.506967068 -0.52346915
PROBE 133 dst Vcur-4 (view) ne=32,5,1,1 data=0000000000264000 buffer=00000209B2E490F0 sum=3.73456095904 first= -0.571933031 -0.328175783 0.36676079 0.367791057 -0.331771731 -0.735959172 0.506967068 -0.52346915
NODE 134 Qcur-4 ROPE
PROBE 134 src0 Qcur-4 ne=8,8,5,1 data=0000000000244000 buffer=00000209B2E490F0 sum=-227.414066594 first= -0.185345978 0.974320889 0.17006582 0.415733606 2.98190403 -4.69700766 0.898366094 -3.53928423
PROBE 134 dst Qcur-4 ne=8,8,5,1 data=0000000000224000 buffer=00000209B2E490F0 sum=-239.626259555 first= -0.185345978 0.974320889 0.17006582 0.415733606 2.98190403 -4.69700766 0.898366094 -3.53928423
NODE 135 Kcur-4 ROPE
PROBE 135 src0 Kcur-4 ne=8,4,5,1 data=0000000000274000 buffer=00000209B2E490F0 sum=-63.3435162529 first= -0.924369574 -0.402428329 -1.08781648 2.30379701 2.77697897 -5.82715511 -5.24391747 -2.15845633
PROBE 135 dst Kcur-4 ne=8,4,5,1 data=0000000000244000 buffer=00000209B2E490F0 sum=-67.1532955766 first= -0.924369574 -0.402428329 -1.08781648 2.30379701 2.77697897 -5.82715511 -5.24391747 -2.15845633
NODE 136 Kcur-4 (view) VIEW
PROBE 136 src0 Kcur-4 ne=8,4,5,1 data=0000000000244000 buffer=00000209B2E490F0 sum=-67.1532955766 first= -0.924369574 -0.402428329 -1.08781648 2.30379701 2.77697897 -5.82715511 -5.24391747 -2.15845633
PROBE 136 dst Kcur-4 (view) ne=32,5,1,1 data=0000000000244000 buffer=00000209B2E490F0 sum=-67.1532955766 first= -0.924369574 -0.402428329 -1.08781648 2.30379701 2.77697897 -5.82715511 -5.24391747 -2.15845633
NODE 137 cache_k_l4 (view) SET_ROWS
PROBE 137 src0 Kcur-4 (view) ne=32,5,1,1 data=0000000000244000 buffer=00000209B2E490F0 sum=-67.1532955766 first= -0.924369574 -0.402428329 -1.08781648 2.30379701 2.77697897 -5.82715511 -5.24391747 -2.15845633
NODE 138 cache_v_l4 (view) SET_ROWS
PROBE 138 src0 Vcur-4 (view) ne=32,5,1,1 data=0000000000264000 buffer=00000209B2E490F0 sum=3.73456095904 first= -0.571933031 -0.328175783 0.36676079 0.367791057 -0.331771731 -0.735959172 0.506967068 -0.52346915
NODE 139 Qcur-4 (view) VIEW
PROBE 139 src0 Qcur-4 ne=8,8,5,1 data=0000000000224000 buffer=00000209B2E490F0 sum=-239.626259555 first= -0.185345978 0.974320889 0.17006582 0.415733606 2.98190403 -4.69700766 0.898366094 -3.53928423
PROBE 139 dst Qcur-4 (view) ne=8,8,5,1 data=0000000000224000 buffer=00000209B2E490F0 sum=-239.626259555 first= -0.185345978 0.974320889 0.17006582 0.415733606 2.98190403 -4.69700766 0.898366094 -3.53928423
NODE 140 Qcur-4 (view) (permuted) PERMUTE
PROBE 140 src0 Qcur-4 (view) ne=8,8,5,1 data=0000000000224000 buffer=00000209B2E490F0 sum=-239.626259555 first= -0.185345978 0.974320889 0.17006582 0.415733606 2.98190403 -4.69700766 0.898366094 -3.53928423
NODE 141 cache_k_l4 (view) VIEW
NODE 142 cache_k_l4 (view) (permuted) PERMUTE
NODE 143 cache_v_l4 (view) VIEW
NODE 144 cache_v_l4 (view) (permuted) PERMUTE
NODE 145 __fattn__-4 FLASH_ATTN_EXT
PROBE 145 dst __fattn__-4 ne=8,8,5,1 data=0000000000244000 buffer=00000209B2E490F0 sum=-11.9446668625 first= -0.571777344 -0.328125 0.366699219 0.367675781 -0.331787109 -0.735839844 0.506835938 -0.5234375
NODE 146 node_149 GET_ROWS
PROBE 146 src0 l_out-3 ne=64,5,1,1 data=0000000000001000 buffer=00000209B2E490F0 sum=-26.5975146368 first= 0.65010941 -1.36854994 0.788627744 -3.57106733 0.0457798243 -3.18280268 2.09793591 -0.418355882
PROBE 146 dst node_149 ne=64,1,1,1 data=0000000000224000 buffer=00000209B2E490F0 sum=-11.8157029673 first= -0.239316091 -0.523185909 -1.7905283 -2.62104511 0.150324374 -2.04213095 1.3274858 0.21450448
NODE 147 kqv_out-4 RESHAPE
PROBE 147 src0 __fattn__-4 ne=8,8,5,1 data=0000000000244000 buffer=00000209B2E490F0 sum=-11.9446668625 first= -0.571777344 -0.328125 0.366699219 0.367675781 -0.331787109 -0.735839844 0.506835938 -0.5234375
PROBE 147 dst kqv_out-4 ne=64,5,1,1 data=0000000000244000 buffer=00000209B2E490F0 sum=-11.9446668625 first= -0.571777344 -0.328125 0.366699219 0.367675781 -0.331787109 -0.735839844 0.506835938 -0.5234375
NODE 148 attn_out-4 MUL_MAT
PROBE 148 src0 blk.4.attn_output.weight ne=64,64,1,1 data=00000000000DAA00 buffer=00000209B2E48A70 sum=5.74319022466 first= -0.0425610989 0.434264928 -0.180258319 -0.0508917309 -0.0480967388 0.0512982905 -0.00629262906 -0.180117637
PROBE 148 src1 kqv_out-4 ne=64,5,1,1 data=0000000000244000 buffer=00000209B2E490F0 sum=-11.9446668625 first= -0.571777344 -0.328125 0.366699219 0.367675781 -0.331787109 -0.735839844 0.506835938 -0.5234375
PROBE 148 dst attn_out-4 ne=64,5,1,1 data=0000000000001000 buffer=00000209B2E490F0 sum=6.44978353754 first= 0.000782415271 -0.84766984 -0.143498644 -0.695277274 0.176508874 -0.0718927979 -0.258437783 1.0834651
NODE 149 node_148 GET_ROWS
PROBE 149 src0 attn_out-4 ne=64,5,1,1 data=0000000000001000 buffer=00000209B2E490F0 sum=6.44978353754 first= 0.000782415271 -0.84766984 -0.143498644 -0.695277274 0.176508874 -0.0718927979 -0.258437783 1.0834651
PROBE 149 dst node_148 ne=64,1,1,1 data=0000000000021000 buffer=00000209B2E490F0 sum=0.850216414779 first= 0.0751163587 -0.523950815 -0.174447596 -0.315279514 0.239164174 0.092825979 0.017985478 0.19555217
NODE 150 ffn_inp-4 ADD
PROBE 150 src0 node_148 ne=64,1,1,1 data=0000000000021000 buffer=00000209B2E490F0 sum=-10.9654867947 first= -0.16419974 -1.04713678 -1.96497583 -2.9363246 0.389488548 -1.94930494 1.34547126 0.410056651
PROBE 150 src1 node_149 ne=64,1,1,1 data=0000000000224000 buffer=00000209B2E490F0 sum=-11.8157029673 first= -0.239316091 -0.523185909 -1.7905283 -2.62104511 0.150324374 -2.04213095 1.3274858 0.21450448
PROBE 150 dst ffn_inp-4 ne=64,1,1,1 data=0000000000021000 buffer=00000209B2E490F0 sum=-10.9654867947 first= -0.16419974 -1.04713678 -1.96497583 -2.9363246 0.389488548 -1.94930494 1.34547126 0.410056651
NODE 151 norm-4 RMS_NORM
PROBE 151 src0 ffn_inp-4 ne=64,1,1,1 data=0000000000021000 buffer=00000209B2E490F0 sum=-10.9654867947 first= -0.16419974 -1.04713678 -1.96497583 -2.9363246 0.389488548 -1.94930494 1.34547126 0.410056651
PROBE 151 dst norm-4 ne=64,1,1,1 data=0000000000001000 buffer=00000209B2E490F0 sum=-8.09250202775 first= -0.121179 -0.772784352 -1.45014727 -2.16700029 0.287441581 -1.43858218 0.992954493 0.302620798
NODE 152 ffn_norm-4 MUL
PROBE 152 src0 norm-4 ne=64,1,1,1 data=0000000000001000 buffer=00000209B2E490F0 sum=-8.69338402897 first= -0.12535049 -0.715423822 -1.9087522 -2.3773725 0.374659002 -1.31980145 1.1475774 0.294542909
PROBE 152 src1 blk.4.ffn_norm.weight ne=64,1,1,1 data=00000000000DEA00 buffer=00000209B2E48A70 sum=66.5836474895 first= 1.03442419 0.925774217 1.31624711 1.09707987 1.30342662 0.91743207 1.15572 0.973306894
PROBE 152 dst ffn_norm-4 ne=64,1,1,1 data=0000000000001000 buffer=00000209B2E490F0 sum=-8.69338402897 first= -0.12535049 -0.715423822 -1.9087522 -2.3773725 0.374659002 -1.31980145 1.1475774 0.294542909
NODE 153 ffn_gate-4 MUL_MAT
PROBE 153 src0 blk.4.ffn_gate.weight ne=64,172,1,1 data=00000000000DEB00 buffer=00000209B2E48A70 sum=8.01880358117 first= 0.160350204 0.163933054 0.045932848 -0.226050213 -0.0751459599 0.144849062 -0.218368918 0.137014613
PROBE 153 src1 ffn_norm-4 ne=64,1,1,1 data=0000000000001000 buffer=00000209B2E490F0 sum=-8.69338402897 first= -0.12535049 -0.715423822 -1.9087522 -2.3773725 0.374659002 -1.31980145 1.1475774 0.294542909
PROBE 153 dst ffn_gate-4 ne=172,1,1,1 data=0000000000041000 buffer=00000209B2E490F0 sum=-17.7433554083 first= 0.643654406 -0.348059207 1.02970695 -0.693325877 -0.895181715 -0.603159428 0.112640202 -0.0303166211
NODE 154 ffn_up-4 MUL_MAT
PROBE 154 src0 blk.4.ffn_up.weight ne=64,172,1,1 data=00000000000F4300 buffer=00000209B2E48A70 sum=-11.1503924798 first= 0.0124972966 0.0141169177 -0.111457102 0.130053774 0.0650352538 -0.0429548472 0.17486091 -0.14015606
PROBE 154 src1 ffn_norm-4 ne=64,1,1,1 data=0000000000001000 buffer=00000209B2E490F0 sum=-8.69338402897 first= -0.12535049 -0.715423822 -1.9087522 -2.3773725 0.374659002 -1.31980145 1.1475774 0.294542909
PROBE 154 dst ffn_up-4 ne=172,1,1,1 data=0000000000097000 buffer=00000209B2E490F0 sum=-15.5056263059 first= -0.220400244 -0.707090259 0.251316816 0.0934921503 0.656851888 -0.947513521 1.81237209 -0.230900764
NODE 155 ffn_swiglu-4 GLU
PROBE 155 src0 ffn_gate-4 ne=172,1,1,1 data=0000000000041000 buffer=00000209B2E490F0 sum=-17.7433554083 first= 0.643654406 -0.348059207 1.02970695 -0.693325877 -0.895181715 -0.603159428 0.112640202 -0.0303166211
PROBE 155 src1 ffn_up-4 ne=172,1,1,1 data=0000000000097000 buffer=00000209B2E490F0 sum=-15.5056263059 first= -0.220400244 -0.707090259 0.251316816 0.0934921503 0.656851888 -0.947513521 1.81237209 -0.230900764
PROBE 155 dst ffn_swiglu-4 ne=172,1,1,1 data=00000000000ED000 buffer=00000209B2E490F0 sum=10.3107051544 first= -0.0930014923 0.101853095 0.190686375 -0.0216042679 -0.170545012 0.202095136 0.107815661 0.00344701461
NODE 156 ffn_out-4 MUL_MAT
PROBE 156 src0 blk.4.ffn_down.weight ne=172,64,1,1 data=00000000000E9700 buffer=00000209B2E48A70 sum=19.5437877612 first= -0.0479126498 -0.0229636803 -0.0188246369 0.203118116 0.116041273 -0.143931374 0.0148295341 -0.080041036
PROBE 156 src1 ffn_swiglu-4 ne=172,1,1,1 data=00000000000ED000 buffer=00000209B2E490F0 sum=10.3107051544 first= -0.0930014923 0.101853095 0.190686375 -0.0216042679 -0.170545012 0.202095136 0.107815661 0.00344701461
PROBE 156 dst ffn_out-4 ne=64,1,1,1 data=0000000000001000 buffer=00000209B2E490F0 sum=-3.65307942033 first= 0.413610101 -0.142378837 0.257198721 0.159888133 0.241768509 -0.607785404 0.561867297 -1.1390214
NODE 157 l_out-4 ADD
PROBE 157 src0 ffn_out-4 ne=64,1,1,1 data=0000000000001000 buffer=00000209B2E490F0 sum=-14.6185664833 first= 0.249410361 -1.18951559 -1.70777714 -2.77643657 0.631257057 -2.55709028 1.90733862 -0.728964746
PROBE 157 src1 ffn_inp-4 ne=64,1,1,1 data=0000000000021000 buffer=00000209B2E490F0 sum=-10.9654867947 first= -0.16419974 -1.04713678 -1.96497583 -2.9363246 0.389488548 -1.94930494 1.34547126 0.410056651
PROBE 157 dst l_out-4 ne=64,1,1,1 data=0000000000001000 buffer=00000209B2E490F0 sum=-14.6185664833 first= 0.249410361 -1.18951559 -1.70777714 -2.77643657 0.631257057 -2.55709028 1.90733862 -0.728964746
NODE 158 norm RMS_NORM
PROBE 158 src0 l_out-4 ne=64,1,1,1 data=0000000000001000 buffer=00000209B2E490F0 sum=-9.2176477164 first= 0.157264173 -0.750041783 -1.07682848 -1.75066507 0.398035288 -1.61235762 1.20266068 -0.459644258
PROBE 158 dst norm ne=64,1,1,1 data=0000000000001000 buffer=00000209B2E490F0 sum=-9.2176477164 first= 0.157264173 -0.750041783 -1.07682848 -1.75066507 0.398035288 -1.61235762 1.20266068 -0.459644258
NODE 159 result_norm MUL
PROBE 159 src0 norm ne=64,1,1,1 data=0000000000001000 buffer=00000209B2E490F0 sum=-16.1379555166 first= 0.386603922 -1.02554917 -1.88492167 -1.93944252 0.590702593 -7.13483429 2.01363802 -0.698851943
PROBE 159 src1 output_norm.weight ne=64,1,1,1 data=0000000000001000 buffer=00000209B2E48A70 sum=115.952762306 first= 2.45830894 1.36732268 1.75043821 1.10783184 1.48404574 4.42509413 1.67431927 1.52041912
PROBE 159 dst result_norm ne=64,1,1,1 data=0000000000001000 buffer=00000209B2E490F0 sum=-16.1379555166 first= 0.386603922 -1.02554917 -1.88492167 -1.93944252 0.590702593 -7.13483429 2.01363802 -0.698851943
NODE 160 result_output MUL_MAT
PROBE 160 src0 output.weight ne=64,512,1,1 data=0000000000001100 buffer=00000209B2E48A70 sum=-752.367744664 first= -0.294748783 0.561895609 0.175422534 0.340573609 -0.114460669 0.231318146 0.009594067 0.0254586115
PROBE 160 src1 result_norm ne=64,1,1,1 data=0000000000001000 buffer=00000209B2E490F0 sum=-16.1379555166 first= 0.386603922 -1.02554917 -1.88492167 -1.93944252 0.590702593 -7.13483429 2.01363802 -0.698851943
PROBE 160 dst result_output ne=512,1,1,1 data=0000000000021000 buffer=00000209B2E490F0 sum=-2256.91265896 first= -10.1364737 -5.32982445 -10.1379814 -10.1367512 -10.1371078 -10.1382265 -10.1371613 -10.137536

