probe_hash=E9566E495A4FB5BB0F37B8A2583AB10F573D0F9ECEE2B84D94E264242529E9C3
driver_version=0.7.133.1
installed_sha256=37A52F95CD90726D909FBF273D55B9336D766E2997668BA713B8ADC45BCF4A87
boot_before=2026-09-24T11:44:14
smu GetGfxFrequency  msg=0x37 param=0 (0x0) ... response=0x01 value=1000 (0x000003E8)
smu GetGfxVid        msg=0x38 param=0 (0x0) ... response=0x01 value=116 (0x00000074)
clock verified: 1000 MHz, VID 116 (request 820 mV)
18:07:53 Tctl 66.8 C (raw 73DB0FEF)
launcher_pid=868
18:07:55 Tctl 66.8 C (raw 73DB0FEF)
18:07:57 Tctl 66.8 C (raw 73DB0FEF)
18:07:59 Tctl 66.8 C (raw 73DB0FEF)
18:08:01 Tctl 66.8 C (raw 73DB0FEF)
18:08:03 Tctl 66.8 C (raw 73DB0FEF)
18:08:05 Tctl 66.8 C (raw 73DB0FEF)
18:08:07 Tctl 66.8 C (raw 73DB0FEF)
D3DKMTDestroyAllocation2 [gpu-readback] 0x00000000  STATUS_SUCCESS
-- teardown
D3DKMTDestroySynchronizationObject 0x00000000  STATUS_SUCCESS
D3DKMTDestroyContext               0x00000000  STATUS_SUCCESS
D3DKMTFreeGpuVirtualAddress [gpu-ib] 0x00000000  STATUS_SUCCESS
D3DKMTDestroyAllocation2 [gpu-ib]  0x00000000  STATUS_SUCCESS
D3DKMTFreeGpuVirtualAddress [preserved] 0x00000000  STATUS_SUCCESS
D3DKMTDestroyAllocation2 [preserved] 0x00000000  STATUS_SUCCESS
D3DKMTDestroyPagingQueue           0x00000000  STATUS_SUCCESS
D3DKMTDestroyDevice                0x00000000  STATUS_SUCCESS
D3DKMTCloseAdapter                 0x00000000  STATUS_SUCCESS
GPU_RESIDENCY_RESULT PASS; physical relocation requires paging trace
gpu_probe_exit=0
boot_after=2026-09-24T11:44:14
