compile
  Generowanie kodu...
  Trwa kompilowanie...
  Generowanie kodu...
  Generowanie kodu...
  Generowanie kodu...
link
stack budget
bc250kmd.sys: 498 functions with unwind data, largest fixed frame 3992 bytes
  warn    3992 bytes  rva 0x0188D0  GfxPagingBuildUpdate
  warn    2248 bytes  rva 0x0178A0  GfxPagingBuildAperture
  warn    2120 bytes  rva 0x02D920  VidMmCommitPagingAperture
  warn    1240 bytes  rva 0x039180  WddmSubmitUmdImpl
catalog
  ..........................
  Signability test complete.
  Errors:
  None
  Warnings:
  None
  Catalog generation complete.
  P:\bc-250\scratch\build\bc250kmd-sdma-ib-dev\package\bc250kmd.cat
sign
  Done Adding Additional Store
  Successfully signed: P:\bc-250\scratch\build\bc250kmd-sdma-ib-dev\package\bc250kmd.sys
  Done Adding Additional Store
  Successfully signed: P:\bc-250\scratch\build\bc250kmd-sdma-ib-dev\package\bc250kmd.cat
      792  bc250-lab-test.cer
     2407  bc250kmd.cat
     7655  bc250kmd.inf
   348048  bc250kmd.sys
  1A3C37D5B80BAF50348030B032BD9927213D90976ECE1F043346B11A1902A405  package\bc250kmd.sys
