captures=0
exit=1
pid=10712 UMD=C:\BC250\m13\runtime-probe001\bc250d3d_zink.dll
pid=7844 UMD=C:\BC250\m13\runtime-probe001\bc250d3d_zink.dll
parent progress=100 generations=1 checked_pixels=204800
pid=7844 CreateTexture2D shared=8007000e
parent FAIL CreateTexture2D shared

BC250 private Vulkan instance=00000227E2E263D0 screen=00000227E2E06CC0
BC250 zink init stage 0
radv_wddm2_winsys_create
OpenAdapterFromLuid 0x0 0x92af
phys adapter = 0 device = 13fe rev 0
node 0 (type: 1) = BC-250 GFX, flags = 0
node 1 (type: 6) = BC-250 SDMA0, flags = 0
bc250: caps blob, device 0x13fe family 79 gfx 12
BC250 zink init stage 1
radv_wddm2_winsys_create
allocation handle=0x40000f80
allocation handle=0x40001000
allocation handle=0x40001080
bc250: gfx preamble inlined (no gfx_init IB)
BC250 zink init stage 2
BC250 zink init stage 3
BC250 zink init stage 4
BC250 zink init stage 5
BC250 zink init stage 6
BC250 zink init stage 7
BC250 zink init stage 8
BC250 zink init stage 9
BC250 zink init stage 10
BC250 zink init stage 11
BC250 zink init stage 12
BC250 zink init stage 13
BC250 zink init stage 14
BC250 zink init stage 15
BC250 private Vulkan instance=00000227E350D600 screen=00000227E2E9AF30
BC250 zink init stage 0
radv_wddm2_winsys_create
BC250 zink init stage 1
radv_wddm2_winsys_create
allocation handle=0x40001e00
allocation handle=0x40001e80
allocation handle=0x40001f00
bc250: gfx preamble inlined (no gfx_init IB)
BC250 zink init stage 2
BC250 zink init stage 3
BC250 zink init stage 4
BC250 zink init stage 5
BC250 zink init stage 6
BC250 zink init stage 7
BC250 zink init stage 8
BC250 zink init stage 9
BC250 zink init stage 10
BC250 zink init stage 11
BC250 zink init stage 12
BC250 zink init stage 13
BC250 zink init stage 14
BC250 zink init stage 15
BC250 D3D device stage 0
BC250 D3D device stage 1
BC250 D3D device stage 2
BC250 private Vulkan instance=00000227E35A0300 screen=00000227E35CFDE0
BC250 zink init stage 0
radv_wddm2_winsys_create
OpenAdapterFromLuid 0x0 0x92af
phys adapter = 0 device = 13fe rev 0
node 0 (type: 1) = BC-250 GFX, flags = 0
node 1 (type: 6) = BC-250 SDMA0, flags = 0
bc250: caps blob, device 0x13fe family 79 gfx 12
BC250 hosted op=1 count=1 hr=00000000
BC250 hosted paging create identity=00000227E35CE3B8 queue=40002100 status=00000000
BC250 zink init stage 1
radv_wddm2_winsys_create
BC250 hosted op=25 count=1 hr=00000000
BC250 hosted op=27 count=1 hr=00000000
BC250 hosted op=27 count=2 hr=00000000
BC250 hosted op=16 count=1 hr=00000000
allocation handle=0x80000240
BC250 hosted op=19 count=1 hr=8000000a
BC250 hosted op=21 count=1 hr=8000000a
BC250 hosted op=29 count=1 hr=00000000
BC250 hosted op=23 count=1 hr=00000000
BC250 hosted op=16 count=2 hr=00000000
allocation handle=0x80000200
BC250 hosted op=19 count=2 hr=8000000a
BC250 hosted op=21 count=2 hr=8000000a
BC250 hosted op=29 count=2 hr=00000000
BC250 hosted op=23 count=2 hr=00000000
allocation handle=0x40002280
bc250: gfx preamble inlined (no gfx_init IB)
BC250 zink init stage 2
BC250 zink init stage 3
BC250 zink init stage 4
BC250 zink init stage 5
BC250 zink init stage 6
BC250 zink init stage 7
BC250 zink init stage 8
BC250 zink init stage 9
BC250 zink init stage 10
BC250 zink init stage 11
BC250 zink init stage 12
BC250 zink init stage 13
BC250 zink init stage 14
BC250 zink init stage 15
BC250 device screen=00000227E35CFDE0 runtime=00000227E35CE3B8
BC250 D3D device stage 3
allocation handle=0x80000340
allocation handle=0x80000300
allocation handle=0x40002300
allocation handle=0x40002340
allocation handle=0x40002380
allocation handle=0x400023c0
allocation handle=0x40002400
allocation handle=0x40002440
allocation handle=0x80000540
allocation handle=0x80000500
allocation handle=0x40002480
allocation handle=0x400024c0
allocation handle=0x40002500
allocation handle=0x40002540
allocation handle=0x40002580
allocation handle=0x400025c0
allocation handle=0x40002600
allocation handle=0x40002640
BC250 D3D device stage 4
BC250 D3D device stage 5
BC250 D3D device stage 6
BC250 D3D device stage 7
BC250 D3D device stage 8
BC250 destroy private Vulkan instance=00000227E350D600
BC250 private Vulkan instance=00000167657C3BA0 screen=00000167657A7EC0
BC250 zink init stage 0
radv_wddm2_winsys_create
OpenAdapterFromLuid 0x0 0x92af
phys adapter = 0 device = 13fe rev 0
node 0 (type: 1) = BC-250 GFX, flags = 0
node 1 (type: 6) = BC-250 SDMA0, flags = 0
bc250: caps blob, device 0x13fe family 79 gfx 12
BC250 zink init stage 1
radv_wddm2_winsys_create
allocation handle=0x40000f80
allocation handle=0x40001000
allocation handle=0x40001080
bc250: gfx preamble inlined (no gfx_init IB)
BC250 zink init stage 2
BC250 zink init stage 3
BC250 zink init stage 4
BC250 zink init stage 5
BC250 zink init stage 6
BC250 zink init stage 7
BC250 zink init stage 8
BC250 zink init stage 9
BC250 zink init stage 10
BC250 zink init stage 11
BC250 zink init stage 12
BC250 zink init stage 13
BC250 zink init stage 14
BC250 zink init stage 15
BC250 private Vulkan instance=0000016765843CF0 screen=0000016765835910
BC250 zink init stage 0
radv_wddm2_winsys_create
BC250 zink init stage 1
radv_wddm2_winsys_create
allocation handle=0x40001e00
allocation handle=0x40001e80
allocation handle=0x40001f00
bc250: gfx preamble inlined (no gfx_init IB)
BC250 zink init stage 2
BC250 zink init stage 3
BC250 zink init stage 4
BC250 zink init stage 5
BC250 zink init stage 6
BC250 zink init stage 7
BC250 zink init stage 8
BC250 zink init stage 9
BC250 zink init stage 10
BC250 zink init stage 11
BC250 zink init stage 12
BC250 zink init stage 13
BC250 zink init stage 14
BC250 zink init stage 15
BC250 D3D device stage 0
BC250 D3D device stage 1
BC250 D3D device stage 2
BC250 private Vulkan instance=0000016767FA91E0 screen=0000016767F70310
BC250 zink init stage 0
radv_wddm2_winsys_create
OpenAdapterFromLuid 0x0 0x92af
phys adapter = 0 device = 13fe rev 0
node 0 (type: 1) = BC-250 GFX, flags = 0
node 1 (type: 6) = BC-250 SDMA0, flags = 0
bc250: caps blob, device 0x13fe family 79 gfx 12
BC250 hosted op=1 count=1 hr=00000000
BC250 hosted paging create identity=0000016767F6B0B8 queue=40002100 status=00000000
BC250 zink init stage 1
radv_wddm2_winsys_create
BC250 hosted op=25 count=1 hr=00000000
BC250 hosted op=27 count=1 hr=00000000
BC250 hosted op=27 count=2 hr=00000000
BC250 hosted op=16 count=1 hr=00000000
allocation handle=0x80000240
BC250 hosted op=19 count=1 hr=8000000a
BC250 hosted op=21 count=1 hr=8000000a
BC250 hosted op=29 count=1 hr=00000000
BC250 hosted op=23 count=1 hr=00000000
BC250 hosted op=16 count=2 hr=00000000
allocation handle=0x80000200
BC250 hosted op=19 count=2 hr=8000000a
BC250 hosted op=21 count=2 hr=8000000a
BC250 hosted op=29 count=2 hr=00000000
BC250 hosted op=23 count=2 hr=00000000
allocation handle=0x40002280
bc250: gfx preamble inlined (no gfx_init IB)
BC250 zink init stage 2
BC250 zink init stage 3
BC250 zink init stage 4
BC250 zink init stage 5
BC250 zink init stage 6
BC250 zink init stage 7
BC250 zink init stage 8
BC250 zink init stage 9
BC250 zink init stage 10
BC250 zink init stage 11
BC250 zink init stage 12
BC250 zink init stage 13
BC250 zink init stage 14
BC250 zink init stage 15
BC250 device screen=0000016767F70310 runtime=0000016767F6B0B8
BC250 D3D device stage 3
allocation handle=0x80000340
allocation handle=0x80000300
allocation handle=0x40002300
allocation handle=0x40002340
allocation handle=0x40002380
allocation handle=0x400023c0
allocation handle=0x40002400
allocation handle=0x40002440
allocation handle=0x80000540
allocation handle=0x80000500
allocation handle=0x40002480
allocation handle=0x400024c0
allocation handle=0x40002500
allocation handle=0x40002540
allocation handle=0x40002580
allocation handle=0x400025c0
allocation handle=0x40002600
allocation handle=0x40002640
BC250 D3D device stage 4
BC250 D3D device stage 5
BC250 D3D device stage 6
BC250 D3D device stage 7
BC250 D3D device stage 8
BC250 destroy private Vulkan instance=0000016765843CF0
allocation handle=0x400026c0
BC250 Allocate hr=00000000 inputRT=00000167657B9F60 callbackRT=00000167657B9F60 miscShared=1 format=32 primary=0 allocation=400027c0 resource=0
BC250 ALLOCATE ABI size=40 private=0 privateSize=8 hResource=16 hKMResource=24 NumAllocations=28 info2=32
BC250 surface hosted=1 allocation=400027c0 pitch=256 bytes=8192
BC250 zink import type=2 modifier=0 identity=0000016767F6B0B8 va=4295290880
allocation handle=0x40002740
BC250 surface hosted=1 allocation=40002700 pitch=256 bytes=8192
BC250 zink import type=2 modifier=0 identity=00000227E35CE3B8 va=4295290880
BC250 audit maps ctx=000001676802F250 final=0 sample=1 image_calls=0 image_request_bytes=0 buffer_calls=7 buffer_request_bytes=1144596 persistent_calls=5
BC250 audit bucket_summary ctx=000001676802F250 sample=1 overflow=0
BC250 audit bucket ctx=000001676802F250 sample=1 id=0 target=0 size=24000x1x1 format=81 bind=8008000 usage=703 box=24000x1x1 runtime=0 user_ptr=0 calls=4 bytes=96000
BC250 audit bucket ctx=000001676802F250 sample=1 id=1 target=0 size=4x1x1 format=81 bind=8400 usage=2a box=4x1x1 runtime=0 user_ptr=0 calls=1 bytes=4
BC250 audit bucket ctx=000001676802F250 sample=1 id=2 target=0 size=1048576x1x1 format=81 bind=8070 usage=322 box=1048576x1x1 runtime=0 user_ptr=0 calls=1 bytes=1048576
BC250 audit bucket ctx=000001676802F250 sample=1 id=3 target=0 size=16x1x1 format=81 bind=8010 usage=2a box=16x1x1 runtime=0 user_ptr=0 calls=1 bytes=16
BC250 audit maps ctx=000001676802F250 final=0 sample=2 image_calls=0 image_request_bytes=0 buffer_calls=7 buffer_request_bytes=1144596 persistent_calls=5
BC250 audit bucket_summary ctx=000001676802F250 sample=2 overflow=0
BC250 audit bucket ctx=000001676802F250 sample=2 id=0 target=0 size=24000x1x1 format=81 bind=8008000 usage=703 box=24000x1x1 runtime=0 user_ptr=0 calls=4 bytes=96000
BC250 audit bucket ctx=000001676802F250 sample=2 id=1 target=0 size=4x1x1 format=81 bind=8400 usage=2a box=4x1x1 runtime=0 user_ptr=0 calls=1 bytes=4
BC250 audit bucket ctx=000001676802F250 sample=2 id=2 target=0 size=1048576x1x1 format=81 bind=8070 usage=322 box=1048576x1x1 runtime=0 user_ptr=0 calls=1 bytes=1048576
BC250 audit bucket ctx=000001676802F250 sample=2 id=3 target=0 size=16x1x1 format=81 bind=8010 usage=2a box=16x1x1 runtime=0 user_ptr=0 calls=1 bytes=16
allocation handle=0x40002800
allocation handle=0x40002840
allocation handle=0x40002880
BC250 hosted op=4 count=1 hr=00000000
bc250: progress before submit previous=0 observed=0 slot=0 retire=0 waits=0 signals=1
allocation handle=0x400028c0
bc250: gather capacity=4096 bytes required=3040 ibs=4
BC250 hosted op=34 count=1 hr=00000000
BC250 hosted op=33 count=1 hr=00000000
BC250 hosted op=3 count=1 hr=00000000
BC250 hosted op=33 count=2 hr=00000000
allocation handle=0x40002900
allocation handle=0x40002940
allocation handle=0x80000ac0
BC250 hosted op=4 count=2 hr=00000000
BC250 audit maps ctx=00000227E56BCED0 final=0 sample=1 image_calls=0 image_request_bytes=0 buffer_calls=7 buffer_request_bytes=1144596 persistent_calls=5
BC250 audit bucket_summary ctx=00000227E56BCED0 sample=1 overflow=0
BC250 audit bucket ctx=00000227E56BCED0 sample=1 id=0 target=0 size=24000x1x1 format=81 bind=8008000 usage=703 box=24000x1x1 runtime=0 user_ptr=0 calls=4 bytes=96000
BC250 audit bucket ctx=00000227E56BCED0 sample=1 id=1 target=0 size=4x1x1 format=81 bind=8400 usage=2a box=4x1x1 runtime=0 user_ptr=0 calls=1 bytes=4
BC250 audit bucket ctx=00000227E56BCED0 sample=1 id=2 target=0 size=1048576x1x1 format=81 bind=8070 usage=322 box=1048576x1x1 runtime=0 user_ptr=0 calls=1 bytes=1048576
BC250 audit bucket ctx=00000227E56BCED0 sample=1 id=3 target=0 size=16x1x1 format=81 bind=8010 usage=2a box=16x1x1 runtime=0 user_ptr=0 calls=1 bytes=16
BC250 audit maps ctx=00000227E56BCED0 final=0 sample=2 image_calls=0 image_request_bytes=0 buffer_calls=7 buffer_request_bytes=1144596 persistent_calls=5
BC250 audit bucket_summary ctx=00000227E56BCED0 sample=2 overflow=0
BC250 audit bucket ctx=00000227E56BCED0 sample=2 id=0 target=0 size=24000x1x1 format=81 bind=8008000 usage=703 box=24000x1x1 runtime=0 user_ptr=0 calls=4 bytes=96000
BC250 audit bucket ctx=00000227E56BCED0 sample=2 id=1 target=0 size=4x1x1 format=81 bind=8400 usage=2a box=4x1x1 runtime=0 user_ptr=0 calls=1 bytes=4
BC250 audit bucket ctx=00000227E56BCED0 sample=2 id=2 target=0 size=1048576x1x1 format=81 bind=8070 usage=322 box=1048576x1x1 runtime=0 user_ptr=0 calls=1 bytes=1048576
BC250 audit bucket ctx=00000227E56BCED0 sample=2 id=3 target=0 size=16x1x1 format=81 bind=8010 usage=2a box=16x1x1 runtime=0 user_ptr=0 calls=1 bytes=16
allocation handle=0x40002800
allocation handle=0x40002840
allocation handle=0x40002880
BC250 hosted op=4 count=1 hr=00000000
bc250: progress before submit previous=0 observed=0 slot=0 retire=0 waits=0 signals=1
allocation handle=0x400028c0
bc250: gather capacity=4096 bytes required=3072 ibs=4
BC250 hosted op=34 count=1 hr=00000000
BC250 hosted op=33 count=1 hr=00000000
BC250 hosted op=3 count=1 hr=00000000
BC250 hosted op=33 count=2 hr=00000000
allocation handle=0x40002900
allocation handle=0x40002940
allocation handle=0x80000ac0
BC250 hosted op=4 count=2 hr=00000000
allocation handle=0x80000a80
BC250 audit maps ctx=00000227E56BCED0 final=0 sample=3 image_calls=1 image_request_bytes=8192 buffer_calls=7 buffer_request_bytes=1144596 persistent_calls=5
BC250 audit bucket_summary ctx=00000227E56BCED0 sample=3 overflow=0
BC250 audit bucket ctx=00000227E56BCED0 sample=3 id=0 target=0 size=24000x1x1 format=81 bind=8008000 usage=703 box=24000x1x1 runtime=0 user_ptr=0 calls=4 bytes=96000
BC250 audit bucket ctx=00000227E56BCED0 sample=3 id=1 target=0 size=4x1x1 format=81 bind=8400 usage=2a box=4x1x1 runtime=0 user_ptr=0 calls=1 bytes=4
BC250 audit bucket ctx=00000227E56BCED0 sample=3 id=2 target=0 size=1048576x1x1 format=81 bind=8070 usage=322 box=1048576x1x1 runtime=0 user_ptr=0 calls=1 bytes=1048576
BC250 audit bucket ctx=00000227E56BCED0 sample=3 id=3 target=0 size=16x1x1 format=81 bind=8010 usage=2a box=16x1x1 runtime=0 user_ptr=0 calls=1 bytes=16
BC250 audit bucket ctx=00000227E56BCED0 sample=3 id=4 target=2 size=64x32x1 format=84 bind=0 usage=1 box=64x32x1 runtime=0 user_ptr=0 calls=1 bytes=8192
allocation handle=0x80000b40
bc250: gather capacity=4096 bytes required=1056 ibs=2
BC250 hosted op=34 count=2 hr=00000000
BC250 hosted op=3 count=2 hr=00000000
allocation handle=0x80000b00
allocation handle=0x40002980
allocation handle=0x400029c0
BC250 audit maps ctx=00000227E56BCED0 final=0 sample=4 image_calls=1 image_request_bytes=8192 buffer_calls=7 buffer_request_bytes=1144596 persistent_calls=5
BC250 audit bucket_summary ctx=00000227E56BCED0 sample=4 overflow=0
BC250 audit bucket ctx=00000227E56BCED0 sample=4 id=0 target=0 size=24000x1x1 format=81 bind=8008000 usage=703 box=24000x1x1 runtime=0 user_ptr=0 calls=4 bytes=96000
BC250 audit bucket ctx=00000227E56BCED0 sample=4 id=1 target=0 size=4x1x1 format=81 bind=8400 usage=2a box=4x1x1 runtime=0 user_ptr=0 calls=1 bytes=4
BC250 audit bucket ctx=00000227E56BCED0 sample=4 id=2 target=0 size=1048576x1x1 format=81 bind=8070 usage=322 box=1048576x1x1 runtime=0 user_ptr=0 calls=1 bytes=1048576
BC250 audit bucket ctx=00000227E56BCED0 sample=4 id=3 target=0 size=16x1x1 format=81 bind=8010 usage=2a box=16x1x1 runtime=0 user_ptr=0 calls=1 bytes=16
BC250 audit bucket ctx=00000227E56BCED0 sample=4 id=4 target=2 size=64x32x1 format=84 bind=0 usage=1 box=64x32x1 runtime=0 user_ptr=0 calls=1 bytes=8192
BC250 audit maps ctx=00000227E56BCED0 final=0 sample=5 image_calls=1 image_request_bytes=8192 buffer_calls=7 buffer_request_bytes=1144596 persistent_calls=5
BC250 audit bucket_summary ctx=00000227E56BCED0 sample=5 overflow=0
BC250 audit bucket ctx=00000227E56BCED0 sample=5 id=0 target=0 size=24000x1x1 format=81 bind=8008000 usage=703 box=24000x1x1 runtime=0 user_ptr=0 calls=4 bytes=96000
BC250 audit bucket ctx=00000227E56BCED0 sample=5 id=1 target=0 size=4x1x1 format=81 bind=8400 usage=2a box=4x1x1 runtime=0 user_ptr=0 calls=1 bytes=4
BC250 audit bucket ctx=00000227E56BCED0 sample=5 id=2 target=0 size=1048576x1x1 format=81 bind=8070 usage=322 box=1048576x1x1 runtime=0 user_ptr=0 calls=1 bytes=1048576
BC250 audit bucket ctx=00000227E56BCED0 sample=5 id=3 target=0 size=16x1x1 format=81 bind=8010 usage=2a box=16x1x1 runtime=0 user_ptr=0 calls=1 bytes=16
BC250 audit bucket ctx=00000227E56BCED0 sample=5 id=4 target=2 size=64x32x1 format=84 bind=0 usage=1 box=64x32x1 runtime=0 user_ptr=0 calls=1 bytes=8192
allocation handle=0x40002a00
bc250: gather capacity=4096 bytes required=2944 ibs=4
allocation handle=0x40002a40
allocation handle=0x40002a80
allocation handle=0x40002ac0
BC250 audit maps ctx=000001676802F250 final=0 sample=3 image_calls=0 image_request_bytes=0 buffer_calls=7 buffer_request_bytes=1144596 persistent_calls=5
BC250 audit bucket_summary ctx=000001676802F250 sample=3 overflow=0
BC250 audit bucket ctx=000001676802F250 sample=3 id=0 target=0 size=24000x1x1 format=81 bind=8008000 usage=703 box=24000x1x1 runtime=0 user_ptr=0 calls=4 bytes=96000
BC250 audit bucket ctx=000001676802F250 sample=3 id=1 target=0 size=4x1x1 format=81 bind=8400 usage=2a box=4x1x1 runtime=0 user_ptr=0 calls=1 bytes=4
BC250 audit bucket ctx=000001676802F250 sample=3 id=2 target=0 size=1048576x1x1 format=81 bind=8070 usage=322 box=1048576x1x1 runtime=0 user_ptr=0 calls=1 bytes=1048576
BC250 audit bucket ctx=000001676802F250 sample=3 id=3 target=0 size=16x1x1 format=81 bind=8010 usage=2a box=16x1x1 runtime=0 user_ptr=0 calls=1 bytes=16
BC250 audit maps ctx=000001676802F250 final=0 sample=4 image_calls=0 image_request_bytes=0 buffer_calls=7 buffer_request_bytes=1144596 persistent_calls=5
BC250 audit bucket_summary ctx=000001676802F250 sample=4 overflow=0
BC250 audit bucket ctx=000001676802F250 sample=4 id=0 target=0 size=24000x1x1 format=81 bind=8008000 usage=703 box=24000x1x1 runtime=0 user_ptr=0 calls=4 bytes=96000
BC250 audit bucket ctx=000001676802F250 sample=4 id=1 target=0 size=4x1x1 format=81 bind=8400 usage=2a box=4x1x1 runtime=0 user_ptr=0 calls=1 bytes=4
BC250 audit bucket ctx=000001676802F250 sample=4 id=2 target=0 size=1048576x1x1 format=81 bind=8070 usage=322 box=1048576x1x1 runtime=0 user_ptr=0 calls=1 bytes=1048576
BC250 audit bucket ctx=000001676802F250 sample=4 id=3 target=0 size=16x1x1 format=81 bind=8010 usage=2a box=16x1x1 runtime=0 user_ptr=0 calls=1 bytes=16
allocation handle=0x80000a80
bc250: gather capacity=4096 bytes required=3008 ibs=4
BC250 hosted op=34 count=2 hr=00000000
BC250 hosted op=3 count=2 hr=00000000
allocation handle=0x80000b40
allocation handle=0x80000b00
allocation handle=0x40002980
allocation handle=0x400029c0
BC250 audit maps ctx=000001676802F250 final=0 sample=5 image_calls=1 image_request_bytes=8192 buffer_calls=7 buffer_request_bytes=1144596 persistent_calls=5
BC250 audit bucket_summary ctx=000001676802F250 sample=5 overflow=0
BC250 audit bucket ctx=000001676802F250 sample=5 id=0 target=0 size=24000x1x1 format=81 bind=8008000 usage=703 box=24000x1x1 runtime=0 user_ptr=0 calls=4 bytes=96000
BC250 audit bucket ctx=000001676802F250 sample=5 id=1 target=0 size=4x1x1 format=81 bind=8400 usage=2a box=4x1x1 runtime=0 user_ptr=0 calls=1 bytes=4
BC250 audit bucket ctx=000001676802F250 sample=5 id=2 target=0 size=1048576x1x1 format=81 bind=8070 usage=322 box=1048576x1x1 runtime=0 user_ptr=0 calls=1 bytes=1048576
BC250 audit bucket ctx=000001676802F250 sample=5 id=3 target=0 size=16x1x1 format=81 bind=8010 usage=2a box=16x1x1 runtime=0 user_ptr=0 calls=1 bytes=16
BC250 audit bucket ctx=000001676802F250 sample=5 id=4 target=2 size=64x32x1 format=84 bind=0 usage=1 box=64x32x1 runtime=0 user_ptr=0 calls=1 bytes=8192
allocation handle=0x40002a00
bc250: gather capacity=4096 bytes required=1056 ibs=2
allocation handle=0x40002a40
allocation handle=0x40002a80
allocation handle=0x40002ac0
BC250 audit maps ctx=000001676802F250 final=0 sample=6 image_calls=1 image_request_bytes=8192 buffer_calls=7 buffer_request_bytes=1144596 persistent_calls=5
BC250 audit bucket_summary ctx=000001676802F250 sample=6 overflow=0
BC250 audit bucket ctx=000001676802F250 sample=6 id=0 target=0 size=24000x1x1 format=81 bind=8008000 usage=703 box=24000x1x1 runtime=0 user_ptr=0 calls=4 bytes=96000
BC250 audit bucket ctx=000001676802F250 sample=6 id=1 target=0 size=4x1x1 format=81 bind=8400 usage=2a box=4x1x1 runtime=0 user_ptr=0 calls=1 bytes=4
BC250 audit bucket ctx=000001676802F250 sample=6 id=2 target=0 size=1048576x1x1 format=81 bind=8070 usage=322 box=1048576x1x1 runtime=0 user_ptr=0 calls=1 bytes=1048576
BC250 audit bucket ctx=000001676802F250 sample=6 id=3 target=0 size=16x1x1 format=81 bind=8010 usage=2a box=16x1x1 runtime=0 user_ptr=0 calls=1 bytes=16
BC250 audit bucket ctx=000001676802F250 sample=6 id=4 target=2 size=64x32x1 format=84 bind=0 usage=1 box=64x32x1 runtime=0 user_ptr=0 calls=1 bytes=8192
BC250 audit maps ctx=000001676802F250 final=0 sample=7 image_calls=1 image_request_bytes=8192 buffer_calls=7 buffer_request_bytes=1144596 persistent_calls=5
BC250 audit bucket_summary ctx=000001676802F250 sample=7 overflow=0
BC250 audit bucket ctx=000001676802F250 sample=7 id=0 target=0 size=24000x1x1 format=81 bind=8008000 usage=703 box=24000x1x1 runtime=0 user_ptr=0 calls=4 bytes=96000
BC250 audit bucket ctx=000001676802F250 sample=7 id=1 target=0 size=4x1x1 format=81 bind=8400 usage=2a box=4x1x1 runtime=0 user_ptr=0 calls=1 bytes=4
BC250 audit bucket ctx=000001676802F250 sample=7 id=2 target=0 size=1048576x1x1 format=81 bind=8070 usage=322 box=1048576x1x1 runtime=0 user_ptr=0 calls=1 bytes=1048576
BC250 audit bucket ctx=000001676802F250 sample=7 id=3 target=0 size=16x1x1 format=81 bind=8010 usage=2a box=16x1x1 runtime=0 user_ptr=0 calls=1 bytes=16
BC250 audit bucket ctx=000001676802F250 sample=7 id=4 target=2 size=64x32x1 format=84 bind=0 usage=1 box=64x32x1 runtime=0 user_ptr=0 calls=1 bytes=8192
allocation handle=0x40002b00
bc250: gather capacity=4096 bytes required=2944 ibs=4
allocation handle=0x40002b40
allocation handle=0x80000bc0
allocation handle=0x80000b80
allocation handle=0x80000e40
allocation handle=0x80000e00
allocation handle=0x80000c40
BC250 audit maps ctx=00000227E56BCED0 final=0 sample=6 image_calls=1 image_request_bytes=8192 buffer_calls=7 buffer_request_bytes=1144596 persistent_calls=5
BC250 audit bucket_summary ctx=00000227E56BCED0 sample=6 overflow=0
BC250 audit bucket ctx=00000227E56BCED0 sample=6 id=0 target=0 size=24000x1x1 format=81 bind=8008000 usage=703 box=24000x1x1 runtime=0 user_ptr=0 calls=4 bytes=96000
BC250 audit bucket ctx=00000227E56BCED0 sample=6 id=1 target=0 size=4x1x1 format=81 bind=8400 usage=2a box=4x1x1 runtime=0 user_ptr=0 calls=1 bytes=4
BC250 audit bucket ctx=00000227E56BCED0 sample=6 id=2 target=0 size=1048576x1x1 format=81 bind=8070 usage=322 box=1048576x1x1 runtime=0 user_ptr=0 calls=1 bytes=1048576
BC250 audit bucket ctx=00000227E56BCED0 sample=6 id=3 target=0 size=16x1x1 format=81 bind=8010 usage=2a box=16x1x1 runtime=0 user_ptr=0 calls=1 bytes=16
BC250 audit bucket ctx=00000227E56BCED0 sample=6 id=4 target=2 size=64x32x1 format=84 bind=0 usage=1 box=64x32x1 runtime=0 user_ptr=0 calls=1 bytes=8192
BC250 audit maps ctx=00000227E56BCED0 final=0 sample=7 image_calls=1 image_request_bytes=8192 buffer_calls=7 buffer_request_bytes=1144596 persistent_calls=5
BC250 audit bucket_summary ctx=00000227E56BCED0 sample=7 overflow=0
BC250 audit bucket ctx=00000227E56BCED0 sample=7 id=0 target=0 size=24000x1x1 format=81 bind=8008000 usage=703 box=24000x1x1 runtime=0 user_ptr=0 calls=4 bytes=96000
BC250 audit bucket ctx=00000227E56BCED0 sample=7 id=1 target=0 size=4x1x1 format=81 bind=8400 usage=2a box=4x1x1 runtime=0 user_ptr=0 calls=1 bytes=4
BC250 audit bucket ctx=00000227E56BCED0 sample=7 id=2 target=0 size=1048576x1x1 format=81 bind=8070 usage=322 box=1048576x1x1 runtime=0 user_ptr=0 calls=1 bytes=1048576
BC250 audit bucket ctx=00000227E56BCED0 sample=7 id=3 target=0 size=16x1x1 format=81 bind=8010 usage=2a box=16x1x1 runtime=0 user_ptr=0 calls=1 bytes=16
BC250 audit bucket ctx=00000227E56BCED0 sample=7 id=4 target=2 size=64x32x1 format=84 bind=0 usage=1 box=64x32x1 runtime=0 user_ptr=0 calls=1 bytes=8192
allocation handle=0x40002b00
bc250: gather capacity=4096 bytes required=3008 ibs=4
allocation handle=0x40002b40
allocation handle=0x80000bc0
allocation handle=0x80000b80
allocation handle=0x80000e40
allocation handle=0x80000e00
allocation handle=0x80000c40
BC250 audit maps ctx=00000227E56BCED0 final=0 sample=8 image_calls=2 image_request_bytes=16384 buffer_calls=8 buffer_request_bytes=1168596 persistent_calls=6
BC250 audit bucket_summary ctx=00000227E56BCED0 sample=8 overflow=0
BC250 audit bucket ctx=00000227E56BCED0 sample=8 id=0 target=0 size=24000x1x1 format=81 bind=8008000 usage=703 box=24000x1x1 runtime=0 user_ptr=0 calls=5 bytes=120000
BC250 audit bucket ctx=00000227E56BCED0 sample=8 id=1 target=0 size=4x1x1 format=81 bind=8400 usage=2a box=4x1x1 runtime=0 user_ptr=0 calls=1 bytes=4
BC250 audit bucket ctx=00000227E56BCED0 sample=8 id=2 target=0 size=1048576x1x1 format=81 bind=8070 usage=322 box=1048576x1x1 runtime=0 user_ptr=0 calls=1 bytes=1048576
BC250 audit bucket ctx=00000227E56BCED0 sample=8 id=3 target=0 size=16x1x1 format=81 bind=8010 usage=2a box=16x1x1 runtime=0 user_ptr=0 calls=1 bytes=16
BC250 audit bucket ctx=00000227E56BCED0 sample=8 id=4 target=2 size=64x32x1 format=84 bind=0 usage=1 box=64x32x1 runtime=0 user_ptr=0 calls=2 bytes=16384
allocation handle=0x80000c00
bc250: gather capacity=4096 bytes required=1056 ibs=2
allocation handle=0x80000dc0
bc250: gather capacity=4096 bytes required=2944 ibs=4
BC250 audit maps ctx=000001676802F250 final=0 sample=8 image_calls=1 image_request_bytes=8192 buffer_calls=8 buffer_request_bytes=1168596 persistent_calls=6
BC250 audit bucket_summary ctx=000001676802F250 sample=8 overflow=0
BC250 audit bucket ctx=000001676802F250 sample=8 id=0 target=0 size=24000x1x1 format=81 bind=8008000 usage=703 box=24000x1x1 runtime=0 user_ptr=0 calls=5 bytes=120000
BC250 audit bucket ctx=000001676802F250 sample=8 id=1 target=0 size=4x1x1 format=81 bind=8400 usage=2a box=4x1x1 runtime=0 user_ptr=0 calls=1 bytes=4
BC250 audit bucket ctx=000001676802F250 sample=8 id=2 target=0 size=1048576x1x1 format=81 bind=8070 usage=322 box=1048576x1x1 runtime=0 user_ptr=0 calls=1 bytes=1048576
BC250 audit bucket ctx=000001676802F250 sample=8 id=3 target=0 size=16x1x1 format=81 bind=8010 usage=2a box=16x1x1 runtime=0 user_ptr=0 calls=1 bytes=16
BC250 audit bucket ctx=000001676802F250 sample=8 id=4 target=2 size=64x32x1 format=84 bind=0 usage=1 box=64x32x1 runtime=0 user_ptr=0 calls=1 bytes=8192
allocation handle=0x80000c00
bc250: gather capacity=4096 bytes required=3008 ibs=4
allocation handle=0x80000dc0
bc250: gather capacity=4096 bytes required=1056 ibs=2
allocation handle=0x80000d80
bc250: gather capacity=4096 bytes required=2944 ibs=4
allocation handle=0x80000d80
bc250: gather capacity=4096 bytes required=3008 ibs=4
BC250 audit maps ctx=00000227E56BCED0 final=0 sample=64 image_calls=13 image_request_bytes=106496 buffer_calls=8 buffer_request_bytes=1168596 persistent_calls=6
BC250 audit bucket_summary ctx=00000227E56BCED0 sample=64 overflow=0
BC250 audit bucket ctx=00000227E56BCED0 sample=64 id=0 target=0 size=24000x1x1 format=81 bind=8008000 usage=703 box=24000x1x1 runtime=0 user_ptr=0 calls=5 bytes=120000
BC250 audit bucket ctx=00000227E56BCED0 sample=64 id=1 target=0 size=4x1x1 format=81 bind=8400 usage=2a box=4x1x1 runtime=0 user_ptr=0 calls=1 bytes=4
BC250 audit bucket ctx=00000227E56BCED0 sample=64 id=2 target=0 size=1048576x1x1 format=81 bind=8070 usage=322 box=1048576x1x1 runtime=0 user_ptr=0 calls=1 bytes=1048576
BC250 audit bucket ctx=00000227E56BCED0 sample=64 id=3 target=0 size=16x1x1 format=81 bind=8010 usage=2a box=16x1x1 runtime=0 user_ptr=0 calls=1 bytes=16
BC250 audit bucket ctx=00000227E56BCED0 sample=64 id=4 target=2 size=64x32x1 format=84 bind=0 usage=1 box=64x32x1 runtime=0 user_ptr=0 calls=13 bytes=106496
BC250 audit maps ctx=000001676802F250 final=0 sample=64 image_calls=12 image_request_bytes=98304 buffer_calls=8 buffer_request_bytes=1168596 persistent_calls=6
BC250 audit bucket_summary ctx=000001676802F250 sample=64 overflow=0
BC250 audit bucket ctx=000001676802F250 sample=64 id=0 target=0 size=24000x1x1 format=81 bind=8008000 usage=703 box=24000x1x1 runtime=0 user_ptr=0 calls=5 bytes=120000
BC250 audit bucket ctx=000001676802F250 sample=64 id=1 target=0 size=4x1x1 format=81 bind=8400 usage=2a box=4x1x1 runtime=0 user_ptr=0 calls=1 bytes=4
BC250 audit bucket ctx=000001676802F250 sample=64 id=2 target=0 size=1048576x1x1 format=81 bind=8070 usage=322 box=1048576x1x1 runtime=0 user_ptr=0 calls=1 bytes=1048576
BC250 audit bucket ctx=000001676802F250 sample=64 id=3 target=0 size=16x1x1 format=81 bind=8010 usage=2a box=16x1x1 runtime=0 user_ptr=0 calls=1 bytes=16
BC250 audit bucket ctx=000001676802F250 sample=64 id=4 target=2 size=64x32x1 format=84 bind=0 usage=1 box=64x32x1 runtime=0 user_ptr=0 calls=12 bytes=98304
BC250 audit maps ctx=00000227E56BCED0 final=0 sample=128 image_calls=26 image_request_bytes=212992 buffer_calls=8 buffer_request_bytes=1168596 persistent_calls=6
BC250 audit bucket_summary ctx=00000227E56BCED0 sample=128 overflow=0
BC250 audit bucket ctx=00000227E56BCED0 sample=128 id=0 target=0 size=24000x1x1 format=81 bind=8008000 usage=703 box=24000x1x1 runtime=0 user_ptr=0 calls=5 bytes=120000
BC250 audit bucket ctx=00000227E56BCED0 sample=128 id=1 target=0 size=4x1x1 format=81 bind=8400 usage=2a box=4x1x1 runtime=0 user_ptr=0 calls=1 bytes=4
BC250 audit bucket ctx=00000227E56BCED0 sample=128 id=2 target=0 size=1048576x1x1 format=81 bind=8070 usage=322 box=1048576x1x1 runtime=0 user_ptr=0 calls=1 bytes=1048576
BC250 audit bucket ctx=00000227E56BCED0 sample=128 id=3 target=0 size=16x1x1 format=81 bind=8010 usage=2a box=16x1x1 runtime=0 user_ptr=0 calls=1 bytes=16
BC250 audit bucket ctx=00000227E56BCED0 sample=128 id=4 target=2 size=64x32x1 format=84 bind=0 usage=1 box=64x32x1 runtime=0 user_ptr=0 calls=26 bytes=212992
BC250 audit maps ctx=000001676802F250 final=0 sample=128 image_calls=25 image_request_bytes=204800 buffer_calls=8 buffer_request_bytes=1168596 persistent_calls=6
BC250 audit bucket_summary ctx=000001676802F250 sample=128 overflow=0
BC250 audit bucket ctx=000001676802F250 sample=128 id=0 target=0 size=24000x1x1 format=81 bind=8008000 usage=703 box=24000x1x1 runtime=0 user_ptr=0 calls=5 bytes=120000
BC250 audit bucket ctx=000001676802F250 sample=128 id=1 target=0 size=4x1x1 format=81 bind=8400 usage=2a box=4x1x1 runtime=0 user_ptr=0 calls=1 bytes=4
BC250 audit bucket ctx=000001676802F250 sample=128 id=2 target=0 size=1048576x1x1 format=81 bind=8070 usage=322 box=1048576x1x1 runtime=0 user_ptr=0 calls=1 bytes=1048576
BC250 audit bucket ctx=000001676802F250 sample=128 id=3 target=0 size=16x1x1 format=81 bind=8010 usage=2a box=16x1x1 runtime=0 user_ptr=0 calls=1 bytes=16
BC250 audit bucket ctx=000001676802F250 sample=128 id=4 target=2 size=64x32x1 format=84 bind=0 usage=1 box=64x32x1 runtime=0 user_ptr=0 calls=25 bytes=204800
BC250 audit maps ctx=000001676802F250 final=0 sample=192 image_calls=38 image_request_bytes=311296 buffer_calls=8 buffer_request_bytes=1168596 persistent_calls=6
BC250 audit bucket_summary ctx=000001676802F250 sample=192 overflow=0
BC250 audit bucket ctx=000001676802F250 sample=192 id=0 target=0 size=24000x1x1 format=81 bind=8008000 usage=703 box=24000x1x1 runtime=0 user_ptr=0 calls=5 bytes=120000
BC250 audit bucket ctx=000001676802F250 sample=192 id=1 target=0 size=4x1x1 format=81 bind=8400 usage=2a box=4x1x1 runtime=0 user_ptr=0 calls=1 bytes=4
BC250 audit bucket ctx=000001676802F250 sample=192 id=2 target=0 size=1048576x1x1 format=81 bind=8070 usage=322 box=1048576x1x1 runtime=0 user_ptr=0 calls=1 bytes=1048576
BC250 audit bucket ctx=000001676802F250 sample=192 id=3 target=0 size=16x1x1 format=81 bind=8010 usage=2a box=16x1x1 runtime=0 user_ptr=0 calls=1 bytes=16
BC250 audit bucket ctx=000001676802F250 sample=192 id=4 target=2 size=64x32x1 format=84 bind=0 usage=1 box=64x32x1 runtime=0 user_ptr=0 calls=38 bytes=311296
BC250 audit maps ctx=00000227E56BCED0 final=0 sample=192 image_calls=38 image_request_bytes=311296 buffer_calls=8 buffer_request_bytes=1168596 persistent_calls=6
BC250 audit bucket_summary ctx=00000227E56BCED0 sample=192 overflow=0
BC250 audit bucket ctx=00000227E56BCED0 sample=192 id=0 target=0 size=24000x1x1 format=81 bind=8008000 usage=703 box=24000x1x1 runtime=0 user_ptr=0 calls=5 bytes=120000
BC250 audit bucket ctx=00000227E56BCED0 sample=192 id=1 target=0 size=4x1x1 format=81 bind=8400 usage=2a box=4x1x1 runtime=0 user_ptr=0 calls=1 bytes=4
BC250 audit bucket ctx=00000227E56BCED0 sample=192 id=2 target=0 size=1048576x1x1 format=81 bind=8070 usage=322 box=1048576x1x1 runtime=0 user_ptr=0 calls=1 bytes=1048576
BC250 audit bucket ctx=00000227E56BCED0 sample=192 id=3 target=0 size=16x1x1 format=81 bind=8010 usage=2a box=16x1x1 runtime=0 user_ptr=0 calls=1 bytes=16
BC250 audit bucket ctx=00000227E56BCED0 sample=192 id=4 target=2 size=64x32x1 format=84 bind=0 usage=1 box=64x32x1 runtime=0 user_ptr=0 calls=38 bytes=311296
BC250 audit maps ctx=000001676802F250 final=0 sample=256 image_calls=51 image_request_bytes=417792 buffer_calls=8 buffer_request_bytes=1168596 persistent_calls=6
BC250 audit bucket_summary ctx=000001676802F250 sample=256 overflow=0
BC250 audit bucket ctx=000001676802F250 sample=256 id=0 target=0 size=24000x1x1 format=81 bind=8008000 usage=703 box=24000x1x1 runtime=0 user_ptr=0 calls=5 bytes=120000
BC250 audit bucket ctx=000001676802F250 sample=256 id=1 target=0 size=4x1x1 format=81 bind=8400 usage=2a box=4x1x1 runtime=0 user_ptr=0 calls=1 bytes=4
BC250 audit bucket ctx=000001676802F250 sample=256 id=2 target=0 size=1048576x1x1 format=81 bind=8070 usage=322 box=1048576x1x1 runtime=0 user_ptr=0 calls=1 bytes=1048576
BC250 audit bucket ctx=000001676802F250 sample=256 id=3 target=0 size=16x1x1 format=81 bind=8010 usage=2a box=16x1x1 runtime=0 user_ptr=0 calls=1 bytes=16
BC250 audit bucket ctx=000001676802F250 sample=256 id=4 target=2 size=64x32x1 format=84 bind=0 usage=1 box=64x32x1 runtime=0 user_ptr=0 calls=51 bytes=417792
BC250 audit maps ctx=00000227E56BCED0 final=0 sample=256 image_calls=51 image_request_bytes=417792 buffer_calls=8 buffer_request_bytes=1168596 persistent_calls=6
BC250 audit bucket_summary ctx=00000227E56BCED0 sample=256 overflow=0
BC250 audit bucket ctx=00000227E56BCED0 sample=256 id=0 target=0 size=24000x1x1 format=81 bind=8008000 usage=703 box=24000x1x1 runtime=0 user_ptr=0 calls=5 bytes=120000
BC250 audit bucket ctx=00000227E56BCED0 sample=256 id=1 target=0 size=4x1x1 format=81 bind=8400 usage=2a box=4x1x1 runtime=0 user_ptr=0 calls=1 bytes=4
BC250 audit bucket ctx=00000227E56BCED0 sample=256 id=2 target=0 size=1048576x1x1 format=81 bind=8070 usage=322 box=1048576x1x1 runtime=0 user_ptr=0 calls=1 bytes=1048576
BC250 audit bucket ctx=00000227E56BCED0 sample=256 id=3 target=0 size=16x1x1 format=81 bind=8010 usage=2a box=16x1x1 runtime=0 user_ptr=0 calls=1 bytes=16
BC250 audit bucket ctx=00000227E56BCED0 sample=256 id=4 target=2 size=64x32x1 format=84 bind=0 usage=1 box=64x32x1 runtime=0 user_ptr=0 calls=51 bytes=417792
BC250 audit maps ctx=00000227E56BCED0 final=0 sample=320 image_calls=64 image_request_bytes=524288 buffer_calls=8 buffer_request_bytes=1168596 persistent_calls=6
BC250 audit bucket_summary ctx=00000227E56BCED0 sample=320 overflow=0
BC250 audit bucket ctx=00000227E56BCED0 sample=320 id=0 target=0 size=24000x1x1 format=81 bind=8008000 usage=703 box=24000x1x1 runtime=0 user_ptr=0 calls=5 bytes=120000
BC250 audit bucket ctx=00000227E56BCED0 sample=320 id=1 target=0 size=4x1x1 format=81 bind=8400 usage=2a box=4x1x1 runtime=0 user_ptr=0 calls=1 bytes=4
BC250 audit bucket ctx=00000227E56BCED0 sample=320 id=2 target=0 size=1048576x1x1 format=81 bind=8070 usage=322 box=1048576x1x1 runtime=0 user_ptr=0 calls=1 bytes=1048576
BC250 audit bucket ctx=00000227E56BCED0 sample=320 id=3 target=0 size=16x1x1 format=81 bind=8010 usage=2a box=16x1x1 runtime=0 user_ptr=0 calls=1 bytes=16
BC250 audit bucket ctx=00000227E56BCED0 sample=320 id=4 target=2 size=64x32x1 format=84 bind=0 usage=1 box=64x32x1 runtime=0 user_ptr=0 calls=64 bytes=524288
BC250 audit maps ctx=000001676802F250 final=0 sample=320 image_calls=64 image_request_bytes=524288 buffer_calls=8 buffer_request_bytes=1168596 persistent_calls=6
BC250 audit bucket_summary ctx=000001676802F250 sample=320 overflow=0
BC250 audit bucket ctx=000001676802F250 sample=320 id=0 target=0 size=24000x1x1 format=81 bind=8008000 usage=703 box=24000x1x1 runtime=0 user_ptr=0 calls=5 bytes=120000
BC250 audit bucket ctx=000001676802F250 sample=320 id=1 target=0 size=4x1x1 format=81 bind=8400 usage=2a box=4x1x1 runtime=0 user_ptr=0 calls=1 bytes=4
BC250 audit bucket ctx=000001676802F250 sample=320 id=2 target=0 size=1048576x1x1 format=81 bind=8070 usage=322 box=1048576x1x1 runtime=0 user_ptr=0 calls=1 bytes=1048576
BC250 audit bucket ctx=000001676802F250 sample=320 id=3 target=0 size=16x1x1 format=81 bind=8010 usage=2a box=16x1x1 runtime=0 user_ptr=0 calls=1 bytes=16
BC250 audit bucket ctx=000001676802F250 sample=320 id=4 target=2 size=64x32x1 format=84 bind=0 usage=1 box=64x32x1 runtime=0 user_ptr=0 calls=64 bytes=524288
BC250 audit maps ctx=00000227E56BCED0 final=0 sample=384 image_calls=77 image_request_bytes=630784 buffer_calls=8 buffer_request_bytes=1168596 persistent_calls=6
BC250 audit bucket_summary ctx=00000227E56BCED0 sample=384 overflow=0
BC250 audit bucket ctx=00000227E56BCED0 sample=384 id=0 target=0 size=24000x1x1 format=81 bind=8008000 usage=703 box=24000x1x1 runtime=0 user_ptr=0 calls=5 bytes=120000
BC250 audit bucket ctx=00000227E56BCED0 sample=384 id=1 target=0 size=4x1x1 format=81 bind=8400 usage=2a box=4x1x1 runtime=0 user_ptr=0 calls=1 bytes=4
BC250 audit bucket ctx=00000227E56BCED0 sample=384 id=2 target=0 size=1048576x1x1 format=81 bind=8070 usage=322 box=1048576x1x1 runtime=0 user_ptr=0 calls=1 bytes=1048576
BC250 audit bucket ctx=00000227E56BCED0 sample=384 id=3 target=0 size=16x1x1 format=81 bind=8010 usage=2a box=16x1x1 runtime=0 user_ptr=0 calls=1 bytes=16
BC250 audit bucket ctx=00000227E56BCED0 sample=384 id=4 target=2 size=64x32x1 format=84 bind=0 usage=1 box=64x32x1 runtime=0 user_ptr=0 calls=77 bytes=630784
BC250 audit maps ctx=000001676802F250 final=0 sample=384 image_calls=76 image_request_bytes=622592 buffer_calls=8 buffer_request_bytes=1168596 persistent_calls=6
BC250 audit bucket_summary ctx=000001676802F250 sample=384 overflow=0
BC250 audit bucket ctx=000001676802F250 sample=384 id=0 target=0 size=24000x1x1 format=81 bind=8008000 usage=703 box=24000x1x1 runtime=0 user_ptr=0 calls=5 bytes=120000
BC250 audit bucket ctx=000001676802F250 sample=384 id=1 target=0 size=4x1x1 format=81 bind=8400 usage=2a box=4x1x1 runtime=0 user_ptr=0 calls=1 bytes=4
BC250 audit bucket ctx=000001676802F250 sample=384 id=2 target=0 size=1048576x1x1 format=81 bind=8070 usage=322 box=1048576x1x1 runtime=0 user_ptr=0 calls=1 bytes=1048576
BC250 audit bucket ctx=000001676802F250 sample=384 id=3 target=0 size=16x1x1 format=81 bind=8010 usage=2a box=16x1x1 runtime=0 user_ptr=0 calls=1 bytes=16
BC250 audit bucket ctx=000001676802F250 sample=384 id=4 target=2 size=64x32x1 format=84 bind=0 usage=1 box=64x32x1 runtime=0 user_ptr=0 calls=76 bytes=622592
BC250 audit maps ctx=00000227E56BCED0 final=0 sample=448 image_calls=90 image_request_bytes=737280 buffer_calls=8 buffer_request_bytes=1168596 persistent_calls=6
BC250 audit bucket_summary ctx=00000227E56BCED0 sample=448 overflow=0
BC250 audit bucket ctx=00000227E56BCED0 sample=448 id=0 target=0 size=24000x1x1 format=81 bind=8008000 usage=703 box=24000x1x1 runtime=0 user_ptr=0 calls=5 bytes=120000
BC250 audit bucket ctx=00000227E56BCED0 sample=448 id=1 target=0 size=4x1x1 format=81 bind=8400 usage=2a box=4x1x1 runtime=0 user_ptr=0 calls=1 bytes=4
BC250 audit bucket ctx=00000227E56BCED0 sample=448 id=2 target=0 size=1048576x1x1 format=81 bind=8070 usage=322 box=1048576x1x1 runtime=0 user_ptr=0 calls=1 bytes=1048576
BC250 audit bucket ctx=00000227E56BCED0 sample=448 id=3 target=0 size=16x1x1 format=81 bind=8010 usage=2a box=16x1x1 runtime=0 user_ptr=0 calls=1 bytes=16
BC250 audit bucket ctx=00000227E56BCED0 sample=448 id=4 target=2 size=64x32x1 format=84 bind=0 usage=1 box=64x32x1 runtime=0 user_ptr=0 calls=90 bytes=737280
BC250 audit maps ctx=000001676802F250 final=0 sample=448 image_calls=89 image_request_bytes=729088 buffer_calls=8 buffer_request_bytes=1168596 persistent_calls=6
BC250 audit bucket_summary ctx=000001676802F250 sample=448 overflow=0
BC250 audit bucket ctx=000001676802F250 sample=448 id=0 target=0 size=24000x1x1 format=81 bind=8008000 usage=703 box=24000x1x1 runtime=0 user_ptr=0 calls=5 bytes=120000
BC250 audit bucket ctx=000001676802F250 sample=448 id=1 target=0 size=4x1x1 format=81 bind=8400 usage=2a box=4x1x1 runtime=0 user_ptr=0 calls=1 bytes=4
BC250 audit bucket ctx=000001676802F250 sample=448 id=2 target=0 size=1048576x1x1 format=81 bind=8070 usage=322 box=1048576x1x1 runtime=0 user_ptr=0 calls=1 bytes=1048576
BC250 audit bucket ctx=000001676802F250 sample=448 id=3 target=0 size=16x1x1 format=81 bind=8010 usage=2a box=16x1x1 runtime=0 user_ptr=0 calls=1 bytes=16
BC250 audit bucket ctx=000001676802F250 sample=448 id=4 target=2 size=64x32x1 format=84 bind=0 usage=1 box=64x32x1 runtime=0 user_ptr=0 calls=89 bytes=729088
BC250 release runtime resource refs=1 object_refs=1
BC250 Deallocate 00000000 flags=0
BC250 release runtime resource refs=1 object_refs=1
BC250 Deallocate 00000000 flags=0
BC250 Allocate hr=00000000 inputRT=0000016767F9BF10 callbackRT=0000016767F9BF10 miscShared=1 format=32 primary=0 allocation=40002bc0 resource=0
BC250 ALLOCATE ABI size=40 private=0 privateSize=8 hResource=16 hKMResource=24 NumAllocations=28 info2=32
BC250 surface hosted=1 allocation=40002bc0 pitch=320 bytes=12288
BC250 zink import type=2 modifier=0 identity=0000016767F6B0B8 va=8595374080
MESA: error: ZINK: vkCreateImage failed (VK_ERROR_INVALID_DRM_FORMAT_MODIFIER_PLANE_LAYOUT_EXT)
D3D destroy stage 0
D3D destroy stage 1
D3D destroy stage 2
D3D destroy stage 3
D3D destroy stage 4
D3D destroy stage 5
D3D destroy stage 6
D3D destroy stage 7
BC250 audit maps ctx=000001676802F250 final=1 sample=503 image_calls=100 image_request_bytes=819200 buffer_calls=8 buffer_request_bytes=1168596 persistent_calls=6
BC250 audit bucket_summary ctx=000001676802F250 sample=503 overflow=0
BC250 audit bucket ctx=000001676802F250 sample=503 id=0 target=0 size=24000x1x1 format=81 bind=8008000 usage=703 box=24000x1x1 runtime=0 user_ptr=0 calls=5 bytes=120000
BC250 audit bucket ctx=000001676802F250 sample=503 id=1 target=0 size=4x1x1 format=81 bind=8400 usage=2a box=4x1x1 runtime=0 user_ptr=0 calls=1 bytes=4
BC250 audit bucket ctx=000001676802F250 sample=503 id=2 target=0 size=1048576x1x1 format=81 bind=8070 usage=322 box=1048576x1x1 runtime=0 user_ptr=0 calls=1 bytes=1048576
BC250 audit bucket ctx=000001676802F250 sample=503 id=3 target=0 size=16x1x1 format=81 bind=8010 usage=2a box=16x1x1 runtime=0 user_ptr=0 calls=1 bytes=16
BC250 audit bucket ctx=000001676802F250 sample=503 id=4 target=2 size=64x32x1 format=84 bind=0 usage=1 box=64x32x1 runtime=0 user_ptr=0 calls=100 bytes=819200
BC250 hosted op=28 count=1 hr=00000000
BC250 destroy device screen=0000016767F70310 runtime=0000016767F6B0B8
BC250 hosted op=28 count=2 hr=00000000
BC250 hosted op=22 count=1 hr=00000000
BC250 hosted op=24 count=1 hr=00000000
BC250 hosted op=20 count=1 hr=00000000
BC250 hosted op=17 count=1 hr=00000000
BC250 hosted op=22 count=2 hr=00000000
BC250 hosted op=24 count=2 hr=00000000
BC250 hosted op=20 count=2 hr=00000000
BC250 hosted op=17 count=2 hr=00000000
BC250 hosted op=26 count=1 hr=00000000
BC250 destroy private Vulkan instance=0000016767FA91E0
BC250 hosted op=2 count=1 hr=00000000
BC250 hosted paging destroy identity=0000016767F6B0B8 queue=40002100 status=00000000
D3D destroy stage 8
BC250 destroy private Vulkan instance=00000167657C3BA0

[
    {
        "Path":  "C:\\BC250\\m13\\hosted-runtime033\\cross-process-control.exe",
        "Hash":  "64B47285C360C91D1E6899C47219175BED869F0774F888A856A44100C6A03059"
    },
    {
        "Path":  "C:\\BC250\\m13\\runtime-probe001\\bc250d3d_zink.dll",
        "Hash":  "F8BB0D3EDD6A777AB6B7EC2633FE1D512B5808D311924325E7AADFB6E415630C"
    },
    {
        "Path":  "C:\\BC250\\m10\\wsi-final\\vulkan_radeon.dll",
        "Hash":  "7A9970CA37E94D1224FAB40B77BE2FAC4A076CBEA2695DC8044CEF806A6F735E"
    }
]
CPU UMD file restored
restored=9C40083C08210C71A6F6DC7EA12F7C1205BBC6AA1DFE48E596C8495B6C2A9798
DWM before=84 after=84

