clock backend=kmd-smu abi=1 MHz=1000 VID=116 temperature_mc=66625 ready=1

task_exit=0
displayconfig sizes flags 2 err 0 paths 1 modes 2
displayconfig query flags 2 err 0 paths 1 modes 2
path src 0 dst 2424833 mode 1/0 flags 1 refresh 154000000/2568800
displayconfig sizes flags 1 err 0 paths 1 modes 2
displayconfig query flags 1 err 0 paths 1 modes 2
path src 0 dst 2424833 mode 1/0 flags 1 refresh 154000000/2568800
create 00000000 level a000
UMD_MODULE=C:\BC250\m13\mesa-quiet147-umd\bc250d3d.dll
shared second device 00000000
shared create 00000000
shared handle 00000000
shared open 00000000
completion A-clear PASS ms=0
shared A-to-B red mismatches 0 of 2048
completion B-clear PASS ms=0
shared B-to-A blue mismatches 0 of 2048
shared control PASS
buffer 00000000
rtv 00000000
staging 00000000
completion green-copy PASS ms=0
map 00000000
green mismatches 0 of 307200
present 0 087a0001
device removed 00000000
loaded_umd_path=C:\BC250\m13\mesa-quiet147-umd\bc250d3d.dll
loaded_umd_sha256=FF864DB8CBD6512DDD5538941A6332A9F85AF0D6EA287A5C3FC4A2C2C771E6D5
CACHE147_SHARED_PIXEL_CONTROL_PASS
now=2026-09-25T05:24:17.3955153+02:00
