bc250kmd 0x0007006E log snapshot: 19 lines, 0 lost to the wrap, 0 dropped above DISPATCH_LEVEL
     0      0.000 stage 10
     1      0.000 gate: EnableFullWddm 0
     2      0.002 stage 20
     3      0.114 stage 30
     4      0.116 stage 31
     5      0.118 stage 32
     6      0.118 post display 1920x1200 pitch 7680 format 22 target 2424833
     7      0.118 stage 33
     8      0.120 stage 34
     9      0.120 interrupt resource 1: message, vector 0x70, flags 0x3
    10      0.120 fb sample mapped: phys 0xC0000000 first 0x00000000 mid 0x00000000
    11      0.120 stage 35
    12      0.122 stage 39
    13      0.134 stage 50
    14      0.246 stage 60
    15      0.248 stage 61
    16    584.505 wddm summary: the full table is not running (EnableFullWddm closed, or no pool at the start)
    17    587.200 stage 70
    18    587.202 stage 79
