bc250kmd 0x0007006F log snapshot: 24 lines, 0 lost to the wrap, 0 dropped above DISPATCH_LEVEL
     0      0.004 stage 10
     1      0.004 gate: EnableFullWddm 1 (one shot: closed again on disk)
     2      0.006 stage 20
     3      0.116 stage 30
     4      0.118 stage 31
     5      0.118 stage 32
     6      0.118 post display 1920x1200 pitch 7680 format 22 target 2424833
     7      0.120 stage 33
     8      0.120 stage 34
     9      0.120 interrupt resource 1: message, vector 0x70, flags 0x3
    10      0.120 mmio: BAR5 at 0xFE800000 mapped, writes off, dcn writes off, vidpn flip off
    11      0.120 vram: 0x270000000 + 0x200000000, MC 0xF400000000, BAR0 0xC0000000 + 0x10000000, writes allowed
    12      0.120 fb sample mapped: phys 0xC0000000 first 0x00000000 mid 0x00000000
    13      0.120 fb sample physical: 0x270000000 first 0x00000000 mid 0x00000000
    14      0.120 gart: ready, dummy page at 0x26FFFA000
    15      0.120 psp: ready
    16      0.120 gpumem: ready, doorbells at 0xD0000000
    17      0.120 gfx: ready, GPU submission allowed, paging node allowed
    18      0.120 ih: ready
    19      0.124 vidmm: logical paging state 515 tables, 1031 slots, 4767344 bytes reserved
    20      0.128 vidmm: table segment 3 at physical 0x45E150000 + 0xFEB0000, host memory below 0x270000000, updates are WRITTEN
    21      0.128 startup: entering interrupt connection
    22      0.132 startup: entering firmware preparation
    23      0.136 startup: entering GART initialization
