compile (user mode, SDMA copy/fill packets)
  Generowanie kodu...
  Generowanie kodu...
link
run
SDMA copy/fill packets: driver/shim/bc250_sdma_copy.c against AMD's own field macros
(navi10_sdma_pkt_open.h) and against sdma_v5_0_emit_copy_buffer()/emit_fill_buffer()
(driver/amdgpu-import/reference/sdma_v5_0.c), dword for dword.

-- copy, one packet, 4096 bytes --

-- fill, one packet, 65536 bytes --

-- copy, split into two packets, 4194305 bytes --

-- fill, split into two packets, 4198400 bytes --

-- refusals --

-- bc250_sdma_copy_test: fill, copy, fence, one doorbell --
    note  fill 5 dw, copy 7 dw, fence 6 dw = 18 dw before padding

-- INDIRECT: executable AMD reference, VMIDs, wrap, submit fence --

-- VM INDIRECT: executable AMD root/TLB/IB reference --
    FAIL  AMD root then invalidate then IB then outer fence
    FAIL  AMD root then invalidate then IB then outer fence
    FAIL  AMD root then invalidate then IB then outer fence
    FAIL  AMD root then invalidate then IB then outer fence
    FAIL  AMD root then invalidate then IB then outer fence
    FAIL  AMD root then invalidate then IB then outer fence
    FAIL  AMD root then invalidate then IB then outer fence
    FAIL  AMD root then invalidate then IB then outer fence
    FAIL  AMD root then invalidate then IB then outer fence
    FAIL  AMD root then invalidate then IB then outer fence
    FAIL  AMD root then invalidate then IB then outer fence
    FAIL  AMD root then invalidate then IB then outer fence
    FAIL  AMD root then invalidate then IB then outer fence
    FAIL  AMD root then invalidate then IB then outer fence
    FAIL  AMD root then invalidate then IB then outer fence
    FAIL  AMD root then invalidate then IB then outer fence
    FAIL  AMD root then invalidate then IB then outer fence
    FAIL  AMD root then invalidate then IB then outer fence
    FAIL  AMD root then invalidate then IB then outer fence
    FAIL  AMD root then invalidate then IB then outer fence
    FAIL  AMD root then invalidate then IB then outer fence
    FAIL  AMD root then invalidate then IB then outer fence
    FAIL  AMD root then invalidate then IB then outer fence
    FAIL  AMD root then invalidate then IB then outer fence
    FAIL  AMD root then invalidate then IB then outer fence
    FAIL  AMD root then invalidate then IB then outer fence
    FAIL  AMD root then invalidate then IB then outer fence
    FAIL  AMD root then invalidate then IB then outer fence
    FAIL  AMD root then invalidate then IB then outer fence
    FAIL  AMD root then invalidate then IB then outer fence
    FAIL  AMD root then invalidate then IB then outer fence
    FAIL  AMD root then invalidate then IB then outer fence
    FAIL  AMD root then invalidate then IB then outer fence
    FAIL  AMD root then invalidate then IB then outer fence
    FAIL  AMD root then invalidate then IB then outer fence
    FAIL  AMD root then invalidate then IB then outer fence
    FAIL  AMD root then invalidate then IB then outer fence
    FAIL  AMD root then invalidate then IB then outer fence
    FAIL  AMD root then invalidate then IB then outer fence
    FAIL  AMD root then invalidate then IB then outer fence
    FAIL  AMD root then invalidate then IB then outer fence
    FAIL  AMD root then invalidate then IB then outer fence
    FAIL  AMD root then invalidate then IB then outer fence
    FAIL  AMD root then invalidate then IB then outer fence
    FAIL  AMD root then invalidate then IB then outer fence
    FAIL  AMD root then invalidate then IB then outer fence
    FAIL  AMD root then invalidate then IB then outer fence
    FAIL  AMD root then invalidate then IB then outer fence
    FAIL  AMD root then invalidate then IB then outer fence
    FAIL  AMD root then invalidate then IB then outer fence
    FAIL  AMD root then invalidate then IB then outer fence
    FAIL  AMD root then invalidate then IB then outer fence
    FAIL  AMD root then invalidate then IB then outer fence
    FAIL  AMD root then invalidate then IB then outer fence
    FAIL  AMD root then invalidate then IB then outer fence
    FAIL  AMD root then invalidate then IB then outer fence
    FAIL  AMD root then invalidate then IB then outer fence
    FAIL  AMD root then invalidate then IB then outer fence
    FAIL  AMD root then invalidate then IB then outer fence
    FAIL  AMD root then invalidate then IB then outer fence
    FAIL  AMD root then invalidate then IB then outer fence
    FAIL  AMD root then invalidate then IB then outer fence
    FAIL  AMD root then invalidate then IB then outer fence
    FAIL  AMD root then invalidate then IB then outer fence
    FAIL  AMD root then invalidate then IB then outer fence
    FAIL  AMD root then invalidate then IB then outer fence
    FAIL  AMD root then invalidate then IB then outer fence
    FAIL  AMD root then invalidate then IB then outer fence
    FAIL  AMD root then invalidate then IB then outer fence
    FAIL  AMD root then invalidate then IB then outer fence
    FAIL  AMD root then invalidate then IB then outer fence
    FAIL  AMD root then invalidate then IB then outer fence
    FAIL  AMD root then invalidate then IB then outer fence
    FAIL  AMD root then invalidate then IB then outer fence
    FAIL  AMD root then invalidate then IB then outer fence
    FAIL  AMD root then invalidate then IB then outer fence
    FAIL  AMD root then invalidate then IB then outer fence
    FAIL  AMD root then invalidate then IB then outer fence
    FAIL  AMD root then invalidate then IB then outer fence
    FAIL  AMD root then invalidate then IB then outer fence
    FAIL  AMD root then invalidate then IB then outer fence
    FAIL  AMD root then invalidate then IB then outer fence
    FAIL  AMD root then invalidate then IB then outer fence
    FAIL  AMD root then invalidate then IB then outer fence
    FAIL  AMD root then invalidate then IB then outer fence
    FAIL  AMD root then invalidate then IB then outer fence
    FAIL  AMD root then invalidate then IB then outer fence
    FAIL  AMD root then invalidate then IB then outer fence
    FAIL  AMD root then invalidate then IB then outer fence
    FAIL  AMD root then invalidate then IB then outer fence
    FAIL  AMD root then invalidate then IB then outer fence
    FAIL  AMD root then invalidate then IB then outer fence
    FAIL  AMD root then invalidate then IB then outer fence
    FAIL  AMD root then invalidate then IB then outer fence
    FAIL  AMD root then invalidate then IB then outer fence
    FAIL  AMD root then invalidate then IB then outer fence
    FAIL  AMD root then invalidate then IB then outer fence
    FAIL  AMD root then invalidate then IB then outer fence
    FAIL  AMD root then invalidate then IB then outer fence
    FAIL  AMD root then invalidate then IB then outer fence
    FAIL  AMD root then invalidate then IB then outer fence
    FAIL  AMD root then invalidate then IB then outer fence
    FAIL  AMD root then invalidate then IB then outer fence
    FAIL  AMD root then invalidate then IB then outer fence
    FAIL  AMD root then invalidate then IB then outer fence
    FAIL  AMD root then invalidate then IB then outer fence
    FAIL  AMD root then invalidate then IB then outer fence
    FAIL  AMD root then invalidate then IB then outer fence
    FAIL  AMD root then invalidate then IB then outer fence
    FAIL  AMD root then invalidate then IB then outer fence
    FAIL  AMD root then invalidate then IB then outer fence
    FAIL  AMD root then invalidate then IB then outer fence
    FAIL  AMD root then invalidate then IB then outer fence
    FAIL  AMD root then invalidate then IB then outer fence
    FAIL  AMD root then invalidate then IB then outer fence
    FAIL  AMD root then invalidate then IB then outer fence
    FAIL  AMD root then invalidate then IB then outer fence
    FAIL  AMD root then invalidate then IB then outer fence
    FAIL  AMD root then invalidate then IB then outer fence
    FAIL  AMD root then invalidate then IB then outer fence
    FAIL  AMD root then invalidate then IB then outer fence
    FAIL  AMD root then invalidate then IB then outer fence
    FAIL  AMD root then invalidate then IB then outer fence
    FAIL  AMD root then invalidate then IB then outer fence
    FAIL  AMD root then invalidate then IB then outer fence
    FAIL  AMD root then invalidate then IB then outer fence
    FAIL  AMD root then invalidate then IB then outer fence
    FAIL  AMD root then invalidate then IB then outer fence
    FAIL  AMD root then invalidate then IB then outer fence
    FAIL  AMD root then invalidate then IB then outer fence
    FAIL  AMD root then invalidate then IB then outer fence
    FAIL  AMD root then invalidate then IB then outer fence
    FAIL  AMD root then invalidate then IB then outer fence
    FAIL  AMD root then invalidate then IB then outer fence
    FAIL  AMD root then invalidate then IB then outer fence
    FAIL  AMD root then invalidate then IB then outer fence
    FAIL  AMD root then invalidate then IB then outer fence
    FAIL  AMD root then invalidate then IB then outer fence
    FAIL  AMD root then invalidate then IB then outer fence
    FAIL  AMD root then invalidate then IB then outer fence
    FAIL  AMD root then invalidate then IB then outer fence
    FAIL  AMD root then invalidate then IB then outer fence
    FAIL  AMD root then invalidate then IB then outer fence
    FAIL  AMD root then invalidate then IB then outer fence
    FAIL  AMD root then invalidate then IB then outer fence
    FAIL  AMD root then invalidate then IB then outer fence
    FAIL  AMD root then invalidate then IB then outer fence
    FAIL  AMD root then invalidate then IB then outer fence
    FAIL  AMD root then invalidate then IB then outer fence
    FAIL  AMD root then invalidate then IB then outer fence
    FAIL  AMD root then invalidate then IB then outer fence
    FAIL  AMD root then invalidate then IB then outer fence
    FAIL  AMD root then invalidate then IB then outer fence
    FAIL  AMD root then invalidate then IB then outer fence
    FAIL  AMD root then invalidate then IB then outer fence
    FAIL  AMD root then invalidate then IB then outer fence
    FAIL  AMD root then invalidate then IB then outer fence
    FAIL  AMD root then invalidate then IB then outer fence
    FAIL  AMD root then invalidate then IB then outer fence
    FAIL  AMD root then invalidate then IB then outer fence
    FAIL  AMD root then invalidate then IB then outer fence
    FAIL  AMD root then invalidate then IB then outer fence
    FAIL  AMD root then invalidate then IB then outer fence
    FAIL  AMD root then invalidate then IB then outer fence
    FAIL  AMD root then invalidate then IB then outer fence
    FAIL  AMD root then invalidate then IB then outer fence
    FAIL  AMD root then invalidate then IB then outer fence
    FAIL  AMD root then invalidate then IB then outer fence
    FAIL  AMD root then invalidate then IB then outer fence
    FAIL  AMD root then invalidate then IB then outer fence
    FAIL  AMD root then invalidate then IB then outer fence
    FAIL  AMD root then invalidate then IB then outer fence
    FAIL  AMD root then invalidate then IB then outer fence
    FAIL  AMD root then invalidate then IB then outer fence
    FAIL  AMD root then invalidate then IB then outer fence
    FAIL  AMD root then invalidate then IB then outer fence
    FAIL  AMD root then invalidate then IB then outer fence
    FAIL  AMD root then invalidate then IB then outer fence
    FAIL  AMD root then invalidate then IB then outer fence
    FAIL  AMD root then invalidate then IB then outer fence
    FAIL  AMD root then invalidate then IB then outer fence
    FAIL  AMD root then invalidate then IB then outer fence
    FAIL  AMD root then invalidate then IB then outer fence
    FAIL  AMD root then invalidate then IB then outer fence
    FAIL  AMD root then invalidate then IB then outer fence
    FAIL  AMD root then invalidate then IB then outer fence
    FAIL  AMD root then invalidate then IB then outer fence
    FAIL  AMD root then invalidate then IB then outer fence
    FAIL  AMD root then invalidate then IB then outer fence
    FAIL  AMD root then invalidate then IB then outer fence
    FAIL  AMD root then invalidate then IB then outer fence
    FAIL  AMD root then invalidate then IB then outer fence
    FAIL  AMD root then invalidate then IB then outer fence
    FAIL  AMD root then invalidate then IB then outer fence
    FAIL  AMD root then invalidate then IB then outer fence
    FAIL  AMD root then invalidate then IB then outer fence
    FAIL  AMD root then invalidate then IB then outer fence
    FAIL  AMD root then invalidate then IB then outer fence
    FAIL  AMD root then invalidate then IB then outer fence
    FAIL  AMD root then invalidate then IB then outer fence
    FAIL  AMD root then invalidate then IB then outer fence
    FAIL  AMD root then invalidate then IB then outer fence
    FAIL  AMD root then invalidate then IB then outer fence
    FAIL  AMD root then invalidate then IB then outer fence
    FAIL  AMD root then invalidate then IB then outer fence
    FAIL  AMD root then invalidate then IB then outer fence
    FAIL  AMD root then invalidate then IB then outer fence
    FAIL  AMD root then invalidate then IB then outer fence
    FAIL  AMD root then invalidate then IB then outer fence
    FAIL  AMD root then invalidate then IB then outer fence
    FAIL  AMD root then invalidate then IB then outer fence
    FAIL  AMD root then invalidate then IB then outer fence
    FAIL  AMD root then invalidate then IB then outer fence
    FAIL  AMD root then invalidate then IB then outer fence
    FAIL  AMD root then invalidate then IB then outer fence
    FAIL  AMD root then invalidate then IB then outer fence
    FAIL  AMD root then invalidate then IB then outer fence
    FAIL  AMD root then invalidate then IB then outer fence
    FAIL  AMD root then invalidate then IB then outer fence
    FAIL  AMD root then invalidate then IB then outer fence
    FAIL  AMD root then invalidate then IB then outer fence
    FAIL  AMD root then invalidate then IB then outer fence
    FAIL  AMD root then invalidate then IB then outer fence
    FAIL  AMD root then invalidate then IB then outer fence
    FAIL  AMD root then invalidate then IB then outer fence
    FAIL  AMD root then invalidate then IB then outer fence
    FAIL  AMD root then invalidate then IB then outer fence
    FAIL  AMD root then invalidate then IB then outer fence
    FAIL  AMD root then invalidate then IB then outer fence
    FAIL  AMD root then invalidate then IB then outer fence
    FAIL  AMD root then invalidate then IB then outer fence
    FAIL  AMD root then invalidate then IB then outer fence
    FAIL  AMD root then invalidate then IB then outer fence
    FAIL  AMD root then invalidate then IB then outer fence
    FAIL  AMD root then invalidate then IB then outer fence
    FAIL  AMD root then invalidate then IB then outer fence
    FAIL  AMD root then invalidate then IB then outer fence
    FAIL  AMD root then invalidate then IB then outer fence
    FAIL  AMD root then invalidate then IB then outer fence
    FAIL  AMD root then invalidate then IB then outer fence
    FAIL  AMD root then invalidate then IB then outer fence
    FAIL  AMD root then invalidate then IB then outer fence
    FAIL  AMD root then invalidate then IB then outer fence
    FAIL  AMD root then invalidate then IB then outer fence
    FAIL  AMD root then invalidate then IB then outer fence
    FAIL  AMD root then invalidate then IB then outer fence
    FAIL  AMD root then invalidate then IB then outer fence
    FAIL  AMD root then invalidate then IB then outer fence
    FAIL  AMD root then invalidate then IB then outer fence
    FAIL  AMD root then invalidate then IB then outer fence
    FAIL  AMD root then invalidate then IB then outer fence
    FAIL  AMD root then invalidate then IB then outer fence
    FAIL  AMD root then invalidate then IB then outer fence
    FAIL  AMD root then invalidate then IB then outer fence
    FAIL  AMD root then invalidate then IB then outer fence
    FAIL  AMD root then invalidate then IB then outer fence
    FAIL  AMD root then invalidate then IB then outer fence
    FAIL  AMD root then invalidate then IB then outer fence
    FAIL  AMD root then invalidate then IB then outer fence
    FAIL  AMD root then invalidate then IB then outer fence
    FAIL  AMD root then invalidate then IB then outer fence
    FAIL  AMD root then invalidate then IB then outer fence
    FAIL  AMD root then invalidate then IB then outer fence
    FAIL  AMD root then invalidate then IB then outer fence
    FAIL  AMD root then invalidate then IB then outer fence
    FAIL  AMD root then invalidate then IB then outer fence
    FAIL  AMD root then invalidate then IB then outer fence
    FAIL  AMD root then invalidate then IB then outer fence
    FAIL  AMD root then invalidate then IB then outer fence
    FAIL  AMD root then invalidate then IB then outer fence
    FAIL  AMD root then invalidate then IB then outer fence
    FAIL  AMD root then invalidate then IB then outer fence
    FAIL  AMD root then invalidate then IB then outer fence
    FAIL  AMD root then invalidate then IB then outer fence
    FAIL  AMD root then invalidate then IB then outer fence
    FAIL  AMD root then invalidate then IB then outer fence
    FAIL  AMD root then invalidate then IB then outer fence
    FAIL  AMD root then invalidate then IB then outer fence
    FAIL  AMD root then invalidate then IB then outer fence
    FAIL  AMD root then invalidate then IB then outer fence
    FAIL  AMD root then invalidate then IB then outer fence
    FAIL  AMD root then invalidate then IB then outer fence
    FAIL  AMD root then invalidate then IB then outer fence
    FAIL  AMD root then invalidate then IB then outer fence
    FAIL  AMD root then invalidate then IB then outer fence
    FAIL  AMD root then invalidate then IB then outer fence
    FAIL  AMD root then invalidate then IB then outer fence
    FAIL  AMD root then invalidate then IB then outer fence
    FAIL  AMD root then invalidate then IB then outer fence
    FAIL  AMD root then invalidate then IB then outer fence
    FAIL  AMD root then invalidate then IB then outer fence
    FAIL  AMD root then invalidate then IB then outer fence
    FAIL  AMD root then invalidate then IB then outer fence
    FAIL  AMD root then invalidate then IB then outer fence
    FAIL  AMD root then invalidate then IB then outer fence
    FAIL  AMD root then invalidate then IB then outer fence
    FAIL  AMD root then invalidate then IB then outer fence
    FAIL  AMD root then invalidate then IB then outer fence
    FAIL  AMD root then invalidate then IB then outer fence
    FAIL  AMD root then invalidate then IB then outer fence
    FAIL  AMD root then invalidate then IB then outer fence
    FAIL  AMD root then invalidate then IB then outer fence
    FAIL  AMD root then invalidate then IB then outer fence
    FAIL  AMD root then invalidate then IB then outer fence
    FAIL  AMD root then invalidate then IB then outer fence
    FAIL  AMD root then invalidate then IB then outer fence
    FAIL  AMD root then invalidate then IB then outer fence
    FAIL  AMD root then invalidate then IB then outer fence
    FAIL  AMD root then invalidate then IB then outer fence
    FAIL  AMD root then invalidate then IB then outer fence
    FAIL  AMD root then invalidate then IB then outer fence
    FAIL  AMD root then invalidate then IB then outer fence
    FAIL  AMD root then invalidate then IB then outer fence
    FAIL  AMD root then invalidate then IB then outer fence
    FAIL  AMD root then invalidate then IB then outer fence
    FAIL  AMD root then invalidate then IB then outer fence
    FAIL  AMD root then invalidate then IB then outer fence
    FAIL  AMD root then invalidate then IB then outer fence
    FAIL  AMD root then invalidate then IB then outer fence
    FAIL  AMD root then invalidate then IB then outer fence
    FAIL  AMD root then invalidate then IB then outer fence
    FAIL  AMD root then invalidate then IB then outer fence
    FAIL  AMD root then invalidate then IB then outer fence
    FAIL  AMD root then invalidate then IB then outer fence
    FAIL  AMD root then invalidate then IB then outer fence
    FAIL  AMD root then invalidate then IB then outer fence
    FAIL  AMD root then invalidate then IB then outer fence
    FAIL  AMD root then invalidate then IB then outer fence
    FAIL  AMD root then invalidate then IB then outer fence
    FAIL  AMD root then invalidate then IB then outer fence
    FAIL  AMD root then invalidate then IB then outer fence
    FAIL  AMD root then invalidate then IB then outer fence
    FAIL  AMD root then invalidate then IB then outer fence
    FAIL  AMD root then invalidate then IB then outer fence
    FAIL  AMD root then invalidate then IB then outer fence
    FAIL  AMD root then invalidate then IB then outer fence
    FAIL  AMD root then invalidate then IB then outer fence
    FAIL  AMD root then invalidate then IB then outer fence
    FAIL  AMD root then invalidate then IB then outer fence
    FAIL  AMD root then invalidate then IB then outer fence
    FAIL  AMD root then invalidate then IB then outer fence
    FAIL  AMD root then invalidate then IB then outer fence
    FAIL  AMD root then invalidate then IB then outer fence
    FAIL  AMD root then invalidate then IB then outer fence
    FAIL  AMD root then invalidate then IB then outer fence
    FAIL  AMD root then invalidate then IB then outer fence
    FAIL  AMD root then invalidate then IB then outer fence
    FAIL  AMD root then invalidate then IB then outer fence
    FAIL  AMD root then invalidate then IB then outer fence
    FAIL  AMD root then invalidate then IB then outer fence
    FAIL  AMD root then invalidate then IB then outer fence
    FAIL  AMD root then invalidate then IB then outer fence
    FAIL  AMD root then invalidate then IB then outer fence
    FAIL  AMD root then invalidate then IB then outer fence
    FAIL  AMD root then invalidate then IB then outer fence
    FAIL  AMD root then invalidate then IB then outer fence
    FAIL  AMD root then invalidate then IB then outer fence
    FAIL  AMD root then invalidate then IB then outer fence
    FAIL  AMD root then invalidate then IB then outer fence
    FAIL  AMD root then invalidate then IB then outer fence
    FAIL  AMD root then invalidate then IB then outer fence
    FAIL  AMD root then invalidate then IB then outer fence
    FAIL  AMD root then invalidate then IB then outer fence
    FAIL  AMD root then invalidate then IB then outer fence
    FAIL  AMD root then invalidate then IB then outer fence
    FAIL  AMD root then invalidate then IB then outer fence
    FAIL  AMD root then invalidate then IB then outer fence
    FAIL  AMD root then invalidate then IB then outer fence
    FAIL  AMD root then invalidate then IB then outer fence
    FAIL  AMD root then invalidate then IB then outer fence
    FAIL  AMD root then invalidate then IB then outer fence
    FAIL  AMD root then invalidate then IB then outer fence
    FAIL  AMD root then invalidate then IB then outer fence
    FAIL  AMD root then invalidate then IB then outer fence
    FAIL  AMD root then invalidate then IB then outer fence
    FAIL  AMD root then invalidate then IB then outer fence
    FAIL  AMD root then invalidate then IB then outer fence
    FAIL  AMD root then invalidate then IB then outer fence
    FAIL  AMD root then invalidate then IB then outer fence
    FAIL  AMD root then invalidate then IB then outer fence
    FAIL  AMD root then invalidate then IB then outer fence
    FAIL  AMD root then invalidate then IB then outer fence
    FAIL  AMD root then invalidate then IB then outer fence
    FAIL  AMD root then invalidate then IB then outer fence
    FAIL  AMD root then invalidate then IB then outer fence
    FAIL  AMD root then invalidate then IB then outer fence
    FAIL  AMD root then invalidate then IB then outer fence
    FAIL  AMD root then invalidate then IB then outer fence
    FAIL  AMD root then invalidate then IB then outer fence
    FAIL  AMD root then invalidate then IB then outer fence
    FAIL  AMD root then invalidate then IB then outer fence
    FAIL  AMD root then invalidate then IB then outer fence
    FAIL  AMD root then invalidate then IB then outer fence
    FAIL  AMD root then invalidate then IB then outer fence
    FAIL  AMD root then invalidate then IB then outer fence
    FAIL  AMD root then invalidate then IB then outer fence
    FAIL  AMD root then invalidate then IB then outer fence
    FAIL  AMD root then invalidate then IB then outer fence
    FAIL  AMD root then invalidate then IB then outer fence
    FAIL  AMD root then invalidate then IB then outer fence
    FAIL  AMD root then invalidate then IB then outer fence
    FAIL  AMD root then invalidate then IB then outer fence
    FAIL  AMD root then invalidate then IB then outer fence
    FAIL  AMD root then invalidate then IB then outer fence
    FAIL  AMD root then invalidate then IB then outer fence
    FAIL  AMD root then invalidate then IB then outer fence
    FAIL  AMD root then invalidate then IB then outer fence
    FAIL  AMD root then invalidate then IB then outer fence
    FAIL  AMD root then invalidate then IB then outer fence
    FAIL  AMD root then invalidate then IB then outer fence
    FAIL  AMD root then invalidate then IB then outer fence
    FAIL  AMD root then invalidate then IB then outer fence
    FAIL  AMD root then invalidate then IB then outer fence
    FAIL  AMD root then invalidate then IB then outer fence
    FAIL  AMD root then invalidate then IB then outer fence
    FAIL  AMD root then invalidate then IB then outer fence
    FAIL  AMD root then invalidate then IB then outer fence
    FAIL  AMD root then invalidate then IB then outer fence
    FAIL  AMD root then invalidate then IB then outer fence
    FAIL  AMD root then invalidate then IB then outer fence
    FAIL  AMD root then invalidate then IB then outer fence
    FAIL  AMD root then invalidate then IB then outer fence
    FAIL  AMD root then invalidate then IB then outer fence
    FAIL  AMD root then invalidate then IB then outer fence
    FAIL  AMD root then invalidate then IB then outer fence
    FAIL  AMD root then invalidate then IB then outer fence
    FAIL  AMD root then invalidate then IB then outer fence
    FAIL  AMD root then invalidate then IB then outer fence
    FAIL  AMD root then invalidate then IB then outer fence
    FAIL  AMD root then invalidate then IB then outer fence
    FAIL  AMD root then invalidate then IB then outer fence
    FAIL  AMD root then invalidate then IB then outer fence
    FAIL  AMD root then invalidate then IB then outer fence
    FAIL  AMD root then invalidate then IB then outer fence
    FAIL  AMD root then invalidate then IB then outer fence
    FAIL  AMD root then invalidate then IB then outer fence
    FAIL  AMD root then invalidate then IB then outer fence
    FAIL  AMD root then invalidate then IB then outer fence
    FAIL  AMD root then invalidate then IB then outer fence
    FAIL  AMD root then invalidate then IB then outer fence
    FAIL  AMD root then invalidate then IB then outer fence
    FAIL  AMD root then invalidate then IB then outer fence
    FAIL  AMD root then invalidate then IB then outer fence
    FAIL  AMD root then invalidate then IB then outer fence
    FAIL  AMD root then invalidate then IB then outer fence
    FAIL  AMD root then invalidate then IB then outer fence
    FAIL  AMD root then invalidate then IB then outer fence
    FAIL  AMD root then invalidate then IB then outer fence
    FAIL  AMD root then invalidate then IB then outer fence
    FAIL  AMD root then invalidate then IB then outer fence
    FAIL  AMD root then invalidate then IB then outer fence
    FAIL  AMD root then invalidate then IB then outer fence
    FAIL  AMD root then invalidate then IB then outer fence
    FAIL  AMD root then invalidate then IB then outer fence
    FAIL  AMD root then invalidate then IB then outer fence
    FAIL  AMD root then invalidate then IB then outer fence
    FAIL  AMD root then invalidate then IB then outer fence
    FAIL  AMD root then invalidate then IB then outer fence
    FAIL  AMD root then invalidate then IB then outer fence
    FAIL  AMD root then invalidate then IB then outer fence
    FAIL  AMD root then invalidate then IB then outer fence
    FAIL  AMD root then invalidate then IB then outer fence
    FAIL  AMD root then invalidate then IB then outer fence
    FAIL  AMD root then invalidate then IB then outer fence
    FAIL  AMD root then invalidate then IB then outer fence
    FAIL  AMD root then invalidate then IB then outer fence
    FAIL  AMD root then invalidate then IB then outer fence
    FAIL  AMD root then invalidate then IB then outer fence
    FAIL  AMD root then invalidate then IB then outer fence
    FAIL  AMD root then invalidate then IB then outer fence
    FAIL  AMD root then invalidate then IB then outer fence
    FAIL  AMD root then invalidate then IB then outer fence
    FAIL  AMD root then invalidate then IB then outer fence
    FAIL  AMD root then invalidate then IB then outer fence
    FAIL  AMD root then invalidate then IB then outer fence
    FAIL  AMD root then invalidate then IB then outer fence
    FAIL  AMD root then invalidate then IB then outer fence
    FAIL  AMD root then invalidate then IB then outer fence
    FAIL  AMD root then invalidate then IB then outer fence
    FAIL  AMD root then invalidate then IB then outer fence
    FAIL  AMD root then invalidate then IB then outer fence
    FAIL  AMD root then invalidate then IB then outer fence
    FAIL  AMD root then invalidate then IB then outer fence
    FAIL  AMD root then invalidate then IB then outer fence
    FAIL  AMD root then invalidate then IB then outer fence
    FAIL  AMD root then invalidate then IB then outer fence
    FAIL  AMD root then invalidate then IB then outer fence
    FAIL  AMD root then invalidate then IB then outer fence
    FAIL  AMD root then invalidate then IB then outer fence
    FAIL  AMD root then invalidate then IB then outer fence
    FAIL  AMD root then invalidate then IB then outer fence
    FAIL  AMD root then invalidate then IB then outer fence
    FAIL  AMD root then invalidate then IB then outer fence
    FAIL  AMD root then invalidate then IB then outer fence
    FAIL  AMD root then invalidate then IB then outer fence
    FAIL  AMD root then invalidate then IB then outer fence
    FAIL  AMD root then invalidate then IB then outer fence
    FAIL  AMD root then invalidate then IB then outer fence
    FAIL  AMD root then invalidate then IB then outer fence
    FAIL  AMD root then invalidate then IB then outer fence
    FAIL  AMD root then invalidate then IB then outer fence
    FAIL  AMD root then invalidate then IB then outer fence
    FAIL  AMD root then invalidate then IB then outer fence
    FAIL  AMD root then invalidate then IB then outer fence
    FAIL  AMD root then invalidate then IB then outer fence
    FAIL  AMD root then invalidate then IB then outer fence
    FAIL  AMD root then invalidate then IB then outer fence
    FAIL  AMD root then invalidate then IB then outer fence
    FAIL  AMD root then invalidate then IB then outer fence
    FAIL  AMD root then invalidate then IB then outer fence
    FAIL  AMD root then invalidate then IB then outer fence
    FAIL  AMD root then invalidate then IB then outer fence
    FAIL  AMD root then invalidate then IB then outer fence
    FAIL  AMD root then invalidate then IB then outer fence
    FAIL  AMD root then invalidate then IB then outer fence
    FAIL  AMD root then invalidate then IB then outer fence
    FAIL  AMD root then invalidate then IB then outer fence
    FAIL  AMD root then invalidate then IB then outer fence
    FAIL  AMD root then invalidate then IB then outer fence
    FAIL  AMD root then invalidate then IB then outer fence
    FAIL  AMD root then invalidate then IB then outer fence
    FAIL  AMD root then invalidate then IB then outer fence
    FAIL  AMD root then invalidate then IB then outer fence
    FAIL  AMD root then invalidate then IB then outer fence
    FAIL  AMD root then invalidate then IB then outer fence
    FAIL  AMD root then invalidate then IB then outer fence
    FAIL  AMD root then invalidate then IB then outer fence
    FAIL  AMD root then invalidate then IB then outer fence
    FAIL  AMD root then invalidate then IB then outer fence
    FAIL  AMD root then invalidate then IB then outer fence
    FAIL  AMD root then invalidate then IB then outer fence
    FAIL  AMD root then invalidate then IB then outer fence
    FAIL  AMD root then invalidate then IB then outer fence
    FAIL  AMD root then invalidate then IB then outer fence
    FAIL  AMD root then invalidate then IB then outer fence
    FAIL  AMD root then invalidate then IB then outer fence
    FAIL  AMD root then invalidate then IB then outer fence
    FAIL  AMD root then invalidate then IB then outer fence
    FAIL  AMD root then invalidate then IB then outer fence
    FAIL  AMD root then invalidate then IB then outer fence
    FAIL  AMD root then invalidate then IB then outer fence
    FAIL  AMD root then invalidate then IB then outer fence
    FAIL  AMD root then invalidate then IB then outer fence
    FAIL  AMD root then invalidate then IB then outer fence
    FAIL  AMD root then invalidate then IB then outer fence
    FAIL  AMD root then invalidate then IB then outer fence
    FAIL  AMD root then invalidate then IB then outer fence
    FAIL  AMD root then invalidate then IB then outer fence
    FAIL  AMD root then invalidate then IB then outer fence
    FAIL  AMD root then invalidate then IB then outer fence
    FAIL  AMD root then invalidate then IB then outer fence
    FAIL  AMD root then invalidate then IB then outer fence
    FAIL  AMD root then invalidate then IB then outer fence
    FAIL  AMD root then invalidate then IB then outer fence
    FAIL  AMD root then invalidate then IB then outer fence
    FAIL  AMD root then invalidate then IB then outer fence
    FAIL  AMD root then invalidate then IB then outer fence
    FAIL  AMD root then invalidate then IB then outer fence
    FAIL  AMD root then invalidate then IB then outer fence
    FAIL  AMD root then invalidate then IB then outer fence
    FAIL  AMD root then invalidate then IB then outer fence
    FAIL  AMD root then invalidate then IB then outer fence
    FAIL  AMD root then invalidate then IB then outer fence
    FAIL  AMD root then invalidate then IB then outer fence
    FAIL  AMD root then invalidate then IB then outer fence
    FAIL  AMD root then invalidate then IB then outer fence
    FAIL  AMD root then invalidate then IB then outer fence
    FAIL  AMD root then invalidate then IB then outer fence
    FAIL  AMD root then invalidate then IB then outer fence
    FAIL  AMD root then invalidate then IB then outer fence
    FAIL  AMD root then invalidate then IB then outer fence
    FAIL  AMD root then invalidate then IB then outer fence
    FAIL  AMD root then invalidate then IB then outer fence
    FAIL  AMD root then invalidate then IB then outer fence
    FAIL  AMD root then invalidate then IB then outer fence
    FAIL  AMD root then invalidate then IB then outer fence
    FAIL  AMD root then invalidate then IB then outer fence
    FAIL  AMD root then invalidate then IB then outer fence
    FAIL  AMD root then invalidate then IB then outer fence
    FAIL  AMD root then invalidate then IB then outer fence
    FAIL  AMD root then invalidate then IB then outer fence
    FAIL  AMD root then invalidate then IB then outer fence
    FAIL  AMD root then invalidate then IB then outer fence
    FAIL  AMD root then invalidate then IB then outer fence
    FAIL  AMD root then invalidate then IB then outer fence
    FAIL  AMD root then invalidate then IB then outer fence
    FAIL  AMD root then invalidate then IB then outer fence
    FAIL  AMD root then invalidate then IB then outer fence
    FAIL  AMD root then invalidate then IB then outer fence
    FAIL  AMD root then invalidate then IB then outer fence
    FAIL  AMD root then invalidate then IB then outer fence
    FAIL  AMD root then invalidate then IB then outer fence
    FAIL  AMD root then invalidate then IB then outer fence
    FAIL  AMD root then invalidate then IB then outer fence
    FAIL  AMD root then invalidate then IB then outer fence
    FAIL  AMD root then invalidate then IB then outer fence
    FAIL  AMD root then invalidate then IB then outer fence
    FAIL  AMD root then invalidate then IB then outer fence
    FAIL  AMD root then invalidate then IB then outer fence
    FAIL  AMD root then invalidate then IB then outer fence
    FAIL  AMD root then invalidate then IB then outer fence
    FAIL  AMD root then invalidate then IB then outer fence
    FAIL  AMD root then invalidate then IB then outer fence
    FAIL  AMD root then invalidate then IB then outer fence
    FAIL  AMD root then invalidate then IB then outer fence
    FAIL  AMD root then invalidate then IB then outer fence
    FAIL  AMD root then invalidate then IB then outer fence
    FAIL  AMD root then invalidate then IB then outer fence
    FAIL  AMD root then invalidate then IB then outer fence
    FAIL  AMD root then invalidate then IB then outer fence
    FAIL  AMD root then invalidate then IB then outer fence
    FAIL  AMD root then invalidate then IB then outer fence
    FAIL  AMD root then invalidate then IB then outer fence
    FAIL  AMD root then invalidate then IB then outer fence
    FAIL  AMD root then invalidate then IB then outer fence
    FAIL  AMD root then invalidate then IB then outer fence
    FAIL  AMD root then invalidate then IB then outer fence
    FAIL  AMD root then invalidate then IB then outer fence
    FAIL  AMD root then invalidate then IB then outer fence
    FAIL  AMD root then invalidate then IB then outer fence
    FAIL  AMD root then invalidate then IB then outer fence
    FAIL  AMD root then invalidate then IB then outer fence
    FAIL  AMD root then invalidate then IB then outer fence
    FAIL  AMD root then invalidate then IB then outer fence
    FAIL  AMD root then invalidate then IB then outer fence
    FAIL  AMD root then invalidate then IB then outer fence
    FAIL  AMD root then invalidate then IB then outer fence
    FAIL  AMD root then invalidate then IB then outer fence
    FAIL  AMD root then invalidate then IB then outer fence
    FAIL  AMD root then invalidate then IB then outer fence
    FAIL  AMD root then invalidate then IB then outer fence
    FAIL  AMD root then invalidate then IB then outer fence
    FAIL  AMD root then invalidate then IB then outer fence
    FAIL  AMD root then invalidate then IB then outer fence
    FAIL  AMD root then invalidate then IB then outer fence
    FAIL  AMD root then invalidate then IB then outer fence
    FAIL  AMD root then invalidate then IB then outer fence
    FAIL  AMD root then invalidate then IB then outer fence
    FAIL  AMD root then invalidate then IB then outer fence
    FAIL  AMD root then invalidate then IB then outer fence
    FAIL  AMD root then invalidate then IB then outer fence
    FAIL  AMD root then invalidate then IB then outer fence
    FAIL  AMD root then invalidate then IB then outer fence
    FAIL  AMD root then invalidate then IB then outer fence
    FAIL  AMD root then invalidate then IB then outer fence
    FAIL  AMD root then invalidate then IB then outer fence
    FAIL  AMD root then invalidate then IB then outer fence
    FAIL  AMD root then invalidate then IB then outer fence
    FAIL  AMD root then invalidate then IB then outer fence
    FAIL  AMD root then invalidate then IB then outer fence
    FAIL  AMD root then invalidate then IB then outer fence
    FAIL  AMD root then invalidate then IB then outer fence
    FAIL  AMD root then invalidate then IB then outer fence
    FAIL  AMD root then invalidate then IB then outer fence
    FAIL  AMD root then invalidate then IB then outer fence
    FAIL  AMD root then invalidate then IB then outer fence
    FAIL  AMD root then invalidate then IB then outer fence
    FAIL  AMD root then invalidate then IB then outer fence
    FAIL  AMD root then invalidate then IB then outer fence
    FAIL  AMD root then invalidate then IB then outer fence
    FAIL  AMD root then invalidate then IB then outer fence
    FAIL  AMD root then invalidate then IB then outer fence
    FAIL  AMD root then invalidate then IB then outer fence
    FAIL  AMD root then invalidate then IB then outer fence
    FAIL  AMD root then invalidate then IB then outer fence
    FAIL  AMD root then invalidate then IB then outer fence
    FAIL  AMD root then invalidate then IB then outer fence
    FAIL  AMD root then invalidate then IB then outer fence
    FAIL  AMD root then invalidate then IB then outer fence
    FAIL  AMD root then invalidate then IB then outer fence
    FAIL  AMD root then invalidate then IB then outer fence
    FAIL  AMD root then invalidate then IB then outer fence
    FAIL  AMD root then invalidate then IB then outer fence
    FAIL  AMD root then invalidate then IB then outer fence
    FAIL  AMD root then invalidate then IB then outer fence
    FAIL  AMD root then invalidate then IB then outer fence
    FAIL  AMD root then invalidate then IB then outer fence
    FAIL  AMD root then invalidate then IB then outer fence
    FAIL  AMD root then invalidate then IB then outer fence
    FAIL  AMD root then invalidate then IB then outer fence
    FAIL  AMD root then invalidate then IB then outer fence
    FAIL  AMD root then invalidate then IB then outer fence
    FAIL  AMD root then invalidate then IB then outer fence
    FAIL  AMD root then invalidate then IB then outer fence
    FAIL  AMD root then invalidate then IB then outer fence
    FAIL  AMD root then invalidate then IB then outer fence
    FAIL  AMD root then invalidate then IB then outer fence
    FAIL  AMD root then invalidate then IB then outer fence
    FAIL  AMD root then invalidate then IB then outer fence
    FAIL  AMD root then invalidate then IB then outer fence
    FAIL  AMD root then invalidate then IB then outer fence
    FAIL  AMD root then invalidate then IB then outer fence
    FAIL  AMD root then invalidate then IB then outer fence
    FAIL  AMD root then invalidate then IB then outer fence
    FAIL  AMD root then invalidate then IB then outer fence
    FAIL  AMD root then invalidate then IB then outer fence
    FAIL  AMD root then invalidate then IB then outer fence
    FAIL  AMD root then invalidate then IB then outer fence
    FAIL  AMD root then invalidate then IB then outer fence
    FAIL  AMD root then invalidate then IB then outer fence
    FAIL  AMD root then invalidate then IB then outer fence
    FAIL  AMD root then invalidate then IB then outer fence
    FAIL  AMD root then invalidate then IB then outer fence
    FAIL  AMD root then invalidate then IB then outer fence
    FAIL  AMD root then invalidate then IB then outer fence
    FAIL  AMD root then invalidate then IB then outer fence
    FAIL  AMD root then invalidate then IB then outer fence
    FAIL  AMD root then invalidate then IB then outer fence
    FAIL  AMD root then invalidate then IB then outer fence
    FAIL  AMD root then invalidate then IB then outer fence
    FAIL  AMD root then invalidate then IB then outer fence
    FAIL  AMD root then invalidate then IB then outer fence
    FAIL  AMD root then invalidate then IB then outer fence
    FAIL  AMD root then invalidate then IB then outer fence
    FAIL  AMD root then invalidate then IB then outer fence
    FAIL  AMD root then invalidate then IB then outer fence
    FAIL  AMD root then invalidate then IB then outer fence
    FAIL  AMD root then invalidate then IB then outer fence
    FAIL  AMD root then invalidate then IB then outer fence
    FAIL  AMD root then invalidate then IB then outer fence
    FAIL  AMD root then invalidate then IB then outer fence
    FAIL  AMD root then invalidate then IB then outer fence
    FAIL  AMD root then invalidate then IB then outer fence
    FAIL  AMD root then invalidate then IB then outer fence
    FAIL  AMD root then invalidate then IB then outer fence
    FAIL  AMD root then invalidate then IB then outer fence
    FAIL  AMD root then invalidate then IB then outer fence
    FAIL  AMD root then invalidate then IB then outer fence
    FAIL  AMD root then invalidate then IB then outer fence
    FAIL  AMD root then invalidate then IB then outer fence
    FAIL  AMD root then invalidate then IB then outer fence
    FAIL  AMD root then invalidate then IB then outer fence
    FAIL  AMD root then invalidate then IB then outer fence
    FAIL  AMD root then invalidate then IB then outer fence
    FAIL  AMD root then invalidate then IB then outer fence
    FAIL  AMD root then invalidate then IB then outer fence
    FAIL  AMD root then invalidate then IB then outer fence
    FAIL  AMD root then invalidate then IB then outer fence
    FAIL  AMD root then invalidate then IB then outer fence
    FAIL  AMD root then invalidate then IB then outer fence
    FAIL  AMD root then invalidate then IB then outer fence
    FAIL  AMD root then invalidate then IB then outer fence
    FAIL  AMD root then invalidate then IB then outer fence
    FAIL  AMD root then invalidate then IB then outer fence
    FAIL  AMD root then invalidate then IB then outer fence
    FAIL  AMD root then invalidate then IB then outer fence
    FAIL  AMD root then invalidate then IB then outer fence
    FAIL  AMD root then invalidate then IB then outer fence
    FAIL  AMD root then invalidate then IB then outer fence
    FAIL  AMD root then invalidate then IB then outer fence
    FAIL  AMD root then invalidate then IB then outer fence
    FAIL  AMD root then invalidate then IB then outer fence
    FAIL  AMD root then invalidate then IB then outer fence
    FAIL  AMD root then invalidate then IB then outer fence
    FAIL  AMD root then invalidate then IB then outer fence
    FAIL  AMD root then invalidate then IB then outer fence
    FAIL  AMD root then invalidate then IB then outer fence
    FAIL  AMD root then invalidate then IB then outer fence
    FAIL  AMD root then invalidate then IB then outer fence
    FAIL  AMD root then invalidate then IB then outer fence
    FAIL  AMD root then invalidate then IB then outer fence
    FAIL  AMD root then invalidate then IB then outer fence
    FAIL  AMD root then invalidate then IB then outer fence
    FAIL  AMD root then invalidate then IB then outer fence
    FAIL  AMD root then invalidate then IB then outer fence
    FAIL  AMD root then invalidate then IB then outer fence
    FAIL  AMD root then invalidate then IB then outer fence
    FAIL  AMD root then invalidate then IB then outer fence
    FAIL  AMD root then invalidate then IB then outer fence
    FAIL  AMD root then invalidate then IB then outer fence
    FAIL  AMD root then invalidate then IB then outer fence
    FAIL  AMD root then invalidate then IB then outer fence
    FAIL  AMD root then invalidate then IB then outer fence
    FAIL  AMD root then invalidate then IB then outer fence
    FAIL  AMD root then invalidate then IB then outer fence
    FAIL  AMD root then invalidate then IB then outer fence
    FAIL  AMD root then invalidate then IB then outer fence
    FAIL  AMD root then invalidate then IB then outer fence
    FAIL  AMD root then invalidate then IB then outer fence
    FAIL  AMD root then invalidate then IB then outer fence
    FAIL  AMD root then invalidate then IB then outer fence
    FAIL  AMD root then invalidate then IB then outer fence
    FAIL  AMD root then invalidate then IB then outer fence
    FAIL  AMD root then invalidate then IB then outer fence
    FAIL  AMD root then invalidate then IB then outer fence
    FAIL  AMD root then invalidate then IB then outer fence
    FAIL  AMD root then invalidate then IB then outer fence
    FAIL  AMD root then invalidate then IB then outer fence
    FAIL  AMD root then invalidate then IB then outer fence
    FAIL  AMD root then invalidate then IB then outer fence
    FAIL  AMD root then invalidate then IB then outer fence
    FAIL  AMD root then invalidate then IB then outer fence
    FAIL  AMD root then invalidate then IB then outer fence
    FAIL  AMD root then invalidate then IB then outer fence
    FAIL  AMD root then invalidate then IB then outer fence
    FAIL  AMD root then invalidate then IB then outer fence
    FAIL  AMD root then invalidate then IB then outer fence
    FAIL  AMD root then invalidate then IB then outer fence
    FAIL  AMD root then invalidate then IB then outer fence
    FAIL  AMD root then invalidate then IB then outer fence
    FAIL  AMD root then invalidate then IB then outer fence
    FAIL  AMD root then invalidate then IB then outer fence
    FAIL  AMD root then invalidate then IB then outer fence
    FAIL  AMD root then invalidate then IB then outer fence
    FAIL  AMD root then invalidate then IB then outer fence
    FAIL  AMD root then invalidate then IB then outer fence
    FAIL  AMD root then invalidate then IB then outer fence
    FAIL  AMD root then invalidate then IB then outer fence
    FAIL  AMD root then invalidate then IB then outer fence
    FAIL  AMD root then invalidate then IB then outer fence
    FAIL  AMD root then invalidate then IB then outer fence
    FAIL  AMD root then invalidate then IB then outer fence
    FAIL  AMD root then invalidate then IB then outer fence
    FAIL  AMD root then invalidate then IB then outer fence
    FAIL  AMD root then invalidate then IB then outer fence
    FAIL  AMD root then invalidate then IB then outer fence
    FAIL  AMD root then invalidate then IB then outer fence
    FAIL  AMD root then invalidate then IB then outer fence
    FAIL  AMD root then invalidate then IB then outer fence
    FAIL  AMD root then invalidate then IB then outer fence
    FAIL  AMD root then invalidate then IB then outer fence
    FAIL  AMD root then invalidate then IB then outer fence
    FAIL  AMD root then invalidate then IB then outer fence
    FAIL  AMD root then invalidate then IB then outer fence
    FAIL  AMD root then invalidate then IB then outer fence
    FAIL  AMD root then invalidate then IB then outer fence
    FAIL  AMD root then invalidate then IB then outer fence
    FAIL  AMD root then invalidate then IB then outer fence
    FAIL  AMD root then invalidate then IB then outer fence
    FAIL  AMD root then invalidate then IB then outer fence
    FAIL  AMD root then invalidate then IB then outer fence
    FAIL  AMD root then invalidate then IB then outer fence
    FAIL  AMD root then invalidate then IB then outer fence
    FAIL  AMD root then invalidate then IB then outer fence
    FAIL  AMD root then invalidate then IB then outer fence
    FAIL  AMD root then invalidate then IB then outer fence
    FAIL  AMD root then invalidate then IB then outer fence
    FAIL  AMD root then invalidate then IB then outer fence
    FAIL  AMD root then invalidate then IB then outer fence
    FAIL  AMD root then invalidate then IB then outer fence
    FAIL  AMD root then invalidate then IB then outer fence
    FAIL  AMD root then invalidate then IB then outer fence
    FAIL  AMD root then invalidate then IB then outer fence
    FAIL  AMD root then invalidate then IB then outer fence
    FAIL  AMD root then invalidate then IB then outer fence
    FAIL  AMD root then invalidate then IB then outer fence
    FAIL  AMD root then invalidate then IB then outer fence
    FAIL  AMD root then invalidate then IB then outer fence
    FAIL  AMD root then invalidate then IB then outer fence
    FAIL  AMD root then invalidate then IB then outer fence
    FAIL  AMD root then invalidate then IB then outer fence
    FAIL  AMD root then invalidate then IB then outer fence
    FAIL  AMD root then invalidate then IB then outer fence
    FAIL  AMD root then invalidate then IB then outer fence
    FAIL  AMD root then invalidate then IB then outer fence
    FAIL  AMD root then invalidate then IB then outer fence
    FAIL  AMD root then invalidate then IB then outer fence
    FAIL  AMD root then invalidate then IB then outer fence
    FAIL  AMD root then invalidate then IB then outer fence
    FAIL  AMD root then invalidate then IB then outer fence
    FAIL  AMD root then invalidate then IB then outer fence
    FAIL  AMD root then invalidate then IB then outer fence
    FAIL  AMD root then invalidate then IB then outer fence
    FAIL  AMD root then invalidate then IB then outer fence
    FAIL  AMD root then invalidate then IB then outer fence
    FAIL  AMD root then invalidate then IB then outer fence
    FAIL  AMD root then invalidate then IB then outer fence
    FAIL  AMD root then invalidate then IB then outer fence
    FAIL  AMD root then invalidate then IB then outer fence
    FAIL  AMD root then invalidate then IB then outer fence
    FAIL  AMD root then invalidate then IB then outer fence
    FAIL  AMD root then invalidate then IB then outer fence
    FAIL  AMD root then invalidate then IB then outer fence
    FAIL  AMD root then invalidate then IB then outer fence
    FAIL  AMD root then invalidate then IB then outer fence
    FAIL  AMD root then invalidate then IB then outer fence
    FAIL  AMD root then invalidate then IB then outer fence
    FAIL  AMD root then invalidate then IB then outer fence
    FAIL  AMD root then invalidate then IB then outer fence
    FAIL  AMD root then invalidate then IB then outer fence
    FAIL  AMD root then invalidate then IB then outer fence
    FAIL  AMD root then invalidate then IB then outer fence
    FAIL  AMD root then invalidate then IB then outer fence
    FAIL  AMD root then invalidate then IB then outer fence
    FAIL  AMD root then invalidate then IB then outer fence
    FAIL  AMD root then invalidate then IB then outer fence
    FAIL  AMD root then invalidate then IB then outer fence
    FAIL  AMD root then invalidate then IB then outer fence
    FAIL  AMD root then invalidate then IB then outer fence
    FAIL  AMD root then invalidate then IB then outer fence
    FAIL  AMD root then invalidate then IB then outer fence
    FAIL  AMD root then invalidate then IB then outer fence
    FAIL  AMD root then invalidate then IB then outer fence
    FAIL  AMD root then invalidate then IB then outer fence
    FAIL  AMD root then invalidate then IB then outer fence
    FAIL  AMD root then invalidate then IB then outer fence
    FAIL  AMD root then invalidate then IB then outer fence
    FAIL  AMD root then invalidate then IB then outer fence
    FAIL  AMD root then invalidate then IB then outer fence
    FAIL  AMD root then invalidate then IB then outer fence
    FAIL  AMD root then invalidate then IB then outer fence
    FAIL  AMD root then invalidate then IB then outer fence
    FAIL  AMD root then invalidate then IB then outer fence
    FAIL  AMD root then invalidate then IB then outer fence
    FAIL  AMD root then invalidate then IB then outer fence
    FAIL  AMD root then invalidate then IB then outer fence
    FAIL  AMD root then invalidate then IB then outer fence
    FAIL  AMD root then invalidate then IB then outer fence
    FAIL  AMD root then invalidate then IB then outer fence
    FAIL  AMD root then invalidate then IB then outer fence
    FAIL  AMD root then invalidate then IB then outer fence
    FAIL  AMD root then invalidate then IB then outer fence
    FAIL  AMD root then invalidate then IB then outer fence
    FAIL  AMD root then invalidate then IB then outer fence
    FAIL  AMD root then invalidate then IB then outer fence
    FAIL  AMD root then invalidate then IB then outer fence
    FAIL  AMD root then invalidate then IB then outer fence
    FAIL  AMD root then invalidate then IB then outer fence
    FAIL  AMD root then invalidate then IB then outer fence
    FAIL  AMD root then invalidate then IB then outer fence
    FAIL  AMD root then invalidate then IB then outer fence
    FAIL  AMD root then invalidate then IB then outer fence
    FAIL  AMD root then invalidate then IB then outer fence
    FAIL  AMD root then invalidate then IB then outer fence
    FAIL  AMD root then invalidate then IB then outer fence
    FAIL  AMD root then invalidate then IB then outer fence
    FAIL  AMD root then invalidate then IB then outer fence
    FAIL  AMD root then invalidate then IB then outer fence
    FAIL  AMD root then invalidate then IB then outer fence
    FAIL  AMD root then invalidate then IB then outer fence
    FAIL  AMD root then invalidate then IB then outer fence
    FAIL  AMD root then invalidate then IB then outer fence
    FAIL  AMD root then invalidate then IB then outer fence
    FAIL  AMD root then invalidate then IB then outer fence
    FAIL  AMD root then invalidate then IB then outer fence
    FAIL  AMD root then invalidate then IB then outer fence
    FAIL  AMD root then invalidate then IB then outer fence
    FAIL  AMD root then invalidate then IB then outer fence
    FAIL  AMD root then invalidate then IB then outer fence
    FAIL  AMD root then invalidate then IB then outer fence
    FAIL  AMD root then invalidate then IB then outer fence
    FAIL  AMD root then invalidate then IB then outer fence
    FAIL  AMD root then invalidate then IB then outer fence
    FAIL  AMD root then invalidate then IB then outer fence
    FAIL  AMD root then invalidate then IB then outer fence
    FAIL  AMD root then invalidate then IB then outer fence
    FAIL  AMD root then invalidate then IB then outer fence
    FAIL  AMD root then invalidate then IB then outer fence
    FAIL  AMD root then invalidate then IB then outer fence
    FAIL  AMD root then invalidate then IB then outer fence
    FAIL  AMD root then invalidate then IB then outer fence
    FAIL  AMD root then invalidate then IB then outer fence
    FAIL  AMD root then invalidate then IB then outer fence
    FAIL  AMD root then invalidate then IB then outer fence
    FAIL  AMD root then invalidate then IB then outer fence
    FAIL  AMD root then invalidate then IB then outer fence
    FAIL  AMD root then invalidate then IB then outer fence
    FAIL  AMD root then invalidate then IB then outer fence
    FAIL  AMD root then invalidate then IB then outer fence
    FAIL  AMD root then invalidate then IB then outer fence

== verdict ==
  25194 checks, 960 failures
  FAIL

sdma_copy_packets.exe exit code 1
