compile
  Generowanie kodu...
  Trwa kompilowanie...
  Generowanie kodu...
  Generowanie kodu...
  Generowanie kodu...
link
stack budget
bc250kmd.sys: 417 functions with unwind data, largest fixed frame 3992 bytes
  warn    3992 bytes  rva 0x015DD0  GfxPagingBuildUpdate
  warn    1240 bytes  rva 0x02DD60  WddmSubmitUmdImpl
catalog
  ........................
  Signability test complete.
  Errors:
  None
  Warnings:
  None
  Catalog generation complete.
  P:\bc-250\scratch\build\virtual-copy-slice-dev\package\bc250kmd.cat
sign
  Done Adding Additional Store
  Successfully signed: P:\bc-250\scratch\build\virtual-copy-slice-dev\package\bc250kmd.sys
  Done Adding Additional Store
  Successfully signed: P:\bc-250\scratch\build\virtual-copy-slice-dev\package\bc250kmd.cat
      792  bc250-lab-test.cer
     2407  bc250kmd.cat
     7572  bc250kmd.inf
   292240  bc250kmd.sys
umd package
  bc250kmd.inf generated: 9 lines enabled, 1 commented out, DriverVer = 09/23/2026,0.7.89.1
  .........................
  Signability test complete.
  Errors:
  None
  Warnings:
  None
  Catalog generation complete.
  P:\bc-250\scratch\build\virtual-copy-slice-dev\package-umd\bc250kmd.cat
  Done Adding Additional Store
  Successfully signed: P:\bc-250\scratch\build\virtual-copy-slice-dev\package-umd\bc250kmd.cat
umd package: P:\bc-250\scratch\build\virtual-copy-slice-dev\package-umd
      792  bc250-lab-test.cer
     2839  bc250kmd.cat
     7520  bc250kmd.inf
   292240  bc250kmd.sys
     4096  bc250umd.dll
  3ED64244387FD8A9A2C6B78C16F5DA693C73AC7EFDCF551B3F81D49387FA1B74  package\bc250kmd.sys
  3ED64244387FD8A9A2C6B78C16F5DA693C73AC7EFDCF551B3F81D49387FA1B74  package-umd\bc250kmd.sys
