probe_hash=038010EB3E6220A12F66713BEC9B9DCC527646DA1AAE5E7D3880AADA2F467D9A
driver_version=0.7.104.1
# adapter    BC-250 GPU (bc250kmd, display-only, lab build)
# hardware   PCI\VEN_1002&DEV_13FE&SUBSYS_00001022&REV_00
# interface  \\?\pci#ven_1002&dev_13fe&subsys_00001022&rev_00#4&19caf403&0&0041#{1ca05180-a699-450a-9a0c-de4fbe3ddd89}
D3DKMTOpenAdapterFromDeviceName -> 0x00000000 STATUS_SUCCESS
# adapter    handle 0x40000000 luid 00000000-002E58C2
D3DKMTEscape(D3DKMT_ESCAPE_DRIVERPRIVATE, BC250_ESCAPE_GET_INFO) -> 0x00000000 STATUS_SUCCESS
version      0x00070068 (milestone 7 revision 104)
last stage   50 first CommitVidPn
mode         1920x1200 pitch 7680 format 22 (FULL WDDM TABLE)
presents     0
counters     blits 0, flips 139 (the full table's own present counters; both stay 0 in display-only mode)
gates        mmio open, mmio writes off, vram open, vram writes on, gart open, psp open, gfx open, ih open

boot_before=2026-09-24T01:46:31
smu GetGfxFrequency  msg=0x37 param=0 (0x0) ... response=0x01 value=1000 (0x000003E8)
smu GetGfxVid        msg=0x38 param=0 (0x0) ... response=0x01 value=116 (0x00000074)
clock verified: 1000 MHz, VID 116 (request 820 mV)
02:09:52 Tctl 70.1 C (raw 773B0FEF)
icd_hash=EA70D44045BF77867C9BE50EFB311E7CE7C83D01F4B527FB190E5BC8BD3F8306
02:09:55 Tctl 70.2 C (raw 775B0FEF)
02:09:58 Tctl 70.5 C (raw 779B0FEF)
02:10:00 Tctl 70.2 C (raw 775B0FEF)
02:10:03 Tctl 70.0 C (raw 771B0FEF)
02:10:06 Tctl 70.1 C (raw 773B0FEF)
02:10:08 Tctl 70.1 C (raw 773B0FEF)
02:10:11 Tctl 70.1 C (raw 773B0FEF)
02:10:13 Tctl 70.1 C (raw 773B0FEF)
02:10:16 Tctl 70.1 C (raw 773B0FEF)
02:10:19 Tctl 70.0 C (raw 771B0FEF)
02:10:21 Tctl 69.9 C (raw 76FB0FEF)
task_state=Ready
type3-positive exit=0
coherency14  n=1048576   hash=0xa0ec13d31b42c2c7 cpu_hash=0xa0ec13d31b42c2c7 match=yes t_submit_to_idle_us=    223.5 first_words=c9219a65 00f8dc57 6f829795 0738eb55 c85f0eac cc2b9e88 eb42bd9e 04deb785
coherency15  n=1048576   hash=0x5a47aa502a94f091 cpu_hash=0x5a47aa502a94f091 match=yes t_submit_to_idle_us=    272.4 first_words=6cca2d08 aed48eee b5bc5ca8 0ee99516 c459a477 1352c024 73c961d6 a9feedfe
COHERENCY completed=16 mismatches=0
type3-evict exit=0
eviction_witnesses=3 restored=3 expected=3
coherency14  n=1048576   hash=0xa0ec13d31b42c2c7 cpu_hash=0xa0ec13d31b42c2c7 match=yes t_submit_to_idle_us=    204.4 first_words=c9219a65 00f8dc57 6f829795 0738eb55 c85f0eac cc2b9e88 eb42bd9e 04deb785
coherency15  n=1048576   hash=0x5a47aa502a94f091 cpu_hash=0x5a47aa502a94f091 match=yes t_submit_to_idle_us=    273.8 first_words=6cca2d08 aed48eee b5bc5ca8 0ee99516 c459a477 1352c024 73c961d6 a9feedfe
COHERENCY completed=16 mismatches=0
type3-stale exit=1
eviction_witnesses=1 restored=1 expected=1
EVICT_INPUT round=1 bytes=4194304
coherency01  n=1048576   hash=0x6747a9c9b5e067b5 cpu_hash=0xd7bd083bb8a604c8 match=NO  t_submit_to_idle_us=    156.0 first_words=5fb15569 0b00df29 a2447212 f5ec0d37 0d4d4e07 3bce3dcd 5056c8e9 16bd9080
COHERENCY completed=1 mismatches=1
memory_types_run_complete
boot_after=2026-09-24T01:46:31
