radv_wddm2_winsys_create
OpenAdapterFromLuid 0x0 0x8cf3
phys adapter = 0 device = 13fe rev 0
node 0 (type: 1) = BC-250 GFX, flags = 0
node 1 (type: 6) = BC-250 SDMA0, flags = 0
bc250: caps blob, device 0x13fe family 79 gfx 12
BC250 DXUT enum skip line=734
BC250 DXUT enum skip line=734
BC250 DXUT enum skip line=734
BC250 DXUT enum skip line=734
BC250 DXUT enum skip line=734
BC250 DXUT enum skip line=734
BC250 DXUT enum skip line=573
BC250 DXUT enum skip line=573
BC250 DXUT enum skip line=573
BC250 DXUT enum skip line=734
BC250 DXUT enum skip line=734
BC250 DXUT enum skip line=734
BC250 DXUT enum skip line=573
BC250 DXUT enum skip line=734
BC250 DXUT enum skip line=734
BC250 DXUT enum skip line=734
BC250 DXUT enum skip line=573
BC250 DXUT enum skip line=734
BC250 DXUT enum skip line=734
BC250 DXUT enum skip line=734
BC250 DXUT enum skip line=573
BC250 DXUT enum skip line=734
BC250 DXUT enum skip line=734
BC250 DXUT enum skip line=734
BC250 DXUT enum skip line=573
BC250 DXUT enum skip line=734
BC250 DXUT enum skip line=734
BC250 DXUT enum skip line=734
BC250 DXUT enum skip line=573
BC250 DXUT enum skip line=573
BC250 DXUT enum skip line=734
BC250 DXUT enum skip line=734
BC250 DXUT enum skip line=734
BC250 DXUT enum skip line=573
BC250 DXUT enum skip line=734
BC250 DXUT enum skip line=734
BC250 DXUT enum skip line=734
BC250 DXUT enum skip line=573
BC250 DXUT enum skip line=734
BC250 DXUT enum skip line=734
BC250 DXUT enum skip line=734
BC250 DXUT enum skip line=489
radv_wddm2_winsys_create
allocation handle=0x40000ec0
allocation handle=0x40000f40
allocation handle=0x40000fc0
bc250: gfx preamble inlined (no gfx_init IB)
allocation handle=0x40001040
allocation handle=0x400011c0
allocation handle=0x40001240
allocation handle=0x400012c0
allocation handle=0x40001340
allocation handle=0x400013c0
allocation handle=0x40001440
allocation handle=0x400014c0
allocation handle=0x40001540
allocation handle=0x400015c0
allocation handle=0x400016c0
allocation handle=0x40001640
allocation handle=0x40001740
allocation handle=0x400017c0
allocation handle=0x40001840
allocation handle=0x400018c0
bc250: progress before submit previous=0 observed=0 waits=0 signals=2
allocation handle=0x40001940
bc250: gather capacity=4096 bytes required=2848 ibs=4
BC250 DXUT enum skip line=734
BC250 DXUT enum skip line=734
BC250 DXUT enum skip line=734
BC250 DXUT enum skip line=734
BC250 DXUT enum skip line=734
BC250 DXUT enum skip line=734
BC250 DXUT enum skip line=573
BC250 DXUT enum skip line=573
BC250 DXUT enum skip line=573
BC250 DXUT enum skip line=734
BC250 DXUT enum skip line=734
BC250 DXUT enum skip line=734
BC250 DXUT enum skip line=573
BC250 DXUT enum skip line=734
BC250 DXUT enum skip line=734
BC250 DXUT enum skip line=734
BC250 DXUT enum skip line=573
BC250 DXUT enum skip line=734
BC250 DXUT enum skip line=734
BC250 DXUT enum skip line=734
BC250 DXUT enum skip line=573
BC250 DXUT enum skip line=734
BC250 DXUT enum skip line=734
BC250 DXUT enum skip line=734
BC250 DXUT enum skip line=573
BC250 DXUT enum skip line=734
BC250 DXUT enum skip line=734
BC250 DXUT enum skip line=734
BC250 DXUT enum skip line=573
BC250 DXUT enum skip line=573
BC250 DXUT enum skip line=734
BC250 DXUT enum skip line=734
BC250 DXUT enum skip line=734
BC250 DXUT enum skip line=573
BC250 DXUT enum skip line=734
BC250 DXUT enum skip line=734
BC250 DXUT enum skip line=734
BC250 DXUT enum skip line=573
BC250 DXUT enum skip line=734
BC250 DXUT enum skip line=734
BC250 DXUT enum skip line=734
BC250 DXUT enum skip line=1204
BC250 DXUT enum skip line=1473
BC250 DXUT enum skip line=1473
BC250 DXUT enum skip line=1204
BC250 DXUT enum skip line=1204
BC250 DXUT enum skip line=1473
BC250 DXUT enum skip line=1473
BC250 DXUT enum skip line=1204
BC250 DXUT enum skip line=1473
BC250 DXUT enum skip line=1473
BC250 DXUT enum skip line=1204
BC250 DXUT enum skip line=1473
BC250 DXUT enum skip line=1473
BC250 DXUT enum skip line=1204
BC250 DXUT enum skip line=1473
BC250 DXUT enum skip line=1473
BC250 DXUT enum skip line=1204
BC250 DXUT enum skip line=1200
BC250 DXUT enum skip line=1200
BC250 DXUT enum skip line=1204
BC250 DXUT enum skip line=1200
BC250 DXUT enum skip line=1200
BC250 DXUT enum skip line=1200
BC250 DXUT enum skip line=1204
BC250 DXUT enum skip line=1204
BC250 DXUT enum skip line=1204
BC250 DXUT enum skip line=1204
BC250 DXUT enum skip line=1204
BC250 DXUT enum skip line=1204
BC250 DXUT enum skip line=1204
BC250 DXUT enum skip line=1200
BC250 DXUT enum skip line=1200
BC250 DXUT enum skip line=1204
BC250 DXUT enum skip line=1200
BC250 DXUT enum skip line=1200
BC250 DXUT enum skip line=1200
BC250 DXUT error HRESULT=80040902
