log          2306 lines since this driver load, 1282 lost to the wrap, 0 dropped above DISPATCH_LEVEL; ring 1024 lines of which the first 256 are kept; table FULL WDDM (the gate was open at DriverEntry)
     0      0.004 stage 10
     1      0.004 gate: EnableFullWddm 1 (one shot: closed again on disk)
     2      0.004 stage 20
     3      0.074 stage 30
     4      0.074 stage 31
     5      0.076 stage 32
     6      0.076 post display 1920x1200 pitch 7680 format 22 target 2424833
     7      0.076 stage 33
     8      0.076 stage 34
     9      0.076 interrupt resource 1: message, vector 0x80, flags 0x3
    10      0.076 mmio: BAR5 at 0xFE800000 mapped, writes off, dcn writes off, vidpn flip off
    11      0.076 vram: 0x270000000 + 0x200000000, MC 0xF400000000, BAR0 0xC0000000 + 0x10000000, writes allowed
    12      0.076 fb sample mapped: phys 0xC0000000 first 0x00000000 mid 0x00000000
    13      0.076 fb sample physical: 0x270000000 first 0x00000000 mid 0x00000000
    14      0.076 gart: ready, dummy page at 0x26FFFA000
    15      0.076 psp: ready
    16      0.076 gpumem: ready, doorbells at 0xD0000000
    17      0.076 gfx: ready, GPU submission allowed, paging node allowed
    18      0.076 ih: ready
    19      0.078 vidmm: logical paging state 515 tables, 1031 slots, 4767344 bytes reserved
    20      0.080 vidmm: table segment 3 at physical 0x45E150000 + 0xFEB0000, host memory below 0x270000000, updates are WRITTEN
    21      0.080 startup: entering interrupt connection
    22      0.082 startup: entering firmware preparation
    23      0.086 gfx: CP_ME_CNTL 0x15000000, CP_MEC_CNTL 0x50000000, SDMA0/1_F32_CNTL 0x1 0x1
    24      0.086 gfx: unpublished translation bootstrap entered with engines halted
    25      0.086 gfx: RLC before-gart-initialization CNTL 0x00000000 read 0x00000000 STATUS2 0x00000008 read 0x00000000
    26      0.086 startup: entering GART initialization
    27      0.098 gart: startup startup-after-gfxhub-enable sample 0x00000000 fault 0x00000000
    28      0.098 gfx: RLC startup-after-gfxhub-enable CNTL 0x00000000 read 0x00000000 STATUS2 0x00000008 read 0x00000000
    29      0.098 gart: startup startup-after-mmhub-enable sample 0x00000000 fault 0x00000000
    30      0.098 gfx: RLC startup-after-mmhub-enable CNTL 0x00000000 read 0x00000000 STATUS2 0x00000008 read 0x00000000
    31      0.098 gart: startup startup-after-fault-defaults sample 0x00000000 fault 0x00000000
    32      0.098 gfx: RLC startup-after-fault-defaults CNTL 0x00000000 read 0x00000000 STATUS2 0x00000008 read 0x00000000
    33      0.098 gart: startup bootstrap-after-mmhub-flush sample 0x00000000 fault 0x00000000
    34      0.098 gfx: RLC bootstrap-after-mmhub-flush CNTL 0x00000000 read 0x00000000 STATUS2 0x00000008 read 0x00000000
    35      0.098 gart: op 1 -> 0x00000000 (-), result 0, 284 writes, fault offset 0x00000
    36      0.098 gfx: RLC before-psp CNTL 0x00000000 read 0x00000000 STATUS2 0x00000008 read 0x00000000
    37      0.098 startup: entering PSP initialization
    38      0.147 gfx: RLC before-psp-ring-create CNTL 0x00000000 read 0x00000000 STATUS2 0x00000008 read 0x00000000
    39      0.169 gfx: RLC after-psp-ring-create CNTL 0x00000000 read 0x00000000 STATUS2 0x00000008 read 0x00000000
    40      0.169 amdgpu[0]: reserve 0x400000 from 0xf5ff800000 for PSP TMR

    41      0.169 psp: command 1 (id 5, type 0, 4194304 bytes): rc 0, status 0x0, 253 us, in TMR at 0x0
    42      0.169 gfx: RLC after-psp-command CNTL 0x00000000 read 0x00000000 STATUS2 0x00000008 read 0x00000000
    43      0.171 psp: command 2 (id 6, type 9, 33536 bytes): rc 0, status 0x0, 1926 us, in TMR at 0x0
    44      0.171 gfx: RLC after-psp-command CNTL 0x00000000 read 0x00000000 STATUS2 0x00000008 read 0x00000000
    45      0.173 psp: command 3 (id 6, type 10, 33536 bytes): rc 0, status 0x0, 1956 us, in TMR at 0x0
    46      0.173 gfx: RLC after-psp-command CNTL 0x00000000 read 0x00000000 STATUS2 0x00000008 read 0x00000000
    47      0.179 psp: command 4 (id 6, type 3, 263040 bytes): rc 0, status 0x0, 5879 us, in TMR at 0xF5FF842000
    48      0.179 gfx: RLC after-psp-command CNTL 0x00000000 read 0x00000000 STATUS2 0x00000008 read 0x00000000
    49      0.185 psp: command 5 (id 6, type 2, 263168 bytes): rc 0, status 0x0, 5914 us, in TMR at 0xF5FF883000
    50      0.185 gfx: RLC after-psp-command CNTL 0x00000000 read 0x00000000 STATUS2 0x00000008 read 0x00000000
    51      0.189 psp: command 6 (id 6, type 1, 263168 bytes): rc 0, status 0x0, 5904 us, in TMR at 0xF5FF8C4000
    52      0.189 gfx: RLC after-psp-command CNTL 0x00000000 read 0x00000000 STATUS2 0x00000008 read 0x00000000
    53      0.195 psp: command 7 (id 6, type 4, 267440 bytes): rc 0, status 0x0, 5954 us, in TMR at 0xF5FF800000
    54      0.195 gfx: RLC after-psp-command CNTL 0x00000000 read 0x00000000 STATUS2 0x00000008 read 0x00000000
    55      0.197 psp: command 8 (id 6, type 5, 896 bytes): rc 0, status 0x0, 132 us, in TMR at 0x0
    56      0.197 gfx: RLC after-psp-command CNTL 0x00000000 read 0x00000000 STATUS2 0x00000008 read 0x00000000
    57      0.203 psp: command 9 (id 6, type 4, 267440 bytes): rc 0, status 0x0, 5953 us, in TMR at 0xF5FF800000
    58      0.203 gfx: RLC after-psp-command CNTL 0x00000000 read 0x00000000 STATUS2 0x00000008 read 0x00000000
    59      0.203 psp: command 10 (id 6, type 6, 896 bytes): rc 0, status 0x0, 130 us, in TMR at 0x0
    60      0.203 gfx: RLC after-psp-command CNTL 0x00000000 read 0x00000000 STATUS2 0x00000008 read 0x00000000
    61      0.203 psp: command 11 (id 6, type 8, 25088 bytes): rc 0, status 0x0, 1736 us, in TMR at 0x0
    62      0.203 gfx: RLC after-psp-command CNTL 0x00000001 read 0x00000000 STATUS2 0x00000008 read 0x00000000
    63      0.203 psp: op 1 -> 0x00000000, result 0, 15 writes, 11 of 11 commands
    64      0.203 gfx: RLC after-psp CNTL 0x00000001 read 0x00000000 STATUS2 0x00000008 read 0x00000000
    65      0.203 startup: entering IH initialization
    66      0.205 ih: init: rc 0, 18 writes
    67      0.205 ih: op 1 -> 0x00000000, result 0, 19 writes; 0 interrupt routine calls, 0 ours, 0 DPCs, 0 vectors; status idle 1 input_idle 1 bif_interrupt_line 0
    68      0.205 startup: entering GFX initialization
    69      0.207 startup: entering GFX stage 1
    70      0.211 gfx: stage 1 (doorbell aperture): rc 0, 49 writes so far, 2 us
    71      0.211 gfx: op 1 to stage 1 -> 0x00000000, result 0, 49 writes, 0 doorbells
    72      0.211 startup: entering GFX stage 2
    73      0.213 gfx: stage 2 (golden registers): rc 0, 34 writes so far, 26 us
    74      0.213 gfx: op 1 to stage 2 -> 0x00000000, result 0, 34 writes, 0 doorbells
    75      0.213 startup: entering GFX stage 3
    76      0.215 gfx: stage 3 (GRBM CAM probe): rc 0, 3 writes so far, 3 us
    77      0.215 gfx: op 1 to stage 3 -> 0x00000000, result 0, 3 writes, 0 doorbells
    78      0.217 startup: entering GFX stage 4
    79      0.217 gfx: stage 4 (constants): rc 0, 157 writes so far, 59 us
    80      0.217 gfx: op 1 to stage 4 -> 0x00000000, result 0, 157 writes, 0 doorbells
    81      0.219 startup: entering GFX stage 5
    82      0.219 startup: RLC boundary acquire-paging-lock
    83      0.221 startup: RLC boundary acquire-gart-lock
    84      0.221 startup: RLC boundary locks-acquired
    85      0.223 startup: RLC boundary before-rlc-resume
    86      0.225 startup: RLC boundary after-rlc-resume
    87      0.225 startup: RLC boundary before-gfx-visibility
    88      0.227 gpumem: GFXHUB after-invalidate-request sample 0x00F80001 fault 0x00000000
    89      0.227 gfx: RLC after-invalidate-request CNTL 0x00000001 read 0x00000000 STATUS2 0x00000008 read 0x00000000
    90      0.227 startup: visibility observer returned after-invalidate-request
    91      0.229 gpumem: GFXHUB after-invalidate-request-read sample 0x00F80001 fault 0x00000000
    92      0.229 gfx: RLC after-invalidate-request-read CNTL 0x00000001 read 0x00000000 STATUS2 0x00000008 read 0x00000000
    93      0.229 startup: visibility observer returned after-invalidate-request-read
    94      0.231 gpumem: GFXHUB after-invalidate-ack sample 0x00000001 fault 0x00000000
    95      0.231 gfx: RLC after-invalidate-ack CNTL 0x00000001 read 0x00000000 STATUS2 0x00000008 read 0x00000000
    96      0.231 startup: visibility observer returned after-invalidate-ack
    97      0.233 startup: visibility GFX returned 0, entering MMHUB
    98      0.235 startup: visibility MMHUB returned 0
    99      0.235 gpumem: startup GFX translations committed after RLC, before CP
   100      0.237 gfx: RLC after-bootstrap-translation-commit CNTL 0x00000001 read 0x00000000 STATUS2 0x00000008 read 0x00000000
   101      0.237 startup: visibility publication observer returned
   102      0.239 startup: RLC boundary after-gfx-visibility
   103      0.241 gfx: stage 5 (RLC): rc 0, 11 writes so far, 17264 us
   104      0.241 gfx: op 1 to stage 5 -> 0x00000000, result 0, 11 writes, 0 doorbells
   105      0.241 startup: entering GFX stage 6
   106      0.243 startup: entering CP step 1
   107      0.243 startup: CP1 checkpoint acquire-paging-lock
   108      0.245 startup: CP1 checkpoint acquire-gart-lock
   109      0.245 startup: CP1 checkpoint locks-acquired
   110      0.247 amdgpu[0]: CP resume kiq-init begin

   111      0.247 startup: CP1 checkpoint scheduler
   112      0.247 startup: CP1 checkpoint scheduler-read
   113      0.249 startup: CP1 checkpoint scheduler-write
   114      0.251 startup: CP1 checkpoint scheduler-done
   115      0.251 startup: CP1 checkpoint clear-mqd
   116      0.253 startup: CP1 checkpoint select-queue
   117      0.253 startup: CP1 checkpoint build-mqd
   118      0.255 startup: CP1 checkpoint disable-wptr-poll
   119      0.255 startup: CP1 checkpoint read-active
   120      0.257 startup: CP1 checkpoint program-hqd
   121      0.259 startup: CP1 checkpoint activate-hqd
   122      0.259 startup: CP1 checkpoint restore-selection
   123      0.261 startup: CP1 checkpoint complete
   124      0.261 amdgpu[0]: CP resume kiq-init end result=0

   125      0.261 gfx: CP step 1: rc 0, 27 writes, 14888 us
   126      0.261 gfx: op 1 to stage 6 -> 0x00000000, result 0, 27 writes, 0 doorbells
   127      0.261 startup: CP step 1 returned 0x00000000 result 0
   128      0.263 startup: entering CP step 2
   129      0.263 amdgpu[0]: CP resume compute-unhalt begin

   130      0.263 amdgpu[0]: CP resume compute-unhalt end

   131      0.263 amdgpu[0]: CP resume kcq-init ring=0 begin

   132      0.263 amdgpu[0]: CP resume kcq-init ring=0 end result=0

   133      0.263 amdgpu[0]: CP resume kcq-init ring=1 begin

   134      0.263 amdgpu[0]: CP resume kcq-init ring=1 end result=0

   135      0.263 amdgpu[0]: CP resume kcq-init ring=2 begin

   136      0.263 amdgpu[0]: CP resume kcq-init ring=2 end result=0

   137      0.263 amdgpu[0]: CP resume kcq-init ring=3 begin

   138      0.263 amdgpu[0]: CP resume kcq-init ring=3 end result=0

   139      0.263 amdgpu[0]: CP resume kcq-init ring=4 begin

   140      0.265 amdgpu[0]: CP resume kcq-init ring=4 end result=0

   141      0.265 amdgpu[0]: CP resume kcq-init ring=5 begin

   142      0.265 amdgpu[0]: CP resume kcq-init ring=5 end result=0

   143      0.265 amdgpu[0]: CP resume kcq-init ring=6 begin

   144      0.265 amdgpu[0]: CP resume kcq-init ring=6 end result=0

   145      0.265 amdgpu[0]: CP resume kcq-init ring=7 begin

   146      0.265 amdgpu[0]: CP resume kcq-init ring=7 end result=0

   147      0.265 gfx: CP step 2: rc 0, 17 writes, 232 us
   148      0.265 gfx: op 1 to stage 6 -> 0x00000000, result 0, 17 writes, 0 doorbells
   149      0.265 startup: CP step 2 returned 0x00000000 result 0
   150      0.265 startup: entering CP step 3
   151      0.267 amdgpu[0]: CP resume kcq-enable begin

   152      0.267 amdgpu[0]: CP resume kcq-enable end result=0

   153      0.267 gfx: CP step 3: rc 0, 1 writes, 50 us
   154      0.267 gfx: op 1 to stage 6 -> 0x00000000, result 0, 1 writes, 2 doorbells
   155      0.267 startup: CP step 3 returned 0x00000000 result 0
   156      0.267 startup: entering CP step 4
   157      0.269 amdgpu[0]: CP resume kgq-init ring=0 begin

   158      0.269 amdgpu[0]: CP resume kgq-init ring=0 end result=0

   159      0.269 gfx: CP step 4: rc 0, 4 writes, 26 us
   160      0.269 gfx: op 1 to stage 6 -> 0x00000000, result 0, 4 writes, 0 doorbells
   161      0.269 startup: CP step 4 returned 0x00000000 result 0
   162      0.269 startup: entering CP step 5
   163      0.271 amdgpu[0]: CP resume kgq-enable begin

   164      0.271 amdgpu[0]: CP resume kgq-enable end result=0

   165      0.271 gfx: CP step 5: rc 0, 1 writes, 18 us
   166      0.271 gfx: op 1 to stage 6 -> 0x00000000, result 0, 1 writes, 2 doorbells
   167      0.271 startup: CP step 5 returned 0x00000000 result 0
   168      0.271 startup: entering CP step 6
   169      0.273 amdgpu[0]: CP resume gfx-start begin

   170      0.273 amdgpu[0]: CP resume gfx-start end result=0

   171      0.273 gfx: CP step 6: rc 0, 3 writes, 23 us
   172      0.273 gfx: op 1 to stage 6 -> 0x00000000, result 0, 3 writes, 1 doorbells
   173      0.273 startup: CP step 6 returned 0x00000000 result 0
   174      0.275 startup: entering CP step 7
   175      0.275 amdgpu[0]: CP resume gfx-test ring=0 begin

   176      0.275 amdgpu[0]: CP resume gfx-test ring=0 end result=0

   177      0.275 gfx: CP step 7: rc 0, 1 writes, 13 us
   178      0.275 gfx: op 1 to stage 6 -> 0x00000000, result 0, 1 writes, 1 doorbells
   179      0.275 startup: CP step 7 returned 0x00000000 result 0
   180      0.277 startup: entering CP step 8
   181      0.277 amdgpu[0]: CP resume compute-test ring=0 begin

   182      0.277 amdgpu[0]: CP resume compute-test ring=0 end result=0

   183      0.277 amdgpu[0]: CP resume compute-test ring=1 begin

   184      0.277 amdgpu[0]: CP resume compute-test ring=1 end result=0

   185      0.277 amdgpu[0]: CP resume compute-test ring=2 begin

   186      0.277 amdgpu[0]: CP resume compute-test ring=2 end result=0

   187      0.277 amdgpu[0]: CP resume compute-test ring=3 begin

   188      0.277 amdgpu[0]: CP resume compute-test ring=3 end result=0

   189      0.277 amdgpu[0]: CP resume compute-test ring=4 begin

   190      0.277 amdgpu[0]: CP resume compute-test ring=4 end result=0

   191      0.277 amdgpu[0]: CP resume compute-test ring=5 begin

   192      0.277 amdgpu[0]: CP resume compute-test ring=5 end result=0

   193      0.277 amdgpu[0]: CP resume compute-test ring=6 begin

   194      0.277 amdgpu[0]: CP resume compute-test ring=6 end result=0

   195      0.277 amdgpu[0]: CP resume compute-test ring=7 begin

   196      0.277 amdgpu[0]: CP resume compute-test ring=7 end result=0

   197      0.277 gfx: CP step 8: rc 0, 8 writes, 64 us
   198      0.277 gfx: op 1 to stage 6 -> 0x00000000, result 0, 8 writes, 8 doorbells
   199      0.277 startup: CP step 8 returned 0x00000000 result 0
   200      0.279 startup: entering GFX stage 7
   201      0.281 gfx: stage 7 (SDMA): rc 0, 93 writes so far, 88 us
   202      0.281 gfx: op 1 to stage 7 -> 0x00000000, result 0, 93 writes, 2 doorbells
   203      0.281 startup: entering GFX stage 8
   204      0.283 gfx: stage 8 (interrupt sources): rc 0, 35 writes so far, 24 us
   205      0.283 gfx: paging node ready, SDMA0 doorbell 0x200, per-buffer private commands
   206      0.283 gfx: op 1 to stage 8 -> 0x00000000, result 0, 35 writes, 0 doorbells
   207      0.285 startup: both engines ready
   208      0.285 startup: attempted 0xF completed 0xF status 0x00000000 ready 1 unwind 0 quarantine 0
   209      0.285 wddm: GPU initialized before adapter admission
   210      0.285 wddm: callbacks sync 1 notify 1 queuedpc 1 notifydpc 1, interface 312 of 312 bytes
   211      0.287 stage 35
   212      0.287 stage 39
   213      0.287 wddm: display QueryChildRelations call 1 detail 0x38 -> 0x00000000
   214      0.287 wddm: DRIVERCAPS into 576 bytes: wddm 8192 sched 0x45 mm 0x60 flip 0x12 slots 0 tdr 1 dflip 1 rot 1
   215      0.287 wddm: QueryAdapterInfo type 1 in 0 out 576 -> 0x00000000
   216      0.287 wddm: QueryAdapterInfo type 15 in 4 out 20 -> 0xC00000BB
   217      0.287 wddm: QueryAdapterInfo type 47 in 0 out 4 -> 0xC00000BB
   218      0.287 wddm: QueryAdapterInfo type 13 in 4 out 24 -> 0x00000000
   219      0.287 wddm: QueryAdapterInfo type 14 in 4 out 20 -> 0x00000000
   220      0.287 wddm: QueryAdapterInfo type 14 in 4 out 20 -> 0x00000000
   221      0.287 wddm: QueryAdapterInfo type 14 in 4 out 20 -> 0x00000000
   222      0.287 wddm: QueryAdapterInfo type 14 in 4 out 20 -> 0x00000000
   223      0.287 wddm: GetNodeMetadata node 0 adapter 0
   224      0.287 wddm: GetNodeMetadata node 1 adapter 0
   225      0.287 wddm: QUERYSEGMENT4 pass 1: 3 segment(s)
   226      0.287 wddm: QUERYSEGMENT4 pass 2: 3 segment(s), stride 104, paging buffer segment 0, 65536 bytes
   227      0.287 wddm: segment 1 flags 0x00080404 gpu 0xF4008D0000 cpu 0x2708D0000 size 0x1ED880000
   228      0.287 wddm: QueryAdapterInfo type 16 in 0 out 4 -> 0xC00000BB
   229      0.289 wddm: CreateProcess flags 0x00000001 pasids 1
   230      0.289 wddm: CreateDevice flags 0x00000001 pasid 0
   231      0.289 wddm: CreateDevice flags 0x00000001 pasid 0
   232      0.289 wddm: capture reservation ready 22020400 bytes
   233      0.289 wddm: CreateContext node 1 engine 0x1 flags 0x00000005 private 0
   234      0.289 wddm: CreateContext answered dma 4096 bytes segment set 0x2, lists 256/0, caps 0x00000001
   235      0.291 wddm: BuildPagingBuffer operation 11 segment 0, 65536 bytes free, pass offset 0
   236      0.291 vidmm: table physical cache query pa 0x45E153000 status 0xC0000141 type 6; retained map requests NC; borrowed VA attributes unproven
   237      0.291 vidmm: CPU update level 0 mode 0 start 0 count 512 status 0x00000000
   238      0.291 wddm: BuildPagingBuffer operation 11 segment 0, 65536 bytes free, pass offset 0
   239      0.291 vidmm: table physical cache query pa 0x45E154000 status 0xC0000141 type 6; retained map requests NC; borrowed VA attributes unproven
   240      0.291 vidmm: CPU update level 0 mode 0 start 0 count 512 status 0x00000000
   241      0.291 wddm: BuildPagingBuffer operation 11 segment 0, 65536 bytes free, pass offset 0
   242      0.291 vidmm: table physical cache query pa 0x45E155000 status 0xC0000141 type 6; retained map requests NC; borrowed VA attributes unproven
   243      0.291 vidmm: CPU update level 0 mode 0 start 0 count 512 status 0x00000000
   244      0.291 wddm: BuildPagingBuffer operation 11 segment 0, 65536 bytes free, pass offset 0
   245      0.291 vidmm: table physical cache query pa 0x45E156000 status 0xC0000141 type 6; retained map requests NC; borrowed VA attributes unproven
   246      0.291 vidmm: CPU update level 0 mode 0 start 0 count 512 status 0x00000000
   247      0.291 vidmm: table physical cache query pa 0x45E157000 status 0xC0000141 type 6; retained map requests NC; borrowed VA attributes unproven
   248      0.291 vidmm: CPU update level 0 mode 0 start 0 count 512 status 0x00000000
   249      0.291 vidmm: table physical cache query pa 0x45E158000 status 0xC0000141 type 6; retained map requests NC; borrowed VA attributes unproven
   250      0.291 vidmm: CPU update level 0 mode 0 start 0 count 512 status 0x00000000
   251      0.291 vidmm: table physical cache query pa 0x45E159000 status 0xC0000141 type 6; retained map requests NC; borrowed VA attributes unproven
   252      0.291 vidmm: CPU update level 0 mode 0 start 0 count 512 status 0x00000000
   253      0.291 vidmm: table physical cache query pa 0x45E15A000 status 0xC0000141 type 6; retained map requests NC; borrowed VA attributes unproven
   254      0.291 vidmm: CPU update level 0 mode 0 start 0 count 512 status 0x00000000
   255      0.321 wddm: SetRootPageTable segment 3 offset 0x0, 512 entries
  1538     18.085 gfx: paging submit, 41 dwords from private buffer at 0xC8, seq 740
  1539     18.085 gfx: paging submit, 15 dwords from private buffer at 0x16C, seq 741
  1540     18.105 wddm: malformed virtual present rejected
  1541     18.121 gfx: paging submit, 31 dwords from private buffer at 0x1A8, seq 742
  1542     18.121 gfx: paging submit, 31 dwords from private buffer at 0x224, seq 743
  1543     18.123 wddm: software vsync off after 1102 ticks
  1544     18.123 gfx: paging submit, 848 dwords from private buffer at 0x2A0, seq 744
  1545     18.123 gfx: paging submit, 1004 dwords from private buffer at 0x0, seq 745
  1546     18.123 gfx: paging submit, 1004 dwords from private buffer at 0x0, seq 746
  1547     18.123 gfx: paging submit, 1004 dwords from private buffer at 0x0, seq 747
  1548     18.125 amdgpu[2]: ring alloc of 16 dwords exceeds max_dw 12

  1549     18.125 gfx: paging submit, 1006 dwords from private buffer at 0x0, seq 748
  1550     18.125 amdgpu[2]: ring alloc of 16 dwords exceeds max_dw 13

  1551     18.125 gfx: paging submit, 1005 dwords from private buffer at 0x0, seq 749
  1552     18.125 amdgpu[2]: ring alloc of 16 dwords exceeds max_dw 13

  1553     18.125 gfx: paging submit, 1005 dwords from private buffer at 0x0, seq 750
  1554     18.125 amdgpu[2]: ring alloc of 16 dwords exceeds max_dw 13

  1555     18.125 gfx: paging submit, 1005 dwords from private buffer at 0x0, seq 751
  1556     18.125 amdgpu[2]: ring alloc of 16 dwords exceeds max_dw 13

  1557     18.125 gfx: paging submit, 1005 dwords from private buffer at 0x0, seq 752
  1558     18.125 amdgpu[2]: ring alloc of 16 dwords exceeds max_dw 13

  1559     18.125 gfx: paging submit, 1005 dwords from private buffer at 0x0, seq 753
  1560     18.125 amdgpu[2]: ring alloc of 16 dwords exceeds max_dw 13

  1561     18.125 gfx: paging submit, 1005 dwords from private buffer at 0x0, seq 754
  1562     18.125 amdgpu[2]: ring alloc of 16 dwords exceeds max_dw 13

  1563     18.125 gfx: paging submit, 1005 dwords from private buffer at 0x0, seq 755
  1564     18.125 amdgpu[2]: ring alloc of 16 dwords exceeds max_dw 13

  1565     18.127 gfx: paging submit, 1005 dwords from private buffer at 0x0, seq 756
  1566     18.127 amdgpu[2]: ring alloc of 16 dwords exceeds max_dw 13

  1567     18.127 gfx: paging submit, 1005 dwords from private buffer at 0x0, seq 757
  1568     18.127 amdgpu[2]: ring alloc of 16 dwords exceeds max_dw 13

  1569     18.127 gfx: paging submit, 1005 dwords from private buffer at 0x0, seq 758
  1570     18.127 gfx: paging submit, 975 dwords from private buffer at 0x0, seq 759
  1571     18.127 gfx: paging submit, 32 dwords from private buffer at 0xF3C, seq 760
  1572     18.127 gfx: paging submit, 974 dwords from private buffer at 0x0, seq 761
  1573     18.127 gfx: paging submit, 1006 dwords from private buffer at 0x0, seq 762
  1574     18.127 gfx: paging submit, 1004 dwords from private buffer at 0x0, seq 763
  1575     18.127 gfx: paging submit, 1004 dwords from private buffer at 0x0, seq 764
  1576     18.127 gfx: paging submit, 653 dwords from private buffer at 0x0, seq 765
  1577     18.127 gfx: paging submit, 974 dwords from private buffer at 0x0, seq 766
  1578     18.127 gfx: paging submit, 44 dwords from private buffer at 0x0, seq 767
  1579     18.127 gfx: paging submit, 960 dwords from private buffer at 0xB0, seq 768
  1580     18.127 gfx: paging submit, 92 dwords from private buffer at 0x0, seq 769
  1581     18.127 gfx: paging submit, 912 dwords from private buffer at 0x170, seq 770
  1582     18.127 gfx: paging submit, 140 dwords from private buffer at 0x0, seq 771
  1583     18.127 gfx: paging submit, 864 dwords from private buffer at 0x230, seq 772
  1584     18.129 gfx: paging submit, 188 dwords from private buffer at 0x0, seq 773
  1585     18.129 gfx: paging submit, 826 dwords from private buffer at 0x2F0, seq 774
  1586     18.129 gfx: paging submit, 277 dwords from private buffer at 0x0, seq 775
  1587     18.129 gfx: paging submit, 736 dwords from private buffer at 0x454, seq 776
  1588     18.129 gfx: paging submit, 1004 dwords from private buffer at 0x0, seq 777
  1589     18.129 gfx: paging submit, 1004 dwords from private buffer at 0x0, seq 778
  1590     18.129 gfx: paging submit, 1004 dwords from private buffer at 0x0, seq 779
  1591     18.129 amdgpu[2]: ring alloc of 16 dwords exceeds max_dw 15

  1592     18.129 gfx: paging submit, 1003 dwords from private buffer at 0x0, seq 780
  1593     18.129 amdgpu[2]: ring alloc of 16 dwords exceeds max_dw 13

  1594     18.129 gfx: paging submit, 1005 dwords from private buffer at 0x0, seq 781
  1595     18.129 amdgpu[2]: ring alloc of 16 dwords exceeds max_dw 13

  1596     18.129 gfx: paging submit, 1005 dwords from private buffer at 0x0, seq 782
  1597     18.129 amdgpu[2]: ring alloc of 16 dwords exceeds max_dw 13

  1598     18.129 gfx: paging submit, 1005 dwords from private buffer at 0x0, seq 783
  1599     18.129 amdgpu[2]: ring alloc of 16 dwords exceeds max_dw 13

  1600     18.129 gfx: paging submit, 1005 dwords from private buffer at 0x0, seq 784
  1601     18.129 amdgpu[2]: ring alloc of 16 dwords exceeds max_dw 13

  1602     18.129 gfx: paging submit, 1005 dwords from private buffer at 0x0, seq 785
  1603     18.129 amdgpu[2]: ring alloc of 16 dwords exceeds max_dw 13

  1604     18.129 gfx: paging submit, 1005 dwords from private buffer at 0x0, seq 786
  1605     18.131 amdgpu[2]: ring alloc of 16 dwords exceeds max_dw 13

  1606     18.131 gfx: paging submit, 1005 dwords from private buffer at 0x0, seq 787
  1607     18.131 amdgpu[2]: ring alloc of 16 dwords exceeds max_dw 13

  1608     18.131 gfx: paging submit, 1005 dwords from private buffer at 0x0, seq 788
  1609     18.131 amdgpu[2]: ring alloc of 16 dwords exceeds max_dw 13

  1610     18.131 gfx: paging submit, 1005 dwords from private buffer at 0x0, seq 789
  1611     18.131 amdgpu[2]: ring alloc of 16 dwords exceeds max_dw 13

  1612     18.131 gfx: paging submit, 1005 dwords from private buffer at 0x0, seq 790
  1613     18.131 amdgpu[2]: ring alloc of 16 dwords exceeds max_dw 13

  1614     18.131 gfx: paging submit, 1005 dwords from private buffer at 0x0, seq 791
  1615     18.131 gfx: paging submit, 85 dwords from private buffer at 0x0, seq 792
  1616     18.131 gfx: paging submit, 918 dwords from private buffer at 0x154, seq 793
  1617     18.131 gfx: paging submit, 1004 dwords from private buffer at 0x0, seq 794
  1618     18.131 gfx: paging submit, 1004 dwords from private buffer at 0x0, seq 795
  1619     18.131 gfx: paging submit, 1004 dwords from private buffer at 0x0, seq 796
  1620     18.131 gfx: paging submit, 1004 dwords from private buffer at 0x0, seq 797
  1621     18.133 gfx: paging submit, 319 dwords from private buffer at 0x0, seq 798
  1622     18.133 gfx: paging submit, 688 dwords from private buffer at 0x4FC, seq 799
  1623     18.133 gfx: paging submit, 364 dwords from private buffer at 0x0, seq 800
  1624     18.133 gfx: paging submit, 640 dwords from private buffer at 0x5B0, seq 801
  1625     18.133 gfx: paging submit, 412 dwords from private buffer at 0x0, seq 802
  1626     18.133 gfx: paging submit, 592 dwords from private buffer at 0x670, seq 803
  1627     18.133 gfx: paging submit, 460 dwords from private buffer at 0x0, seq 804
  1628     18.133 gfx: paging submit, 546 dwords from private buffer at 0x730, seq 805
  1629     18.133 gfx: paging submit, 557 dwords from private buffer at 0x0, seq 806
  1630     18.133 wddm: software vsync on, 16 ms period, target 2424833
  1631     18.133 gfx: paging submit, 31 dwords from private buffer at 0x8B4, seq 807
  1632     18.133 gfx: paging submit, 31 dwords from private buffer at 0x930, seq 808
  1633     18.133 gfx: paging submit, 384 dwords from private buffer at 0x9AC, seq 809
  1634     18.133 gfx: paging submit, 119 dwords from private buffer at 0x0, seq 810
  1635     18.133 gfx: paging submit, 15 dwords from private buffer at 0x1DC, seq 811
  1636     18.133 gfx: paging submit, 67 dwords from private buffer at 0x218, seq 812
  1637     18.133 gfx: paging submit, 15 dwords from private buffer at 0x324, seq 813
  1638     18.153 wddm: malformed virtual present rejected
  1639     20.885 gfx: paging submit, 31 dwords from private buffer at 0x360, seq 814
  1640     20.885 gfx: paging submit, 31 dwords from private buffer at 0x3DC, seq 815
  1641     20.887 wddm: software vsync off after 1274 ticks
  1642     20.887 gfx: paging submit, 736 dwords from private buffer at 0x458, seq 816
  1643     20.889 gfx: paging submit, 1004 dwords from private buffer at 0x0, seq 817
  1644     20.889 gfx: paging submit, 1004 dwords from private buffer at 0x0, seq 818
  1645     20.889 gfx: paging submit, 1004 dwords from private buffer at 0x0, seq 819
  1646     20.889 amdgpu[2]: ring alloc of 16 dwords exceeds max_dw 15

  1647     20.889 gfx: paging submit, 1003 dwords from private buffer at 0x0, seq 820
  1648     20.889 amdgpu[2]: ring alloc of 16 dwords exceeds max_dw 13

  1649     20.889 gfx: paging submit, 1005 dwords from private buffer at 0x0, seq 821
  1650     20.889 amdgpu[2]: ring alloc of 16 dwords exceeds max_dw 13

  1651     20.889 gfx: paging submit, 1005 dwords from private buffer at 0x0, seq 822
  1652     20.889 amdgpu[2]: ring alloc of 16 dwords exceeds max_dw 13

  1653     20.889 gfx: paging submit, 1005 dwords from private buffer at 0x0, seq 823
  1654     20.889 amdgpu[2]: ring alloc of 16 dwords exceeds max_dw 13

  1655     20.889 gfx: paging submit, 1005 dwords from private buffer at 0x0, seq 824
  1656     20.889 amdgpu[2]: ring alloc of 16 dwords exceeds max_dw 13

  1657     20.889 gfx: paging submit, 1005 dwords from private buffer at 0x0, seq 825
  1658     20.889 amdgpu[2]: ring alloc of 16 dwords exceeds max_dw 13

  1659     20.891 gfx: paging submit, 1005 dwords from private buffer at 0x0, seq 826
  1660     20.891 amdgpu[2]: ring alloc of 16 dwords exceeds max_dw 13

  1661     20.891 gfx: paging submit, 1005 dwords from private buffer at 0x0, seq 827
  1662     20.891 amdgpu[2]: ring alloc of 16 dwords exceeds max_dw 13

  1663     20.891 gfx: paging submit, 1005 dwords from private buffer at 0x0, seq 828
  1664     20.891 amdgpu[2]: ring alloc of 16 dwords exceeds max_dw 13

  1665     20.891 gfx: paging submit, 1005 dwords from private buffer at 0x0, seq 829
  1666     20.891 amdgpu[2]: ring alloc of 16 dwords exceeds max_dw 13

  1667     20.891 gfx: paging submit, 1005 dwords from private buffer at 0x0, seq 830
  1668     20.891 amdgpu[2]: ring alloc of 16 dwords exceeds max_dw 13

  1669     20.891 gfx: paging submit, 1005 dwords from private buffer at 0x0, seq 831
  1670     20.891 gfx: paging submit, 85 dwords from private buffer at 0x0, seq 832
  1671     20.893 gfx: paging submit, 926 dwords from private buffer at 0x154, seq 833
  1672     20.893 gfx: paging submit, 1004 dwords from private buffer at 0x0, seq 834
  1673     20.893 gfx: paging submit, 1004 dwords from private buffer at 0x0, seq 835
  1674     20.893 gfx: paging submit, 1004 dwords from private buffer at 0x0, seq 836
  1675     20.893 gfx: paging submit, 893 dwords from private buffer at 0x0, seq 837
  1676     20.893 gfx: paging submit, 112 dwords from private buffer at 0xDF4, seq 838
  1677     20.893 gfx: paging submit, 940 dwords from private buffer at 0x0, seq 839
  1678     20.893 gfx: paging submit, 64 dwords from private buffer at 0xEB0, seq 840
  1679     20.893 gfx: paging submit, 974 dwords from private buffer at 0x0, seq 841
  1680     20.893 gfx: paging submit, 28 dwords from private buffer at 0x0, seq 842
  1681     20.893 gfx: paging submit, 974 dwords from private buffer at 0x70, seq 843
  1682     20.893 gfx: paging submit, 78 dwords from private buffer at 0x0, seq 844
  1683     20.893 gfx: paging submit, 928 dwords from private buffer at 0x138, seq 845
  1684     20.893 gfx: paging submit, 124 dwords from private buffer at 0x0, seq 846
  1685     20.893 gfx: paging submit, 890 dwords from private buffer at 0x1F0, seq 847
  1686     20.893 gfx: paging submit, 215 dwords from private buffer at 0x0, seq 848
  1687     20.893 gfx: paging submit, 800 dwords from private buffer at 0x35C, seq 849
  1688     20.893 gfx: paging submit, 1004 dwords from private buffer at 0x0, seq 850
  1689     20.893 gfx: paging submit, 1004 dwords from private buffer at 0x0, seq 851
  1690     20.893 gfx: paging submit, 1004 dwords from private buffer at 0x0, seq 852
  1691     20.893 amdgpu[2]: ring alloc of 16 dwords exceeds max_dw 14

  1692     20.893 gfx: paging submit, 1004 dwords from private buffer at 0x0, seq 853
  1693     20.893 amdgpu[2]: ring alloc of 16 dwords exceeds max_dw 13

  1694     20.893 gfx: paging submit, 1005 dwords from private buffer at 0x0, seq 854
  1695     20.893 amdgpu[2]: ring alloc of 16 dwords exceeds max_dw 13

  1696     20.893 gfx: paging submit, 1005 dwords from private buffer at 0x0, seq 855
  1697     20.893 amdgpu[2]: ring alloc of 16 dwords exceeds max_dw 13

  1698     20.893 gfx: paging submit, 1005 dwords from private buffer at 0x0, seq 856
  1699     20.893 amdgpu[2]: ring alloc of 16 dwords exceeds max_dw 13

  1700     20.893 gfx: paging submit, 1005 dwords from private buffer at 0x0, seq 857
  1701     20.895 amdgpu[2]: ring alloc of 16 dwords exceeds max_dw 13

  1702     20.895 gfx: paging submit, 1005 dwords from private buffer at 0x0, seq 858
  1703     20.895 amdgpu[2]: ring alloc of 16 dwords exceeds max_dw 13

  1704     20.895 gfx: paging submit, 1005 dwords from private buffer at 0x0, seq 859
  1705     20.895 amdgpu[2]: ring alloc of 16 dwords exceeds max_dw 13

  1706     20.895 gfx: paging submit, 1005 dwords from private buffer at 0x0, seq 860
  1707     20.895 amdgpu[2]: ring alloc of 16 dwords exceeds max_dw 13

  1708     20.895 gfx: paging submit, 1005 dwords from private buffer at 0x0, seq 861
  1709     20.895 amdgpu[2]: ring alloc of 16 dwords exceeds max_dw 13

  1710     20.895 gfx: paging submit, 1005 dwords from private buffer at 0x0, seq 862
  1711     20.895 amdgpu[2]: ring alloc of 16 dwords exceeds max_dw 13

  1712     20.895 gfx: paging submit, 1005 dwords from private buffer at 0x0, seq 863
  1713     20.895 amdgpu[2]: ring alloc of 16 dwords exceeds max_dw 13

  1714     20.897 gfx: paging submit, 1005 dwords from private buffer at 0x0, seq 864
  1715     20.897 gfx: paging submit, 20 dwords from private buffer at 0x0, seq 865
  1716     20.897 gfx: paging submit, 986 dwords from private buffer at 0x50, seq 866
  1717     20.897 gfx: paging submit, 1004 dwords from private buffer at 0x0, seq 867
  1718     20.897 gfx: paging submit, 1004 dwords from private buffer at 0x0, seq 868
  1719     20.897 gfx: paging submit, 1004 dwords from private buffer at 0x0, seq 869
  1720     20.897 gfx: paging submit, 974 dwords from private buffer at 0x0, seq 870
  1721     20.897 gfx: paging submit, 493 dwords from private buffer at 0x0, seq 871
  1722     20.897 gfx: paging submit, 512 dwords from private buffer at 0x7B4, seq 872
  1723     20.897 gfx: paging submit, 540 dwords from private buffer at 0x0, seq 873
  1724     20.897 gfx: paging submit, 464 dwords from private buffer at 0x870, seq 874
  1725     20.897 gfx: paging submit, 588 dwords from private buffer at 0x0, seq 875
  1726     20.897 gfx: paging submit, 416 dwords from private buffer at 0x930, seq 876
  1727     20.897 gfx: paging submit, 636 dwords from private buffer at 0x0, seq 877
  1728     20.897 gfx: paging submit, 368 dwords from private buffer at 0x9F0, seq 878
  1729     20.897 gfx: paging submit, 735 dwords from private buffer at 0x0, seq 879
  1730     20.897 wddm: software vsync on, 16 ms period, target 2424833
  1731     20.897 gfx: paging submit, 31 dwords from private buffer at 0xB7C, seq 880
  1732     20.897 gfx: paging submit, 31 dwords from private buffer at 0xBF8, seq 881
  1733     20.897 gfx: paging submit, 208 dwords from private buffer at 0xC74, seq 882
  1734     20.897 gfx: paging submit, 701 dwords from private buffer at 0x0, seq 883
  1735     20.897 gfx: paging submit, 15 dwords from private buffer at 0xAF4, seq 884
  1736     20.897 gfx: paging submit, 39 dwords from private buffer at 0xB30, seq 885
  1737     20.897 gfx: paging submit, 15 dwords from private buffer at 0xBCC, seq 886
  1738     20.917 wddm: malformed virtual present rejected
  1739     20.933 gfx: paging submit, 238 dwords from private buffer at 0xC08, seq 887
  1740     20.933 gfx: paging submit, 873 dwords from private buffer at 0x0, seq 888
  1741     20.933 gfx: paging submit, 31 dwords from private buffer at 0xDA4, seq 889
  1742     20.935 wddm: software vsync off after 1276 ticks
  1743     20.935 gfx: paging submit, 112 dwords from private buffer at 0xE20, seq 890
  1744     20.935 gfx: paging submit, 1004 dwords from private buffer at 0x0, seq 891
  1745     20.935 gfx: paging submit, 974 dwords from private buffer at 0x0, seq 892
  1746     20.935 gfx: paging submit, 1002 dwords from private buffer at 0x0, seq 893
  1747     20.937 gfx: paging submit, 1006 dwords from private buffer at 0x0, seq 894
  1748     20.937 amdgpu[2]: ring alloc of 16 dwords exceeds max_dw 11

  1749     20.937 gfx: paging submit, 1007 dwords from private buffer at 0x0, seq 895
  1750     20.937 amdgpu[2]: ring alloc of 16 dwords exceeds max_dw 13

  1751     20.937 gfx: paging submit, 1005 dwords from private buffer at 0x0, seq 896
  1752     20.937 amdgpu[2]: ring alloc of 16 dwords exceeds max_dw 13

  1753     20.937 gfx: paging submit, 1005 dwords from private buffer at 0x0, seq 897
  1754     20.937 amdgpu[2]: ring alloc of 16 dwords exceeds max_dw 13

  1755     20.937 gfx: paging submit, 1005 dwords from private buffer at 0x0, seq 898
  1756     20.937 amdgpu[2]: ring alloc of 16 dwords exceeds max_dw 13

  1757     20.937 gfx: paging submit, 1005 dwords from private buffer at 0x0, seq 899
  1758     20.937 amdgpu[2]: ring alloc of 16 dwords exceeds max_dw 13

  1759     20.937 gfx: paging submit, 1005 dwords from private buffer at 0x0, seq 900
  1760     20.937 amdgpu[2]: ring alloc of 16 dwords exceeds max_dw 13

  1761     20.937 gfx: paging submit, 1005 dwords from private buffer at 0x0, seq 901
  1762     20.937 amdgpu[2]: ring alloc of 16 dwords exceeds max_dw 13

  1763     20.939 gfx: paging submit, 1005 dwords from private buffer at 0x0, seq 902
  1764     20.939 amdgpu[2]: ring alloc of 16 dwords exceeds max_dw 13

  1765     20.939 gfx: paging submit, 1005 dwords from private buffer at 0x0, seq 903
  1766     20.939 amdgpu[2]: ring alloc of 16 dwords exceeds max_dw 13

  1767     20.939 gfx: paging submit, 1005 dwords from private buffer at 0x0, seq 904
  1768     20.939 amdgpu[2]: ring alloc of 16 dwords exceeds max_dw 13

  1769     20.939 gfx: paging submit, 1005 dwords from private buffer at 0x0, seq 905
  1770     20.939 gfx: paging submit, 750 dwords from private buffer at 0x0, seq 906
  1771     20.939 gfx: paging submit, 256 dwords from private buffer at 0xBB8, seq 907
  1772     20.939 gfx: paging submit, 974 dwords from private buffer at 0x0, seq 908
  1773     20.939 gfx: paging submit, 1006 dwords from private buffer at 0x0, seq 909
  1774     20.939 gfx: paging submit, 1004 dwords from private buffer at 0x0, seq 910
  1775     20.939 gfx: paging submit, 1004 dwords from private buffer at 0x0, seq 911
  1776     20.939 gfx: paging submit, 653 dwords from private buffer at 0x0, seq 912
  1777     20.939 gfx: paging submit, 762 dwords from private buffer at 0x0, seq 913
  1778     20.939 gfx: paging submit, 256 dwords from private buffer at 0xBE8, seq 914
  1779     20.939 gfx: paging submit, 796 dwords from private buffer at 0x0, seq 915
  1780     20.939 gfx: paging submit, 208 dwords from private buffer at 0xC70, seq 916
  1781     20.939 gfx: paging submit, 844 dwords from private buffer at 0x0, seq 917
  1782     20.939 gfx: paging submit, 160 dwords from private buffer at 0xD30, seq 918
  1783     20.941 gfx: paging submit, 892 dwords from private buffer at 0x0, seq 919
  1784     20.941 gfx: paging submit, 112 dwords from private buffer at 0xDF0, seq 920
  1785     20.941 gfx: paging submit, 991 dwords from private buffer at 0x0, seq 921
  1786     20.941 gfx: paging submit, 16 dwords from private buffer at 0xF7C, seq 922
  1787     20.941 gfx: paging submit, 974 dwords from private buffer at 0x0, seq 923
  1788     20.941 gfx: paging submit, 1004 dwords from private buffer at 0x0, seq 924
  1789     20.941 gfx: paging submit, 1004 dwords from private buffer at 0x0, seq 925
  1790     20.941 gfx: paging submit, 1004 dwords from private buffer at 0x0, seq 926
  1791     20.941 amdgpu[2]: ring alloc of 16 dwords exceeds max_dw 15

  1792     20.941 gfx: paging submit, 1003 dwords from private buffer at 0x0, seq 927
  1793     20.941 amdgpu[2]: ring alloc of 16 dwords exceeds max_dw 13

  1794     20.941 gfx: paging submit, 1005 dwords from private buffer at 0x0, seq 928
  1795     20.941 amdgpu[2]: ring alloc of 16 dwords exceeds max_dw 13

  1796     20.941 gfx: paging submit, 1005 dwords from private buffer at 0x0, seq 929
  1797     20.941 amdgpu[2]: ring alloc of 16 dwords exceeds max_dw 13

  1798     20.941 gfx: paging submit, 1005 dwords from private buffer at 0x0, seq 930
  1799     20.941 amdgpu[2]: ring alloc of 16 dwords exceeds max_dw 13

  1800     20.941 gfx: paging submit, 1005 dwords from private buffer at 0x0, seq 931
  1801     20.941 amdgpu[2]: ring alloc of 16 dwords exceeds max_dw 13

  1802     20.941 gfx: paging submit, 1005 dwords from private buffer at 0x0, seq 932
  1803     20.941 amdgpu[2]: ring alloc of 16 dwords exceeds max_dw 13

  1804     20.943 gfx: paging submit, 1005 dwords from private buffer at 0x0, seq 933
  1805     20.943 amdgpu[2]: ring alloc of 16 dwords exceeds max_dw 13

  1806     20.943 gfx: paging submit, 1005 dwords from private buffer at 0x0, seq 934
  1807     20.943 amdgpu[2]: ring alloc of 16 dwords exceeds max_dw 13

  1808     20.943 gfx: paging submit, 1005 dwords from private buffer at 0x0, seq 935
  1809     20.943 amdgpu[2]: ring alloc of 16 dwords exceeds max_dw 13

  1810     20.943 gfx: paging submit, 1005 dwords from private buffer at 0x0, seq 936
  1811     20.943 amdgpu[2]: ring alloc of 16 dwords exceeds max_dw 13

  1812     20.943 gfx: paging submit, 1005 dwords from private buffer at 0x0, seq 937
  1813     20.943 gfx: paging submit, 850 dwords from private buffer at 0x0, seq 938
  1814     20.943 gfx: paging submit, 160 dwords from private buffer at 0xD48, seq 939
  1815     20.943 gfx: paging submit, 974 dwords from private buffer at 0x0, seq 940
  1816     20.943 gfx: paging submit, 1006 dwords from private buffer at 0x0, seq 941
  1817     20.945 gfx: paging submit, 1004 dwords from private buffer at 0x0, seq 942
  1818     20.945 gfx: paging submit, 1004 dwords from private buffer at 0x0, seq 943
  1819     20.945 gfx: paging submit, 653 dwords from private buffer at 0x0, seq 944
  1820     20.945 gfx: paging submit, 258 dwords from private buffer at 0x0, seq 945
  1821     20.945 gfx: paging submit, 752 dwords from private buffer at 0x408, seq 946
  1822     20.945 gfx: paging submit, 300 dwords from private buffer at 0x0, seq 947
  1823     20.945 gfx: paging submit, 704 dwords from private buffer at 0x4B0, seq 948
  1824     20.945 gfx: paging submit, 348 dwords from private buffer at 0x0, seq 949
  1825     20.945 gfx: paging submit, 656 dwords from private buffer at 0x570, seq 950
  1826     20.945 gfx: paging submit, 396 dwords from private buffer at 0x0, seq 951
  1827     20.945 gfx: paging submit, 608 dwords from private buffer at 0x630, seq 952
  1828     20.945 gfx: paging submit, 444 dwords from private buffer at 0x0, seq 953
  1829     20.945 gfx: paging submit, 560 dwords from private buffer at 0x6F0, seq 954
  1830     20.945 gfx: paging submit, 545 dwords from private buffer at 0x0, seq 955
  1831     20.945 wddm: software vsync on, 16 ms period, target 2424833
  1832     20.945 gfx: paging submit, 31 dwords from private buffer at 0x884, seq 956
  1833     20.945 gfx: paging submit, 31 dwords from private buffer at 0x900, seq 957
  1834     20.945 gfx: paging submit, 400 dwords from private buffer at 0x97C, seq 958
  1835     20.945 gfx: paging submit, 1016 dwords from private buffer at 0x0, seq 959
  1836     20.945 gfx: paging submit, 103 dwords from private buffer at 0x0, seq 960
  1837     20.945 gfx: paging submit, 15 dwords from private buffer at 0x19C, seq 961
  1838     20.945 gfx: paging submit, 41 dwords from private buffer at 0x1D8, seq 962
  1839     20.945 gfx: paging submit, 15 dwords from private buffer at 0x27C, seq 963
  1840     20.966 wddm: malformed virtual present rejected
  1841     23.734 gfx: paging submit, 31 dwords from private buffer at 0x2B8, seq 964
  1842     23.734 gfx: paging submit, 31 dwords from private buffer at 0x334, seq 965
  1843     23.736 wddm: software vsync off after 1450 ticks
  1844     23.736 gfx: paging submit, 768 dwords from private buffer at 0x3B0, seq 966
  1845     23.736 gfx: paging submit, 1004 dwords from private buffer at 0x0, seq 967
  1846     23.736 gfx: paging submit, 1004 dwords from private buffer at 0x0, seq 968
  1847     23.736 gfx: paging submit, 1004 dwords from private buffer at 0x0, seq 969
  1848     23.736 amdgpu[2]: ring alloc of 16 dwords exceeds max_dw 12

  1849     23.736 gfx: paging submit, 1006 dwords from private buffer at 0x0, seq 970
  1850     23.736 amdgpu[2]: ring alloc of 16 dwords exceeds max_dw 13

  1851     23.736 gfx: paging submit, 1005 dwords from private buffer at 0x0, seq 971
  1852     23.736 amdgpu[2]: ring alloc of 16 dwords exceeds max_dw 13

  1853     23.736 gfx: paging submit, 1005 dwords from private buffer at 0x0, seq 972
  1854     23.736 amdgpu[2]: ring alloc of 16 dwords exceeds max_dw 13

  1855     23.738 gfx: paging submit, 1005 dwords from private buffer at 0x0, seq 973
  1856     23.738 amdgpu[2]: ring alloc of 16 dwords exceeds max_dw 13

  1857     23.738 gfx: paging submit, 1005 dwords from private buffer at 0x0, seq 974
  1858     23.738 amdgpu[2]: ring alloc of 16 dwords exceeds max_dw 13

  1859     23.738 gfx: paging submit, 1005 dwords from private buffer at 0x0, seq 975
  1860     23.738 amdgpu[2]: ring alloc of 16 dwords exceeds max_dw 13

  1861     23.738 gfx: paging submit, 1005 dwords from private buffer at 0x0, seq 976
  1862     23.738 amdgpu[2]: ring alloc of 16 dwords exceeds max_dw 13

  1863     23.738 gfx: paging submit, 1005 dwords from private buffer at 0x0, seq 977
  1864     23.738 amdgpu[2]: ring alloc of 16 dwords exceeds max_dw 13

  1865     23.738 gfx: paging submit, 1005 dwords from private buffer at 0x0, seq 978
  1866     23.738 amdgpu[2]: ring alloc of 16 dwords exceeds max_dw 13

  1867     23.738 gfx: paging submit, 1005 dwords from private buffer at 0x0, seq 979
  1868     23.738 amdgpu[2]: ring alloc of 16 dwords exceeds max_dw 13

  1869     23.740 gfx: paging submit, 1005 dwords from private buffer at 0x0, seq 980
  1870     23.740 amdgpu[2]: ring alloc of 16 dwords exceeds max_dw 13

  1871     23.740 gfx: paging submit, 1005 dwords from private buffer at 0x0, seq 981
  1872     23.740 gfx: paging submit, 50 dwords from private buffer at 0x0, seq 982
  1873     23.740 gfx: paging submit, 960 dwords from private buffer at 0xC8, seq 983
  1874     23.740 gfx: paging submit, 974 dwords from private buffer at 0x0, seq 984
  1875     23.740 gfx: paging submit, 1006 dwords from private buffer at 0x0, seq 985
  1876     23.740 gfx: paging submit, 1004 dwords from private buffer at 0x0, seq 986
  1877     23.740 gfx: paging submit, 1004 dwords from private buffer at 0x0, seq 987
  1878     23.740 gfx: paging submit, 653 dwords from private buffer at 0x0, seq 988
  1879     23.740 gfx: paging submit, 76 dwords from private buffer at 0x0, seq 989
  1880     23.740 gfx: paging submit, 928 dwords from private buffer at 0x130, seq 990
  1881     23.740 gfx: paging submit, 124 dwords from private buffer at 0x0, seq 991
  1882     23.740 gfx: paging submit, 880 dwords from private buffer at 0x1F0, seq 992
  1883     23.740 gfx: paging submit, 172 dwords from private buffer at 0x0, seq 993
  1884     23.740 gfx: paging submit, 832 dwords from private buffer at 0x2B0, seq 994
  1885     23.740 gfx: paging submit, 220 dwords from private buffer at 0x0, seq 995
  1886     23.740 gfx: paging submit, 794 dwords from private buffer at 0x370, seq 996
  1887     23.740 gfx: paging submit, 309 dwords from private buffer at 0x0, seq 997
  1888     23.740 gfx: paging submit, 704 dwords from private buffer at 0x4D4, seq 998
  1889     23.740 gfx: paging submit, 1004 dwords from private buffer at 0x0, seq 999
  1890     23.740 gfx: paging submit, 1004 dwords from private buffer at 0x0, seq 1000
  1891     23.740 gfx: paging submit, 1004 dwords from private buffer at 0x0, seq 1001
  1892     23.740 amdgpu[2]: ring alloc of 16 dwords exceeds max_dw 13

  1893     23.740 gfx: paging submit, 1005 dwords from private buffer at 0x0, seq 1002
  1894     23.740 amdgpu[2]: ring alloc of 16 dwords exceeds max_dw 13

  1895     23.740 gfx: paging submit, 1005 dwords from private buffer at 0x0, seq 1003
  1896     23.740 amdgpu[2]: ring alloc of 16 dwords exceeds max_dw 13

  1897     23.742 gfx: paging submit, 1005 dwords from private buffer at 0x0, seq 1004
  1898     23.742 amdgpu[2]: ring alloc of 16 dwords exceeds max_dw 13

  1899     23.742 gfx: paging submit, 1005 dwords from private buffer at 0x0, seq 1005
  1900     23.742 amdgpu[2]: ring alloc of 16 dwords exceeds max_dw 13

  1901     23.742 gfx: paging submit, 1005 dwords from private buffer at 0x0, seq 1006
  1902     23.742 amdgpu[2]: ring alloc of 16 dwords exceeds max_dw 13

  1903     23.742 gfx: paging submit, 1005 dwords from private buffer at 0x0, seq 1007
  1904     23.742 amdgpu[2]: ring alloc of 16 dwords exceeds max_dw 13

  1905     23.742 gfx: paging submit, 1005 dwords from private buffer at 0x0, seq 1008
  1906     23.742 amdgpu[2]: ring alloc of 16 dwords exceeds max_dw 13

  1907     23.742 gfx: paging submit, 1005 dwords from private buffer at 0x0, seq 1009
  1908     23.742 amdgpu[2]: ring alloc of 16 dwords exceeds max_dw 13

  1909     23.742 gfx: paging submit, 1005 dwords from private buffer at 0x0, seq 1010
  1910     23.742 amdgpu[2]: ring alloc of 16 dwords exceeds max_dw 13

  1911     23.744 gfx: paging submit, 1005 dwords from private buffer at 0x0, seq 1011
  1912     23.744 amdgpu[2]: ring alloc of 16 dwords exceeds max_dw 13

  1913     23.744 gfx: paging submit, 1005 dwords from private buffer at 0x0, seq 1012
  1914     23.744 amdgpu[2]: ring alloc of 16 dwords exceeds max_dw 13

  1915     23.744 gfx: paging submit, 1005 dwords from private buffer at 0x0, seq 1013
  1916     23.744 gfx: paging submit, 115 dwords from private buffer at 0x0, seq 1014
  1917     23.744 gfx: paging submit, 902 dwords from private buffer at 0x1CC, seq 1015
  1918     23.744 gfx: paging submit, 1004 dwords from private buffer at 0x0, seq 1016
  1919     23.744 gfx: paging submit, 1004 dwords from private buffer at 0x0, seq 1017
  1920     23.744 gfx: paging submit, 1004 dwords from private buffer at 0x0, seq 1018
  1921     23.744 gfx: paging submit, 1004 dwords from private buffer at 0x0, seq 1019
  1922     23.744 gfx: paging submit, 335 dwords from private buffer at 0x0, seq 1020
  1923     23.744 gfx: paging submit, 672 dwords from private buffer at 0x53C, seq 1021
  1924     23.744 gfx: paging submit, 380 dwords from private buffer at 0x0, seq 1022
  1925     23.744 gfx: paging submit, 624 dwords from private buffer at 0x5F0, seq 1023
  1926     23.744 gfx: paging submit, 428 dwords from private buffer at 0x0, seq 1024
  1927     23.744 gfx: paging submit, 576 dwords from private buffer at 0x6B0, seq 1025
  1928     23.744 gfx: paging submit, 476 dwords from private buffer at 0x0, seq 1026
  1929     23.744 gfx: paging submit, 530 dwords from private buffer at 0x770, seq 1027
  1930     23.744 gfx: paging submit, 573 dwords from private buffer at 0x0, seq 1028
  1931     23.744 wddm: software vsync on, 16 ms period, target 2424833
  1932     23.746 gfx: paging submit, 31 dwords from private buffer at 0x8F4, seq 1029
  1933     23.746 gfx: paging submit, 31 dwords from private buffer at 0x970, seq 1030
  1934     23.746 gfx: paging submit, 67 dwords from private buffer at 0x9EC, seq 1031
  1935     23.746 gfx: paging submit, 15 dwords from private buffer at 0xAF8, seq 1032
  1936     23.746 gfx: paging submit, 288 dwords from private buffer at 0xB34, seq 1033
  1937     23.746 gfx: paging submit, 215 dwords from private buffer at 0x0, seq 1034
  1938     23.746 gfx: paging submit, 15 dwords from private buffer at 0x35C, seq 1035
  1939     23.766 wddm: malformed virtual present rejected
  1940     23.782 gfx: paging submit, 31 dwords from private buffer at 0x398, seq 1036
  1941     23.782 gfx: paging submit, 31 dwords from private buffer at 0x414, seq 1037
  1942     23.784 wddm: software vsync off after 1452 ticks
  1943     23.784 gfx: paging submit, 720 dwords from private buffer at 0x490, seq 1038
  1944     23.784 gfx: paging submit, 1004 dwords from private buffer at 0x0, seq 1039
  1945     23.784 gfx: paging submit, 1004 dwords from private buffer at 0x0, seq 1040
  1946     23.786 gfx: paging submit, 1004 dwords from private buffer at 0x0, seq 1041
  1947     23.786 amdgpu[2]: ring alloc of 16 dwords exceeds max_dw 14

  1948     23.786 gfx: paging submit, 1004 dwords from private buffer at 0x0, seq 1042
  1949     23.786 amdgpu[2]: ring alloc of 16 dwords exceeds max_dw 13

  1950     23.786 gfx: paging submit, 1005 dwords from private buffer at 0x0, seq 1043
  1951     23.786 amdgpu[2]: ring alloc of 16 dwords exceeds max_dw 13

  1952     23.786 gfx: paging submit, 1005 dwords from private buffer at 0x0, seq 1044
  1953     23.786 amdgpu[2]: ring alloc of 16 dwords exceeds max_dw 13

  1954     23.786 gfx: paging submit, 1005 dwords from private buffer at 0x0, seq 1045
  1955     23.786 amdgpu[2]: ring alloc of 16 dwords exceeds max_dw 13

  1956     23.786 gfx: paging submit, 1005 dwords from private buffer at 0x0, seq 1046
  1957     23.786 amdgpu[2]: ring alloc of 16 dwords exceeds max_dw 13

  1958     23.786 gfx: paging submit, 1005 dwords from private buffer at 0x0, seq 1047
  1959     23.786 amdgpu[2]: ring alloc of 16 dwords exceeds max_dw 13

  1960     23.786 gfx: paging submit, 1005 dwords from private buffer at 0x0, seq 1048
  1961     23.786 amdgpu[2]: ring alloc of 16 dwords exceeds max_dw 13

  1962     23.788 gfx: paging submit, 1005 dwords from private buffer at 0x0, seq 1049
  1963     23.788 amdgpu[2]: ring alloc of 16 dwords exceeds max_dw 13

  1964     23.788 gfx: paging submit, 1005 dwords from private buffer at 0x0, seq 1050
  1965     23.788 amdgpu[2]: ring alloc of 16 dwords exceeds max_dw 13

  1966     23.788 gfx: paging submit, 1005 dwords from private buffer at 0x0, seq 1051
  1967     23.788 amdgpu[2]: ring alloc of 16 dwords exceeds max_dw 13

  1968     23.788 gfx: paging submit, 1005 dwords from private buffer at 0x0, seq 1052
  1969     23.788 amdgpu[2]: ring alloc of 16 dwords exceeds max_dw 13

  1970     23.788 gfx: paging submit, 1005 dwords from private buffer at 0x0, seq 1053
  1971     23.788 gfx: paging submit, 100 dwords from private buffer at 0x0, seq 1054
  1972     23.788 gfx: paging submit, 910 dwords from private buffer at 0x190, seq 1055
  1973     23.788 gfx: paging submit, 1004 dwords from private buffer at 0x0, seq 1056
  1974     23.788 gfx: paging submit, 1004 dwords from private buffer at 0x0, seq 1057
  1975     23.788 gfx: paging submit, 1004 dwords from private buffer at 0x0, seq 1058
  1976     23.788 gfx: paging submit, 909 dwords from private buffer at 0x0, seq 1059
  1977     23.788 gfx: paging submit, 96 dwords from private buffer at 0xE34, seq 1060
  1978     23.788 gfx: paging submit, 956 dwords from private buffer at 0x0, seq 1061
  1979     23.788 gfx: paging submit, 48 dwords from private buffer at 0xEF0, seq 1062
  1980     23.790 gfx: paging submit, 974 dwords from private buffer at 0x0, seq 1063
  1981     23.790 gfx: paging submit, 44 dwords from private buffer at 0x0, seq 1064
  1982     23.790 gfx: paging submit, 960 dwords from private buffer at 0xB0, seq 1065
  1983     23.790 gfx: paging submit, 92 dwords from private buffer at 0x0, seq 1066
  1984     23.790 gfx: paging submit, 912 dwords from private buffer at 0x170, seq 1067
  1985     23.790 gfx: paging submit, 140 dwords from private buffer at 0x0, seq 1068
  1986     23.790 gfx: paging submit, 874 dwords from private buffer at 0x230, seq 1069
  1987     23.790 gfx: paging submit, 231 dwords from private buffer at 0x0, seq 1070
  1988     23.790 gfx: paging submit, 784 dwords from private buffer at 0x39C, seq 1071
  1989     23.790 gfx: paging submit, 1004 dwords from private buffer at 0x0, seq 1072
  1990     23.790 gfx: paging submit, 1004 dwords from private buffer at 0x0, seq 1073
  1991     23.790 gfx: paging submit, 1004 dwords from private buffer at 0x0, seq 1074
  1992     23.790 amdgpu[2]: ring alloc of 16 dwords exceeds max_dw 13

  1993     23.790 gfx: paging submit, 1005 dwords from private buffer at 0x0, seq 1075
  1994     23.790 amdgpu[2]: ring alloc of 16 dwords exceeds max_dw 13

  1995     23.790 gfx: paging submit, 1005 dwords from private buffer at 0x0, seq 1076
  1996     23.790 amdgpu[2]: ring alloc of 16 dwords exceeds max_dw 13

  1997     23.790 gfx: paging submit, 1005 dwords from private buffer at 0x0, seq 1077
  1998     23.790 amdgpu[2]: ring alloc of 16 dwords exceeds max_dw 13

  1999     23.790 gfx: paging submit, 1005 dwords from private buffer at 0x0, seq 1078
  2000     23.790 amdgpu[2]: ring alloc of 16 dwords exceeds max_dw 13

  2001     23.790 gfx: paging submit, 1005 dwords from private buffer at 0x0, seq 1079
  2002     23.790 amdgpu[2]: ring alloc of 16 dwords exceeds max_dw 13

  2003     23.790 gfx: paging submit, 1005 dwords from private buffer at 0x0, seq 1080
  2004     23.790 amdgpu[2]: ring alloc of 16 dwords exceeds max_dw 13

  2005     23.792 gfx: paging submit, 1005 dwords from private buffer at 0x0, seq 1081
  2006     23.792 amdgpu[2]: ring alloc of 16 dwords exceeds max_dw 13

  2007     23.792 gfx: paging submit, 1005 dwords from private buffer at 0x0, seq 1082
  2008     23.792 amdgpu[2]: ring alloc of 16 dwords exceeds max_dw 13

  2009     23.792 gfx: paging submit, 1005 dwords from private buffer at 0x0, seq 1083
  2010     23.792 amdgpu[2]: ring alloc of 16 dwords exceeds max_dw 13

  2011     23.792 gfx: paging submit, 1005 dwords from private buffer at 0x0, seq 1084
  2012     23.792 amdgpu[2]: ring alloc of 16 dwords exceeds max_dw 13

  2013     23.792 gfx: paging submit, 1005 dwords from private buffer at 0x0, seq 1085
  2014     23.792 amdgpu[2]: ring alloc of 16 dwords exceeds max_dw 13

  2015     23.792 gfx: paging submit, 1005 dwords from private buffer at 0x0, seq 1086
  2016     23.792 gfx: paging submit, 35 dwords from private buffer at 0x0, seq 1087
  2017     23.794 gfx: paging submit, 970 dwords from private buffer at 0x8C, seq 1088
  2018     23.794 gfx: paging submit, 1004 dwords from private buffer at 0x0, seq 1089
  2019     23.794 gfx: paging submit, 1004 dwords from private buffer at 0x0, seq 1090
  2020     23.794 gfx: paging submit, 974 dwords from private buffer at 0x0, seq 1091
  2021     23.794 gfx: paging submit, 1002 dwords from private buffer at 0x0, seq 1092
  2022     23.794 gfx: paging submit, 511 dwords from private buffer at 0x0, seq 1093
  2023     23.794 gfx: paging submit, 496 dwords from private buffer at 0x7FC, seq 1094
  2024     23.794 gfx: paging submit, 556 dwords from private buffer at 0x0, seq 1095
  2025     23.794 gfx: paging submit, 448 dwords from private buffer at 0x8B0, seq 1096
  2026     23.794 gfx: paging submit, 604 dwords from private buffer at 0x0, seq 1097
  2027     23.794 gfx: paging submit, 400 dwords from private buffer at 0x970, seq 1098
  2028     23.794 gfx: paging submit, 652 dwords from private buffer at 0x0, seq 1099
  2029     23.794 gfx: paging submit, 352 dwords from private buffer at 0xA30, seq 1100
  2030     23.794 gfx: paging submit, 751 dwords from private buffer at 0x0, seq 1101
  2031     23.794 wddm: software vsync on, 16 ms period, target 2424833
  2032     23.794 gfx: paging submit, 31 dwords from private buffer at 0xBBC, seq 1102
  2033     23.794 gfx: paging submit, 31 dwords from private buffer at 0xC38, seq 1103
  2034     23.794 gfx: paging submit, 192 dwords from private buffer at 0xCB4, seq 1104
  2035     23.794 gfx: paging submit, 717 dwords from private buffer at 0x0, seq 1105
  2036     23.794 gfx: paging submit, 15 dwords from private buffer at 0xB34, seq 1106
  2037     23.794 gfx: paging submit, 39 dwords from private buffer at 0xB70, seq 1107
  2038     23.794 gfx: paging submit, 15 dwords from private buffer at 0xC0C, seq 1108
  2039     23.814 wddm: malformed virtual present rejected
  2040     26.516 gfx: paging submit, 222 dwords from private buffer at 0xC48, seq 1109
  2041     26.516 gfx: paging submit, 889 dwords from private buffer at 0x0, seq 1110
  2042     26.516 gfx: paging submit, 31 dwords from private buffer at 0xDE4, seq 1111
  2043     26.518 wddm: software vsync off after 1622 ticks
  2044     26.518 gfx: paging submit, 96 dwords from private buffer at 0xE60, seq 1112
  2045     26.518 gfx: paging submit, 1004 dwords from private buffer at 0x0, seq 1113
  2046     26.518 gfx: paging submit, 974 dwords from private buffer at 0x0, seq 1114
  2047     26.518 gfx: paging submit, 1004 dwords from private buffer at 0x0, seq 1115
  2048     26.520 gfx: paging submit, 1004 dwords from private buffer at 0x0, seq 1116
  2049     26.520 amdgpu[2]: ring alloc of 16 dwords exceeds max_dw 15

  2050     26.520 gfx: paging submit, 1003 dwords from private buffer at 0x0, seq 1117
  2051     26.520 amdgpu[2]: ring alloc of 16 dwords exceeds max_dw 13

  2052     26.520 gfx: paging submit, 1005 dwords from private buffer at 0x0, seq 1118
  2053     26.520 amdgpu[2]: ring alloc of 16 dwords exceeds max_dw 13

  2054     26.520 gfx: paging submit, 1005 dwords from private buffer at 0x0, seq 1119
  2055     26.520 amdgpu[2]: ring alloc of 16 dwords exceeds max_dw 13

  2056     26.520 gfx: paging submit, 1005 dwords from private buffer at 0x0, seq 1120
  2057     26.520 amdgpu[2]: ring alloc of 16 dwords exceeds max_dw 13

  2058     26.520 gfx: paging submit, 1005 dwords from private buffer at 0x0, seq 1121
  2059     26.520 amdgpu[2]: ring alloc of 16 dwords exceeds max_dw 13

  2060     26.520 gfx: paging submit, 1005 dwords from private buffer at 0x0, seq 1122
  2061     26.520 amdgpu[2]: ring alloc of 16 dwords exceeds max_dw 13

  2062     26.520 gfx: paging submit, 1005 dwords from private buffer at 0x0, seq 1123
  2063     26.520 amdgpu[2]: ring alloc of 16 dwords exceeds max_dw 13

  2064     26.522 gfx: paging submit, 1005 dwords from private buffer at 0x0, seq 1124
  2065     26.522 amdgpu[2]: ring alloc of 16 dwords exceeds max_dw 13

  2066     26.522 gfx: paging submit, 1005 dwords from private buffer at 0x0, seq 1125
  2067     26.522 amdgpu[2]: ring alloc of 16 dwords exceeds max_dw 13

  2068     26.522 gfx: paging submit, 1005 dwords from private buffer at 0x0, seq 1126
  2069     26.522 amdgpu[2]: ring alloc of 16 dwords exceeds max_dw 13

  2070     26.522 gfx: paging submit, 1005 dwords from private buffer at 0x0, seq 1127
  2071     26.522 gfx: paging submit, 770 dwords from private buffer at 0x0, seq 1128
  2072     26.522 gfx: paging submit, 240 dwords from private buffer at 0xC08, seq 1129
  2073     26.522 gfx: paging submit, 974 dwords from private buffer at 0x0, seq 1130
  2074     26.522 gfx: paging submit, 1006 dwords from private buffer at 0x0, seq 1131
  2075     26.522 gfx: paging submit, 1004 dwords from private buffer at 0x0, seq 1132
  2076     26.522 gfx: paging submit, 1004 dwords from private buffer at 0x0, seq 1133
  2077     26.522 gfx: paging submit, 653 dwords from private buffer at 0x0, seq 1134
  2078     26.522 gfx: paging submit, 778 dwords from private buffer at 0x0, seq 1135
  2079     26.522 gfx: paging submit, 240 dwords from private buffer at 0xC28, seq 1136
  2080     26.522 gfx: paging submit, 812 dwords from private buffer at 0x0, seq 1137
  2081     26.522 gfx: paging submit, 192 dwords from private buffer at 0xCB0, seq 1138
  2082     26.522 gfx: paging submit, 860 dwords from private buffer at 0x0, seq 1139
  2083     26.522 gfx: paging submit, 144 dwords from private buffer at 0xD70, seq 1140
  2084     26.522 gfx: paging submit, 908 dwords from private buffer at 0x0, seq 1141
  2085     26.524 gfx: paging submit, 96 dwords from private buffer at 0xE30, seq 1142
  2086     26.524 gfx: paging submit, 1007 dwords from private buffer at 0x0, seq 1143
  2087     26.524 gfx: paging submit, 974 dwords from private buffer at 0x0, seq 1144
  2088     26.524 gfx: paging submit, 1006 dwords from private buffer at 0x0, seq 1145
  2089     26.524 gfx: paging submit, 1004 dwords from private buffer at 0x0, seq 1146
  2090     26.524 gfx: paging submit, 1004 dwords from private buffer at 0x0, seq 1147
  2091     26.524 amdgpu[2]: ring alloc of 16 dwords exceeds max_dw 15

  2092     26.524 gfx: paging submit, 1003 dwords from private buffer at 0x0, seq 1148
  2093     26.524 amdgpu[2]: ring alloc of 16 dwords exceeds max_dw 13

  2094     26.524 gfx: paging submit, 1005 dwords from private buffer at 0x0, seq 1149
  2095     26.524 amdgpu[2]: ring alloc of 16 dwords exceeds max_dw 13

  2096     26.524 gfx: paging submit, 1005 dwords from private buffer at 0x0, seq 1150
  2097     26.524 amdgpu[2]: ring alloc of 16 dwords exceeds max_dw 13

  2098     26.524 gfx: paging submit, 1005 dwords from private buffer at 0x0, seq 1151
  2099     26.524 amdgpu[2]: ring alloc of 16 dwords exceeds max_dw 13

  2100     26.524 gfx: paging submit, 1005 dwords from private buffer at 0x0, seq 1152
  2101     26.524 amdgpu[2]: ring alloc of 16 dwords exceeds max_dw 13

  2102     26.524 gfx: paging submit, 1005 dwords from private buffer at 0x0, seq 1153
  2103     26.524 amdgpu[2]: ring alloc of 16 dwords exceeds max_dw 13

  2104     26.526 gfx: paging submit, 1005 dwords from private buffer at 0x0, seq 1154
  2105     26.526 amdgpu[2]: ring alloc of 16 dwords exceeds max_dw 13

  2106     26.526 gfx: paging submit, 1005 dwords from private buffer at 0x0, seq 1155
  2107     26.526 amdgpu[2]: ring alloc of 16 dwords exceeds max_dw 13

  2108     26.526 gfx: paging submit, 1005 dwords from private buffer at 0x0, seq 1156
  2109     26.526 amdgpu[2]: ring alloc of 16 dwords exceeds max_dw 13

  2110     26.526 gfx: paging submit, 1005 dwords from private buffer at 0x0, seq 1157
  2111     26.526 amdgpu[2]: ring alloc of 16 dwords exceeds max_dw 13

  2112     26.526 gfx: paging submit, 1005 dwords from private buffer at 0x0, seq 1158
  2113     26.526 gfx: paging submit, 850 dwords from private buffer at 0x0, seq 1159
  2114     26.526 gfx: paging submit, 160 dwords from private buffer at 0xD48, seq 1160
  2115     26.526 gfx: paging submit, 974 dwords from private buffer at 0x0, seq 1161
  2116     26.526 gfx: paging submit, 1006 dwords from private buffer at 0x0, seq 1162
  2117     26.526 gfx: paging submit, 1004 dwords from private buffer at 0x0, seq 1163
  2118     26.526 gfx: paging submit, 1004 dwords from private buffer at 0x0, seq 1164
  2119     26.526 gfx: paging submit, 653 dwords from private buffer at 0x0, seq 1165
  2120     26.526 gfx: paging submit, 258 dwords from private buffer at 0x0, seq 1166
  2121     26.528 gfx: paging submit, 752 dwords from private buffer at 0x408, seq 1167
  2122     26.528 gfx: paging submit, 300 dwords from private buffer at 0x0, seq 1168
  2123     26.528 gfx: paging submit, 704 dwords from private buffer at 0x4B0, seq 1169
  2124     26.528 gfx: paging submit, 348 dwords from private buffer at 0x0, seq 1170
  2125     26.528 gfx: paging submit, 656 dwords from private buffer at 0x570, seq 1171
  2126     26.528 gfx: paging submit, 396 dwords from private buffer at 0x0, seq 1172
  2127     26.528 gfx: paging submit, 608 dwords from private buffer at 0x630, seq 1173
  2128     26.528 gfx: paging submit, 444 dwords from private buffer at 0x0, seq 1174
  2129     26.528 gfx: paging submit, 560 dwords from private buffer at 0x6F0, seq 1175
  2130     26.528 gfx: paging submit, 545 dwords from private buffer at 0x0, seq 1176
  2131     26.528 wddm: software vsync on, 16 ms period, target 2424833
  2132     26.528 gfx: paging submit, 31 dwords from private buffer at 0x884, seq 1177
  2133     26.528 gfx: paging submit, 31 dwords from private buffer at 0x900, seq 1178
  2134     26.528 gfx: paging submit, 400 dwords from private buffer at 0x97C, seq 1179
  2135     26.528 gfx: paging submit, 1016 dwords from private buffer at 0x0, seq 1180
  2136     26.528 gfx: paging submit, 103 dwords from private buffer at 0x0, seq 1181
  2137     26.528 gfx: paging submit, 15 dwords from private buffer at 0x19C, seq 1182
  2138     26.528 gfx: paging submit, 41 dwords from private buffer at 0x1D8, seq 1183
  2139     26.528 gfx: paging submit, 15 dwords from private buffer at 0x27C, seq 1184
  2140     26.548 wddm: malformed virtual present rejected
  2141     26.564 gfx: paging submit, 31 dwords from private buffer at 0x2B8, seq 1185
  2142     26.564 gfx: paging submit, 31 dwords from private buffer at 0x334, seq 1186
  2143     26.566 wddm: software vsync off after 1624 ticks
  2144     26.566 gfx: paging submit, 768 dwords from private buffer at 0x3B0, seq 1187
  2145     26.566 gfx: paging submit, 1004 dwords from private buffer at 0x0, seq 1188
  2146     26.566 gfx: paging submit, 1004 dwords from private buffer at 0x0, seq 1189
  2147     26.566 gfx: paging submit, 1004 dwords from private buffer at 0x0, seq 1190
  2148     26.568 amdgpu[2]: ring alloc of 16 dwords exceeds max_dw 12

  2149     26.568 gfx: paging submit, 1006 dwords from private buffer at 0x0, seq 1191
  2150     26.568 amdgpu[2]: ring alloc of 16 dwords exceeds max_dw 13

  2151     26.568 gfx: paging submit, 1005 dwords from private buffer at 0x0, seq 1192
  2152     26.568 amdgpu[2]: ring alloc of 16 dwords exceeds max_dw 13

  2153     26.568 gfx: paging submit, 1005 dwords from private buffer at 0x0, seq 1193
  2154     26.568 amdgpu[2]: ring alloc of 16 dwords exceeds max_dw 13

  2155     26.568 gfx: paging submit, 1005 dwords from private buffer at 0x0, seq 1194
  2156     26.568 amdgpu[2]: ring alloc of 16 dwords exceeds max_dw 13

  2157     26.568 gfx: paging submit, 1005 dwords from private buffer at 0x0, seq 1195
  2158     26.568 amdgpu[2]: ring alloc of 16 dwords exceeds max_dw 13

  2159     26.568 gfx: paging submit, 1005 dwords from private buffer at 0x0, seq 1196
  2160     26.568 amdgpu[2]: ring alloc of 16 dwords exceeds max_dw 13

  2161     26.568 gfx: paging submit, 1005 dwords from private buffer at 0x0, seq 1197
  2162     26.568 amdgpu[2]: ring alloc of 16 dwords exceeds max_dw 13

  2163     26.568 gfx: paging submit, 1005 dwords from private buffer at 0x0, seq 1198
  2164     26.570 amdgpu[2]: ring alloc of 16 dwords exceeds max_dw 13

  2165     26.570 gfx: paging submit, 1005 dwords from private buffer at 0x0, seq 1199
  2166     26.570 amdgpu[2]: ring alloc of 16 dwords exceeds max_dw 13

  2167     26.570 gfx: paging submit, 1005 dwords from private buffer at 0x0, seq 1200
  2168     26.570 amdgpu[2]: ring alloc of 16 dwords exceeds max_dw 13

  2169     26.570 gfx: paging submit, 1005 dwords from private buffer at 0x0, seq 1201
  2170     26.570 amdgpu[2]: ring alloc of 16 dwords exceeds max_dw 13

  2171     26.570 gfx: paging submit, 1005 dwords from private buffer at 0x0, seq 1202
  2172     26.570 gfx: paging submit, 50 dwords from private buffer at 0x0, seq 1203
  2173     26.570 gfx: paging submit, 960 dwords from private buffer at 0xC8, seq 1204
  2174     26.570 gfx: paging submit, 974 dwords from private buffer at 0x0, seq 1205
  2175     26.570 gfx: paging submit, 1006 dwords from private buffer at 0x0, seq 1206
  2176     26.570 gfx: paging submit, 1004 dwords from private buffer at 0x0, seq 1207
  2177     26.570 gfx: paging submit, 1004 dwords from private buffer at 0x0, seq 1208
  2178     26.570 gfx: paging submit, 653 dwords from private buffer at 0x0, seq 1209
  2179     26.570 gfx: paging submit, 76 dwords from private buffer at 0x0, seq 1210
  2180     26.570 gfx: paging submit, 928 dwords from private buffer at 0x130, seq 1211
  2181     26.572 gfx: paging submit, 124 dwords from private buffer at 0x0, seq 1212
  2182     26.572 gfx: paging submit, 880 dwords from private buffer at 0x1F0, seq 1213
  2183     26.572 gfx: paging submit, 172 dwords from private buffer at 0x0, seq 1214
  2184     26.572 gfx: paging submit, 832 dwords from private buffer at 0x2B0, seq 1215
  2185     26.572 gfx: paging submit, 220 dwords from private buffer at 0x0, seq 1216
  2186     26.572 gfx: paging submit, 794 dwords from private buffer at 0x370, seq 1217
  2187     26.572 gfx: paging submit, 309 dwords from private buffer at 0x0, seq 1218
  2188     26.572 gfx: paging submit, 704 dwords from private buffer at 0x4D4, seq 1219
  2189     26.572 gfx: paging submit, 1004 dwords from private buffer at 0x0, seq 1220
  2190     26.572 gfx: paging submit, 1004 dwords from private buffer at 0x0, seq 1221
  2191     26.572 gfx: paging submit, 1004 dwords from private buffer at 0x0, seq 1222
  2192     26.572 amdgpu[2]: ring alloc of 16 dwords exceeds max_dw 13

  2193     26.572 gfx: paging submit, 1005 dwords from private buffer at 0x0, seq 1223
  2194     26.572 amdgpu[2]: ring alloc of 16 dwords exceeds max_dw 13

  2195     26.572 gfx: paging submit, 1005 dwords from private buffer at 0x0, seq 1224
  2196     26.572 amdgpu[2]: ring alloc of 16 dwords exceeds max_dw 13

  2197     26.572 gfx: paging submit, 1005 dwords from private buffer at 0x0, seq 1225
  2198     26.572 amdgpu[2]: ring alloc of 16 dwords exceeds max_dw 13

  2199     26.572 gfx: paging submit, 1005 dwords from private buffer at 0x0, seq 1226
  2200     26.572 amdgpu[2]: ring alloc of 16 dwords exceeds max_dw 13

  2201     26.572 gfx: paging submit, 1005 dwords from private buffer at 0x0, seq 1227
  2202     26.572 amdgpu[2]: ring alloc of 16 dwords exceeds max_dw 13

  2203     26.574 gfx: paging submit, 1005 dwords from private buffer at 0x0, seq 1228
  2204     26.574 amdgpu[2]: ring alloc of 16 dwords exceeds max_dw 13

  2205     26.574 gfx: paging submit, 1005 dwords from private buffer at 0x0, seq 1229
  2206     26.574 amdgpu[2]: ring alloc of 16 dwords exceeds max_dw 13

  2207     26.574 gfx: paging submit, 1005 dwords from private buffer at 0x0, seq 1230
  2208     26.574 amdgpu[2]: ring alloc of 16 dwords exceeds max_dw 13

  2209     26.574 gfx: paging submit, 1005 dwords from private buffer at 0x0, seq 1231
  2210     26.574 amdgpu[2]: ring alloc of 16 dwords exceeds max_dw 13

  2211     26.574 gfx: paging submit, 1005 dwords from private buffer at 0x0, seq 1232
  2212     26.574 amdgpu[2]: ring alloc of 16 dwords exceeds max_dw 13

  2213     26.574 gfx: paging submit, 1005 dwords from private buffer at 0x0, seq 1233
  2214     26.574 amdgpu[2]: ring alloc of 16 dwords exceeds max_dw 13

  2215     26.574 gfx: paging submit, 1005 dwords from private buffer at 0x0, seq 1234
  2216     26.576 gfx: paging submit, 115 dwords from private buffer at 0x0, seq 1235
  2217     26.576 gfx: paging submit, 902 dwords from private buffer at 0x1CC, seq 1236
  2218     26.576 gfx: paging submit, 1004 dwords from private buffer at 0x0, seq 1237
  2219     26.576 gfx: paging submit, 1004 dwords from private buffer at 0x0, seq 1238
  2220     26.576 gfx: paging submit, 1004 dwords from private buffer at 0x0, seq 1239
  2221     26.576 gfx: paging submit, 1004 dwords from private buffer at 0x0, seq 1240
  2222     26.576 gfx: paging submit, 335 dwords from private buffer at 0x0, seq 1241
  2223     26.576 gfx: paging submit, 672 dwords from private buffer at 0x53C, seq 1242
  2224     26.576 gfx: paging submit, 380 dwords from private buffer at 0x0, seq 1243
  2225     26.576 gfx: paging submit, 624 dwords from private buffer at 0x5F0, seq 1244
  2226     26.576 gfx: paging submit, 428 dwords from private buffer at 0x0, seq 1245
  2227     26.576 gfx: paging submit, 576 dwords from private buffer at 0x6B0, seq 1246
  2228     26.576 gfx: paging submit, 476 dwords from private buffer at 0x0, seq 1247
  2229     26.576 gfx: paging submit, 530 dwords from private buffer at 0x770, seq 1248
  2230     26.576 gfx: paging submit, 573 dwords from private buffer at 0x0, seq 1249
  2231     26.576 wddm: software vsync on, 16 ms period, target 2424833
  2232     26.576 gfx: paging submit, 31 dwords from private buffer at 0x8F4, seq 1250
  2233     26.576 gfx: paging submit, 31 dwords from private buffer at 0x970, seq 1251
  2234     26.576 gfx: paging submit, 67 dwords from private buffer at 0x9EC, seq 1252
  2235     26.576 gfx: paging submit, 15 dwords from private buffer at 0xAF8, seq 1253
  2236     26.576 gfx: paging submit, 288 dwords from private buffer at 0xB34, seq 1254
  2237     26.576 gfx: paging submit, 215 dwords from private buffer at 0x0, seq 1255
  2238     26.576 gfx: paging submit, 15 dwords from private buffer at 0x35C, seq 1256
  2239     26.596 wddm: malformed virtual present rejected
  2240     27.389 wddm summary: ---- DDI calls: name, count, first log line ----
  2241     27.389 wddm summary: QueryAdapterInfo                   12  first at 215
  2242     27.389 wddm summary: GetNodeMetadata                     2  first at 223
  2243     27.389 wddm summary: CreateDevice                       19  first at 230
  2244     27.389 wddm summary: DestroyDevice                      16  first at 552
  2245     27.389 wddm summary: CreateContext                      18  first at 233
  2246     27.389 wddm summary: DestroyContext                     16  first at 540
  2247     27.389 wddm summary: CreateProcess                       3  first at 229
  2248     27.389 wddm summary: DestroyProcess                      1  first at 1238
  2249     27.389 wddm summary: SetRootPageTable                   18  first at 255
  2250     27.389 wddm summary: CreateAllocation                   34  first at 292
  2251     27.389 wddm summary: DestroyAllocation                  32  first at 545
  2252     27.389 wddm summary: DescribeAllocation                 51  first at 347
  2253     27.389 wddm summary: GetStandardAllocationDriverData     68  first at 290
  2254     27.389 wddm summary: OpenAllocation                     34  first at 294
  2255     27.389 wddm summary: CloseAllocation                    32  first at 544
  2256     27.389 wddm summary: BuildPagingBuffer                2962  first at 235
  2257     27.389 wddm summary: SubmitCommandVirtual             1273  first at 275
  2258     27.389 wddm summary: Present                            42  first at 411
  2259     27.389 wddm summary: SetVidPnSourceAddress              17  first at 399
  2260     27.389 wddm summary: ControlInterrupt                  504  first at 403
  2261     27.389 wddm summary: ---- QueryAdapterInfo types: type, count, first log line ----
  2262     27.389 wddm summary: adapter info type   1       1  first at 215
  2263     27.389 wddm summary: adapter info type  15       1  first at 216
  2264     27.389 wddm summary: adapter info type  47       1  first at 217
  2265     27.389 wddm summary: adapter info type  13       1  first at 218
  2266     27.389 wddm summary: adapter info type  14       4  first at 219
  2267     27.389 wddm summary: adapter info type  11       2  first at 226
  2268     27.389 wddm summary: adapter info type  10       1  first at 228
  2269     27.389 wddm summary: adapter info type  16       1  first at 228
  2270     27.389 wddm summary: capture plans reserved 0 heap 0
  2271     27.389 wddm summary: capture context peaks plans 0 reserved-bytes 0
  2272     27.389 wddm summary: ---- BuildPagingBuffer operations: operation, count, first log line ----
  2273     27.389 wddm summary: paging operation  11    2294  first at 235
  2274     27.389 wddm summary: paging operation  12     232  first at 283
  2275     27.389 wddm summary: paging operation   9     420  first at 302
  2276     27.389 wddm summary: paging operation   2      16  first at 546
  2277     27.389 wddm summary: objects created/destroyed: dev 19/16 ctx 18/16 proc 3/1 alloc 34/32, 13 alive
  2278     27.389 wddm summary: allocations opened/closed: 34/32 calls
  2279     27.389 wddm summary: submissions 0 physical + 1273 virtual, 0 preemptions, last completed fence 17
  2280     27.389 wddm summary: node 0 hardware: 0 submitted, 0 completed, 0 timeouts, 0 refused
  2281     27.389 wddm summary: umd: 0 allocs (0 refused), 0 contexts, 0 submits on the ring, 0 not run
  2282     27.389 wddm profile: umd calls 0, elapsed ticks 0, QPC frequency 10000000
  2283     27.389 wddm profile: probe enabled 0, calls 0, elapsed ticks 0 (included in umd)
  2284     27.389 wddm summary: node 1 (paging, open): 1256 hardware submitted, 1256 completed, 0 timeouts, 0 refused
  2285     27.389 wddm summary: SubmitCommandVirtual by node: 0: 17, 1: 1256, 0 private-buffer refusals
  2286     27.389 wddm summary: BuildPagingBuffer: 0 transfers, 420 fills, 313344000 bytes, 913 insufficient-buffer
  2287     27.389 wddm summary: aperture map batches 0, unmap batches 0
  2288     27.389 wddm summary: paging TLB invalidations 231, PTE update batches 1245
  2289     27.389 wddm summary: paging unsupported (not ready/no root/no translation/system memory/not contiguous) 0/0/0/0/0
  2290     27.389 wddm summary: presents 42, flips 16 of 17 address calls (0 arrived above DISPATCH_LEVEL)
  2291     27.389 wddm summary: blit gate closed, 0 blits, 0 skips, 0 sources translated contiguous
  2292     27.389 wddm summary: blit destination: 0 to the flipped surface, 0 to the POST framebuffer (0 a failed-mapping fallback), 0 scanout remaps (0 failed), last blit 0 row
  2293     27.389 wddm summary: widest blit 0 rows
  2294     27.389 wddm summary: last blit reading 0, 0x0 pitch 0, 0 rectangles, source physical 0x0
  2295     27.389 wddm summary: vsync not enabled by ControlInterrupt, 1674 ticks, 252 reported to dxgkrnl
  2296     27.389 wddm summary: vidpn flip closed: 0 hardware flips, 0 refused, 0 hardware vsyncs armed 0 acked 0 refused 0 deferred (flip still pending)
  2297     27.389 wddm summary: no TDR (ResetEngine, ResetFromTimeout and RestartFromTimeout were never called)
  2298     27.389 wddm summary: CollectDbgInfo called 0 time(s) since the driver was loaded
  2299     27.389 vidmm summary: level 0: 1024 calls, 262656 entries, 512 valid
  2300     27.389 vidmm summary: level 1: 2 calls, 1024 entries, 512 valid
  2301     27.389 vidmm summary: level 2: 1 calls, 512 entries, 2 valid
  2302     27.389 vidmm summary: level 3: 1 calls, 512 entries, 1 valid
  2303     27.389 vidmm summary: system leaf encoding coherent 0 noncoherent 68 snoop mismatches 0
  2304     27.389 vidmm summary: 1028 cpu-virtual calls, 0 gpu-physical calls
  2305     27.389 vidmm summary: 264704 entries written (EnableGpuVa open), 0 refused, 0 bad calls, 18 roots
             1024 lines printed
