bc250kmd 0x00070073 log snapshot: 19 lines, 0 lost to the wrap, 0 dropped above DISPATCH_LEVEL
     0      0.000 stage 10
     1      0.000 gate: EnableFullWddm 0
     2      0.002 stage 20
     3      0.076 stage 30
     4      0.078 stage 31
     5      0.080 stage 32
     6      0.080 post display 1920x1200 pitch 7680 format 22 target 2424833
     7      0.080 stage 33
     8      0.080 stage 34
     9      0.080 interrupt resource 1: message, vector 0x70, flags 0x3
    10      0.082 fb sample mapped: phys 0xC0000000 first 0x00000000 mid 0x00000000
    11      0.082 stage 35
    12      0.082 stage 39
    13      0.090 stage 50
    14      0.166 stage 60
    15      0.168 stage 61
    16    353.767 wddm summary: the full table is not running (EnableFullWddm closed, or no pool at the start)
    17    355.000 stage 70
    18    355.002 stage 79
